HI-TECH Software C Compiler 

Linker command line:

--edf=C:\Program Files (x86)\HI-TECH Software\PICC\9.83\dat\en_msgs.txt -cs \
  -h+ProjTest.sym -z -Q16C77 -ol.obj -MProjTest.map -E1 -ACONST=00h-0FFhx16 \
  -ACODE=00h-07FFhx2 -ASTRCODE=00h-0FFFh -AENTRY=00h-0FFhx16 \
  -ASTRING=00h-0FFhx16 -ABANK0=020h-06Fh -ABANK1=0A0h-0EFh \
  -ABANK2=0110h-016Fh -ABANK3=0190h-01EFh \
  -ARAM=020h-06Fh,0A0h-0EFh,0110h-016Fh,0190h-01EFh \
  -AABS1=020h-07Fh,0A0h-0EFh,0110h-016Fh,0190h-01EFh -ACOMMON=070h-07Fh \
  -ASFR0=00h-01Fh -ASFR1=080h-09Fh -ASFR2=0100h-010Fh -ASFR3=0180h-018Fh \
  -preset_vec=00h,intentry=04h,init,end_init -ppowerup=CODE -pfunctab=CODE \
  -ACONFIG=02000h-02007h -pconfig=CONFIG -DCONFIG=2 -AIDLOC=02008h-0200Bh \
  -pidloc=IDLOC -DIDLOC=2 -DCODE=2 -DSTRCODE=2 -DSTRING=2 -DCONST=2 \
  -DENTRY=2 -k startup.obj ProjTest.obj 

Object code version is 3.10

Machine type is 16C77



                Name                               Link     Load   Length Selector   Space Scale
startup.obj     end_init                             11       11        2        8       0
                reset_vec                             0        0        2        0       0
ProjTest.obj    intentry                              4        4        D        8       0
                config                             2000     2000        3     4000       0
                text247                              13       13       3F        8       0
                text246                              BC       BC        8        8       0
                text245                              B2       B2        A        8       0
                text244                              CC       CC        3        8       0
                text243                              7D       7D       15        8       0
                text242                              C4       C4        5        8       0
                text241                              92       92        C        8       0
                text240                              A8       A8        A        8       0
                text239                              C9       C9        3        8       0
                maintext                             52       52       2B        8       0
                cstackBANK0                          20       20        3       20       1
                cstackCOMMON                         70       70        8       70       1
                dataCOMMON                           7D       7D        1       70       1
                bssCOMMON                            78       78        5       70       1
                cinit                                9E       9E        A        8       0

TOTAL           Name                               Link     Load   Length     Space
        CLASS   CONST          

        CLASS   CODE           
                end_init                             11       11        2         0
                intentry                              4        4        D         0
                reset_vec                             0        0        2         0
                text247                              13       13       3F         0
                text246                              BC       BC        8         0
                text245                              B2       B2        A         0
                text244                              CC       CC        3         0
                text243                              7D       7D       15         0
                text242                              C4       C4        5         0
                text241                              92       92        C         0
                text240                              A8       A8        A         0
                text239                              C9       C9        3         0
                maintext                             52       52       2B         0
                cinit                                9E       9E        A         0

        CLASS   STRCODE        

        CLASS   ENTRY          

        CLASS   STRING         

        CLASS   BANK0          
                cstackBANK0                          20       20        3         1

        CLASS   BANK1          

        CLASS   BANK2          

        CLASS   BANK3          

        CLASS   RAM            

        CLASS   ABS1           
                abs_s1                               7E       7E        2         1

        CLASS   COMMON         
                cstackCOMMON                         70       70        8         1
                dataCOMMON                           7D       7D        1         1
                bssCOMMON                            78       78        5         1

        CLASS   SFR0           

        CLASS   SFR1           

        CLASS   SFR2           

        CLASS   SFR3           

        CLASS   CONFIG         
                config                             2000     2000        3         0

        CLASS   IDLOC          

        CLASS   EEDATA         



SEGMENTS        Name                           Load    Length   Top    Selector   Space  Class     Delta

                reset_vec                      000000  000002  000002         0       0  CODE        2
                intentry                       000004  0000CB  0000CF         8       0  CODE        2
                cstackBANK0                    000020  000003  000023        20       1  BANK0       1
                cstackCOMMON                   000070  00000E  00007E        70       1  COMMON      1
                config                         002000  000003  002003      4000       0  CONFIG      2


UNUSED ADDRESS RANGES

        Name                Unused          Largest block    Delta
        BANK0            0023-006F             4D           1
        BANK1            00A0-00EF             50           1
        BANK2            0110-016F             60           1
        BANK3            0190-01EF             60           1
        CODE             0002-0003              2           2
                         00CF-0FFF            731
        CONFIG           2003-2007              5           2
        CONST            0002-0003              2           2
                         00CF-0FFF            100
        ENTRY            0002-0003              2           2
                         00CF-0FFF            100
        IDLOC            2008-200B              4           2
        RAM              0023-006F             4D           1
                         00A0-00EF             50
                         0110-016F             60
                         0190-01EF             60
        SFR0             0000-001F             20           1
        SFR1             0080-009F             20           1
        SFR2             0100-010F             10           1
        SFR3             0180-018F             10           1
        STRCODE          0002-0003              2           2
                         00CF-0FFF            F31
        STRING           0002-0003              2           2
                         00CF-0FFF            100

                                  Symbol Table

??_ISR                            cstackCOMMON 0074
??_adc_get                        cstackCOMMON 0072
??_adc_start                      cstackBANK0  0020
??_adc_test_init                  cstackBANK0  0021
??_clock_config                   cstackBANK0  0020
??_dac_init                       cstackBANK0  0020
??_main                           cstackBANK0  0023
??_op1_init                       cstackBANK0  0020
??_op2_init                       cstackBANK0  0020
??_setAD_ConvertFlag              cstackCOMMON 0070
??_timer1_config                  cstackBANK0  0020
??_timer1_interrupt_config        cstackBANK0  0020
?_ISR                             cstackCOMMON 0070
?_adc_get                         cstackCOMMON 0070
?_adc_start                       cstackCOMMON 0070
?_adc_test_init                   cstackBANK0  0020
?_clock_config                    cstackCOMMON 0070
?_dac_init                        cstackCOMMON 0070
?_main                            cstackCOMMON 0070
?_op1_init                        cstackCOMMON 0070
?_op2_init                        cstackCOMMON 0070
?_setAD_ConvertFlag               cstackCOMMON 0070
?_timer1_config                   cstackCOMMON 0070
?_timer1_interrupt_config         cstackCOMMON 0070
ISR@ucTimer1sCnt                  bssCOMMON    007C
_ADCON0                           (abs)        001F
_ADCON1                           (abs)        009F
_ADIE                             (abs)        046A
_ADIF                             (abs)        006A
_ADON                             (abs)        00F8
_ADRESH                           (abs)        001E
_ADRESL                           (abs)        009E
_CLKPCE                           (abs)        0847
_CLKPR                            (abs)        0108
_DACCON                           (abs)        0087
_DACR0                            (abs)        0088
_GIE                              (abs)        005F
_GO                               (abs)        00F9
_ISR                              text247      0013
_OP1CON0                          (abs)        001B
_OP1CON1                          (abs)        001C
_OP1CON2                          (abs)        001D
_OP2CON0                          (abs)        009B
_OP2CON1                          (abs)        009C
_OP2CON2                          (abs)        009D
_PA0                              (abs)        0028
_PA2                              (abs)        002A
_PEIE                             (abs)        005E
_T1CON                            (abs)        0010
_TMR1H                            (abs)        000F
_TMR1IE                           (abs)        0460
_TMR1IF                           (abs)        0060
_TMR1L                            (abs)        000E
_TRISA0                           (abs)        0428
_TRISA1                           (abs)        0429
_TRISA2                           (abs)        042A
_TRISA3                           (abs)        042B
_TRISA6                           (abs)        042E
_TRISA7                           (abs)        042F
_TRISB1                           (abs)        0431
_TRISB2                           (abs)        0432
_TRISB3                           (abs)        0433
_TRISB4                           (abs)        0434
_TRISB5                           (abs)        0435
_TRISB6                           (abs)        0436
_TRISB7                           (abs)        0437
__Habs1                           abs1         0000
__Hbank0                          bank0        0000
__Hbank1                          bank1        0000
__Hbank2                          bank2        0000
__Hbank3                          bank3        0000
__HbssCOMMON                      bssCOMMON    0000
__Hcinit                          cinit        0000
__Hclrtext                        clrtext      0000
__Hcode                           code         0000
__Hcommon                         common       0000
__Hconfig                         config       2003
__HcstackBANK0                    cstackBANK0  0000
__HcstackCOMMON                   cstackCOMMON 0000
__HdataCOMMON                     dataCOMMON   0000
__Heeprom_data                    eeprom_data  0000
__Hend_init                       end_init     0013
__Hfunctab                        functab      0000
__HidataCOMMON                    idataCOMMON  0000
__Hidloc                          idloc        0000
__Hinit                           init         0011
__Hintentry                       intentry     0011
__Hmaintext                       maintext     0000
__Hpa_nodes                       pa_nodes     0000
__Hpowerup                        powerup      0000
__Hram                            ram          0000
__Hreset_vec                      reset_vec    0002
__Hsfr0                           sfr0         0000
__Hsfr1                           sfr1         0000
__Hsfr2                           sfr2         0000
__Hsfr3                           sfr3         0000
__Hstrings                        strings      0000
__Htext                           text         0000
__Labs1                           abs1         0000
__Lbank0                          bank0        0000
__Lbank1                          bank1        0000
__Lbank2                          bank2        0000
__Lbank3                          bank3        0000
__LbssCOMMON                      bssCOMMON    0000
__Lcinit                          cinit        0000
__Lclrtext                        clrtext      0000
__Lcode                           code         0000
__Lcommon                         common       0000
__Lconfig                         config       2000
__LcstackBANK0                    cstackBANK0  0000
__LcstackCOMMON                   cstackCOMMON 0000
__LdataCOMMON                     dataCOMMON   0000
__Leeprom_data                    eeprom_data  0000
__Lend_init                       end_init     0011
__Lfunctab                        functab      0000
__LidataCOMMON                    idataCOMMON  0000
__Lidloc                          idloc        0000
__Linit                           init         0011
__Lintentry                       intentry     0004
__Lmaintext                       maintext     0000
__Lpa_nodes                       pa_nodes     0000
__Lpowerup                        powerup      0000
__Lram                            ram          0000
__Lreset_vec                      reset_vec    0000
__Lsfr0                           sfr0         0000
__Lsfr1                           sfr1         0000
__Lsfr2                           sfr2         0000
__Lsfr3                           sfr3         0000
__Lstrings                        strings      0000
__Ltext                           text         0000
__S0                              (abs)        2003
__S1                              (abs)        007E
__end_of_ISR                      text247      0045
__end_of_adc_get                  text247      0051
__end_of_adc_start                text239      00CC
__end_of_adc_test_init            text243      0092
__end_of_clock_config             text246      00C4
__end_of_dac_init                 text242      00C9
__end_of_main                     maintext     007D
__end_of_op1_init                 text241      009E
__end_of_op2_init                 text240      00B2
__end_of_setAD_ConvertFlag        text247      0052
__end_of_timer1_config            text245      00BC
__end_of_timer1_interrupt_config  text244      00CF
__pbssCOMMON                      bssCOMMON    0078
__pcstackBANK0                    cstackBANK0  0020
__pcstackCOMMON                   cstackCOMMON 0070
__pdataCOMMON                     dataCOMMON   007D
__pidataCOMMON                    idataCOMMON  0000
__pintentry                       intentry     0004
__pmaintext                       maintext     0052
__ptext239                        text239      00C9
__ptext240                        text240      00A8
__ptext241                        text241      0092
__ptext242                        text242      00C4
__ptext243                        text243      007D
__ptext244                        text244      00CC
__ptext245                        text245      00B2
__ptext246                        text246      00BC
__ptext247                        text247      0013
__ptext248                        text247      0045
__ptext249                        text247      0051
__ptext250                        text250      0000
__size_of_ISR                     (abs)        0000
__size_of_adc_get                 (abs)        0000
__size_of_adc_start               (abs)        0000
__size_of_adc_test_init           (abs)        0000
__size_of_clock_config            (abs)        0000
__size_of_dac_init                (abs)        0000
__size_of_main                    (abs)        0000
__size_of_op1_init                (abs)        0000
__size_of_op2_init                (abs)        0000
__size_of_setAD_ConvertFlag       (abs)        0000
__size_of_timer1_config           (abs)        0000
__size_of_timer1_interrupt_config (abs)        0000
_adc_get                          text247      0045
_adc_start                        text239      00C9
_adc_test_init                    text243      007D
_clock_config                     text246      00BC
_dac_init                         text242      00C4
_exit                             init         0011
_main                             maintext     0052
_op1_init                         text241      0092
_op2_init                         text240      00A8
_sampleChannelSelect              dataCOMMON   007D
_setAD_ConvertFlag                text247      0051
_timer1_config                    text245      00B2
_timer1_interrupt_config          text244      00CC
_uiBigTimer                       bssCOMMON    0078
_uiSmallTimer                     bssCOMMON    007A
adc_get@val                       cstackCOMMON 0072
adc_test_init@channel             cstackBANK0  0022
adc_test_init@ref                 cstackBANK0  0020
btemp                             (abs)        007E
end_of_initialization             cinit        00A5
i1l1342                                            
i1l2072                                            
i1l2485                                            
i1l2489                                            
i1l2491                                            
i1l2495                                            
i1l2497                                            
i1l2507                                            
i1l2509                                            
i1l2513                                            
i1l2517                                            
interrupt_function                intentry     0004
intlevel0                         functab      0000
intlevel1                         functab      0000
intlevel2                         functab      0000
intlevel3                         functab      0000
intlevel4                         functab      0000
intlevel5                         functab      0000
l1330                                              
l1333                                              
l1336                                              
l2049                                              
l2052                                              
l2055                                              
l2063                                              
l2069                                              
l2539                                              
l2541                                              
l2543                                              
l2545                                              
l2547                                              
l2549                                              
l2551                                              
l2553                                              
l2555                                              
l2557                                              
l2559                                              
l2561                                              
l2563                                              
l2565                                              
l2567                                              
l2569                                              
l2571                                              
l2573                                              
l2575                                              
l2577                                              
l2579                                              
l2581                                              
l2583                                              
l2585                                              
l2587                                              
l2589                                              
l2591                                              
l2593                                              
l2595                                              
l2597                                              
reset_vec                         reset_vec    0000
saved_w                           (abs)        007E
setAD_ConvertFlag@flag            cstackCOMMON 0070
start                             init         0011
start_initialization              cinit        009E
wtemp0                            (abs)        007E
