HI-TECH Software C Compiler 

Linker command line:

--edf=C:\Program Files (x86)\HI-TECH Software\PICC\9.83\dat\en_msgs.txt -cs \
  -h+ProjTest.sym -z -Q16C77 -ol.obj -MProjTest.map -E1 -ACONST=00h-0FFhx16 \
  -ACODE=00h-07FFhx2 -ASTRCODE=00h-0FFFh -AENTRY=00h-0FFhx16 \
  -ASTRING=00h-0FFhx16 -ABANK0=020h-06Fh -ABANK1=0A0h-0EFh \
  -ABANK2=0110h-016Fh -ABANK3=0190h-01EFh \
  -ARAM=020h-06Fh,0A0h-0EFh,0110h-016Fh,0190h-01EFh \
  -AABS1=020h-07Fh,0A0h-0EFh,0110h-016Fh,0190h-01EFh -ACOMMON=070h-07Fh \
  -ASFR0=00h-01Fh -ASFR1=080h-09Fh -ASFR2=0100h-010Fh -ASFR3=0180h-018Fh \
  -preset_vec=00h,intentry=04h,init,end_init -ppowerup=CODE -pfunctab=CODE \
  -ACONFIG=02000h-02007h -pconfig=CONFIG -DCONFIG=2 -AIDLOC=02008h-0200Bh \
  -pidloc=IDLOC -DIDLOC=2 -DCODE=2 -DSTRCODE=2 -DSTRING=2 -DCONST=2 \
  -DENTRY=2 -k startup.obj ProjTest.obj 

Object code version is 3.10

Machine type is 16C77



                Name                               Link     Load   Length Selector   Space Scale
startup.obj     end_init                             11       11        2        8       0
                reset_vec                             0        0        2        0       0
ProjTest.obj    intentry                              4        4        D        8       0
                config                             2000     2000        3     4000       0
                text873                             296      296       E3        8       0
                text872                             4ED      4ED        4        8       0
                text871                             4E9      4E9        4        8       0
                text863                             3F3      3F3       2F        8       0
                text862                             48E      48E        C        8       0
                text861                             4E5      4E5        4        8       0
                text860                             4F6      4F6        1        8       0
                text859                             4D4      4D4        8        8       0
                text858                             4C2      4C2        A        8       0
                text857                             4F1      4F1        3        8       0
                text854                             480      480        E        8       0
                text853                             4DC      4DC        5        8       0
                text852                             4F4      4F4        2        8       0
                text851                             4B8      4B8        A        8       0
                text850                             4E1      4E1        4        8       0
                text849                             472      472        E        8       0
                text848                             4AE      4AE        A        8       0
                text847                             464      464        E        8       0
                text846                             4A4      4A4        A        8       0
                text845                             456      456        E        8       0
                text844                             49A      49A        A        8       0
                text839                             3C2      3C2       31        8       0
                text838                             422      422       22        8       0
                text836                             379      379       49        8       0
                text835                             1B3      1B3       E3        8       0
                maintext                             13       13      1A0        8       0
                cstackBANK0                          20       20       36       20       1
                cstackCOMMON                         70       70        D       70       1
                clrtext                             4CC      4CC        8        8       0
                bssBANK1                             A0       A0       4E       A0       1
                dataBANK0                            6F       6F        1       20       1
                bssBANK0                             56       56       19       20       1
                bssCOMMON                            7D       7D        1       70       1
                cinit                               444      444       12        8       0

TOTAL           Name                               Link     Load   Length     Space
        CLASS   CONST          

        CLASS   CODE           
                end_init                             11       11        2         0
                intentry                              4        4        D         0
                reset_vec                             0        0        2         0
                text873                             296      296       E3         0
                text872                             4ED      4ED        4         0
                text871                             4E9      4E9        4         0
                text863                             3F3      3F3       2F         0
                text862                             48E      48E        C         0
                text861                             4E5      4E5        4         0
                text860                             4F6      4F6        1         0
                text859                             4D4      4D4        8         0
                text858                             4C2      4C2        A         0
                text857                             4F1      4F1        3         0
                text854                             480      480        E         0
                text853                             4DC      4DC        5         0
                text852                             4F4      4F4        2         0
                text851                             4B8      4B8        A         0
                text850                             4E1      4E1        4         0
                text849                             472      472        E         0
                text848                             4AE      4AE        A         0
                text847                             464      464        E         0
                text846                             4A4      4A4        A         0
                text845                             456      456        E         0
                text844                             49A      49A        A         0
                text839                             3C2      3C2       31         0
                text838                             422      422       22         0
                text836                             379      379       49         0
                text835                             1B3      1B3       E3         0
                maintext                             13       13      1A0         0
                clrtext                             4CC      4CC        8         0
                cinit                               444      444       12         0

        CLASS   STRCODE        

        CLASS   ENTRY          

        CLASS   STRING         

        CLASS   BANK0          
                cstackBANK0                          20       20       36         1
                dataBANK0                            6F       6F        1         1
                bssBANK0                             56       56       19         1

        CLASS   BANK1          
                bssBANK1                             A0       A0       4E         1

        CLASS   BANK2          

        CLASS   BANK3          

        CLASS   RAM            

        CLASS   ABS1           
                abs_s1                               7E       7E        2         1

        CLASS   COMMON         
                cstackCOMMON                         70       70        D         1
                bssCOMMON                            7D       7D        1         1

        CLASS   SFR0           

        CLASS   SFR1           

        CLASS   SFR2           

        CLASS   SFR3           

        CLASS   CONFIG         
                config                             2000     2000        3         0

        CLASS   IDLOC          

        CLASS   EEDATA         



SEGMENTS        Name                           Load    Length   Top    Selector   Space  Class     Delta

                reset_vec                      000000  000002  000002         0       0  CODE        2
                intentry                       000004  0004F3  0004F7         8       0  CODE        2
                cstackBANK0                    000020  000050  000070        20       1  BANK0       1
                cstackCOMMON                   000070  00000E  00007E        70       1  COMMON      1
                bssBANK1                       0000A0  00004E  0000EE        A0       1  BANK1       1
                config                         002000  000003  002003      4000       0  CONFIG      2


UNUSED ADDRESS RANGES

        Name                Unused          Largest block    Delta
        BANK1            00EE-00EF              2           1
        BANK2            0110-016F             60           1
        BANK3            0190-01EF             60           1
        CODE             0002-0003              2           2
                         04F7-0FFF            309
        CONFIG           2003-2007              5           2
        CONST            0002-0003              2           2
                         04F7-0FFF            100
        ENTRY            0002-0003              2           2
                         04F7-0FFF            100
        IDLOC            2008-200B              4           2
        RAM              00EE-00EF              2           1
                         0110-016F             60
                         0190-01EF             60
        SFR0             0000-001F             20           1
        SFR1             0080-009F             20           1
        SFR2             0100-010F             10           1
        SFR3             0180-018F             10           1
        STRCODE          0002-0003              2           2
                         04F7-0FFF            B09
        STRING           0002-0003              2           2
                         04F7-0FFF            100

                                  Symbol Table

??_AD_Sample                                      cstackBANK0  0020
??_Filter                                         cstackBANK0  0022
??_ISR                                            cstackCOMMON 0079
??_adc_get                                        cstackCOMMON 0072
??_adc_start                                      cstackBANK0  0020
??_adc_test_init                                  cstackBANK0  0021
??_calPulseWidth                                  cstackBANK0  0049
??_clearThreeHoursTimer                           cstackBANK0  0020
??_clearTwelveHoursTimer                          cstackBANK0  0020
??_clearTwentyMinTimer                            cstackBANK0  0020
??_clock_config                                   cstackBANK0  0020
??_clrSampeTime                                   cstackBANK0  0020
??_getAD_ConvertFlag                              cstackBANK0  0020
??_getAdOriginalCh12Value                         cstackBANK0  0049
??_getAdOriginalCh13Value                         cstackBANK0  0049
??_initPB2_AsHighResistence                       cstackBANK0  0020
??_initPB3                                        cstackBANK0  0020
??_initPB4                                        cstackBANK0  0020
??_initPB5                                        cstackBANK0  0020
??_initPin                                        cstackBANK0  0021
??_isFinishedOneHoursTimer                        cstackBANK0  0020
??_isFinishedThreeHoursTimer                      cstackBANK0  0020
??_isFinishedTwelveHoursTimer                     cstackBANK0  0020
??_isFinishedTwentyMinTimer                       cstackBANK0  0020
??_isPermitSampleTime                             cstackBANK0  0020
??_main                                           cstackBANK0  0051
??_process_AD_Converter_Value                     cstackBANK0  0023
??_pwm_config                                     cstackBANK0  0020
??_pwm_start                                      cstackBANK0  0020
??_reset                                          cstackBANK0  0020
??_selectAdChannel                                cstackBANK0  0020
??_setAD_ConvertFlag                              cstackBANK0  0020
??_setPB3                                         cstackBANK0  0020
??_setPB4                                         cstackBANK0  0020
??_setPB5                                         cstackBANK0  0020
??_setPinInitVaule                                cstackBANK0  0021
??_startOneHoursTimer                             cstackBANK0  0022
??_startThreeHoursTimer                           cstackBANK0  0022
??_startTwelveHourTimer                           cstackBANK0  0022
??_startTwentyMinTimer                            cstackBANK0  0022
??_timer1_config                                  cstackBANK0  0020
??_timer1_interrupt_config                        cstackBANK0  0020
??_vPutSampleDataIntoTable                        cstackCOMMON 0077
??i1_setAD_ConvertFlag                            cstackCOMMON 0070
?_AD_Sample                                       cstackCOMMON 0070
?_Filter                                          cstackBANK0  0020
?_ISR                                             cstackCOMMON 0070
?_adc_get                                         cstackCOMMON 0070
?_adc_start                                       cstackCOMMON 0070
?_adc_test_init                                   cstackBANK0  0020
?_calPulseWidth                                   cstackCOMMON 0070
?_clearThreeHoursTimer                            cstackCOMMON 0070
?_clearTwelveHoursTimer                           cstackCOMMON 0070
?_clearTwentyMinTimer                             cstackCOMMON 0070
?_clock_config                                    cstackCOMMON 0070
?_clrSampeTime                                    cstackCOMMON 0070
?_getAD_ConvertFlag                               cstackCOMMON 0070
?_getAdOriginalCh12Value                          cstackBANK0  0047
?_getAdOriginalCh13Value                          cstackBANK0  0047
?_initPB2_AsHighResistence                        cstackCOMMON 0070
?_initPB3                                         cstackCOMMON 0070
?_initPB4                                         cstackCOMMON 0070
?_initPB5                                         cstackCOMMON 0070
?_initPin                                         cstackCOMMON 0070
?_isFinishedOneHoursTimer                         cstackCOMMON 0070
?_isFinishedThreeHoursTimer                       cstackCOMMON 0070
?_isFinishedTwelveHoursTimer                      cstackCOMMON 0070
?_isFinishedTwentyMinTimer                        cstackCOMMON 0070
?_isPermitSampleTime                              cstackCOMMON 0070
?_main                                            cstackCOMMON 0070
?_process_AD_Converter_Value                      cstackCOMMON 0070
?_pwm_config                                      cstackCOMMON 0070
?_pwm_start                                       cstackCOMMON 0070
?_reset                                           cstackCOMMON 0070
?_selectAdChannel                                 cstackCOMMON 0070
?_setAD_ConvertFlag                               cstackCOMMON 0070
?_setPB3                                          cstackCOMMON 0070
?_setPB4                                          cstackCOMMON 0070
?_setPB5                                          cstackCOMMON 0070
?_setPinInitVaule                                 cstackCOMMON 0070
?_startOneHoursTimer                              cstackBANK0  0020
?_startThreeHoursTimer                            cstackBANK0  0020
?_startTwelveHourTimer                            cstackBANK0  0020
?_startTwentyMinTimer                             cstackBANK0  0020
?_timer1_config                                   cstackCOMMON 0070
?_timer1_interrupt_config                         cstackCOMMON 0070
?_vPutSampleDataIntoTable                         cstackCOMMON 0074
?i1_setAD_ConvertFlag                             cstackCOMMON 0070
Filter@cir                                        cstackBANK0  0043
Filter@filter_buf                                 cstackBANK0  0026
Filter@filter_sum                                 cstackBANK0  0040
Filter@filter_temp                                cstackBANK0  003E
Filter@i                                          cstackBANK0  0046
Filter@j                                          cstackBANK0  0045
Filter@tmpValue                                   cstackBANK0  0042
ISR@ucTimer1sCnt                                  bssBANK0     0060
_ADCON0                                           (abs)        001F
_ADCON1                                           (abs)        009F
_ADIE                                             (abs)        046A
_ADIF                                             (abs)        006A
_ADON                                             (abs)        00F8
_ADRESH                                           (abs)        001E
_ADRESL                                           (abs)        009E
_AD_Sample                                        text836      0396
_CCP1CON                                          (abs)        0017
_CCPR1L                                           (abs)        0015
_CLKPCE                                           (abs)        0847
_CLKPR                                            (abs)        0108
_Filter                                           text835      01F2
_GIE                                              (abs)        005F
_GO                                               (abs)        00F9
_ISR                                              text873      0296
_PB2                                              (abs)        0032
_PB3                                              (abs)        0033
_PB4                                              (abs)        0034
_PB5                                              (abs)        0035
_PBOD2                                            (abs)        0C42
_PEIE                                             (abs)        005E
_PR2                                              (abs)        0092
_T1CON                                            (abs)        0010
_T2CON                                            (abs)        0012
_TMR1H                                            (abs)        000F
_TMR1IE                                           (abs)        0460
_TMR1IF                                           (abs)        0060
_TMR1L                                            (abs)        000E
_TRISB0                                           (abs)        0430
_TRISB1                                           (abs)        0431
_TRISB2                                           (abs)        0432
_TRISB3                                           (abs)        0433
_TRISB4                                           (abs)        0434
_TRISB5                                           (abs)        0435
__Habs1                                           abs1         0000
__Hbank0                                          bank0        0000
__Hbank1                                          bank1        0000
__Hbank2                                          bank2        0000
__Hbank3                                          bank3        0000
__HbssBANK0                                       bssBANK0     0000
__HbssBANK1                                       bssBANK1     0000
__HbssCOMMON                                      bssCOMMON    0000
__Hcinit                                          cinit        0000
__Hclrtext                                        clrtext      0000
__Hcode                                           code         0000
__Hcommon                                         common       0000
__Hconfig                                         config       2003
__HcstackBANK0                                    cstackBANK0  0000
__HcstackCOMMON                                   cstackCOMMON 0000
__HdataBANK0                                      dataBANK0    0000
__Heeprom_data                                    eeprom_data  0000
__Hend_init                                       end_init     0013
__Hfunctab                                        functab      0000
__HidataBANK0                                     idataBANK0   0000
__Hidloc                                          idloc        0000
__Hinit                                           init         0011
__Hintentry                                       intentry     0011
__Hmaintext                                       maintext     0000
__Hpa_nodes                                       pa_nodes     0000
__Hpowerup                                        powerup      0000
__Hram                                            ram          0000
__Hreset_vec                                      reset_vec    0002
__Hsfr0                                           sfr0         0000
__Hsfr1                                           sfr1         0000
__Hsfr2                                           sfr2         0000
__Hsfr3                                           sfr3         0000
__Hstrings                                        strings      0000
__Htext                                           text         0000
__Labs1                                           abs1         0000
__Lbank0                                          bank0        0000
__Lbank1                                          bank1        0000
__Lbank2                                          bank2        0000
__Lbank3                                          bank3        0000
__LbssBANK0                                       bssBANK0     0000
__LbssBANK1                                       bssBANK1     0000
__LbssCOMMON                                      bssCOMMON    0000
__Lcinit                                          cinit        0000
__Lclrtext                                        clrtext      0000
__Lcode                                           code         0000
__Lcommon                                         common       0000
__Lconfig                                         config       2000
__LcstackBANK0                                    cstackBANK0  0000
__LcstackCOMMON                                   cstackCOMMON 0000
__LdataBANK0                                      dataBANK0    0000
__Leeprom_data                                    eeprom_data  0000
__Lend_init                                       end_init     0011
__Lfunctab                                        functab      0000
__LidataBANK0                                     idataBANK0   0000
__Lidloc                                          idloc        0000
__Linit                                           init         0011
__Lintentry                                       intentry     0004
__Lmaintext                                       maintext     0000
__Lpa_nodes                                       pa_nodes     0000
__Lpowerup                                        powerup      0000
__Lram                                            ram          0000
__Lreset_vec                                      reset_vec    0000
__Lsfr0                                           sfr0         0000
__Lsfr1                                           sfr1         0000
__Lsfr2                                           sfr2         0000
__Lsfr3                                           sfr3         0000
__Lstrings                                        strings      0000
__Ltext                                           text         0000
__S0                                              (abs)        2003
__S1                                              (abs)        00EE
__end_of_AD_Sample                                text836      03AA
__end_of_Filter                                   text835      0280
__end_of_ISR                                      text873      02FC
__end_of_adc_get                                  text873      0307
__end_of_adc_start                                text836      03C2
__end_of_adc_test_init                            text836      03BF
__end_of_calPulseWidth                            text835      01EB
__end_of_clearThreeHoursTimer                     text871      04ED
__end_of_clearTwelveHoursTimer                    text872      04F1
__end_of_clearTwentyMinTimer                      text850      04E5
__end_of_clock_config                             text859      04DC
__end_of_clrSampeTime                             text852      04F6
__end_of_getAD_ConvertFlag                        text836      0393
__end_of_getAdOriginalCh12Value                   text835      01F2
__end_of_getAdOriginalCh13Value                   text835      01BA
__end_of_initPB2_AsHighResistence                 text839      03DD
__end_of_initPB3                                  text839      03D8
__end_of_initPB4                                  text839      03E8
__end_of_initPB5                                  text839      03F3
__end_of_initPin                                  text839      03CC
__end_of_isFinishedOneHoursTimer                  text844      04A4
__end_of_isFinishedThreeHoursTimer                text846      04AE
__end_of_isFinishedTwelveHoursTimer               text848      04B8
__end_of_isFinishedTwentyMinTimer                 text851      04C2
__end_of_isPermitSampleTime                       text853      04E1
__end_of_main                                     maintext     01B3
__end_of_process_AD_Converter_Value               text836      038F
__end_of_pwm_config                               text862      049A
__end_of_pwm_start                                text863      0422
__end_of_reset                                    text861      04E5
__end_of_selectAdChannel                          text861      04E9
__end_of_setAD_ConvertFlag                        text836      0396
__end_of_setPB3                                   text838      0434
__end_of_setPB4                                   text838      043C
__end_of_setPB5                                   text838      0444
__end_of_setPinInitVaule                          text838      042A
__end_of_startOneHoursTimer                       text845      0464
__end_of_startThreeHoursTimer                     text847      0472
__end_of_startTwelveHourTimer                     text849      0480
__end_of_startTwentyMinTimer                      text854      048E
__end_of_timer1_config                            text858      04CC
__end_of_timer1_interrupt_config                  text857      04F4
__end_of_vPutSampleDataIntoTable                  text873      0366
__end_ofi1_setAD_ConvertFlag                      text873      0369
__pbssBANK0                                       bssBANK0     0056
__pbssBANK1                                       bssBANK1     00A0
__pbssCOMMON                                      bssCOMMON    007D
__pcstackBANK0                                    cstackBANK0  0020
__pcstackCOMMON                                   cstackCOMMON 0070
__pdataBANK0                                      dataBANK0    006F
__pidataBANK0                                     idataBANK0   0000
__pintentry                                       intentry     0004
__pmaintext                                       maintext     0013
__ptext834                                        text835      01BA
__ptext835                                        text835      01B3
__ptext836                                        text836      0379
__ptext837                                        text835      01EB
__ptext838                                        text838      0422
__ptext839                                        text839      03C2
__ptext840                                        text836      0396
__ptext841                                        text836      0393
__ptext842                                        text836      038F
__ptext843                                        text835      01F2
__ptext844                                        text844      049A
__ptext845                                        text845      0456
__ptext846                                        text846      04A4
__ptext847                                        text847      0464
__ptext848                                        text848      04AE
__ptext849                                        text849      0472
__ptext850                                        text850      04E1
__ptext851                                        text851      04B8
__ptext852                                        text852      04F4
__ptext853                                        text853      04DC
__ptext854                                        text854      0480
__ptext855                                        text836      03BF
__ptext856                                        text836      03AA
__ptext857                                        text857      04F1
__ptext858                                        text858      04C2
__ptext859                                        text859      04D4
__ptext860                                        text860      04F6
__ptext861                                        text861      04E5
__ptext862                                        text862      048E
__ptext863                                        text863      03F3
__ptext864                                        text839      03D8
__ptext865                                        text838      043C
__ptext866                                        text839      03E8
__ptext867                                        text838      0434
__ptext868                                        text839      03DD
__ptext869                                        text838      042A
__ptext870                                        text839      03CC
__ptext871                                        text871      04E9
__ptext872                                        text872      04ED
__ptext873                                        text873      0296
__ptext874                                        text873      0366
__ptext875                                        text873      02FC
__ptext876                                        text873      0307
__ptext877                                        text877      0000
__size_of_AD_Sample                               (abs)        0000
__size_of_Filter                                  (abs)        0000
__size_of_ISR                                     (abs)        0000
__size_of_adc_get                                 (abs)        0000
__size_of_adc_start                               (abs)        0000
__size_of_adc_test_init                           (abs)        0000
__size_of_calPulseWidth                           (abs)        0000
__size_of_clearThreeHoursTimer                    (abs)        0000
__size_of_clearTwelveHoursTimer                   (abs)        0000
__size_of_clearTwentyMinTimer                     (abs)        0000
__size_of_clock_config                            (abs)        0000
__size_of_clrSampeTime                            (abs)        0000
__size_of_getAD_ConvertFlag                       (abs)        0000
__size_of_getAdOriginalCh12Value                  (abs)        0000
__size_of_getAdOriginalCh13Value                  (abs)        0000
__size_of_initPB2_AsHighResistence                (abs)        0000
__size_of_initPB3                                 (abs)        0000
__size_of_initPB4                                 (abs)        0000
__size_of_initPB5                                 (abs)        0000
__size_of_initPin                                 (abs)        0000
__size_of_isFinishedOneHoursTimer                 (abs)        0000
__size_of_isFinishedThreeHoursTimer               (abs)        0000
__size_of_isFinishedTwelveHoursTimer              (abs)        0000
__size_of_isFinishedTwentyMinTimer                (abs)        0000
__size_of_isPermitSampleTime                      (abs)        0000
__size_of_main                                    (abs)        0000
__size_of_process_AD_Converter_Value              (abs)        0000
__size_of_pwm_config                              (abs)        0000
__size_of_pwm_start                               (abs)        0000
__size_of_reset                                   (abs)        0000
__size_of_selectAdChannel                         (abs)        0000
__size_of_setAD_ConvertFlag                       (abs)        0000
__size_of_setPB3                                  (abs)        0000
__size_of_setPB4                                  (abs)        0000
__size_of_setPB5                                  (abs)        0000
__size_of_setPinInitVaule                         (abs)        0000
__size_of_startOneHoursTimer                      (abs)        0000
__size_of_startThreeHoursTimer                    (abs)        0000
__size_of_startTwelveHourTimer                    (abs)        0000
__size_of_startTwentyMinTimer                     (abs)        0000
__size_of_timer1_config                           (abs)        0000
__size_of_timer1_interrupt_config                 (abs)        0000
__size_of_vPutSampleDataIntoTable                 (abs)        0000
__size_ofi1_setAD_ConvertFlag                     (abs)        0000
_adc_convert_flag                                 bssBANK0     0061
_adc_get                                          text873      02FC
_adc_start                                        text836      03BF
_adc_test_init                                    text836      03AA
_bBigTimerStartFlag                               bssBANK0     0062
_bOneHourTimerStartFlag                           bssBANK0     0063
_bSmallTimerStartFlag                             bssBANK0     0064
_bTwentyMinStartFlag                              bssBANK0     0065
_calPulseWidth                                    text835      01BA
_clearThreeHoursTimer                             text871      04E9
_clearTwelveHoursTimer                            text872      04ED
_clearTwentyMinTimer                              text850      04E1
_clock_config                                     text859      04D4
_clrSampeTime                                     text852      04F4
_exit                                             init         0011
_getAD_ConvertFlag                                text836      038F
_getAdOriginalCh12Value                           text835      01EB
_getAdOriginalCh13Value                           text835      01B3
_initPB2_AsHighResistence                         text839      03D8
_initPB3                                          text839      03CC
_initPB4                                          text839      03DD
_initPB5                                          text839      03E8
_initPin                                          text839      03C2
_isFinishedOneHoursTimer                          text844      049A
_isFinishedThreeHoursTimer                        text846      04A4
_isFinishedTwelveHoursTimer                       text848      04AE
_isFinishedTwentyMinTimer                         text851      04B8
_isPermitSampleTime                               text853      04DC
_main                                             maintext     0013
_process_AD_Converter_Value                       text836      0379
_pwm_config                                       text862      048E
_pwm_start                                        text863      03F3
_reset                                            text860      04F6
_sampleChannelSelect                              dataBANK0    006F
_sampleTimes                                      bssBANK0     0066
_selectAdChannel                                  text861      04E5
_setAD_ConvertFlag                                text836      0393
_setPB3                                           text838      042A
_setPB4                                           text838      0434
_setPB5                                           text838      043C
_setPinInitVaule                                  text838      0422
_startOneHoursTimer                               text845      0456
_startThreeHoursTimer                             text847      0464
_startTwelveHourTimer                             text849      0472
_startTwentyMinTimer                              text854      0480
_timer                                            bssBANK0     0067
_timer1_config                                    text858      04C2
_timer1_interrupt_config                          text857      04F1
_uiBigTimer                                       bssBANK0     0056
_uiOneHourTimer                                   bssBANK0     0058
_uiSampleChannelFirst                             bssBANK1     00A6
_uiSampleChannelFourteenth                        bssBANK1     00BE
_uiSampleChannelFourth                            bssBANK1     00D6
_uiSmallTimer                                     bssBANK0     005A
_uiTwentyMinTimer                                 bssBANK0     005C
_uiTwentySecondsTimer                             bssBANK1     00A0
_vPutSampleDataIntoTable                          text873      0307
adc_get@val                                       cstackCOMMON 0072
adc_test_init@channel                             cstackBANK0  0022
adc_test_init@ref                                 cstackBANK0  0020
btemp                                             (abs)        007E
calPulseWidth@ucGapValue                          cstackBANK0  004E
calPulseWidth@ucHalfValue                         cstackBANK0  004C
calPulseWidth@ucPulseWidth                        cstackBANK0  004D
calPulseWidth@ucThreeTimesValue                   cstackBANK0  004B
calPulseWidth@uiChannel2Value                     cstackBANK0  004F
calPulseWidth@uiGapValue                          cstackBANK0  0049
clear_ram                                         clrtext      04CC
end_of_initialization                             cinit        0453
i1_setAD_ConvertFlag                              text873      0366
i1l1538                                                            
i1l2302                                                            
i1l3531                                                            
i1l3537                                                            
i1l3541                                                            
i1l3549                                                            
i1l3553                                                            
i1l3561                                                            
i1l3565                                                            
i1l3575                                                            
i1l3577                                                            
i1l3599                                                            
i1l3603                                                            
i1l3605                                                            
i1l3609                                                            
i1l3625                                                            
i1l3627                                                            
i1l3633                                                            
i1l3637                                                            
i1setAD_ConvertFlag@flag                          cstackCOMMON 0070
initPB3@bValue                                    cstackBANK0  0020
initPB4@bValue                                    cstackBANK0  0020
initPB5@bValue                                    cstackBANK0  0020
interrupt_function                                intentry     0004
intlevel0                                         functab      0000
intlevel1                                         functab      0000
intlevel2                                         functab      0000
intlevel3                                         functab      0000
intlevel4                                         functab      0000
intlevel5                                         functab      0000
l1497                                                              
l1526                                                              
l1529                                                              
l1532                                                              
l1535                                                              
l1538                                                              
l1541                                                              
l1544                                                              
l1570                                                              
l1573                                                              
l1582                                                              
l1631                                                              
l2293                                                              
l2299                                                              
l3277                                                              
l3279                                                              
l3281                                                              
l3283                                                              
l3285                                                              
l3287                                                              
l3289                                                              
l3291                                                              
l3293                                                              
l3295                                                              
l3297                                                              
l3299                                                              
l3301                                                              
l3303                                                              
l3305                                                              
l3307                                                              
l3309                                                              
l3311                                                              
l3313                                                              
l3315                                                              
l3317                                                              
l3319                                                              
l3331                                                              
l3333                                                              
l3335                                                              
l3337                                                              
l3339                                                              
l3341                                                              
l3345                                                              
l3347                                                              
l3349                                                              
l3351                                                              
l3353                                                              
l3355                                                              
l3357                                                              
l3359                                                              
l3361                                                              
l3363                                                              
l3365                                                              
l3369                                                              
l3375                                                              
l3377                                                              
l3389                                                              
l3391                                                              
l3395                                                              
l3397                                                              
l3407                                                              
l3409                                                              
l3415                                                              
l3417                                                              
l3421                                                              
l3423                                                              
l3433                                                              
l3439                                                              
l3441                                                              
l3445                                                              
l3447                                                              
l3457                                                              
l3463                                                              
l3465                                                              
l3469                                                              
l3471                                                              
l3481                                                              
l3489                                                              
l3491                                                              
l3493                                                              
l3513                                                              
l3521                                                              
l3523                                                              
l3527                                                              
l3579                                                              
l3583                                                              
l3585                                                              
l3589                                                              
l3593                                                              
l3639                                                              
l3641                                                              
l3643                                                              
l3645                                                              
l3647                                                              
l3649                                                              
l3653                                                              
l3657                                                              
l3665                                                              
l3669                                                              
l3671                                                              
l3673                                                              
l3683                                                              
l3685                                                              
l3687                                                              
l3689                                                              
l3691                                                              
l3693                                                              
l3699                                                              
l3701                                                              
l3703                                                              
l3705                                                              
l3707                                                              
l3709                                                              
l3711                                                              
l3715                                                              
l3717                                                              
l3725                                                              
l3737                                                              
l3741                                                              
l3743                                                              
l3745                                                              
l3747                                                              
l3749                                                              
l3751                                                              
l3753                                                              
l3755                                                              
l3771                                                              
l3775                                                              
l3791                                                              
l3795                                                              
l3797                                                              
l3799                                                              
l3801                                                              
l3803                                                              
l3807                                                              
l3819                                                              
l3827                                                              
l3829                                                              
l3843                                                              
l3855                                                              
l3859                                                              
l710                                                               
l717                                                               
l725                                                               
l728                                                               
l731                                                               
l744                                                               
main@cTimerP5s_792                                bssBANK0     0068
main@cTimerP5s_797                                bssBANK0     0069
main@ucChValue                                    cstackBANK0  0051
main@ucPulseWidth                                 cstackBANK0  0053
main@ucStep                                       bssBANK0     006A
main@ucTimerP3s                                   bssBANK0     006B
main@ucTimerP5s                                   bssBANK0     006C
main@uiCh13Value                                  cstackBANK0  0054
main@uiTimerOneP5s                                bssBANK0     005E
main@uiTimerThreeP5s                              bssBANK1     00A2
main@uiTimerTwoP5s                                bssBANK1     00A4
pwm_config@state                                  cstackBANK0  0020
pwm_start@ucCCP1CON_Value                         cstackBANK0  0020
pwm_start@ucConvertRealPulseWidth                 cstackBANK0  0023
pwm_start@ucGeHighestSixValue                     cstackBANK0  0022
pwm_start@ucGetLowestTwoValue                     cstackBANK0  0021
pwm_start@ucPulseWidth                            cstackBANK0  0024
reset_vec                                         reset_vec    0000
saved_w                                           (abs)        007E
setAD_ConvertFlag@flag                            cstackBANK0  0020
setPB3@bValue                                     cstackBANK0  0020
setPB4@bValue                                     cstackBANK0  0020
setPB5@bValue                                     cstackBANK0  0020
start                                             init         0011
startOneHoursTimer@uiSetTime                      cstackBANK0  0020
startThreeHoursTimer@uiSetTime                    cstackBANK0  0020
startTwelveHourTimer@uiSetTime                    cstackBANK0  0020
startTwentyMinTimer@uiSetValue                    cstackBANK0  0020
start_initialization                              cinit        0444
vPutSampleDataIntoTable@channel                   cstackCOMMON 0076
vPutSampleDataIntoTable@i                         cstackCOMMON 0077
vPutSampleDataIntoTable@ucChannelFirstLength      bssCOMMON    007D
vPutSampleDataIntoTable@ucChannelFourteenthLength bssBANK0     006D
vPutSampleDataIntoTable@ucChannelFourthLength     bssBANK0     006E
vPutSampleDataIntoTable@uiSampleData              cstackCOMMON 0074
wtemp0                                            (abs)        007E
