HI-TECH Software C Compiler 

Linker command line:

--edf=C:\Program Files (x86)\HI-TECH Software\PICC\9.83\dat\en_msgs.txt -cs \
  -h+ProjTest.sym -z -Q16C77 -ol.obj -MProjTest.map -E1 -ACONST=00h-0FFhx16 \
  -ACODE=00h-07FFhx2 -ASTRCODE=00h-0FFFh -AENTRY=00h-0FFhx16 \
  -ASTRING=00h-0FFhx16 -ABANK0=020h-06Fh -ABANK1=0A0h-0EFh \
  -ABANK2=0110h-016Fh -ABANK3=0190h-01EFh \
  -ARAM=020h-06Fh,0A0h-0EFh,0110h-016Fh,0190h-01EFh \
  -AABS1=020h-07Fh,0A0h-0EFh,0110h-016Fh,0190h-01EFh -ACOMMON=070h-07Fh \
  -ASFR0=00h-01Fh -ASFR1=080h-09Fh -ASFR2=0100h-010Fh -ASFR3=0180h-018Fh \
  -preset_vec=00h,intentry=04h,init,end_init -ppowerup=CODE -pfunctab=CODE \
  -ACONFIG=02000h-02007h -pconfig=CONFIG -DCONFIG=2 -AIDLOC=02008h-0200Bh \
  -pidloc=IDLOC -DIDLOC=2 -DCODE=2 -DSTRCODE=2 -DSTRING=2 -DCONST=2 \
  -DENTRY=2 -k startup.obj ProjTest.obj 

Object code version is 3.10

Machine type is 16C77



                Name                               Link     Load   Length Selector   Space Scale
startup.obj     end_init                             11       11        2        8       0
                reset_vec                             0        0        2        0       0
ProjTest.obj    intentry                              4        4        D        8       0
                config                             2000     2000        3     4000       0
                text1268                             13       13      204        8       0
                text1260                            526      526       15        8       0
                text1259                            5DB      5DB        4        8       0
                text1258                            5E7      5E7        1        8       0
                text1257                            5C2      5C2        8        8       0
                text1256                            5B0      5B0        A        8       0
                text1255                            5E2      5E2        3        8       0
                text1253                            579      579        E        8       0
                text1251                            5CA      5CA        5        8       0
                text1250                            5E5      5E5        2        8       0
                text1249                            5A6      5A6        A        8       0
                text1248                            5D7      5D7        4        8       0
                text1247                            56B      56B        E        8       0
                text1246                            59C      59C        A        8       0
                text1245                            5D3      5D3        4        8       0
                text1244                            55D      55D        E        8       0
                text1243                            592      592        A        8       0
                text1242                            5CF      5CF        4        8       0
                text1241                            54F      54F        E        8       0
                text1240                            587      587        B        8       0
                text1239                            5DF      5DF        3        8       0
                text1234                            4D4      4D4       31        8       0
                text1233                            505      505       21        8       0
                text1232                            484      484       50        8       0
                text1231                            3CC      3CC       B8        8       0
                maintext                            217      217      1B5        8       0
                cstackBANK0                          20       20       1D       20       1
                cstackCOMMON                         70       70        D       70       1
                cstackBANK1                          BE       BE       14       A0       1
                clrtext                             5BA      5BA        8        8       0
                bssBANK1                             A0       A0       1E       A0       1
                dataBANK0                            59       59        2       20       1
                bssBANK0                             3D       3D       1C       20       1
                bssCOMMON                            7D       7D        1       70       1
                cinit                               53B      53B       14        8       0

TOTAL           Name                               Link     Load   Length     Space
        CLASS   CONST          

        CLASS   CODE           
                end_init                             11       11        2         0
                intentry                              4        4        D         0
                reset_vec                             0        0        2         0
                text1268                             13       13      204         0
                text1260                            526      526       15         0
                text1259                            5DB      5DB        4         0
                text1258                            5E7      5E7        1         0
                text1257                            5C2      5C2        8         0
                text1256                            5B0      5B0        A         0
                text1255                            5E2      5E2        3         0
                text1253                            579      579        E         0
                text1251                            5CA      5CA        5         0
                text1250                            5E5      5E5        2         0
                text1249                            5A6      5A6        A         0
                text1248                            5D7      5D7        4         0
                text1247                            56B      56B        E         0
                text1246                            59C      59C        A         0
                text1245                            5D3      5D3        4         0
                text1244                            55D      55D        E         0
                text1243                            592      592        A         0
                text1242                            5CF      5CF        4         0
                text1241                            54F      54F        E         0
                text1240                            587      587        B         0
                text1239                            5DF      5DF        3         0
                text1234                            4D4      4D4       31         0
                text1233                            505      505       21         0
                text1232                            484      484       50         0
                text1231                            3CC      3CC       B8         0
                maintext                            217      217      1B5         0
                clrtext                             5BA      5BA        8         0
                cinit                               53B      53B       14         0

        CLASS   STRCODE        

        CLASS   ENTRY          

        CLASS   STRING         

        CLASS   BANK0          
                cstackBANK0                          20       20       1D         1
                dataBANK0                            59       59        2         1
                bssBANK0                             3D       3D       1C         1

        CLASS   BANK1          
                cstackBANK1                          BE       BE       14         1
                bssBANK1                             A0       A0       1E         1

        CLASS   BANK2          

        CLASS   BANK3          

        CLASS   RAM            

        CLASS   ABS1           
                abs_s1                               7E       7E        2         1

        CLASS   COMMON         
                cstackCOMMON                         70       70        D         1
                bssCOMMON                            7D       7D        1         1

        CLASS   SFR0           

        CLASS   SFR1           

        CLASS   SFR2           

        CLASS   SFR3           

        CLASS   CONFIG         
                config                             2000     2000        3         0

        CLASS   IDLOC          

        CLASS   EEDATA         



SEGMENTS        Name                           Load    Length   Top    Selector   Space  Class     Delta

                reset_vec                      000000  000002  000002         0       0  CODE        2
                intentry                       000004  0005E4  0005E8         8       0  CODE        2
                cstackBANK0                    000020  00003B  00005B        20       1  BANK0       1
                cstackCOMMON                   000070  00000E  00007E        70       1  COMMON      1
                bssBANK1                       0000A0  000032  0000D2        A0       1  BANK1       1
                config                         002000  000003  002003      4000       0  CONFIG      2


UNUSED ADDRESS RANGES

        Name                Unused          Largest block    Delta
        BANK0            005B-006F             15           1
        BANK1            00D2-00EF             1E           1
        BANK2            0110-016F             60           1
        BANK3            0190-01EF             60           1
        CODE             0002-0003              2           2
                         05E8-0FFF            218
        CONFIG           2003-2007              5           2
        CONST            0002-0003              2           2
                         05E8-0FFF            100
        ENTRY            0002-0003              2           2
                         05E8-0FFF            100
        IDLOC            2008-200B              4           2
        RAM              005B-006F             15           1
                         00D2-00EF             1E
                         0110-016F             60
                         0190-01EF             60
        SFR0             0000-001F             20           1
        SFR1             0080-009F             20           1
        SFR2             0100-010F             10           1
        SFR3             0180-018F             10           1
        STRCODE          0002-0003              2           2
                         05E8-0FFF            A18
        STRING           0002-0003              2           2
                         05E8-0FFF            100

                                  Symbol Table

??_AD_Sample                                      cstackBANK0  0035
??_Filter                                         cstackCOMMON 0072
??_FilterCh13                                     cstackBANK0  0037
??_ISR                                            cstackCOMMON 0079
??_adc_get                                        cstackCOMMON 0072
??_adc_start                                      cstackBANK0  0035
??_adc_test_init                                  cstackBANK0  0036
??_clearThreeHoursTimer                           cstackBANK0  0035
??_clearTwelveHoursTimer                          cstackBANK0  0035
??_clearTwentyMinTimer                            cstackBANK0  0035
??_clock_config                                   cstackBANK0  0035
??_clrSampeTime                                   cstackBANK0  0035
??_getAD_ConvertFlag                              cstackBANK0  0035
??_getAdOriginalCh13Value                         cstackBANK0  003D
??_getWaitResetFlag                               cstackCOMMON 0070
??_initPB2_AsHighResistence                       cstackBANK0  0035
??_initPB3                                        cstackBANK0  0035
??_initPB4                                        cstackBANK0  0035
??_initPB5                                        cstackBANK0  0035
??_initPin                                        cstackBANK0  0036
??_isFinishedOneHoursTimer                        cstackBANK0  0035
??_isFinishedThreeHoursTimer                      cstackBANK0  0035
??_isFinishedTwelveHoursTimer                     cstackBANK0  0035
??_isFinishedTwentyMinTimer                       cstackBANK0  0035
??_isPermitSampleTime                             cstackBANK0  0035
??_main                                           cstackBANK1  00CD
??_process_AD_Converter_Value                     cstackBANK0  0038
??_pwm_start                                      cstackBANK0  0036
??_reset                                          cstackBANK0  0035
??_selectAdChannel                                cstackBANK0  0035
??_setAD_ConvertFlag                              cstackBANK0  0035
??_setPB3                                         cstackBANK0  0035
??_setPB4                                         cstackBANK0  0035
??_setPB5                                         cstackBANK0  0035
??_setPWM_Width                                   cstackCOMMON 0070
??_setPinInitVaule                                cstackBANK0  0036
??_setWaitResetFlag                               cstackBANK0  0035
??_startOneHoursTimer                             cstackBANK0  0037
??_startThreeHoursTimer                           cstackBANK0  0037
??_startTwelveHourTimer                           cstackBANK0  0037
??_startTwentyMinTimer                            cstackBANK0  0037
??_timer1_config                                  cstackBANK0  0035
??_timer1_interrupt_config                        cstackBANK0  0035
??_vPutSampleDataIntoTable                        cstackCOMMON 0079
??i1_setAD_ConvertFlag                            cstackCOMMON 0070
?_AD_Sample                                       cstackCOMMON 0070
?_Filter                                          cstackCOMMON 0070
?_FilterCh13                                      cstackBANK0  0035
?_ISR                                             cstackCOMMON 0070
?_adc_get                                         cstackCOMMON 0070
?_adc_start                                       cstackCOMMON 0070
?_adc_test_init                                   cstackBANK0  0035
?_clearThreeHoursTimer                            cstackCOMMON 0070
?_clearTwelveHoursTimer                           cstackCOMMON 0070
?_clearTwentyMinTimer                             cstackCOMMON 0070
?_clock_config                                    cstackCOMMON 0070
?_clrSampeTime                                    cstackCOMMON 0070
?_getAD_ConvertFlag                               cstackCOMMON 0070
?_getAdOriginalCh13Value                          cstackBANK0  003B
?_getWaitResetFlag                                cstackCOMMON 0070
?_initPB2_AsHighResistence                        cstackCOMMON 0070
?_initPB3                                         cstackCOMMON 0070
?_initPB4                                         cstackCOMMON 0070
?_initPB5                                         cstackCOMMON 0070
?_initPin                                         cstackCOMMON 0070
?_isFinishedOneHoursTimer                         cstackCOMMON 0070
?_isFinishedThreeHoursTimer                       cstackCOMMON 0070
?_isFinishedTwelveHoursTimer                      cstackCOMMON 0070
?_isFinishedTwentyMinTimer                        cstackCOMMON 0070
?_isPermitSampleTime                              cstackCOMMON 0070
?_main                                            cstackCOMMON 0070
?_process_AD_Converter_Value                      cstackCOMMON 0070
?_pwm_start                                       cstackBANK0  0035
?_reset                                           cstackCOMMON 0070
?_selectAdChannel                                 cstackCOMMON 0070
?_setAD_ConvertFlag                               cstackCOMMON 0070
?_setPB3                                          cstackCOMMON 0070
?_setPB4                                          cstackCOMMON 0070
?_setPB5                                          cstackCOMMON 0070
?_setPWM_Width                                    cstackCOMMON 0070
?_setPinInitVaule                                 cstackCOMMON 0070
?_setWaitResetFlag                                cstackCOMMON 0070
?_startOneHoursTimer                              cstackBANK0  0035
?_startThreeHoursTimer                            cstackBANK0  0035
?_startTwelveHourTimer                            cstackBANK0  0035
?_startTwentyMinTimer                             cstackBANK0  0035
?_timer1_config                                   cstackCOMMON 0070
?_timer1_interrupt_config                         cstackCOMMON 0070
?_vPutSampleDataIntoTable                         cstackCOMMON 0076
?i1_setAD_ConvertFlag                             cstackCOMMON 0070
Filter@cir                                        cstackBANK0  002B
Filter@filter_buf                                 cstackBANK0  0025
Filter@filter_sum                                 cstackBANK0  0022
Filter@filter_temp                                cstackBANK0  0020
Filter@i                                          cstackBANK0  002E
Filter@j                                          cstackBANK0  002D
Filter@tmpValue                                   cstackBANK0  0024
FilterCh13@cir                                    cstackBANK1  00C9
FilterCh13@filter_buf                             cstackBANK1  00C3
FilterCh13@filter_sum                             cstackBANK1  00C1
FilterCh13@filter_temp                            cstackBANK1  00BF
FilterCh13@i                                      cstackBANK1  00CC
FilterCh13@j                                      cstackBANK1  00CB
FilterCh13@tmpValue                               cstackBANK1  00BE
ISR@ucTimer1sCnt                                  bssBANK0     0049
_ADCON0                                           (abs)        001F
_ADCON1                                           (abs)        009F
_ADIE                                             (abs)        046A
_ADIF                                             (abs)        006A
_ADON                                             (abs)        00F8
_ADRESH                                           (abs)        001E
_ADRESL                                           (abs)        009E
_AD_Sample                                        text1232     04A1
_CCP1CON                                          (abs)        0017
_CCPR1L                                           (abs)        0015
_CLKPCE                                           (abs)        0847
_CLKPR                                            (abs)        0108
_Filter                                           text1268     015C
_FilterCh13                                       text1231     03D3
_GIE                                              (abs)        005F
_GO                                               (abs)        00F9
_ISR                                              text1268     0013
_PB2                                              (abs)        0032
_PB3                                              (abs)        0033
_PB4                                              (abs)        0034
_PB5                                              (abs)        0035
_PBOD2                                            (abs)        0C42
_PEIE                                             (abs)        005E
_PR2                                              (abs)        0092
_T1CON                                            (abs)        0010
_T2CON                                            (abs)        0012
_TMR1H                                            (abs)        000F
_TMR1IE                                           (abs)        0460
_TMR1IF                                           (abs)        0060
_TMR1L                                            (abs)        000E
_TRISB0                                           (abs)        0430
_TRISB1                                           (abs)        0431
_TRISB2                                           (abs)        0432
_TRISB3                                           (abs)        0433
_TRISB4                                           (abs)        0434
_TRISB5                                           (abs)        0435
__Habs1                                           abs1         0000
__Hbank0                                          bank0        0000
__Hbank1                                          bank1        0000
__Hbank2                                          bank2        0000
__Hbank3                                          bank3        0000
__HbssBANK0                                       bssBANK0     0000
__HbssBANK1                                       bssBANK1     0000
__HbssCOMMON                                      bssCOMMON    0000
__Hcinit                                          cinit        0000
__Hclrtext                                        clrtext      0000
__Hcode                                           code         0000
__Hcommon                                         common       0000
__Hconfig                                         config       2003
__HcstackBANK0                                    cstackBANK0  0000
__HcstackBANK1                                    cstackBANK1  0000
__HcstackCOMMON                                   cstackCOMMON 0000
__HdataBANK0                                      dataBANK0    0000
__Heeprom_data                                    eeprom_data  0000
__Hend_init                                       end_init     0013
__Hfunctab                                        functab      0000
__HidataBANK0                                     idataBANK0   0000
__Hidloc                                          idloc        0000
__Hinit                                           init         0011
__Hintentry                                       intentry     0011
__Hmaintext                                       maintext     0000
__Hpa_nodes                                       pa_nodes     0000
__Hpowerup                                        powerup      0000
__Hram                                            ram          0000
__Hreset_vec                                      reset_vec    0002
__Hsfr0                                           sfr0         0000
__Hsfr1                                           sfr1         0000
__Hsfr2                                           sfr2         0000
__Hsfr3                                           sfr3         0000
__Hstrings                                        strings      0000
__Htext                                           text         0000
__Labs1                                           abs1         0000
__Lbank0                                          bank0        0000
__Lbank1                                          bank1        0000
__Lbank2                                          bank2        0000
__Lbank3                                          bank3        0000
__LbssBANK0                                       bssBANK0     0000
__LbssBANK1                                       bssBANK1     0000
__LbssCOMMON                                      bssCOMMON    0000
__Lcinit                                          cinit        0000
__Lclrtext                                        clrtext      0000
__Lcode                                           code         0000
__Lcommon                                         common       0000
__Lconfig                                         config       2000
__LcstackBANK0                                    cstackBANK0  0000
__LcstackBANK1                                    cstackBANK1  0000
__LcstackCOMMON                                   cstackCOMMON 0000
__LdataBANK0                                      dataBANK0    0000
__Leeprom_data                                    eeprom_data  0000
__Lend_init                                       end_init     0011
__Lfunctab                                        functab      0000
__LidataBANK0                                     idataBANK0   0000
__Lidloc                                          idloc        0000
__Linit                                           init         0011
__Lintentry                                       intentry     0004
__Lmaintext                                       maintext     0000
__Lpa_nodes                                       pa_nodes     0000
__Lpowerup                                        powerup      0000
__Lram                                            ram          0000
__Lreset_vec                                      reset_vec    0000
__Lsfr0                                           sfr0         0000
__Lsfr1                                           sfr1         0000
__Lsfr2                                           sfr2         0000
__Lsfr3                                           sfr3         0000
__Lstrings                                        strings      0000
__Ltext                                           text         0000
__S0                                              (abs)        2003
__S1                                              (abs)        00D2
__end_of_AD_Sample                                text1232     04B5
__end_of_Filter                                   text1268     01E2
__end_of_FilterCh13                               text1231     0468
__end_of_ISR                                      text1268     0079
__end_of_adc_get                                  text1268     0084
__end_of_adc_start                                text1232     04D4
__end_of_adc_test_init                            text1232     04D0
__end_of_clearThreeHoursTimer                     text1242     05D3
__end_of_clearTwelveHoursTimer                    text1245     05D7
__end_of_clearTwentyMinTimer                      text1248     05DB
__end_of_clock_config                             text1257     05CA
__end_of_clrSampeTime                             text1250     05E7
__end_of_getAD_ConvertFlag                        text1232     049E
__end_of_getAdOriginalCh13Value                   text1231     03D3
__end_of_getWaitResetFlag                         text1268     015C
__end_of_initPB2_AsHighResistence                 text1234     04EF
__end_of_initPB3                                  text1234     04EA
__end_of_initPB4                                  text1234     04FA
__end_of_initPB5                                  text1234     0505
__end_of_initPin                                  text1234     04DE
__end_of_isFinishedOneHoursTimer                  text1240     0592
__end_of_isFinishedThreeHoursTimer                text1243     059C
__end_of_isFinishedTwelveHoursTimer               text1246     05A6
__end_of_isFinishedTwentyMinTimer                 text1249     05B0
__end_of_isPermitSampleTime                       text1251     05CF
__end_of_main                                     maintext     03CC
__end_of_process_AD_Converter_Value               text1232     049A
__end_of_pwm_start                                text1260     053B
__end_of_reset                                    text1259     05DB
__end_of_selectAdChannel                          text1259     05DF
__end_of_setAD_ConvertFlag                        text1232     04A1
__end_of_setPB3                                   text1233     0516
__end_of_setPB4                                   text1233     051E
__end_of_setPB5                                   text1233     0526
__end_of_setPWM_Width                             text1268     01E5
__end_of_setPinInitVaule                          text1233     050D
__end_of_setWaitResetFlag                         text1239     05E2
__end_of_startOneHoursTimer                       text1241     055D
__end_of_startThreeHoursTimer                     text1244     056B
__end_of_startTwelveHourTimer                     text1247     0579
__end_of_startTwentyMinTimer                      text1253     0587
__end_of_timer1_config                            text1256     05BA
__end_of_timer1_interrupt_config                  text1255     05E5
__end_of_vPutSampleDataIntoTable                  text1268     015A
__end_ofi1_setAD_ConvertFlag                      text1268     0087
__pbssBANK0                                       bssBANK0     003D
__pbssBANK1                                       bssBANK1     00A0
__pbssCOMMON                                      bssCOMMON    007D
__pcstackBANK0                                    cstackBANK0  0020
__pcstackBANK1                                    cstackBANK1  00BE
__pcstackCOMMON                                   cstackCOMMON 0070
__pdataBANK0                                      dataBANK0    0059
__pidataBANK0                                     idataBANK0   0000
__pintentry                                       intentry     0004
__pmaintext                                       maintext     0217
__ptext1231                                       text1231     03CC
__ptext1232                                       text1232     0484
__ptext1233                                       text1233     0505
__ptext1234                                       text1234     04D4
__ptext1235                                       text1232     04A1
__ptext1236                                       text1232     049E
__ptext1237                                       text1232     049A
__ptext1238                                       text1231     03D3
__ptext1239                                       text1239     05DF
__ptext1240                                       text1240     0587
__ptext1241                                       text1241     054F
__ptext1242                                       text1242     05CF
__ptext1243                                       text1243     0592
__ptext1244                                       text1244     055D
__ptext1245                                       text1245     05D3
__ptext1246                                       text1246     059C
__ptext1247                                       text1247     056B
__ptext1248                                       text1248     05D7
__ptext1249                                       text1249     05A6
__ptext1250                                       text1250     05E5
__ptext1251                                       text1251     05CA
__ptext1252                                       text1232     04D0
__ptext1253                                       text1253     0579
__ptext1254                                       text1232     04B5
__ptext1255                                       text1255     05E2
__ptext1256                                       text1256     05B0
__ptext1257                                       text1257     05C2
__ptext1258                                       text1258     05E7
__ptext1259                                       text1259     05DB
__ptext1260                                       text1260     0526
__ptext1261                                       text1234     04EA
__ptext1262                                       text1233     051E
__ptext1263                                       text1234     04FA
__ptext1264                                       text1233     0516
__ptext1265                                       text1234     04EF
__ptext1266                                       text1233     050D
__ptext1267                                       text1234     04DE
__ptext1268                                       text1268     0013
__ptext1269                                       text1268     0087
__ptext1270                                       text1268     0084
__ptext1271                                       text1268     0079
__ptext1272                                       text1268     015C
__ptext1273                                       text1268     01E2
__ptext1274                                       text1268     015A
__ptext1275                                       text1275     0000
__size_of_AD_Sample                               (abs)        0000
__size_of_Filter                                  (abs)        0000
__size_of_FilterCh13                              (abs)        0000
__size_of_ISR                                     (abs)        0000
__size_of_adc_get                                 (abs)        0000
__size_of_adc_start                               (abs)        0000
__size_of_adc_test_init                           (abs)        0000
__size_of_clearThreeHoursTimer                    (abs)        0000
__size_of_clearTwelveHoursTimer                   (abs)        0000
__size_of_clearTwentyMinTimer                     (abs)        0000
__size_of_clock_config                            (abs)        0000
__size_of_clrSampeTime                            (abs)        0000
__size_of_getAD_ConvertFlag                       (abs)        0000
__size_of_getAdOriginalCh13Value                  (abs)        0000
__size_of_getWaitResetFlag                        (abs)        0000
__size_of_initPB2_AsHighResistence                (abs)        0000
__size_of_initPB3                                 (abs)        0000
__size_of_initPB4                                 (abs)        0000
__size_of_initPB5                                 (abs)        0000
__size_of_initPin                                 (abs)        0000
__size_of_isFinishedOneHoursTimer                 (abs)        0000
__size_of_isFinishedThreeHoursTimer               (abs)        0000
__size_of_isFinishedTwelveHoursTimer              (abs)        0000
__size_of_isFinishedTwentyMinTimer                (abs)        0000
__size_of_isPermitSampleTime                      (abs)        0000
__size_of_main                                    (abs)        0000
__size_of_process_AD_Converter_Value              (abs)        0000
__size_of_pwm_start                               (abs)        0000
__size_of_reset                                   (abs)        0000
__size_of_selectAdChannel                         (abs)        0000
__size_of_setAD_ConvertFlag                       (abs)        0000
__size_of_setPB3                                  (abs)        0000
__size_of_setPB4                                  (abs)        0000
__size_of_setPB5                                  (abs)        0000
__size_of_setPWM_Width                            (abs)        0000
__size_of_setPinInitVaule                         (abs)        0000
__size_of_setWaitResetFlag                        (abs)        0000
__size_of_startOneHoursTimer                      (abs)        0000
__size_of_startThreeHoursTimer                    (abs)        0000
__size_of_startTwelveHourTimer                    (abs)        0000
__size_of_startTwentyMinTimer                     (abs)        0000
__size_of_timer1_config                           (abs)        0000
__size_of_timer1_interrupt_config                 (abs)        0000
__size_of_vPutSampleDataIntoTable                 (abs)        0000
__size_ofi1_setAD_ConvertFlag                     (abs)        0000
_adc_convert_flag                                 bssBANK0     004A
_adc_get                                          text1268     0079
_adc_start                                        text1232     04D0
_adc_test_init                                    text1232     04B5
_bBigTimerStartFlag                               bssBANK0     004B
_bOneHourTimerStartFlag                           bssBANK0     004C
_bSmallTimerStartFlag                             bssBANK0     004D
_bTwentyMinStartFlag                              bssBANK0     004E
_bWaitResetFlag                                   bssBANK0     004F
_clearThreeHoursTimer                             text1242     05CF
_clearTwelveHoursTimer                            text1245     05D3
_clearTwentyMinTimer                              text1248     05D7
_clock_config                                     text1257     05C2
_clrSampeTime                                     text1250     05E5
_exit                                             init         0011
_getAD_ConvertFlag                                text1232     049A
_getAdOriginalCh13Value                           text1231     03CC
_getWaitResetFlag                                 text1268     015A
_initPB2_AsHighResistence                         text1234     04EA
_initPB3                                          text1234     04DE
_initPB4                                          text1234     04EF
_initPB5                                          text1234     04FA
_initPin                                          text1234     04D4
_isFinishedOneHoursTimer                          text1240     0587
_isFinishedThreeHoursTimer                        text1243     0592
_isFinishedTwelveHoursTimer                       text1246     059C
_isFinishedTwentyMinTimer                         text1249     05A6
_isPermitSampleTime                               text1251     05CA
_main                                             maintext     0217
_process_AD_Converter_Value                       text1232     0484
_pwm_start                                        text1260     0526
_reset                                            text1258     05E7
_sampleChannelSelect                              dataBANK0    0059
_sampleTimes                                      bssBANK0     0050
_selectAdChannel                                  text1259     05DB
_setAD_ConvertFlag                                text1232     049E
_setPB3                                           text1233     050D
_setPB4                                           text1233     0516
_setPB5                                           text1233     051E
_setPWM_Width                                     text1268     01E2
_setPinInitVaule                                  text1233     0505
_setWaitResetFlag                                 text1239     05DF
_startOneHoursTimer                               text1241     054F
_startThreeHoursTimer                             text1244     055D
_startTwelveHourTimer                             text1247     056B
_startTwentyMinTimer                              text1253     0579
_timer                                            bssBANK0     0051
_timer1_config                                    text1256     05B0
_timer1_interrupt_config                          text1255     05E2
_uiBigTimer                                       bssBANK0     003D
_uiOneHourTimer                                   bssBANK0     003F
_uiSampleCh12                                     bssBANK1     00AC
_uiSampleCh13                                     bssBANK1     00B2
_uiSampleChannelFourteenth                        bssBANK1     00B8
_uiSmallTimer                                     bssBANK0     0041
_uiTwentyMinTimer                                 bssBANK0     0043
_uiTwentySecondsTimer                             bssBANK1     00A0
_vPutSampleDataIntoTable                          text1268     0087
adc_get@val                                       cstackCOMMON 0072
adc_test_init@channel                             cstackBANK0  0037
adc_test_init@ref                                 cstackBANK0  0035
btemp                                             (abs)        007E
clear_ram                                         clrtext      05BA
end_of_initialization                             cinit        054C
i1_setAD_ConvertFlag                              text1268     0084
i1l1476                                                            
i1l1482                                                            
i1l1508                                                            
i1l1573                                                            
i1l2325                                                            
i1l3524                                                            
i1l3528                                                            
i1l3578                                                            
i1l3586                                                            
i1l3588                                                            
i1l3590                                                            
i1l3610                                                            
i1l3618                                                            
i1l3620                                                            
i1l3626                                                            
i1l3632                                                            
i1l3634                                                            
i1l3638                                                            
i1l3640                                                            
i1l3642                                                            
i1l3644                                                            
i1l3648                                                            
i1l3650                                                            
i1l3654                                                            
i1l3656                                                            
i1l3682                                                            
i1l3690                                                            
i1l3694                                                            
i1l3702                                                            
i1l3706                                                            
i1l3716                                                            
i1l3718                                                            
i1l3740                                                            
i1l3744                                                            
i1l3746                                                            
i1l3750                                                            
i1l3766                                                            
i1l3768                                                            
i1l3774                                                            
i1l3778                                                            
i1setAD_ConvertFlag@flag                          cstackCOMMON 0070
initPB3@bValue                                    cstackBANK0  0035
initPB4@bValue                                    cstackBANK0  0035
initPB5@bValue                                    cstackBANK0  0035
interrupt_function                                intentry     0004
intlevel0                                         functab      0000
intlevel1                                         functab      0000
intlevel2                                         functab      0000
intlevel3                                         functab      0000
intlevel4                                         functab      0000
intlevel5                                         functab      0000
l1473                                                              
l1495                                                              
l1561                                                              
l1564                                                              
l1567                                                              
l1570                                                              
l1573                                                              
l1579                                                              
l1605                                                              
l1608                                                              
l1614                                                              
l1654                                                              
l2316                                                              
l2322                                                              
l3980                                                              
l3982                                                              
l3984                                                              
l3986                                                              
l3988                                                              
l3990                                                              
l3992                                                              
l3994                                                              
l3996                                                              
l3998                                                              
l4000                                                              
l4002                                                              
l4004                                                              
l4006                                                              
l4008                                                              
l4010                                                              
l4012                                                              
l4014                                                              
l4016                                                              
l4018                                                              
l4020                                                              
l4022                                                              
l4024                                                              
l4026                                                              
l4028                                                              
l4030                                                              
l4032                                                              
l4034                                                              
l4036                                                              
l4038                                                              
l4040                                                              
l4042                                                              
l4044                                                              
l4050                                                              
l4054                                                              
l4066                                                              
l4068                                                              
l4072                                                              
l4074                                                              
l4084                                                              
l4086                                                              
l4092                                                              
l4094                                                              
l4098                                                              
l4100                                                              
l4110                                                              
l4112                                                              
l4118                                                              
l4120                                                              
l4124                                                              
l4126                                                              
l4136                                                              
l4138                                                              
l4144                                                              
l4146                                                              
l4150                                                              
l4152                                                              
l4162                                                              
l4164                                                              
l4172                                                              
l4174                                                              
l4176                                                              
l4196                                                              
l4204                                                              
l4206                                                              
l4212                                                              
l4216                                                              
l4218                                                              
l4222                                                              
l4226                                                              
l4232                                                              
l4234                                                              
l4236                                                              
l4238                                                              
l4240                                                              
l4242                                                              
l4246                                                              
l4254                                                              
l4258                                                              
l4260                                                              
l4262                                                              
l4264                                                              
l4266                                                              
l4268                                                              
l4272                                                              
l4274                                                              
l4282                                                              
l4294                                                              
l4298                                                              
l4300                                                              
l4302                                                              
l4316                                                              
l4318                                                              
l4322                                                              
l4336                                                              
l4338                                                              
l4342                                                              
l4344                                                              
l4346                                                              
l4348                                                              
l4350                                                              
l4354                                                              
l4366                                                              
l4374                                                              
l4376                                                              
l4390                                                              
l4402                                                              
l4410                                                              
l4414                                                              
l707                                                               
l710                                                               
l713                                                               
l716                                                               
l719                                                               
main@cTimerP5s_781                                bssBANK0     0052
main@cTimerP5s_787                                bssBANK0     0053
main@ucChValue                                    cstackBANK1  00CE
main@ucDelay1s                                    bssBANK1     00A2
main@ucStep                                       bssBANK0     0054
main@ucTimerP3s                                   bssBANK0     0055
main@ucTimerP5s                                   bssBANK0     0056
main@uiCh13Value                                  cstackBANK1  00D0
main@uiTimerOneP5s                                bssBANK1     00A4
main@uiTimerThreeP5s                              bssBANK1     00A6
main@uiTimerTwoP5s                                bssBANK1     00A8
pwm_start@ucPulseFrequency                        cstackBANK0  0035
pwm_start@ucPulseWidth                            cstackBANK0  0036
reset_vec                                         reset_vec    0000
saved_w                                           (abs)        007E
setAD_ConvertFlag@flag                            cstackBANK0  0035
setPB3@bValue                                     cstackBANK0  0035
setPB4@bValue                                     cstackBANK0  0035
setPB5@bValue                                     cstackBANK0  0035
setPWM_Width@ucWidth                              cstackCOMMON 0070
setWaitResetFlag@bValue                           cstackBANK0  0035
start                                             init         0011
startOneHoursTimer@uiSetTime                      cstackBANK0  0035
startThreeHoursTimer@uiSetTime                    cstackBANK0  0035
startTwelveHourTimer@uiSetTime                    cstackBANK0  0035
startTwentyMinTimer@uiSetValue                    cstackBANK0  0035
start_initialization                              cinit        053B
vPutSampleDataIntoTable@channel                   cstackCOMMON 0078
vPutSampleDataIntoTable@i                         cstackBANK0  0033
vPutSampleDataIntoTable@ucCh12Length              bssCOMMON    007D
vPutSampleDataIntoTable@ucCh13Length              bssBANK0     0057
vPutSampleDataIntoTable@ucChannelFourteenthLength bssBANK0     0058
vPutSampleDataIntoTable@uiAbstractValue           cstackBANK0  002F
vPutSampleDataIntoTable@uiCalWidthArrayNew        bssBANK0     0045
vPutSampleDataIntoTable@uiCalWidthArrayOld        bssBANK0     0047
vPutSampleDataIntoTable@uiCalWidthCnt             bssBANK1     00AA
vPutSampleDataIntoTable@uiDeviationValue          cstackBANK0  0031
vPutSampleDataIntoTable@uiInitWidth               dataBANK0    005A
vPutSampleDataIntoTable@uiSampleData              cstackCOMMON 0076
wtemp0                                            (abs)        007E
