HI-TECH Software C Compiler 

Linker command line:

--edf=C:\Program Files (x86)\HI-TECH Software\PICC\9.83\dat\en_msgs.txt -cs \
  -h+ProjTest.sym -z -Q16C77 -ol.obj -MProjTest.map -E1 -ACONST=00h-0FFhx16 \
  -ACODE=00h-07FFhx2 -ASTRCODE=00h-0FFFh -AENTRY=00h-0FFhx16 \
  -ASTRING=00h-0FFhx16 -ABANK0=020h-06Fh -ABANK1=0A0h-0EFh \
  -ABANK2=0110h-016Fh -ABANK3=0190h-01EFh \
  -ARAM=020h-06Fh,0A0h-0EFh,0110h-016Fh,0190h-01EFh \
  -AABS1=020h-07Fh,0A0h-0EFh,0110h-016Fh,0190h-01EFh -ACOMMON=070h-07Fh \
  -ASFR0=00h-01Fh -ASFR1=080h-09Fh -ASFR2=0100h-010Fh -ASFR3=0180h-018Fh \
  -preset_vec=00h,intentry=04h,init,end_init -ppowerup=CODE -pfunctab=CODE \
  -ACONFIG=02000h-02007h -pconfig=CONFIG -DCONFIG=2 -AIDLOC=02008h-0200Bh \
  -pidloc=IDLOC -DIDLOC=2 -DCODE=2 -DSTRCODE=2 -DSTRING=2 -DCONST=2 \
  -DENTRY=2 -k startup.obj ProjTest.obj 

Object code version is 3.10

Machine type is 16C77



                Name                               Link     Load   Length Selector   Space Scale
startup.obj     end_init                             11       11        2        8       0
                reset_vec                             0        0        2        0       0
ProjTest.obj    intentry                              4        4        D        8       0
                config                             2000     2000        3     4000       0
                text810                             32F      32F       EE        8       0
                text806                             5EB      5EB       13        8       0
                text805                             669      669        8      C88       0
                text804                             64F      64F        A      C88       0
                text803                             694      694        3      C88       0
                text801                             68F      68F        5      C88       0
                text800                             644      644        B      C88       0
                text799                             661      661        8      C88       0
                text797                             671      671        7      C88       0
                text796                             697      697        2      C88       0
                text795                             62A      62A        E      C38       0
                text794                             684      684        6      C88       0
                text793                             68A      68A        5      C88       0
                text792                             67E      67E        6      C88       0
                text791                             61C      61C        E      C38       0
                text790                             678      678        6      C88       0
                text781                             41D      41D       CD        8       0
                text779                             5B5      5B5       1D        8       0
                text778                             4EA      4EA       CB        8       0
                swtext3                             638      638        C      C70       0
                swtext2                             60E      60E        E      C00       0
                swtext1                             600      600        E      C00       0
                maintext                             13       13      31C        8       0
                cstackBANK0                          20       20       38       20       1
                cstackCOMMON                         70       70        D       70       1
                clrtext                             659      659        8      C88       0
                bssBANK3                            190      190       50      190       1
                bssBANK1                             A0       A0       4A       A0       1
                dataBANK0                            6E       6E        1       20       1
                bssBANK0                             58       58       16       20       1
                bssCOMMON                            7D       7D        1       70       1
                cinit                               5D2      5D2       19        8       0

TOTAL           Name                               Link     Load   Length     Space
        CLASS   CONST          
                swtext3                             638      638        C         0
                swtext2                             60E      60E        E         0
                swtext1                             600      600        E         0

        CLASS   CODE           
                end_init                             11       11        2         0
                intentry                              4        4        D         0
                reset_vec                             0        0        2         0
                text810                             32F      32F       EE         0
                text806                             5EB      5EB       13         0
                text805                             669      669        8         0
                text804                             64F      64F        A         0
                text803                             694      694        3         0
                text801                             68F      68F        5         0
                text800                             644      644        B         0
                text799                             661      661        8         0
                text797                             671      671        7         0
                text796                             697      697        2         0
                text795                             62A      62A        E         0
                text794                             684      684        6         0
                text793                             68A      68A        5         0
                text792                             67E      67E        6         0
                text791                             61C      61C        E         0
                text790                             678      678        6         0
                text781                             41D      41D       CD         0
                text779                             5B5      5B5       1D         0
                text778                             4EA      4EA       CB         0
                maintext                             13       13      31C         0
                clrtext                             659      659        8         0
                cinit                               5D2      5D2       19         0

        CLASS   STRCODE        

        CLASS   ENTRY          

        CLASS   STRING         

        CLASS   BANK0          
                cstackBANK0                          20       20       38         1
                dataBANK0                            6E       6E        1         1
                bssBANK0                             58       58       16         1

        CLASS   BANK1          
                bssBANK1                             A0       A0       4A         1

        CLASS   BANK2          

        CLASS   BANK3          
                bssBANK3                            190      190       50         1

        CLASS   RAM            

        CLASS   ABS1           
                abs_s1                               7E       7E        2         1

        CLASS   COMMON         
                cstackCOMMON                         70       70        D         1
                bssCOMMON                            7D       7D        1         1

        CLASS   SFR0           

        CLASS   SFR1           

        CLASS   SFR2           

        CLASS   SFR3           

        CLASS   CONFIG         
                config                             2000     2000        3         0

        CLASS   IDLOC          

        CLASS   EEDATA         



SEGMENTS        Name                           Load    Length   Top    Selector   Space  Class     Delta

                reset_vec                      000000  000002  000002         0       0  CODE        2
                intentry                       000004  0005FA  0005FE         8       0  CODE        2
                cstackBANK0                    000020  00004F  00006F        20       1  BANK0       1
                cstackCOMMON                   000070  00000E  00007E        70       1  COMMON      1
                bssBANK1                       0000A0  00004A  0000EA        A0       1  BANK1       1
                bssBANK3                       000190  000050  0001E0       190       1  BANK3       1
                swtext1                        000600  00001C  00061C       C00       0  CONST       2
                text791                        00061C  00001C  000638       C38       0  CODE        2
                swtext3                        000638  00000C  000644       C70       0  CONST       2
                text800                        000644  000055  000699       C88       0  CODE        2
                config                         002000  000003  002003      4000       0  CONFIG      2


UNUSED ADDRESS RANGES

        Name                Unused          Largest block    Delta
        BANK0            006F-006F              1           1
        BANK1            00EA-00EF              6           1
        BANK2            0110-016F             60           1
        BANK3            01E0-01EF             10           1
        CODE             0002-0003              2           2
                         05FE-05FF              2
                         0699-0FFF            167
        CONFIG           2003-2007              5           2
        CONST            0002-0003              2           2
                         05FE-05FF              2
                         0699-0FFF            100
        ENTRY            0002-0003              2           2
                         05FE-05FF              2
                         0699-0FFF            100
        IDLOC            2008-200B              4           2
        RAM              006F-006F              1           1
                         00EA-00EF              6
                         0110-016F             60
                         01E0-01EF             10
        SFR0             0000-001F             20           1
        SFR1             0080-009F             20           1
        SFR2             0100-010F             10           1
        SFR3             0180-018F             10           1
        STRCODE          0002-0003              2           2
                         05FE-05FF              2
                         0699-0FFF            967
        STRING           0002-0003              2           2
                         05FE-05FF              2
                         0699-0FFF            100

                                  Symbol Table

??_AD_Sample                                      cstackBANK0  0022
??_Filter                                         cstackBANK0  0022
??_ISR                                            cstackCOMMON 0079
??_adc_get                                        cstackCOMMON 0072
??_adc_start                                      cstackBANK0  0020
??_adc_test_init                                  cstackBANK0  0021
??_clearAllTimer                                  cstackBANK0  0020
??_clearPinPortAndTimer                           cstackBANK0  0020
??_clearThreeHoursTimer                           cstackBANK0  0020
??_clearTwelveHoursTimer                          cstackBANK0  0020
??_clearTwentySecondsTimer                        cstackBANK0  0020
??_clock_config                                   cstackBANK0  0020
??_clrSampeTime                                   cstackBANK0  0020
??_dac_init                                       cstackBANK0  0020
??_getAD_ConvertFlag                              cstackBANK0  0020
??_getAdOriginaCh4Value                           cstackBANK0  0058
??_getAdOriginalCh14Value                         cstackBANK0  0058
??_getAdOriginalCh1Value                          cstackBANK0  0058
??_getAdOriginalValue                             cstackBANK0  0022
??_initPin                                        cstackBANK0  0020
??_isFinishedThreeHoursTimer                      cstackBANK0  0020
??_isFinishedTwelveHoursTimer                     cstackBANK0  0020
??_isFinishedTwentySecondsTimer                   cstackBANK0  0020
??_isPermitSampleTime                             cstackBANK0  0020
??_main                                           cstackBANK0  0058
??_op1_init                                       cstackBANK0  0020
??_op2_init                                       cstackBANK0  0020
??_process_AD_Converter_Value                     cstackBANK0  0025
??_setAD_ConvertFlag                              cstackBANK0  0020
??_setAdcSampleChannel                            cstackBANK0  0020
??_startThreeHoursTimer                           cstackBANK0  0022
??_startTwelveHourTimer                           cstackBANK0  0022
??_startTwentySecondsTimer                        cstackBANK0  0020
??_timer1_config                                  cstackBANK0  0020
??_timer1_interrupt_config                        cstackBANK0  0020
??_vPutSampleDataIntoTable                        cstackCOMMON 0077
??i1_setAD_ConvertFlag                            cstackCOMMON 0070
?_AD_Sample                                       cstackCOMMON 0070
?_Filter                                          cstackBANK0  0020
?_ISR                                             cstackCOMMON 0070
?_adc_get                                         cstackCOMMON 0070
?_adc_start                                       cstackCOMMON 0070
?_adc_test_init                                   cstackBANK0  0020
?_clearAllTimer                                   cstackCOMMON 0070
?_clearPinPortAndTimer                            cstackCOMMON 0070
?_clearThreeHoursTimer                            cstackCOMMON 0070
?_clearTwelveHoursTimer                           cstackCOMMON 0070
?_clearTwentySecondsTimer                         cstackCOMMON 0070
?_clock_config                                    cstackCOMMON 0070
?_clrSampeTime                                    cstackCOMMON 0070
?_dac_init                                        cstackCOMMON 0070
?_getAD_ConvertFlag                               cstackCOMMON 0070
?_getAdOriginaCh4Value                            cstackBANK0  0056
?_getAdOriginalCh14Value                          cstackBANK0  0056
?_getAdOriginalCh1Value                           cstackBANK0  0056
?_getAdOriginalValue                              cstackBANK0  0020
?_initPin                                         cstackCOMMON 0070
?_isFinishedThreeHoursTimer                       cstackCOMMON 0070
?_isFinishedTwelveHoursTimer                      cstackCOMMON 0070
?_isFinishedTwentySecondsTimer                    cstackCOMMON 0070
?_isPermitSampleTime                              cstackCOMMON 0070
?_main                                            cstackCOMMON 0070
?_op1_init                                        cstackCOMMON 0070
?_op2_init                                        cstackCOMMON 0070
?_process_AD_Converter_Value                      cstackCOMMON 0070
?_setAD_ConvertFlag                               cstackCOMMON 0070
?_setAdcSampleChannel                             cstackCOMMON 0070
?_startThreeHoursTimer                            cstackBANK0  0020
?_startTwelveHourTimer                            cstackBANK0  0020
?_startTwentySecondsTimer                         cstackCOMMON 0070
?_timer1_config                                   cstackCOMMON 0070
?_timer1_interrupt_config                         cstackCOMMON 0070
?_vPutSampleDataIntoTable                         cstackCOMMON 0074
?i1_setAD_ConvertFlag                             cstackCOMMON 0070
AD_Sample@index                                   cstackBANK0  0024
Filter@cir                                        cstackBANK0  0052
Filter@filter_buf                                 cstackBANK0  0026
Filter@filter_sum                                 cstackBANK0  0050
Filter@filter_temp                                cstackBANK0  004E
Filter@i                                          cstackBANK0  0055
Filter@j                                          cstackBANK0  0054
Filter@tmpValue                                   cstackBANK0  0020
ISR@ucTimer1sCnt                                  bssBANK1     00B8
_ADCON0                                           (abs)        001F
_ADCON1                                           (abs)        009F
_ADIE                                             (abs)        046A
_ADIF                                             (abs)        006A
_ADON                                             (abs)        00F8
_ADRESH                                           (abs)        001E
_ADRESL                                           (abs)        009E
_AD_Sample                                        text778      0527
_CLKPCE                                           (abs)        0847
_CLKPR                                            (abs)        0108
_DACCON                                           (abs)        0087
_DACR0                                            (abs)        0088
_Filter                                           text781      0438
_GIE                                              (abs)        005F
_GO                                               (abs)        00F9
_ISR                                              text810      032F
_OP1CON0                                          (abs)        001B
_OP1CON1                                          (abs)        001C
_OP1CON2                                          (abs)        001D
_OP2CON0                                          (abs)        009B
_OP2CON1                                          (abs)        009C
_OP2CON2                                          (abs)        009D
_PA0                                              (abs)        0028
_PA1                                              (abs)        0029
_PA2                                              (abs)        002A
_PA3                                              (abs)        002B
_PA6                                              (abs)        002E
_PA7                                              (abs)        002F
_PAOD7                                            (abs)        0C3F
_PB0                                              (abs)        0030
_PB1                                              (abs)        0031
_PB6                                              (abs)        0036
_PBOD6                                            (abs)        0C46
_PEIE                                             (abs)        005E
_T1CON                                            (abs)        0010
_TMR1H                                            (abs)        000F
_TMR1IE                                           (abs)        0460
_TMR1IF                                           (abs)        0060
_TMR1L                                            (abs)        000E
_TRISA0                                           (abs)        0428
_TRISA1                                           (abs)        0429
_TRISA2                                           (abs)        042A
_TRISA3                                           (abs)        042B
_TRISA6                                           (abs)        042E
_TRISA7                                           (abs)        042F
_TRISB0                                           (abs)        0430
_TRISB1                                           (abs)        0431
_TRISB2                                           (abs)        0432
_TRISB3                                           (abs)        0433
_TRISB4                                           (abs)        0434
_TRISB5                                           (abs)        0435
_TRISB6                                           (abs)        0436
_TRISB7                                           (abs)        0437
__Habs1                                           abs1         0000
__Hbank0                                          bank0        0000
__Hbank1                                          bank1        0000
__Hbank2                                          bank2        0000
__Hbank3                                          bank3        0000
__HbssBANK0                                       bssBANK0     0000
__HbssBANK1                                       bssBANK1     0000
__HbssBANK3                                       bssBANK3     0000
__HbssCOMMON                                      bssCOMMON    0000
__Hcinit                                          cinit        0000
__Hclrtext                                        clrtext      0000
__Hcode                                           code         0000
__Hcommon                                         common       0000
__Hconfig                                         config       2003
__HcstackBANK0                                    cstackBANK0  0000
__HcstackCOMMON                                   cstackCOMMON 0000
__HdataBANK0                                      dataBANK0    0000
__Heeprom_data                                    eeprom_data  0000
__Hend_init                                       end_init     0013
__Hfunctab                                        functab      0000
__HidataBANK0                                     idataBANK0   0000
__Hidloc                                          idloc        0000
__Hinit                                           init         0011
__Hintentry                                       intentry     0011
__Hmaintext                                       maintext     0000
__Hpa_nodes                                       pa_nodes     0000
__Hpowerup                                        powerup      0000
__Hram                                            ram          0000
__Hreset_vec                                      reset_vec    0002
__Hsfr0                                           sfr0         0000
__Hsfr1                                           sfr1         0000
__Hsfr2                                           sfr2         0000
__Hsfr3                                           sfr3         0000
__Hstrings                                        strings      0000
__Htext                                           text         0000
__Labs1                                           abs1         0000
__Lbank0                                          bank0        0000
__Lbank1                                          bank1        0000
__Lbank2                                          bank2        0000
__Lbank3                                          bank3        0000
__LbssBANK0                                       bssBANK0     0000
__LbssBANK1                                       bssBANK1     0000
__LbssBANK3                                       bssBANK3     0000
__LbssCOMMON                                      bssCOMMON    0000
__Lcinit                                          cinit        0000
__Lclrtext                                        clrtext      0000
__Lcode                                           code         0000
__Lcommon                                         common       0000
__Lconfig                                         config       2000
__LcstackBANK0                                    cstackBANK0  0000
__LcstackCOMMON                                   cstackCOMMON 0000
__LdataBANK0                                      dataBANK0    0000
__Leeprom_data                                    eeprom_data  0000
__Lend_init                                       end_init     0011
__Lfunctab                                        functab      0000
__LidataBANK0                                     idataBANK0   0000
__Lidloc                                          idloc        0000
__Linit                                           init         0011
__Lintentry                                       intentry     0004
__Lmaintext                                       maintext     0000
__Lpa_nodes                                       pa_nodes     0000
__Lpowerup                                        powerup      0000
__Lram                                            ram          0000
__Lreset_vec                                      reset_vec    0000
__Lsfr0                                           sfr0         0000
__Lsfr1                                           sfr1         0000
__Lsfr2                                           sfr2         0000
__Lsfr3                                           sfr3         0000
__Lstrings                                        strings      0000
__Ltext                                           text         0000
__S0                                              (abs)        2003
__S1                                              (abs)        01E0
__end_of_AD_Sample                                text778      058F
__end_of_Filter                                   text781      04CF
__end_of_ISR                                      text810      0399
__end_of_adc_get                                  text810      03A5
__end_of_adc_start                                text778      059B
__end_of_adc_test_init                            text778      0520
__end_of_clearAllTimer                            text779      05C7
__end_of_clearPinPortAndTimer                     text779      05C2
__end_of_clearThreeHoursTimer                     text779      05CF
__end_of_clearTwelveHoursTimer                    text779      05CB
__end_of_clearTwentySecondsTimer                  text779      05D2
__end_of_clock_config                             text805      0671
__end_of_clrSampeTime                             text796      0699
__end_of_dac_init                                 text801      0694
__end_of_getAD_ConvertFlag                        text778      0522
__end_of_getAdOriginaCh4Value                     text781      0426
__end_of_getAdOriginalCh14Value                   text781      0438
__end_of_getAdOriginalCh1Value                    text781      042F
__end_of_getAdOriginalValue                       text778      0598
__end_of_initPin                                  text806      05FE
__end_of_isFinishedThreeHoursTimer                text790      067E
__end_of_isFinishedTwelveHoursTimer               text794      068A
__end_of_isFinishedTwentySecondsTimer             text792      0684
__end_of_isPermitSampleTime                       text797      0678
__end_of_main                                     maintext     032F
__end_of_op1_init                                 text800      064F
__end_of_op2_init                                 text799      0669
__end_of_process_AD_Converter_Value               text778      050B
__end_of_setAD_ConvertFlag                        text778      0527
__end_of_setAdcSampleChannel                      text778      05A3
__end_of_startThreeHoursTimer                     text791      062A
__end_of_startTwelveHourTimer                     text795      0638
__end_of_startTwentySecondsTimer                  text793      068F
__end_of_timer1_config                            text804      0659
__end_of_timer1_interrupt_config                  text803      0697
__end_of_vPutSampleDataIntoTable                  text810      0400
__end_ofi1_setAD_ConvertFlag                      text810      0404
__pbssBANK0                                       bssBANK0     0058
__pbssBANK1                                       bssBANK1     00A0
__pbssBANK3                                       bssBANK3     0190
__pbssCOMMON                                      bssCOMMON    007D
__pcstackBANK0                                    cstackBANK0  0020
__pcstackCOMMON                                   cstackCOMMON 0070
__pdataBANK0                                      dataBANK0    006E
__pidataBANK0                                     idataBANK0   0000
__pintentry                                       intentry     0004
__pmaintext                                       maintext     0013
__pswtext1                                        swtext1      0600
__pswtext2                                        swtext2      060E
__pswtext3                                        swtext3      0638
__ptext778                                        text778      04EA
__ptext779                                        text779      05B5
__ptext780                                        text778      0527
__ptext781                                        text781      041D
__ptext782                                        text781      0426
__ptext783                                        text781      042F
__ptext784                                        text779      05C2
__ptext785                                        text778      059B
__ptext786                                        text778      058F
__ptext787                                        text778      0522
__ptext788                                        text778      0520
__ptext789                                        text781      0438
__ptext790                                        text790      0678
__ptext791                                        text791      061C
__ptext792                                        text792      067E
__ptext793                                        text793      068A
__ptext794                                        text794      0684
__ptext795                                        text795      062A
__ptext796                                        text796      0697
__ptext797                                        text797      0671
__ptext798                                        text778      0598
__ptext799                                        text799      0661
__ptext800                                        text800      0644
__ptext801                                        text801      068F
__ptext802                                        text778      050B
__ptext803                                        text803      0694
__ptext804                                        text804      064F
__ptext805                                        text805      0669
__ptext806                                        text806      05EB
__ptext807                                        text779      05CF
__ptext808                                        text779      05CB
__ptext809                                        text779      05C7
__ptext810                                        text810      032F
__ptext811                                        text810      0400
__ptext812                                        text810      0399
__ptext813                                        text810      03A5
__ptext814                                        text814      0000
__size_of_AD_Sample                               (abs)        0000
__size_of_Filter                                  (abs)        0000
__size_of_ISR                                     (abs)        0000
__size_of_adc_get                                 (abs)        0000
__size_of_adc_start                               (abs)        0000
__size_of_adc_test_init                           (abs)        0000
__size_of_clearAllTimer                           (abs)        0000
__size_of_clearPinPortAndTimer                    (abs)        0000
__size_of_clearThreeHoursTimer                    (abs)        0000
__size_of_clearTwelveHoursTimer                   (abs)        0000
__size_of_clearTwentySecondsTimer                 (abs)        0000
__size_of_clock_config                            (abs)        0000
__size_of_clrSampeTime                            (abs)        0000
__size_of_dac_init                                (abs)        0000
__size_of_getAD_ConvertFlag                       (abs)        0000
__size_of_getAdOriginaCh4Value                    (abs)        0000
__size_of_getAdOriginalCh14Value                  (abs)        0000
__size_of_getAdOriginalCh1Value                   (abs)        0000
__size_of_getAdOriginalValue                      (abs)        0000
__size_of_initPin                                 (abs)        0000
__size_of_isFinishedThreeHoursTimer               (abs)        0000
__size_of_isFinishedTwelveHoursTimer              (abs)        0000
__size_of_isFinishedTwentySecondsTimer            (abs)        0000
__size_of_isPermitSampleTime                      (abs)        0000
__size_of_main                                    (abs)        0000
__size_of_op1_init                                (abs)        0000
__size_of_op2_init                                (abs)        0000
__size_of_process_AD_Converter_Value              (abs)        0000
__size_of_setAD_ConvertFlag                       (abs)        0000
__size_of_setAdcSampleChannel                     (abs)        0000
__size_of_startThreeHoursTimer                    (abs)        0000
__size_of_startTwelveHourTimer                    (abs)        0000
__size_of_startTwentySecondsTimer                 (abs)        0000
__size_of_timer1_config                           (abs)        0000
__size_of_timer1_interrupt_config                 (abs)        0000
__size_of_vPutSampleDataIntoTable                 (abs)        0000
__size_ofi1_setAD_ConvertFlag                     (abs)        0000
_adc_convert_flag                                 bssBANK1     00B9
_adc_get                                          text810      0399
_adc_original_value                               bssBANK1     00AC
_adc_start                                        text778      0598
_adc_test_init                                    text778      050B
_buffer_Sample_AD_Value                           bssBANK1     00A0
_clearAllTimer                                    text779      05C2
_clearPinPortAndTimer                             text779      05B5
_clearThreeHoursTimer                             text779      05CB
_clearTwelveHoursTimer                            text779      05C7
_clearTwentySecondsTimer                          text779      05CF
_clock_config                                     text805      0669
_clrSampeTime                                     text796      0697
_dac_init                                         text801      068F
_exit                                             init         0011
_getAD_ConvertFlag                                text778      0520
_getAdOriginaCh4Value                             text781      041D
_getAdOriginalCh14Value                           text781      042F
_getAdOriginalCh1Value                            text781      0426
_getAdOriginalValue                               text778      058F
_initPin                                          text806      05EB
_isFinishedThreeHoursTimer                        text790      0678
_isFinishedTwelveHoursTimer                       text794      0684
_isFinishedTwentySecondsTimer                     text792      067E
_isPermitSampleTime                               text797      0671
_main                                             maintext     0013
_multiFilterMaxValue                              bssBANK1     00AE
_multiFilterMinValue                              bssBANK1     00B0
_op1_init                                         text800      0644
_op2_init                                         text799      0661
_process_AD_Converter_Value                       text778      04EA
_sampleChannelSelect                              dataBANK0    006E
_sampleTimes                                      bssBANK0     0058
_setAD_ConvertFlag                                text778      0522
_setAdcSampleChannel                              text778      059B
_startThreeHoursTimer                             text791      061C
_startTwelveHourTimer                             text795      062A
_startTwentySecondsTimer                          text793      068A
_timer                                            bssBANK1     00BA
_timer1_config                                    text804      064F
_timer1_interrupt_config                          text803      0694
_uiBigTimer                                       bssBANK1     00B2
_uiSampleChannelFirst                             bssBANK3     0190
_uiSampleChannelFourteenth                        bssBANK3     01B8
_uiSampleChannelFourth                            bssBANK1     00C2
_uiSmallTimer                                     bssBANK1     00B4
_uiTwentySecondsTimer                             bssBANK1     00B6
_vPutSampleDataIntoTable                          text810      03A5
adc_get@val                                       cstackCOMMON 0072
adc_test_init@channel                             cstackBANK0  0022
adc_test_init@ref                                 cstackBANK0  0020
btemp                                             (abs)        007E
clear_ram                                         clrtext      0659
end_of_initialization                             cinit        05E8
i1_setAD_ConvertFlag                              text810      0400
i1l1666                                                            
i1l2423                                                            
i1l4008                                                            
i1l4010                                                            
i1l4014                                                            
i1l4018                                                            
i1l4026                                                            
i1l4030                                                            
i1l4038                                                            
i1l4042                                                            
i1l4052                                                            
i1l4054                                                            
i1l4068                                                            
i1l4072                                                            
i1l4074                                                            
i1l4078                                                            
i1l4090                                                            
i1l4092                                                            
i1l4094                                                            
i1l4098                                                            
i1l4102                                                            
i1l4104                                                            
i1l4108                                                            
i1l4110                                                            
i1l4114                                                            
i1setAD_ConvertFlag@flag                          cstackCOMMON 0070
interrupt_function                                intentry     0004
intlevel0                                         functab      0000
intlevel1                                         functab      0000
intlevel2                                         functab      0000
intlevel3                                         functab      0000
intlevel4                                         functab      0000
intlevel5                                         functab      0000
l1625                                                              
l1654                                                              
l1657                                                              
l1660                                                              
l1663                                                              
l1666                                                              
l1669                                                              
l1672                                                              
l1675                                                              
l1678                                                              
l1718                                                              
l1721                                                              
l1724                                                              
l1731                                                              
l1754                                                              
l2400                                                              
l2403                                                              
l2406                                                              
l2414                                                              
l2417                                                              
l2420                                                              
l3852                                                              
l3854                                                              
l3858                                                              
l3860                                                              
l3862                                                              
l3864                                                              
l3866                                                              
l3868                                                              
l3870                                                              
l3872                                                              
l3874                                                              
l3876                                                              
l3878                                                              
l3880                                                              
l3882                                                              
l3884                                                              
l3886                                                              
l3888                                                              
l3890                                                              
l3892                                                              
l3894                                                              
l3896                                                              
l3900                                                              
l3912                                                              
l3914                                                              
l3918                                                              
l3930                                                              
l3932                                                              
l3944                                                              
l3948                                                              
l3960                                                              
l3968                                                              
l3970                                                              
l3972                                                              
l3992                                                              
l4000                                                              
l4002                                                              
l4056                                                              
l4060                                                              
l4062                                                              
l4066                                                              
l4118                                                              
l4122                                                              
l4126                                                              
l4130                                                              
l4134                                                              
l4146                                                              
l4150                                                              
l4172                                                              
l4174                                                              
l4176                                                              
l4178                                                              
l4180                                                              
l4184                                                              
l4186                                                              
l4192                                                              
l4196                                                              
l4198                                                              
l4200                                                              
l4202                                                              
l4204                                                              
l4206                                                              
l4208                                                              
l4210                                                              
l4212                                                              
l4214                                                              
l4216                                                              
l4218                                                              
l4222                                                              
l4226                                                              
l4236                                                              
l4246                                                              
l4252                                                              
l4258                                                              
l4268                                                              
l4270                                                              
l4280                                                              
l4282                                                              
l4286                                                              
l4582                                                              
l4594                                                              
l4596                                                              
l4598                                                              
l4604                                                              
l4606                                                              
l4612                                                              
l4614                                                              
l4616                                                              
l4618                                                              
l4620                                                              
l4624                                                              
l4626                                                              
l4640                                                              
l4642                                                              
l4644                                                              
l4646                                                              
l4648                                                              
l4660                                                              
l4680                                                              
l4692                                                              
l4694                                                              
l4696                                                              
l4698                                                              
l677                                                               
l680                                                               
l683                                                               
main@cTimer1s_810                                 bssBANK1     00BB
main@enumBranchStep                               bssBANK1     00BC
main@enumInteralStep                              bssBANK1     00BD
main@enumMainLoopStep                             bssBANK0     0059
main@ucADC4_Step                                  bssBANK0     005A
main@ucChannel4Type                               bssBANK0     005B
main@ucLoaderStep                                 bssBANK0     005C
main@ucLoaderStep1                                bssBANK0     005D
main@ucLoaderStep2                                bssBANK0     005E
main@ucLoaderStep3                                bssBANK0     005F
main@ucLoaderStep4                                bssBANK0     0060
main@ucTimer1s                                    bssBANK0     0061
main@ucTimer20s                                   bssBANK1     00BE
main@ucTimerADC1ZeroP5s                           bssBANK0     0062
main@ucTimerDelay                                 bssBANK0     0063
main@ucTimerDelay1                                bssBANK0     0064
main@ucTimerDelay2                                bssBANK0     0065
main@ucTimerDelay3                                bssBANK0     0066
main@ucTimerDelay4                                bssBANK0     0067
main@ucTimerP3s                                   bssBANK1     00BF
main@ucTimerP5s                                   bssBANK0     0068
main@ucTimerRightP5s                              bssBANK0     0069
main@ucTimerX1P5s                                 bssBANK1     00C0
main@ucTimerX2P5s                                 bssBANK1     00C1
main@ucTimerZeroPoint3s                           bssBANK0     006A
main@ucTimerZeroPoint5s                           bssBANK0     006B
reset_vec                                         reset_vec    0000
saved_w                                           (abs)        007E
setAD_ConvertFlag@flag                            cstackBANK0  0020
setAdcSampleChannel@ucChannel                     cstackBANK0  0021
start                                             init         0011
startThreeHoursTimer@uiSetTime                    cstackBANK0  0020
startTwelveHourTimer@uiSetTime                    cstackBANK0  0020
start_initialization                              cinit        05D2
vPutSampleDataIntoTable@channel                   cstackCOMMON 0076
vPutSampleDataIntoTable@i                         cstackCOMMON 0077
vPutSampleDataIntoTable@ucChannelFirstLength      bssCOMMON    007D
vPutSampleDataIntoTable@ucChannelFourteenthLength bssBANK0     006C
vPutSampleDataIntoTable@ucChannelFourthLength     bssBANK0     006D
vPutSampleDataIntoTable@uiSampleData              cstackCOMMON 0074
wtemp0                                            (abs)        007E
