HI-TECH Software C Compiler 

Linker command line:

--edf=C:\Program Files (x86)\HI-TECH Software\PICC\9.83\dat\en_msgs.txt -cs \
  -h+ProjTest.sym -z -Q16C77 -ol.obj -MProjTest.map -E1 -ACONST=00h-0FFhx16 \
  -ACODE=00h-07FFhx2 -ASTRCODE=00h-0FFFh -AENTRY=00h-0FFhx16 \
  -ASTRING=00h-0FFhx16 -ABANK0=020h-06Fh -ABANK1=0A0h-0EFh \
  -ABANK2=0110h-016Fh -ABANK3=0190h-01EFh \
  -ARAM=020h-06Fh,0A0h-0EFh,0110h-016Fh,0190h-01EFh \
  -AABS1=020h-07Fh,0A0h-0EFh,0110h-016Fh,0190h-01EFh -ACOMMON=070h-07Fh \
  -ASFR0=00h-01Fh -ASFR1=080h-09Fh -ASFR2=0100h-010Fh -ASFR3=0180h-018Fh \
  -preset_vec=00h,intentry=04h,init,end_init -ppowerup=CODE -pfunctab=CODE \
  -ACONFIG=02000h-02007h -pconfig=CONFIG -DCONFIG=2 -AIDLOC=02008h-0200Bh \
  -pidloc=IDLOC -DIDLOC=2 -DCODE=2 -DSTRCODE=2 -DSTRING=2 -DCONST=2 \
  -DENTRY=2 -k startup.obj ProjTest.obj 

Object code version is 3.10

Machine type is 16C77



                Name                               Link     Load   Length Selector   Space Scale
startup.obj     end_init                              B        B        2        8       0
                reset_vec                             0        0        2        0       0
ProjTest.obj    intentry                              4        4        7        8       0
                config                             2000     2000        3     4000       0
                text612                             3CE      3CE       68        8       0
                text608                             4AD      4AD        8      910       0
                text607                             493      493        A      910       0
                text606                             4ED      4ED        3      910       0
                text604                             4E4      4E4        5      910       0
                text603                             488      488        B      910       0
                text602                             4A5      4A5        8      910       0
                text600                             4DF      4DF        5      910       0
                text599                             4F0      4F0        2      910       0
                text598                             4DA      4DA        5      910       0
                text597                             4D5      4D5        5      910       0
                text596                             4D0      4D0        5      910       0
                text595                             4CB      4CB        5      910       0
                text594                             4E9      4E9        4      910       0
                text593                             4C6      4C6        5      910       0
                text592                             4C1      4C1        5      910       0
                text591                             4B5      4B5        7      910       0
                text590                             4BC      4BC        5      910       0
                text584                             436      436       1A        8       0
                text583                             320      320       AE        8       0
                swtext3                             47C      47C        C      8C0       0
                swtext2                             46E      46E        E      8C0       0
                swtext1                             460      460        E      8C0       0
                maintext                              D        D      313        8       0
                cstackBANK0                          56       56        5       20       1
                cstackCOMMON                         70       70        6       70       1
                clrtext                             49D      49D        8      910       0
                dataBANK0                            5B       5B        1       20       1
                bssBANK0                             20       20       36       20       1
                bssCOMMON                            76       76        5       70       1
                cinit                               450      450       10        8       0

TOTAL           Name                               Link     Load   Length     Space
        CLASS   CONST          
                swtext3                             47C      47C        C         0
                swtext2                             46E      46E        E         0
                swtext1                             460      460        E         0

        CLASS   CODE           
                end_init                              B        B        2         0
                intentry                              4        4        7         0
                reset_vec                             0        0        2         0
                text612                             3CE      3CE       68         0
                text608                             4AD      4AD        8         0
                text607                             493      493        A         0
                text606                             4ED      4ED        3         0
                text604                             4E4      4E4        5         0
                text603                             488      488        B         0
                text602                             4A5      4A5        8         0
                text600                             4DF      4DF        5         0
                text599                             4F0      4F0        2         0
                text598                             4DA      4DA        5         0
                text597                             4D5      4D5        5         0
                text596                             4D0      4D0        5         0
                text595                             4CB      4CB        5         0
                text594                             4E9      4E9        4         0
                text593                             4C6      4C6        5         0
                text592                             4C1      4C1        5         0
                text591                             4B5      4B5        7         0
                text590                             4BC      4BC        5         0
                text584                             436      436       1A         0
                text583                             320      320       AE         0
                maintext                              D        D      313         0
                clrtext                             49D      49D        8         0
                cinit                               450      450       10         0

        CLASS   STRCODE        

        CLASS   ENTRY          

        CLASS   STRING         

        CLASS   BANK0          
                cstackBANK0                          56       56        5         1
                dataBANK0                            5B       5B        1         1
                bssBANK0                             20       20       36         1

        CLASS   BANK1          

        CLASS   BANK2          

        CLASS   BANK3          

        CLASS   RAM            

        CLASS   ABS1           
                abs_s1                               7E       7E        2         1

        CLASS   COMMON         
                cstackCOMMON                         70       70        6         1
                bssCOMMON                            76       76        5         1

        CLASS   SFR0           

        CLASS   SFR1           

        CLASS   SFR2           

        CLASS   SFR3           

        CLASS   CONFIG         
                config                             2000     2000        3         0

        CLASS   IDLOC          

        CLASS   EEDATA         



SEGMENTS        Name                           Load    Length   Top    Selector   Space  Class     Delta

                reset_vec                      000000  000002  000002         0       0  CODE        2
                intentry                       000004  00045C  000460         8       0  CODE        2
                bssBANK0                       000020  00003C  00005C        20       1  BANK0       1
                cstackCOMMON                   000070  00000B  00007B        70       1  COMMON      1
                swtext1                        000460  000028  000488       8C0       0  CONST       2
                text603                        000488  00006A  0004F2       910       0  CODE        2
                config                         002000  000003  002003      4000       0  CONFIG      2


UNUSED ADDRESS RANGES

        Name                Unused          Largest block    Delta
        BANK0            005C-006F             14           1
        BANK1            00A0-00EF             50           1
        BANK2            0110-016F             60           1
        BANK3            0190-01EF             60           1
        CODE             0002-0003              2           2
                         04F2-0FFF            30E
        COMMON           007B-007D              3           1
        CONFIG           2003-2007              5           2
        CONST            0002-0003              2           2
                         04F2-0FFF            100
        ENTRY            0002-0003              2           2
                         04F2-0FFF            100
        IDLOC            2008-200B              4           2
        RAM              005C-006F             14           1
                         00A0-00EF             50
                         0110-016F             60
                         0190-01EF             60
        SFR0             0000-001F             20           1
        SFR1             0080-009F             20           1
        SFR2             0100-010F             10           1
        SFR3             0180-018F             10           1
        STRCODE          0002-0003              2           2
                         04F2-0FFF            B0E
        STRING           0002-0003              2           2
                         04F2-0FFF            100

                                  Symbol Table

??_AD_Sample                           cstackBANK0  0058
??_ISR                                 cstackCOMMON 0074
??_adc_get                             cstackCOMMON 0072
??_adc_start                           cstackBANK0  0056
??_adc_test_init                       cstackBANK0  0057
??_clearAllTimer                       cstackBANK0  0056
??_clearPinPortAndTimer                cstackBANK0  0056
??_clearThreeHoursTimer                cstackBANK0  0056
??_clearTwelveHoursTimer               cstackBANK0  0056
??_clearTwentySecondsTimer             cstackBANK0  0056
??_clock_config                        cstackBANK0  0056
??_clrSampeTime                        cstackBANK0  0056
??_dac_init                            cstackBANK0  0056
??_getAD_ConvertFlag                   cstackBANK0  0056
??_getAdOriginaCh4Value                cstackBANK0  0058
??_getAdOriginalCh14Value              cstackBANK0  0058
??_getAdOriginalCh1Value               cstackBANK0  0058
??_getAdOriginalValue                  cstackBANK0  0058
??_isFinishedThreeHoursTimer           cstackBANK0  0056
??_isFinishedTwelveHoursTimer          cstackBANK0  0056
??_isFinishedTwentySecondsTimer        cstackBANK0  0056
??_isPermitSampleTime                  cstackBANK0  0056
??_main                                cstackBANK0  005B
??_op1_init                            cstackBANK0  0056
??_op2_init                            cstackBANK0  0056
??_process_AD_Converter_Value          cstackBANK0  005B
??_setAD_ConvertFlag                   cstackBANK0  0056
??_startThreeHoursTimer                cstackBANK0  0056
??_startTwelveHourTimer                cstackBANK0  0056
??_startTwentySecondsTimer             cstackBANK0  0056
??_timer1_config                       cstackBANK0  0056
??_timer1_interrupt_config             cstackBANK0  0056
??i1_setAD_ConvertFlag                 cstackCOMMON 0070
?_AD_Sample                            cstackCOMMON 0070
?_ISR                                  cstackCOMMON 0070
?_adc_get                              cstackCOMMON 0070
?_adc_start                            cstackCOMMON 0070
?_adc_test_init                        cstackBANK0  0056
?_clearAllTimer                        cstackCOMMON 0070
?_clearPinPortAndTimer                 cstackCOMMON 0070
?_clearThreeHoursTimer                 cstackCOMMON 0070
?_clearTwelveHoursTimer                cstackCOMMON 0070
?_clearTwentySecondsTimer              cstackCOMMON 0070
?_clock_config                         cstackCOMMON 0070
?_clrSampeTime                         cstackCOMMON 0070
?_dac_init                             cstackCOMMON 0070
?_getAD_ConvertFlag                    cstackCOMMON 0070
?_getAdOriginaCh4Value                 cstackBANK0  0056
?_getAdOriginalCh14Value               cstackBANK0  0056
?_getAdOriginalCh1Value                cstackBANK0  0056
?_getAdOriginalValue                   cstackBANK0  0056
?_isFinishedThreeHoursTimer            cstackCOMMON 0070
?_isFinishedTwelveHoursTimer           cstackCOMMON 0070
?_isFinishedTwentySecondsTimer         cstackCOMMON 0070
?_isPermitSampleTime                   cstackCOMMON 0070
?_main                                 cstackCOMMON 0070
?_op1_init                             cstackCOMMON 0070
?_op2_init                             cstackCOMMON 0070
?_process_AD_Converter_Value           cstackCOMMON 0070
?_setAD_ConvertFlag                    cstackCOMMON 0070
?_startThreeHoursTimer                 cstackCOMMON 0070
?_startTwelveHourTimer                 cstackCOMMON 0070
?_startTwentySecondsTimer              cstackCOMMON 0070
?_timer1_config                        cstackCOMMON 0070
?_timer1_interrupt_config              cstackCOMMON 0070
?i1_setAD_ConvertFlag                  cstackCOMMON 0070
AD_Sample@index                        cstackBANK0  005A
ISR@ucTimer1sCnt                       bssCOMMON    0078
_ADCON0                                (abs)        001F
_ADCON1                                (abs)        009F
_ADIE                                  (abs)        046A
_ADIF                                  (abs)        006A
_ADON                                  (abs)        00F8
_ADRESH                                (abs)        001E
_ADRESL                                (abs)        009E
_AD_Sample                             text583      0344
_CLKPCE                                (abs)        0847
_CLKPR                                 (abs)        0108
_DACCON                                (abs)        0087
_DACR0                                 (abs)        0088
_GIE                                   (abs)        005F
_GO                                    (abs)        00F9
_ISR                                   text612      03CE
_OP1CON0                               (abs)        001B
_OP1CON1                               (abs)        001C
_OP1CON2                               (abs)        001D
_OP2CON0                               (abs)        009B
_OP2CON1                               (abs)        009C
_OP2CON2                               (abs)        009D
_PA0                                   (abs)        0028
_PA1                                   (abs)        0029
_PA2                                   (abs)        002A
_PA3                                   (abs)        002B
_PA6                                   (abs)        002E
_PA7                                   (abs)        002F
_PAOD7                                 (abs)        0C3F
_PB0                                   (abs)        0030
_PB1                                   (abs)        0031
_PB6                                   (abs)        0036
_PBOD6                                 (abs)        0C46
_PEIE                                  (abs)        005E
_T1CON                                 (abs)        0010
_TMR1H                                 (abs)        000F
_TMR1IE                                (abs)        0460
_TMR1IF                                (abs)        0060
_TMR1L                                 (abs)        000E
_TRISA0                                (abs)        0428
_TRISA1                                (abs)        0429
_TRISA2                                (abs)        042A
_TRISA3                                (abs)        042B
_TRISA6                                (abs)        042E
_TRISA7                                (abs)        042F
_TRISB0                                (abs)        0430
_TRISB1                                (abs)        0431
_TRISB2                                (abs)        0432
_TRISB3                                (abs)        0433
_TRISB4                                (abs)        0434
_TRISB5                                (abs)        0435
_TRISB6                                (abs)        0436
_TRISB7                                (abs)        0437
__Habs1                                abs1         0000
__Hbank0                               bank0        0000
__Hbank1                               bank1        0000
__Hbank2                               bank2        0000
__Hbank3                               bank3        0000
__HbssBANK0                            bssBANK0     0000
__HbssCOMMON                           bssCOMMON    0000
__Hcinit                               cinit        0000
__Hclrtext                             clrtext      0000
__Hcode                                code         0000
__Hcommon                              common       0000
__Hconfig                              config       2003
__HcstackBANK0                         cstackBANK0  0000
__HcstackCOMMON                        cstackCOMMON 0000
__HdataBANK0                           dataBANK0    0000
__Heeprom_data                         eeprom_data  0000
__Hend_init                            end_init     000D
__Hfunctab                             functab      0000
__HidataBANK0                          idataBANK0   0000
__Hidloc                               idloc        0000
__Hinit                                init         000B
__Hintentry                            intentry     000B
__Hmaintext                            maintext     0000
__Hpa_nodes                            pa_nodes     0000
__Hpowerup                             powerup      0000
__Hram                                 ram          0000
__Hreset_vec                           reset_vec    0002
__Hsfr0                                sfr0         0000
__Hsfr1                                sfr1         0000
__Hsfr2                                sfr2         0000
__Hsfr3                                sfr3         0000
__Hstrings                             strings      0000
__Htext                                text         0000
__Labs1                                abs1         0000
__Lbank0                               bank0        0000
__Lbank1                               bank1        0000
__Lbank2                               bank2        0000
__Lbank3                               bank3        0000
__LbssBANK0                            bssBANK0     0000
__LbssCOMMON                           bssCOMMON    0000
__Lcinit                               cinit        0000
__Lclrtext                             clrtext      0000
__Lcode                                code         0000
__Lcommon                              common       0000
__Lconfig                              config       2000
__LcstackBANK0                         cstackBANK0  0000
__LcstackCOMMON                        cstackCOMMON 0000
__LdataBANK0                           dataBANK0    0000
__Leeprom_data                         eeprom_data  0000
__Lend_init                            end_init     000B
__Lfunctab                             functab      0000
__LidataBANK0                          idataBANK0   0000
__Lidloc                               idloc        0000
__Linit                                init         000B
__Lintentry                            intentry     0004
__Lmaintext                            maintext     0000
__Lpa_nodes                            pa_nodes     0000
__Lpowerup                             powerup      0000
__Lram                                 ram          0000
__Lreset_vec                           reset_vec    0000
__Lsfr0                                sfr0         0000
__Lsfr1                                sfr1         0000
__Lsfr2                                sfr2         0000
__Lsfr3                                sfr3         0000
__Lstrings                             strings      0000
__Ltext                                text         0000
__S0                                   (abs)        2003
__S1                                   (abs)        007B
__end_of_AD_Sample                     text583      03A7
__end_of_ISR                           text612      0428
__end_of_adc_get                       text612      0433
__end_of_adc_start                     text583      03C4
__end_of_adc_test_init                 text583      03C1
__end_of_clearAllTimer                 text584      0447
__end_of_clearPinPortAndTimer          text584      0442
__end_of_clearThreeHoursTimer          text584      044D
__end_of_clearTwelveHoursTimer         text584      044A
__end_of_clearTwentySecondsTimer       text584      0450
__end_of_clock_config                  text608      04B5
__end_of_clrSampeTime                  text599      04F2
__end_of_dac_init                      text604      04E9
__end_of_getAD_ConvertFlag             text583      033F
__end_of_getAdOriginaCh4Value          text593      04CB
__end_of_getAdOriginalCh14Value        text598      04DF
__end_of_getAdOriginalCh1Value         text597      04DA
__end_of_getAdOriginalValue            text583      03AC
__end_of_isFinishedThreeHoursTimer     text590      04C1
__end_of_isFinishedTwelveHoursTimer    text595      04D0
__end_of_isFinishedTwentySecondsTimer  text592      04C6
__end_of_isPermitSampleTime            text600      04E4
__end_of_main                          maintext     0320
__end_of_op1_init                      text603      0493
__end_of_op2_init                      text602      04AD
__end_of_process_AD_Converter_Value    text583      033D
__end_of_setAD_ConvertFlag             text583      0344
__end_of_startThreeHoursTimer          text591      04BC
__end_of_startTwelveHourTimer          text596      04D5
__end_of_startTwentySecondsTimer       text594      04ED
__end_of_timer1_config                 text607      049D
__end_of_timer1_interrupt_config       text606      04F0
__end_ofi1_setAD_ConvertFlag           text612      0436
__pbssBANK0                            bssBANK0     0020
__pbssCOMMON                           bssCOMMON    0076
__pcstackBANK0                         cstackBANK0  0056
__pcstackCOMMON                        cstackCOMMON 0070
__pdataBANK0                           dataBANK0    005B
__pidataBANK0                          idataBANK0   0000
__pintentry                            intentry     0004
__pmaintext                            maintext     000D
__pswtext1                             swtext1      0460
__pswtext2                             swtext2      046E
__pswtext3                             swtext3      047C
__ptext583                             text583      0320
__ptext584                             text584      0436
__ptext585                             text583      0344
__ptext586                             text584      0442
__ptext587                             text583      03A7
__ptext588                             text583      033F
__ptext589                             text583      033D
__ptext590                             text590      04BC
__ptext591                             text591      04B5
__ptext592                             text592      04C1
__ptext593                             text593      04C6
__ptext594                             text594      04E9
__ptext595                             text595      04CB
__ptext596                             text596      04D0
__ptext597                             text597      04D5
__ptext598                             text598      04DA
__ptext599                             text599      04F0
__ptext600                             text600      04DF
__ptext601                             text583      03C1
__ptext602                             text602      04A5
__ptext603                             text603      0488
__ptext604                             text604      04E4
__ptext605                             text583      03AC
__ptext606                             text606      04ED
__ptext607                             text607      0493
__ptext608                             text608      04AD
__ptext609                             text584      044D
__ptext610                             text584      044A
__ptext611                             text584      0447
__ptext612                             text612      03CE
__ptext613                             text612      0433
__ptext614                             text612      0428
__ptext615                             text615      0000
__size_of_AD_Sample                    (abs)        0000
__size_of_ISR                          (abs)        0000
__size_of_adc_get                      (abs)        0000
__size_of_adc_start                    (abs)        0000
__size_of_adc_test_init                (abs)        0000
__size_of_clearAllTimer                (abs)        0000
__size_of_clearPinPortAndTimer         (abs)        0000
__size_of_clearThreeHoursTimer         (abs)        0000
__size_of_clearTwelveHoursTimer        (abs)        0000
__size_of_clearTwentySecondsTimer      (abs)        0000
__size_of_clock_config                 (abs)        0000
__size_of_clrSampeTime                 (abs)        0000
__size_of_dac_init                     (abs)        0000
__size_of_getAD_ConvertFlag            (abs)        0000
__size_of_getAdOriginaCh4Value         (abs)        0000
__size_of_getAdOriginalCh14Value       (abs)        0000
__size_of_getAdOriginalCh1Value        (abs)        0000
__size_of_getAdOriginalValue           (abs)        0000
__size_of_isFinishedThreeHoursTimer    (abs)        0000
__size_of_isFinishedTwelveHoursTimer   (abs)        0000
__size_of_isFinishedTwentySecondsTimer (abs)        0000
__size_of_isPermitSampleTime           (abs)        0000
__size_of_main                         (abs)        0000
__size_of_op1_init                     (abs)        0000
__size_of_op2_init                     (abs)        0000
__size_of_process_AD_Converter_Value   (abs)        0000
__size_of_setAD_ConvertFlag            (abs)        0000
__size_of_startThreeHoursTimer         (abs)        0000
__size_of_startTwelveHourTimer         (abs)        0000
__size_of_startTwentySecondsTimer      (abs)        0000
__size_of_timer1_config                (abs)        0000
__size_of_timer1_interrupt_config      (abs)        0000
__size_ofi1_setAD_ConvertFlag          (abs)        0000
_adc_convert_flag                      bssCOMMON    0079
_adc_get                               text612      0428
_adc_original_CH14_value               bssBANK0     002C
_adc_original_CH1_value                bssBANK0     002E
_adc_original_CH4_value                bssBANK0     0030
_adc_original_value                    bssBANK0     0032
_adc_start                             text583      03C1
_adc_test_init                         text583      03AC
_buffer_Sample_AD_Value                bssBANK0     0020
_clearAllTimer                         text584      0442
_clearPinPortAndTimer                  text584      0436
_clearThreeHoursTimer                  text584      044A
_clearTwelveHoursTimer                 text584      0447
_clearTwentySecondsTimer               text584      044D
_clock_config                          text608      04AD
_clrSampeTime                          text599      04F0
_dac_init                              text604      04E4
_exit                                  init         000B
_getAD_ConvertFlag                     text583      033D
_getAdOriginaCh4Value                  text593      04C6
_getAdOriginalCh14Value                text598      04DA
_getAdOriginalCh1Value                 text597      04D5
_getAdOriginalValue                    text583      03A7
_isFinishedThreeHoursTimer             text590      04BC
_isFinishedTwelveHoursTimer            text595      04CB
_isFinishedTwentySecondsTimer          text592      04C1
_isPermitSampleTime                    text600      04DF
_main                                  maintext     000D
_multiFilterMaxValue                   bssBANK0     0034
_multiFilterMinValue                   bssBANK0     0036
_op1_init                              text603      0488
_op2_init                              text602      04A5
_process_AD_Converter_Value            text583      0320
_sampleChannelSelect                   dataBANK0    005B
_sampleTimes                           bssBANK0     003C
_setAD_ConvertFlag                     text583      033F
_startThreeHoursTimer                  text591      04B5
_startTwelveHourTimer                  text596      04D0
_startTwentySecondsTimer               text594      04E9
_timer                                 bssCOMMON    007A
_timer1_config                         text607      0493
_timer1_interrupt_config               text606      04ED
_uiBigTimer                            bssCOMMON    0076
_uiSmallTimer                          bssBANK0     0038
_uiTwentySecondsTimer                  bssBANK0     003A
adc_get@val                            cstackCOMMON 0072
adc_test_init@channel                  cstackBANK0  0058
adc_test_init@ref                      cstackBANK0  0056
btemp                                  (abs)        007E
clear_ram                              clrtext      049D
end_of_initialization                  cinit        045D
i1_setAD_ConvertFlag                   text612      0433
i1l1615                                                 
i1l2370                                                 
i1l3821                                                 
i1l3825                                                 
i1l3827                                                 
i1l3831                                                 
i1l3843                                                 
i1l3845                                                 
i1l3847                                                 
i1l3853                                                 
i1l3857                                                 
i1l3861                                                 
i1setAD_ConvertFlag@flag               cstackCOMMON 0070
interrupt_function                     intentry     0004
intlevel0                              functab      0000
intlevel1                              functab      0000
intlevel2                              functab      0000
intlevel3                              functab      0000
intlevel4                              functab      0000
intlevel5                              functab      0000
l1603                                                   
l1606                                                   
l1609                                                   
l1612                                                   
l1615                                                   
l1618                                                   
l1621                                                   
l1624                                                   
l1627                                                   
l1663                                                   
l1666                                                   
l1669                                                   
l1672                                                   
l1675                                                   
l1678                                                   
l1701                                                   
l2347                                                   
l2350                                                   
l2353                                                   
l2361                                                   
l2367                                                   
l3697                                                   
l3699                                                   
l3703                                                   
l3705                                                   
l3707                                                   
l3709                                                   
l3711                                                   
l3713                                                   
l3715                                                   
l3717                                                   
l3719                                                   
l3721                                                   
l3723                                                   
l3725                                                   
l3727                                                   
l3729                                                   
l3731                                                   
l3733                                                   
l3735                                                   
l3737                                                   
l3739                                                   
l3743                                                   
l3755                                                   
l3757                                                   
l3761                                                   
l3765                                                   
l3767                                                   
l3779                                                   
l3781                                                   
l3785                                                   
l3797                                                   
l3799                                                   
l3811                                                   
l3815                                                   
l3817                                                   
l3865                                                   
l3869                                                   
l3881                                                   
l3885                                                   
l3907                                                   
l3909                                                   
l3911                                                   
l3913                                                   
l3915                                                   
l3919                                                   
l3921                                                   
l3927                                                   
l3933                                                   
l3935                                                   
l3937                                                   
l3939                                                   
l3941                                                   
l3943                                                   
l3945                                                   
l3947                                                   
l3951                                                   
l3955                                                   
l3975                                                   
l3981                                                   
l3991                                                   
l3993                                                   
l4003                                                   
l4005                                                   
l4009                                                   
l4305                                                   
l4317                                                   
l4319                                                   
l4325                                                   
l4327                                                   
l4335                                                   
l4337                                                   
l4339                                                   
l4341                                                   
l4343                                                   
l4345                                                   
l4347                                                   
l4363                                                   
l4365                                                   
l4367                                                   
l4369                                                   
l4371                                                   
l4383                                                   
l4403                                                   
l4415                                                   
l4417                                                   
l4419                                                   
l4421                                                   
l4423                                                   
l4425                                                   
l4427                                                   
l4429                                                   
l4431                                                   
l4433                                                   
l4435                                                   
l4437                                                   
l4439                                                   
l677                                                    
l680                                                    
main@cTimer1s_806                      bssBANK0     003D
main@enumBranchStep                    bssBANK0     003E
main@enumInteralStep                   bssBANK0     003F
main@enumMainLoopStep                  bssBANK0     0040
main@ucADC4_Step                       bssBANK0     0041
main@ucChannel4Type                    bssBANK0     0042
main@ucLoaderStep                      bssBANK0     0043
main@ucLoaderStep1                     bssBANK0     0044
main@ucLoaderStep2                     bssBANK0     0045
main@ucLoaderStep3                     bssBANK0     0046
main@ucLoaderStep4                     bssBANK0     0047
main@ucTimer1s                         bssBANK0     0048
main@ucTimer20s                        bssBANK0     0049
main@ucTimerADC1ZeroP5s                bssBANK0     004A
main@ucTimerDelay                      bssBANK0     004B
main@ucTimerDelay1                     bssBANK0     004C
main@ucTimerDelay2                     bssBANK0     004D
main@ucTimerDelay3                     bssBANK0     004E
main@ucTimerDelay4                     bssBANK0     004F
main@ucTimerP3s                        bssBANK0     0050
main@ucTimerRightP5s                   bssBANK0     0051
main@ucTimerX1P5s                      bssBANK0     0052
main@ucTimerX2P5s                      bssBANK0     0053
main@ucTimerZeroPoint3s                bssBANK0     0054
main@ucTimerZeroPoint5s                bssBANK0     0055
reset_vec                              reset_vec    0000
saved_w                                (abs)        007E
setAD_ConvertFlag@flag                 cstackBANK0  0056
start                                  init         000B
start_initialization                   cinit        0450
wtemp0                                 (abs)        007E
