HI-TECH Software C Compiler 

Linker command line:

--edf=C:\Program Files (x86)\HI-TECH Software\PICC\9.83\dat\en_msgs.txt -cs \
  -h+ProjTest.sym -z -Q16C77 -ol.obj -MProjTest.map -E1 -ACONST=00h-0FFhx16 \
  -ACODE=00h-07FFhx2 -ASTRCODE=00h-0FFFh -AENTRY=00h-0FFhx16 \
  -ASTRING=00h-0FFhx16 -ABANK0=020h-06Fh -ABANK1=0A0h-0EFh \
  -ABANK2=0110h-016Fh -ABANK3=0190h-01EFh \
  -ARAM=020h-06Fh,0A0h-0EFh,0110h-016Fh,0190h-01EFh \
  -AABS1=020h-07Fh,0A0h-0EFh,0110h-016Fh,0190h-01EFh -ACOMMON=070h-07Fh \
  -ASFR0=00h-01Fh -ASFR1=080h-09Fh -ASFR2=0100h-010Fh -ASFR3=0180h-018Fh \
  -preset_vec=00h,intentry=04h,init,end_init -ppowerup=CODE -pfunctab=CODE \
  -ACONFIG=02000h-02007h -pconfig=CONFIG -DCONFIG=2 -AIDLOC=02008h-0200Bh \
  -pidloc=IDLOC -DIDLOC=2 -DCODE=2 -DSTRCODE=2 -DSTRING=2 -DCONST=2 \
  -DENTRY=2 -k startup.obj ProjTest.obj 

Object code version is 3.10

Machine type is 16C77



                Name                               Link     Load   Length Selector   Space Scale
startup.obj     end_init                             11       11        2        8       0
                reset_vec                             0        0        2        0       0
ProjTest.obj    intentry                              4        4        D        8       0
                config                             2000     2000        3     4000       0
                text706                             31E      31E       D6        8       0
                text702                             521      521       13        8       0
                text701                             5A5      5A5        8      ADC       0
                text700                             579      579        A      ADC       0
                text699                             5CA      5CA        3      ADC       0
                text697                             5C1      5C1        5      ADC       0
                text696                             56E      56E        B      ADC       0
                text695                             59D      59D        8      ADC       0
                text693                             5BC      5BC        5      ADC       0
                text692                             5CD      5CD        2      ADC       0
                text691                             58C      58C        9      ADC       0
                text690                             5B7      5B7        5      ADC       0
                text689                             5C6      5C6        4      ADC       0
                text688                             5B2      5B2        5      ADC       0
                text687                             583      583        9      ADC       0
                text686                             5AD      5AD        5      ADC       0
                text680                             4AD      4AD       5A        8       0
                text677                             3F4      3F4       B9        8       0
                text676                             507      507       1A        8       0
                swtext3                             562      562        C      A8C       0
                swtext2                             554      554        E      A8C       0
                swtext1                             546      546        E      A8C       0
                maintext                             13       13      30B        8       0
                cstackBANK0                          20       20       29       20       1
                cstackCOMMON                         70       70        D       70       1
                clrtext                             595      595        8      ADC       0
                bssBANK1                             A0       A0       48       A0       1
                dataBANK0                            6F       6F        1       20       1
                bssBANK0                             49       49       26       20       1
                bssCOMMON                            7D       7D        1       70       1
                cinit                               534      534       12        8       0

TOTAL           Name                               Link     Load   Length     Space
        CLASS   CONST          
                swtext3                             562      562        C         0
                swtext2                             554      554        E         0
                swtext1                             546      546        E         0

        CLASS   CODE           
                end_init                             11       11        2         0
                intentry                              4        4        D         0
                reset_vec                             0        0        2         0
                text706                             31E      31E       D6         0
                text702                             521      521       13         0
                text701                             5A5      5A5        8         0
                text700                             579      579        A         0
                text699                             5CA      5CA        3         0
                text697                             5C1      5C1        5         0
                text696                             56E      56E        B         0
                text695                             59D      59D        8         0
                text693                             5BC      5BC        5         0
                text692                             5CD      5CD        2         0
                text691                             58C      58C        9         0
                text690                             5B7      5B7        5         0
                text689                             5C6      5C6        4         0
                text688                             5B2      5B2        5         0
                text687                             583      583        9         0
                text686                             5AD      5AD        5         0
                text680                             4AD      4AD       5A         0
                text677                             3F4      3F4       B9         0
                text676                             507      507       1A         0
                maintext                             13       13      30B         0
                clrtext                             595      595        8         0
                cinit                               534      534       12         0

        CLASS   STRCODE        

        CLASS   ENTRY          

        CLASS   STRING         

        CLASS   BANK0          
                cstackBANK0                          20       20       29         1
                dataBANK0                            6F       6F        1         1
                bssBANK0                             49       49       26         1

        CLASS   BANK1          
                bssBANK1                             A0       A0       48         1

        CLASS   BANK2          

        CLASS   BANK3          

        CLASS   RAM            

        CLASS   ABS1           
                abs_s1                               7E       7E        2         1

        CLASS   COMMON         
                cstackCOMMON                         70       70        D         1
                bssCOMMON                            7D       7D        1         1

        CLASS   SFR0           

        CLASS   SFR1           

        CLASS   SFR2           

        CLASS   SFR3           

        CLASS   CONFIG         
                config                             2000     2000        3         0

        CLASS   IDLOC          

        CLASS   EEDATA         



SEGMENTS        Name                           Load    Length   Top    Selector   Space  Class     Delta

                reset_vec                      000000  000002  000002         0       0  CODE        2
                intentry                       000004  000542  000546         8       0  CODE        2
                cstackBANK0                    000020  000050  000070        20       1  BANK0       1
                cstackCOMMON                   000070  00000E  00007E        70       1  COMMON      1
                bssBANK1                       0000A0  000048  0000E8        A0       1  BANK1       1
                swtext1                        000546  000028  00056E       A8C       0  CONST       2
                text696                        00056E  000061  0005CF       ADC       0  CODE        2
                config                         002000  000003  002003      4000       0  CONFIG      2


UNUSED ADDRESS RANGES

        Name                Unused          Largest block    Delta
        BANK1            00E8-00EF              8           1
        BANK2            0110-016F             60           1
        BANK3            0190-01EF             60           1
        CODE             0002-0003              2           2
                         05CF-0FFF            231
        CONFIG           2003-2007              5           2
        CONST            0002-0003              2           2
                         05CF-0FFF            100
        ENTRY            0002-0003              2           2
                         05CF-0FFF            100
        IDLOC            2008-200B              4           2
        RAM              00E8-00EF              8           1
                         0110-016F             60
                         0190-01EF             60
        SFR0             0000-001F             20           1
        SFR1             0080-009F             20           1
        SFR2             0100-010F             10           1
        SFR3             0180-018F             10           1
        STRCODE          0002-0003              2           2
                         05CF-0FFF            A31
        STRING           0002-0003              2           2
                         05CF-0FFF            100

                                  Symbol Table

??_AD_Sample                                      cstackBANK0  0020
??_Filter                                         cstackBANK0  0022
??_ISR                                            cstackCOMMON 0079
??_adc_get                                        cstackCOMMON 0072
??_adc_start                                      cstackBANK0  0020
??_adc_test_init                                  cstackBANK0  0021
??_clearAllTimer                                  cstackBANK0  0020
??_clearPinPortAndTimer                           cstackBANK0  0020
??_clearThreeHoursTimer                           cstackBANK0  0020
??_clearTwelveHoursTimer                          cstackBANK0  0020
??_clearTwentySecondsTimer                        cstackBANK0  0020
??_clock_config                                   cstackBANK0  0020
??_clrSampeTime                                   cstackBANK0  0020
??_dac_init                                       cstackBANK0  0020
??_getAD_ConvertFlag                              cstackBANK0  0020
??_getAdOriginaCh4Value                           cstackBANK0  0049
??_getAdOriginalCh14Value                         cstackBANK0  0049
??_getAdOriginalCh1Value                          cstackBANK0  0049
??_initPin                                        cstackBANK0  0020
??_isFinishedThreeHoursTimer                      cstackBANK0  0020
??_isFinishedTwelveHoursTimer                     cstackBANK0  0020
??_isFinishedTwentySecondsTimer                   cstackBANK0  0020
??_isPermitSampleTime                             cstackBANK0  0020
??_main                                           cstackBANK0  0049
??_op1_init                                       cstackBANK0  0020
??_op2_init                                       cstackBANK0  0020
??_process_AD_Converter_Value                     cstackBANK0  0023
??_setAD_ConvertFlag                              cstackBANK0  0020
??_startThreeHoursTimer                           cstackBANK0  0022
??_startTwelveHourTimer                           cstackBANK0  0022
??_startTwentySecondsTimer                        cstackBANK0  0020
??_timer1_config                                  cstackBANK0  0020
??_timer1_interrupt_config                        cstackBANK0  0020
??_vPutSampleDataIntoTable                        cstackCOMMON 0077
??i1_setAD_ConvertFlag                            cstackCOMMON 0070
?_AD_Sample                                       cstackCOMMON 0070
?_Filter                                          cstackBANK0  0020
?_ISR                                             cstackCOMMON 0070
?_adc_get                                         cstackCOMMON 0070
?_adc_start                                       cstackCOMMON 0070
?_adc_test_init                                   cstackBANK0  0020
?_clearAllTimer                                   cstackCOMMON 0070
?_clearPinPortAndTimer                            cstackCOMMON 0070
?_clearThreeHoursTimer                            cstackCOMMON 0070
?_clearTwelveHoursTimer                           cstackCOMMON 0070
?_clearTwentySecondsTimer                         cstackCOMMON 0070
?_clock_config                                    cstackCOMMON 0070
?_clrSampeTime                                    cstackCOMMON 0070
?_dac_init                                        cstackCOMMON 0070
?_getAD_ConvertFlag                               cstackCOMMON 0070
?_getAdOriginaCh4Value                            cstackBANK0  0047
?_getAdOriginalCh14Value                          cstackBANK0  0047
?_getAdOriginalCh1Value                           cstackBANK0  0047
?_initPin                                         cstackCOMMON 0070
?_isFinishedThreeHoursTimer                       cstackCOMMON 0070
?_isFinishedTwelveHoursTimer                      cstackCOMMON 0070
?_isFinishedTwentySecondsTimer                    cstackCOMMON 0070
?_isPermitSampleTime                              cstackCOMMON 0070
?_main                                            cstackCOMMON 0070
?_op1_init                                        cstackCOMMON 0070
?_op2_init                                        cstackCOMMON 0070
?_process_AD_Converter_Value                      cstackCOMMON 0070
?_setAD_ConvertFlag                               cstackCOMMON 0070
?_startThreeHoursTimer                            cstackBANK0  0020
?_startTwelveHourTimer                            cstackBANK0  0020
?_startTwentySecondsTimer                         cstackCOMMON 0070
?_timer1_config                                   cstackCOMMON 0070
?_timer1_interrupt_config                         cstackCOMMON 0070
?_vPutSampleDataIntoTable                         cstackCOMMON 0074
?i1_setAD_ConvertFlag                             cstackCOMMON 0070
Filter@cir                                        cstackBANK0  0043
Filter@filter_buf                                 cstackBANK0  0026
Filter@filter_sum                                 cstackBANK0  0040
Filter@filter_temp                                cstackBANK0  003E
Filter@i                                          cstackBANK0  0046
Filter@j                                          cstackBANK0  0045
Filter@tmpValue                                   cstackBANK0  0042
ISR@ucTimer1sCnt                                  bssBANK0     004F
_ADCON0                                           (abs)        001F
_ADCON1                                           (abs)        009F
_ADIE                                             (abs)        046A
_ADIF                                             (abs)        006A
_ADON                                             (abs)        00F8
_ADRESH                                           (abs)        001E
_ADRESL                                           (abs)        009E
_AD_Sample                                        text680      04D2
_CLKPCE                                           (abs)        0847
_CLKPR                                            (abs)        0108
_DACCON                                           (abs)        0087
_DACR0                                            (abs)        0088
_Filter                                           text677      0409
_GIE                                              (abs)        005F
_GO                                               (abs)        00F9
_ISR                                              text706      031E
_OP1CON0                                          (abs)        001B
_OP1CON1                                          (abs)        001C
_OP1CON2                                          (abs)        001D
_OP2CON0                                          (abs)        009B
_OP2CON1                                          (abs)        009C
_OP2CON2                                          (abs)        009D
_PA0                                              (abs)        0028
_PA1                                              (abs)        0029
_PA2                                              (abs)        002A
_PA3                                              (abs)        002B
_PA6                                              (abs)        002E
_PA7                                              (abs)        002F
_PAOD7                                            (abs)        0C3F
_PB0                                              (abs)        0030
_PB1                                              (abs)        0031
_PB6                                              (abs)        0036
_PBOD6                                            (abs)        0C46
_PEIE                                             (abs)        005E
_T1CON                                            (abs)        0010
_TMR1H                                            (abs)        000F
_TMR1IE                                           (abs)        0460
_TMR1IF                                           (abs)        0060
_TMR1L                                            (abs)        000E
_TRISA0                                           (abs)        0428
_TRISA1                                           (abs)        0429
_TRISA2                                           (abs)        042A
_TRISA3                                           (abs)        042B
_TRISA6                                           (abs)        042E
_TRISA7                                           (abs)        042F
_TRISB0                                           (abs)        0430
_TRISB1                                           (abs)        0431
_TRISB2                                           (abs)        0432
_TRISB3                                           (abs)        0433
_TRISB4                                           (abs)        0434
_TRISB5                                           (abs)        0435
_TRISB6                                           (abs)        0436
_TRISB7                                           (abs)        0437
__Habs1                                           abs1         0000
__Hbank0                                          bank0        0000
__Hbank1                                          bank1        0000
__Hbank2                                          bank2        0000
__Hbank3                                          bank3        0000
__HbssBANK0                                       bssBANK0     0000
__HbssBANK1                                       bssBANK1     0000
__HbssCOMMON                                      bssCOMMON    0000
__Hcinit                                          cinit        0000
__Hclrtext                                        clrtext      0000
__Hcode                                           code         0000
__Hcommon                                         common       0000
__Hconfig                                         config       2003
__HcstackBANK0                                    cstackBANK0  0000
__HcstackCOMMON                                   cstackCOMMON 0000
__HdataBANK0                                      dataBANK0    0000
__Heeprom_data                                    eeprom_data  0000
__Hend_init                                       end_init     0013
__Hfunctab                                        functab      0000
__HidataBANK0                                     idataBANK0   0000
__Hidloc                                          idloc        0000
__Hinit                                           init         0011
__Hintentry                                       intentry     0011
__Hmaintext                                       maintext     0000
__Hpa_nodes                                       pa_nodes     0000
__Hpowerup                                        powerup      0000
__Hram                                            ram          0000
__Hreset_vec                                      reset_vec    0002
__Hsfr0                                           sfr0         0000
__Hsfr1                                           sfr1         0000
__Hsfr2                                           sfr2         0000
__Hsfr3                                           sfr3         0000
__Hstrings                                        strings      0000
__Htext                                           text         0000
__Labs1                                           abs1         0000
__Lbank0                                          bank0        0000
__Lbank1                                          bank1        0000
__Lbank2                                          bank2        0000
__Lbank3                                          bank3        0000
__LbssBANK0                                       bssBANK0     0000
__LbssBANK1                                       bssBANK1     0000
__LbssCOMMON                                      bssCOMMON    0000
__Lcinit                                          cinit        0000
__Lclrtext                                        clrtext      0000
__Lcode                                           code         0000
__Lcommon                                         common       0000
__Lconfig                                         config       2000
__LcstackBANK0                                    cstackBANK0  0000
__LcstackCOMMON                                   cstackCOMMON 0000
__LdataBANK0                                      dataBANK0    0000
__Leeprom_data                                    eeprom_data  0000
__Lend_init                                       end_init     0011
__Lfunctab                                        functab      0000
__LidataBANK0                                     idataBANK0   0000
__Lidloc                                          idloc        0000
__Linit                                           init         0011
__Lintentry                                       intentry     0004
__Lmaintext                                       maintext     0000
__Lpa_nodes                                       pa_nodes     0000
__Lpowerup                                        powerup      0000
__Lram                                            ram          0000
__Lreset_vec                                      reset_vec    0000
__Lsfr0                                           sfr0         0000
__Lsfr1                                           sfr1         0000
__Lsfr2                                           sfr2         0000
__Lsfr3                                           sfr3         0000
__Lstrings                                        strings      0000
__Ltext                                           text         0000
__S0                                              (abs)        2003
__S1                                              (abs)        00E8
__end_of_AD_Sample                                text680      04EF
__end_of_Filter                                   text677      0497
__end_of_ISR                                      text706      0379
__end_of_adc_get                                  text706      0384
__end_of_adc_start                                text680      0507
__end_of_adc_test_init                            text680      0504
__end_of_clearAllTimer                            text676      0518
__end_of_clearPinPortAndTimer                     text676      0513
__end_of_clearThreeHoursTimer                     text676      051E
__end_of_clearTwelveHoursTimer                    text676      051B
__end_of_clearTwentySecondsTimer                  text676      0521
__end_of_clock_config                             text701      05AD
__end_of_clrSampeTime                             text692      05CF
__end_of_dac_init                                 text697      05C6
__end_of_getAD_ConvertFlag                        text680      04CF
__end_of_getAdOriginaCh4Value                     text677      03FB
__end_of_getAdOriginalCh14Value                   text677      0409
__end_of_getAdOriginalCh1Value                    text677      0402
__end_of_initPin                                  text702      0534
__end_of_isFinishedThreeHoursTimer                text686      05B2
__end_of_isFinishedTwelveHoursTimer               text690      05BC
__end_of_isFinishedTwentySecondsTimer             text688      05B7
__end_of_isPermitSampleTime                       text693      05C1
__end_of_main                                     maintext     031E
__end_of_op1_init                                 text696      0579
__end_of_op2_init                                 text695      05A5
__end_of_process_AD_Converter_Value               text680      04CB
__end_of_setAD_ConvertFlag                        text680      04D2
__end_of_startThreeHoursTimer                     text687      058C
__end_of_startTwelveHourTimer                     text691      0595
__end_of_startTwentySecondsTimer                  text689      05CA
__end_of_timer1_config                            text700      0583
__end_of_timer1_interrupt_config                  text699      05CD
__end_of_vPutSampleDataIntoTable                  text706      03E1
__end_ofi1_setAD_ConvertFlag                      text706      03E4
__pbssBANK0                                       bssBANK0     0049
__pbssBANK1                                       bssBANK1     00A0
__pbssCOMMON                                      bssCOMMON    007D
__pcstackBANK0                                    cstackBANK0  0020
__pcstackCOMMON                                   cstackCOMMON 0070
__pdataBANK0                                      dataBANK0    006F
__pidataBANK0                                     idataBANK0   0000
__pintentry                                       intentry     0004
__pmaintext                                       maintext     0013
__pswtext1                                        swtext1      0546
__pswtext2                                        swtext2      0554
__pswtext3                                        swtext3      0562
__ptext676                                        text676      0507
__ptext677                                        text677      03F4
__ptext678                                        text677      03FB
__ptext679                                        text677      0402
__ptext680                                        text680      04AD
__ptext681                                        text676      0513
__ptext682                                        text680      04D2
__ptext683                                        text680      04CF
__ptext684                                        text680      04CB
__ptext685                                        text677      0409
__ptext686                                        text686      05AD
__ptext687                                        text687      0583
__ptext688                                        text688      05B2
__ptext689                                        text689      05C6
__ptext690                                        text690      05B7
__ptext691                                        text691      058C
__ptext692                                        text692      05CD
__ptext693                                        text693      05BC
__ptext694                                        text680      0504
__ptext695                                        text695      059D
__ptext696                                        text696      056E
__ptext697                                        text697      05C1
__ptext698                                        text680      04EF
__ptext699                                        text699      05CA
__ptext700                                        text700      0579
__ptext701                                        text701      05A5
__ptext702                                        text702      0521
__ptext703                                        text676      051E
__ptext704                                        text676      051B
__ptext705                                        text676      0518
__ptext706                                        text706      031E
__ptext707                                        text706      03E1
__ptext708                                        text706      0379
__ptext709                                        text706      0384
__ptext710                                        text710      0000
__size_of_AD_Sample                               (abs)        0000
__size_of_Filter                                  (abs)        0000
__size_of_ISR                                     (abs)        0000
__size_of_adc_get                                 (abs)        0000
__size_of_adc_start                               (abs)        0000
__size_of_adc_test_init                           (abs)        0000
__size_of_clearAllTimer                           (abs)        0000
__size_of_clearPinPortAndTimer                    (abs)        0000
__size_of_clearThreeHoursTimer                    (abs)        0000
__size_of_clearTwelveHoursTimer                   (abs)        0000
__size_of_clearTwentySecondsTimer                 (abs)        0000
__size_of_clock_config                            (abs)        0000
__size_of_clrSampeTime                            (abs)        0000
__size_of_dac_init                                (abs)        0000
__size_of_getAD_ConvertFlag                       (abs)        0000
__size_of_getAdOriginaCh4Value                    (abs)        0000
__size_of_getAdOriginalCh14Value                  (abs)        0000
__size_of_getAdOriginalCh1Value                   (abs)        0000
__size_of_initPin                                 (abs)        0000
__size_of_isFinishedThreeHoursTimer               (abs)        0000
__size_of_isFinishedTwelveHoursTimer              (abs)        0000
__size_of_isFinishedTwentySecondsTimer            (abs)        0000
__size_of_isPermitSampleTime                      (abs)        0000
__size_of_main                                    (abs)        0000
__size_of_op1_init                                (abs)        0000
__size_of_op2_init                                (abs)        0000
__size_of_process_AD_Converter_Value              (abs)        0000
__size_of_setAD_ConvertFlag                       (abs)        0000
__size_of_startThreeHoursTimer                    (abs)        0000
__size_of_startTwelveHourTimer                    (abs)        0000
__size_of_startTwentySecondsTimer                 (abs)        0000
__size_of_timer1_config                           (abs)        0000
__size_of_timer1_interrupt_config                 (abs)        0000
__size_of_vPutSampleDataIntoTable                 (abs)        0000
__size_ofi1_setAD_ConvertFlag                     (abs)        0000
_adc_convert_flag                                 bssBANK0     0050
_adc_get                                          text706      0379
_adc_start                                        text680      0504
_adc_test_init                                    text680      04EF
_clearAllTimer                                    text676      0513
_clearPinPortAndTimer                             text676      0507
_clearThreeHoursTimer                             text676      051B
_clearTwelveHoursTimer                            text676      0518
_clearTwentySecondsTimer                          text676      051E
_clock_config                                     text701      05A5
_clrSampeTime                                     text692      05CD
_dac_init                                         text697      05C1
_exit                                             init         0011
_getAD_ConvertFlag                                text680      04CB
_getAdOriginaCh4Value                             text677      03F4
_getAdOriginalCh14Value                           text677      0402
_getAdOriginalCh1Value                            text677      03FB
_initPin                                          text702      0521
_isFinishedThreeHoursTimer                        text686      05AD
_isFinishedTwelveHoursTimer                       text690      05B7
_isFinishedTwentySecondsTimer                     text688      05B2
_isPermitSampleTime                               text693      05BC
_main                                             maintext     0013
_op1_init                                         text696      056E
_op2_init                                         text695      059D
_process_AD_Converter_Value                       text680      04AD
_sampleChannelSelect                              dataBANK0    006F
_sampleTimes                                      bssBANK0     0051
_setAD_ConvertFlag                                text680      04CF
_startThreeHoursTimer                             text687      0583
_startTwelveHourTimer                             text691      058C
_startTwentySecondsTimer                          text689      05C6
_timer                                            bssBANK0     0052
_timer1_config                                    text700      0579
_timer1_interrupt_config                          text699      05CA
_uiBigTimer                                       bssBANK0     0049
_uiSampleChannelFirst                             bssBANK1     00A0
_uiSampleChannelFourteenth                        bssBANK1     00B8
_uiSampleChannelFourth                            bssBANK1     00D0
_uiSmallTimer                                     bssBANK0     004B
_uiTwentySecondsTimer                             bssBANK0     004D
_vPutSampleDataIntoTable                          text706      0384
adc_get@val                                       cstackCOMMON 0072
adc_test_init@channel                             cstackBANK0  0022
adc_test_init@ref                                 cstackBANK0  0020
btemp                                             (abs)        007E
clear_ram                                         clrtext      0595
end_of_initialization                             cinit        0543
i1_setAD_ConvertFlag                              text706      03E1
i1l1642                                                            
i1l2385                                                            
i1l3940                                                            
i1l3942                                                            
i1l3946                                                            
i1l3950                                                            
i1l3958                                                            
i1l3962                                                            
i1l3970                                                            
i1l3974                                                            
i1l3984                                                            
i1l3986                                                            
i1l4016                                                            
i1l4020                                                            
i1l4022                                                            
i1l4026                                                            
i1l4038                                                            
i1l4040                                                            
i1l4046                                                            
i1l4050                                                            
i1l4054                                                            
i1setAD_ConvertFlag@flag                          cstackCOMMON 0070
interrupt_function                                intentry     0004
intlevel0                                         functab      0000
intlevel1                                         functab      0000
intlevel2                                         functab      0000
intlevel3                                         functab      0000
intlevel4                                         functab      0000
intlevel5                                         functab      0000
l1601                                                              
l1630                                                              
l1633                                                              
l1636                                                              
l1639                                                              
l1642                                                              
l1645                                                              
l1648                                                              
l1651                                                              
l1680                                                              
l1683                                                              
l1686                                                              
l1693                                                              
l1716                                                              
l2362                                                              
l2365                                                              
l2368                                                              
l2376                                                              
l2382                                                              
l3782                                                              
l3784                                                              
l3788                                                              
l3790                                                              
l3792                                                              
l3794                                                              
l3796                                                              
l3798                                                              
l3800                                                              
l3802                                                              
l3804                                                              
l3806                                                              
l3808                                                              
l3810                                                              
l3812                                                              
l3814                                                              
l3816                                                              
l3818                                                              
l3820                                                              
l3822                                                              
l3824                                                              
l3826                                                              
l3830                                                              
l3842                                                              
l3844                                                              
l3848                                                              
l3860                                                              
l3862                                                              
l3874                                                              
l3878                                                              
l3890                                                              
l3898                                                              
l3900                                                              
l3902                                                              
l3922                                                              
l3930                                                              
l3932                                                              
l3936                                                              
l3988                                                              
l3992                                                              
l3994                                                              
l3998                                                              
l4002                                                              
l4012                                                              
l4058                                                              
l4062                                                              
l4068                                                              
l4074                                                              
l4078                                                              
l4082                                                              
l4086                                                              
l4088                                                              
l4090                                                              
l4092                                                              
l4094                                                              
l4096                                                              
l4098                                                              
l4100                                                              
l4102                                                              
l4104                                                              
l4106                                                              
l4108                                                              
l4110                                                              
l4114                                                              
l4116                                                              
l4128                                                              
l4138                                                              
l4144                                                              
l4150                                                              
l4160                                                              
l4162                                                              
l4172                                                              
l4174                                                              
l4178                                                              
l4474                                                              
l4486                                                              
l4488                                                              
l4490                                                              
l4496                                                              
l4498                                                              
l4504                                                              
l4506                                                              
l4508                                                              
l4510                                                              
l4512                                                              
l4516                                                              
l4518                                                              
l4532                                                              
l4534                                                              
l4536                                                              
l4538                                                              
l4540                                                              
l4552                                                              
l4572                                                              
l4584                                                              
l4586                                                              
l4588                                                              
l4590                                                              
l677                                                               
l680                                                               
l683                                                               
main@cTimer1s_810                                 bssBANK0     0053
main@enumBranchStep                               bssBANK0     0054
main@enumInteralStep                              bssBANK0     0055
main@enumMainLoopStep                             bssBANK0     0056
main@ucADC4_Step                                  bssBANK0     0057
main@ucChannel4Type                               bssBANK0     0058
main@ucLoaderStep                                 bssBANK0     0059
main@ucLoaderStep1                                bssBANK0     005A
main@ucLoaderStep2                                bssBANK0     005B
main@ucLoaderStep3                                bssBANK0     005C
main@ucLoaderStep4                                bssBANK0     005D
main@ucTimer1s                                    bssBANK0     005E
main@ucTimer20s                                   bssBANK0     005F
main@ucTimerADC1ZeroP5s                           bssBANK0     0060
main@ucTimerDelay                                 bssBANK0     0061
main@ucTimerDelay1                                bssBANK0     0062
main@ucTimerDelay2                                bssBANK0     0063
main@ucTimerDelay3                                bssBANK0     0064
main@ucTimerDelay4                                bssBANK0     0065
main@ucTimerP3s                                   bssBANK0     0066
main@ucTimerP5s                                   bssBANK0     0067
main@ucTimerRightP5s                              bssBANK0     0068
main@ucTimerX1P5s                                 bssBANK0     0069
main@ucTimerX2P5s                                 bssBANK0     006A
main@ucTimerZeroPoint3s                           bssBANK0     006B
main@ucTimerZeroPoint5s                           bssBANK0     006C
reset_vec                                         reset_vec    0000
saved_w                                           (abs)        007E
setAD_ConvertFlag@flag                            cstackBANK0  0020
start                                             init         0011
startThreeHoursTimer@uiSetTime                    cstackBANK0  0020
startTwelveHourTimer@uiSetTime                    cstackBANK0  0020
start_initialization                              cinit        0534
vPutSampleDataIntoTable@channel                   cstackCOMMON 0076
vPutSampleDataIntoTable@i                         cstackCOMMON 0077
vPutSampleDataIntoTable@ucChannelFirstLength      bssCOMMON    007D
vPutSampleDataIntoTable@ucChannelFourteenthLength bssBANK0     006D
vPutSampleDataIntoTable@ucChannelFourthLength     bssBANK0     006E
vPutSampleDataIntoTable@uiSampleData              cstackCOMMON 0074
wtemp0                                            (abs)        007E
