HI-TECH Software C Compiler 

Linker command line:

--edf=C:\Program Files (x86)\HI-TECH Software\PICC\9.83\dat\en_msgs.txt -cs \
  -h+ProjTest.sym -z -Q16C77 -ol.obj -MProjTest.map -E1 -ACONST=00h-0FFhx16 \
  -ACODE=00h-07FFhx2 -ASTRCODE=00h-0FFFh -AENTRY=00h-0FFhx16 \
  -ASTRING=00h-0FFhx16 -ABANK0=020h-06Fh -ABANK1=0A0h-0EFh \
  -ABANK2=0110h-016Fh -ABANK3=0190h-01EFh \
  -ARAM=020h-06Fh,0A0h-0EFh,0110h-016Fh,0190h-01EFh \
  -AABS1=020h-07Fh,0A0h-0EFh,0110h-016Fh,0190h-01EFh -ACOMMON=070h-07Fh \
  -ASFR0=00h-01Fh -ASFR1=080h-09Fh -ASFR2=0100h-010Fh -ASFR3=0180h-018Fh \
  -preset_vec=00h,intentry=04h,init,end_init -ppowerup=CODE -pfunctab=CODE \
  -ACONFIG=02000h-02007h -pconfig=CONFIG -DCONFIG=2 -AIDLOC=02008h-0200Bh \
  -pidloc=IDLOC -DIDLOC=2 -DCODE=2 -DSTRCODE=2 -DSTRING=2 -DCONST=2 \
  -DENTRY=2 -k startup.obj ProjTest.obj 

Object code version is 3.10

Machine type is 16C77



                Name                               Link     Load   Length Selector   Space Scale
startup.obj     end_init                              B        B        2        8       0
                reset_vec                             0        0        2        0       0
ProjTest.obj    intentry                              4        4        7        8       0
                config                             2000     2000        3     4000       0
                text521                             192      192       4F        8       0
                text520                             240      240        8      3EA       0
                text519                             225      225        A      3EA       0
                text518                             276      276        3      3EA       0
                text517                             1F5      1F5       14      3EA       0
                text516                             267      267        5      3EA       0
                text515                             219      219        C      3EA       0
                text514                             22F      22F        9      3EA       0
                text512                             262      262        5      3EA       0
                text511                             279      279        2      3EA       0
                text510                             273      273        3      3EA       0
                text509                             270      270        3      3EA       0
                text508                             25D      25D        5      3EA       0
                text507                             26C      26C        4      3EA       0
                text506                             258      258        5      3EA       0
                text505                             248      248        6      3EA       0
                text504                             253      253        5      3EA       0
                text503                             24E      24E        5      3EA       0
                text498                             117      117       7B        8       0
                swtext1                             1E1      1E1       14      3C2       0
                maintext                              D        D      10A        8       0
                cstackBANK0                          40       40        5       20       1
                cstackCOMMON                         70       70        6       70       1
                clrtext                             238      238        8      3EA       0
                dataBANK0                            45       45        1       20       1
                bssBANK0                             20       20       20       20       1
                bssCOMMON                            76       76        5       70       1
                cinit                               209      209       10      3EA       0

TOTAL           Name                               Link     Load   Length     Space
        CLASS   CONST          
                swtext1                             1E1      1E1       14         0

        CLASS   CODE           
                end_init                              B        B        2         0
                intentry                              4        4        7         0
                reset_vec                             0        0        2         0
                text521                             192      192       4F         0
                text520                             240      240        8         0
                text519                             225      225        A         0
                text518                             276      276        3         0
                text517                             1F5      1F5       14         0
                text516                             267      267        5         0
                text515                             219      219        C         0
                text514                             22F      22F        9         0
                text512                             262      262        5         0
                text511                             279      279        2         0
                text510                             273      273        3         0
                text509                             270      270        3         0
                text508                             25D      25D        5         0
                text507                             26C      26C        4         0
                text506                             258      258        5         0
                text505                             248      248        6         0
                text504                             253      253        5         0
                text503                             24E      24E        5         0
                text498                             117      117       7B         0
                maintext                              D        D      10A         0
                clrtext                             238      238        8         0
                cinit                               209      209       10         0

        CLASS   STRCODE        

        CLASS   ENTRY          

        CLASS   STRING         

        CLASS   BANK0          
                cstackBANK0                          40       40        5         1
                dataBANK0                            45       45        1         1
                bssBANK0                             20       20       20         1

        CLASS   BANK1          

        CLASS   BANK2          

        CLASS   BANK3          

        CLASS   RAM            

        CLASS   ABS1           
                abs_s1                               7E       7E        2         1

        CLASS   COMMON         
                cstackCOMMON                         70       70        6         1
                bssCOMMON                            76       76        5         1

        CLASS   SFR0           

        CLASS   SFR1           

        CLASS   SFR2           

        CLASS   SFR3           

        CLASS   CONFIG         
                config                             2000     2000        3         0

        CLASS   IDLOC          

        CLASS   EEDATA         



SEGMENTS        Name                           Load    Length   Top    Selector   Space  Class     Delta

                reset_vec                      000000  000002  000002         0       0  CODE        2
                intentry                       000004  0001DD  0001E1         8       0  CODE        2
                bssBANK0                       000020  000026  000046        20       1  BANK0       1
                cstackCOMMON                   000070  00000B  00007B        70       1  COMMON      1
                swtext1                        0001E1  000014  0001F5       3C2       0  CONST       2
                text517                        0001F5  000086  00027B       3EA       0  CODE        2
                config                         002000  000003  002003      4000       0  CONFIG      2


UNUSED ADDRESS RANGES

        Name                Unused          Largest block    Delta
        BANK0            0046-006F             2A           1
        BANK1            00A0-00EF             50           1
        BANK2            0110-016F             60           1
        BANK3            0190-01EF             60           1
        CODE             0002-0003              2           2
                         027B-0FFF            585
        COMMON           007B-007D              3           1
        CONFIG           2003-2007              5           2
        CONST            0002-0003              2           2
                         027B-0FFF            100
        ENTRY            0002-0003              2           2
                         027B-0FFF            100
        IDLOC            2008-200B              4           2
        RAM              0046-006F             2A           1
                         00A0-00EF             50
                         0110-016F             60
                         0190-01EF             60
        SFR0             0000-001F             20           1
        SFR1             0080-009F             20           1
        SFR2             0100-010F             10           1
        SFR3             0180-018F             10           1
        STRCODE          0002-0003              2           2
                         027B-0FFF            D85
        STRING           0002-0003              2           2
                         027B-0FFF            100

                                  Symbol Table

??_AD_Sample                         cstackBANK0  0042
??_ISR                               cstackCOMMON 0074
??_adc_get                           cstackCOMMON 0072
??_adc_start                         cstackBANK0  0040
??_adc_test_init                     cstackBANK0  0041
??_clearBigTimer                     cstackBANK0  0040
??_clearSmallTimer                   cstackBANK0  0040
??_clock_config                      cstackBANK0  0040
??_clrSampeTime                      cstackBANK0  0040
??_dac_init                          cstackBANK0  0040
??_getAD_ConvertFlag                 cstackBANK0  0040
??_getAdOriginalCh13Value            cstackBANK0  0042
??_getAdOriginalValue                cstackBANK0  0042
??_isFinishedBigTimer                cstackBANK0  0040
??_isFinishedSmallTimer              cstackBANK0  0040
??_isPermitSampleTime                cstackBANK0  0040
??_main                              cstackBANK0  0045
??_op1_init                          cstackBANK0  0040
??_op2_init                          cstackBANK0  0040
??_process_AD_Converter_Value        cstackBANK0  0045
??_setAD_ConvertFlag                 cstackBANK0  0040
??_setDAC0_ChannelValue              cstackBANK0  0040
??_startBigTimer                     cstackBANK0  0040
??_startSmallTimer                   cstackBANK0  0040
??_timer1_config                     cstackBANK0  0040
??_timer1_interrupt_config           cstackBANK0  0040
??i1_setAD_ConvertFlag               cstackCOMMON 0070
?_AD_Sample                          cstackCOMMON 0070
?_ISR                                cstackCOMMON 0070
?_adc_get                            cstackCOMMON 0070
?_adc_start                          cstackCOMMON 0070
?_adc_test_init                      cstackBANK0  0040
?_clearBigTimer                      cstackCOMMON 0070
?_clearSmallTimer                    cstackCOMMON 0070
?_clock_config                       cstackCOMMON 0070
?_clrSampeTime                       cstackCOMMON 0070
?_dac_init                           cstackCOMMON 0070
?_getAD_ConvertFlag                  cstackCOMMON 0070
?_getAdOriginalCh13Value             cstackBANK0  0040
?_getAdOriginalValue                 cstackBANK0  0040
?_isFinishedBigTimer                 cstackCOMMON 0070
?_isFinishedSmallTimer               cstackCOMMON 0070
?_isPermitSampleTime                 cstackCOMMON 0070
?_main                               cstackCOMMON 0070
?_op1_init                           cstackCOMMON 0070
?_op2_init                           cstackCOMMON 0070
?_process_AD_Converter_Value         cstackCOMMON 0070
?_setAD_ConvertFlag                  cstackCOMMON 0070
?_setDAC0_ChannelValue               cstackCOMMON 0070
?_startBigTimer                      cstackCOMMON 0070
?_startSmallTimer                    cstackCOMMON 0070
?_timer1_config                      cstackCOMMON 0070
?_timer1_interrupt_config            cstackCOMMON 0070
?i1_setAD_ConvertFlag                cstackCOMMON 0070
AD_Sample@index                      cstackBANK0  0044
ISR@ucTimer1sCnt                     bssCOMMON    0078
_ADCON0                              (abs)        001F
_ADCON1                              (abs)        009F
_ADIE                                (abs)        046A
_ADIF                                (abs)        006A
_ADON                                (abs)        00F8
_ADRESH                              (abs)        001E
_ADRESL                              (abs)        009E
_AD_Sample                           text498      012B
_CLKPCE                              (abs)        0847
_CLKPR                               (abs)        0108
_DACCON                              (abs)        0087
_DACR0                               (abs)        0088
_GIE                                 (abs)        005F
_GO                                  (abs)        00F9
_ISR                                 text521      0192
_OP1CON0                             (abs)        001B
_OP1CON1                             (abs)        001C
_OP1CON2                             (abs)        001D
_OP2CON0                             (abs)        009B
_OP2CON1                             (abs)        009C
_OP2CON2                             (abs)        009D
_PA0                                 (abs)        0028
_PA1                                 (abs)        0029
_PA2                                 (abs)        002A
_PA3                                 (abs)        002B
_PB2                                 (abs)        0032
_PEIE                                (abs)        005E
_T1CON                               (abs)        0010
_TMR1H                               (abs)        000F
_TMR1IE                              (abs)        0460
_TMR1IF                              (abs)        0060
_TMR1L                               (abs)        000E
_TRISA0                              (abs)        0428
_TRISA1                              (abs)        0429
_TRISA2                              (abs)        042A
_TRISA3                              (abs)        042B
_TRISA7                              (abs)        042F
_TRISB0                              (abs)        0430
_TRISB1                              (abs)        0431
_TRISB2                              (abs)        0432
_TRISB3                              (abs)        0433
_TRISB4                              (abs)        0434
_TRISB5                              (abs)        0435
_TRISB6                              (abs)        0436
_TRISB7                              (abs)        0437
__Habs1                              abs1         0000
__Hbank0                             bank0        0000
__Hbank1                             bank1        0000
__Hbank2                             bank2        0000
__Hbank3                             bank3        0000
__HbssBANK0                          bssBANK0     0000
__HbssCOMMON                         bssCOMMON    0000
__Hcinit                             cinit        0000
__Hclrtext                           clrtext      0000
__Hcode                              code         0000
__Hcommon                            common       0000
__Hconfig                            config       2003
__HcstackBANK0                       cstackBANK0  0000
__HcstackCOMMON                      cstackCOMMON 0000
__HdataBANK0                         dataBANK0    0000
__Heeprom_data                       eeprom_data  0000
__Hend_init                          end_init     000D
__Hfunctab                           functab      0000
__HidataBANK0                        idataBANK0   0000
__Hidloc                             idloc        0000
__Hinit                              init         000B
__Hintentry                          intentry     000B
__Hmaintext                          maintext     0000
__Hpa_nodes                          pa_nodes     0000
__Hpowerup                           powerup      0000
__Hram                               ram          0000
__Hreset_vec                         reset_vec    0002
__Hsfr0                              sfr0         0000
__Hsfr1                              sfr1         0000
__Hsfr2                              sfr2         0000
__Hsfr3                              sfr3         0000
__Hstrings                           strings      0000
__Htext                              text         0000
__Labs1                              abs1         0000
__Lbank0                             bank0        0000
__Lbank1                             bank1        0000
__Lbank2                             bank2        0000
__Lbank3                             bank3        0000
__LbssBANK0                          bssBANK0     0000
__LbssCOMMON                         bssCOMMON    0000
__Lcinit                             cinit        0000
__Lclrtext                           clrtext      0000
__Lcode                              code         0000
__Lcommon                            common       0000
__Lconfig                            config       2000
__LcstackBANK0                       cstackBANK0  0000
__LcstackCOMMON                      cstackCOMMON 0000
__LdataBANK0                         dataBANK0    0000
__Leeprom_data                       eeprom_data  0000
__Lend_init                          end_init     000B
__Lfunctab                           functab      0000
__LidataBANK0                        idataBANK0   0000
__Lidloc                             idloc        0000
__Linit                              init         000B
__Lintentry                          intentry     0004
__Lmaintext                          maintext     0000
__Lpa_nodes                          pa_nodes     0000
__Lpowerup                           powerup      0000
__Lram                               ram          0000
__Lreset_vec                         reset_vec    0000
__Lsfr0                              sfr0         0000
__Lsfr1                              sfr1         0000
__Lsfr2                              sfr2         0000
__Lsfr3                              sfr3         0000
__Lstrings                           strings      0000
__Ltext                              text         0000
__S0                                 (abs)        2003
__S1                                 (abs)        007B
__end_of_AD_Sample                   text498      0183
__end_of_ISR                         text521      01D3
__end_of_adc_get                     text521      01DE
__end_of_adc_start                   text498      012B
__end_of_adc_test_init               text517      0209
__end_of_clearBigTimer               text510      0276
__end_of_clearSmallTimer             text509      0273
__end_of_clock_config                text520      0248
__end_of_clrSampeTime                text511      027B
__end_of_dac_init                    text516      026C
__end_of_getAD_ConvertFlag           text498      0123
__end_of_getAdOriginalCh13Value      text508      0262
__end_of_getAdOriginalValue          text498      0188
__end_of_isFinishedBigTimer          text504      0258
__end_of_isFinishedSmallTimer        text503      0253
__end_of_isPermitSampleTime          text512      0267
__end_of_main                        maintext     0117
__end_of_op1_init                    text515      0225
__end_of_op2_init                    text514      0238
__end_of_process_AD_Converter_Value  text498      0121
__end_of_setAD_ConvertFlag           text498      0128
__end_of_setDAC0_ChannelValue        text507      0270
__end_of_startBigTimer               text506      025D
__end_of_startSmallTimer             text505      024E
__end_of_timer1_config               text519      022F
__end_of_timer1_interrupt_config     text518      0279
__end_ofi1_setAD_ConvertFlag         text521      01E1
__pbssBANK0                          bssBANK0     0020
__pbssCOMMON                         bssCOMMON    0076
__pcstackBANK0                       cstackBANK0  0040
__pcstackCOMMON                      cstackCOMMON 0070
__pdataBANK0                         dataBANK0    0045
__pidataBANK0                        idataBANK0   0000
__pintentry                          intentry     0004
__pmaintext                          maintext     000D
__pswtext1                           swtext1      01E1
__ptext498                           text498      0117
__ptext499                           text498      012B
__ptext500                           text498      0183
__ptext501                           text498      0123
__ptext502                           text498      0121
__ptext503                           text503      024E
__ptext504                           text504      0253
__ptext505                           text505      0248
__ptext506                           text506      0258
__ptext507                           text507      026C
__ptext508                           text508      025D
__ptext509                           text509      0270
__ptext510                           text510      0273
__ptext511                           text511      0279
__ptext512                           text512      0262
__ptext513                           text498      0128
__ptext514                           text514      022F
__ptext515                           text515      0219
__ptext516                           text516      0267
__ptext517                           text517      01F5
__ptext518                           text518      0276
__ptext519                           text519      0225
__ptext520                           text520      0240
__ptext521                           text521      0192
__ptext522                           text521      01DE
__ptext523                           text521      01D3
__ptext524                           text524      0000
__size_of_AD_Sample                  (abs)        0000
__size_of_ISR                        (abs)        0000
__size_of_adc_get                    (abs)        0000
__size_of_adc_start                  (abs)        0000
__size_of_adc_test_init              (abs)        0000
__size_of_clearBigTimer              (abs)        0000
__size_of_clearSmallTimer            (abs)        0000
__size_of_clock_config               (abs)        0000
__size_of_clrSampeTime               (abs)        0000
__size_of_dac_init                   (abs)        0000
__size_of_getAD_ConvertFlag          (abs)        0000
__size_of_getAdOriginalCh13Value     (abs)        0000
__size_of_getAdOriginalValue         (abs)        0000
__size_of_isFinishedBigTimer         (abs)        0000
__size_of_isFinishedSmallTimer       (abs)        0000
__size_of_isPermitSampleTime         (abs)        0000
__size_of_main                       (abs)        0000
__size_of_op1_init                   (abs)        0000
__size_of_op2_init                   (abs)        0000
__size_of_process_AD_Converter_Value (abs)        0000
__size_of_setAD_ConvertFlag          (abs)        0000
__size_of_setDAC0_ChannelValue       (abs)        0000
__size_of_startBigTimer              (abs)        0000
__size_of_startSmallTimer            (abs)        0000
__size_of_timer1_config              (abs)        0000
__size_of_timer1_interrupt_config    (abs)        0000
__size_ofi1_setAD_ConvertFlag        (abs)        0000
_adc_convert_flag                    bssCOMMON    0079
_adc_get                             text521      01D3
_adc_original_CH13_value             bssBANK0     002C
_adc_original_value                  bssBANK0     002E
_adc_start                           text498      0128
_adc_test_init                       text517      01F5
_buffer_Sample_AD_Value              bssBANK0     0020
_clearBigTimer                       text510      0273
_clearSmallTimer                     text509      0270
_clock_config                        text520      0240
_clrSampeTime                        text511      0279
_dac_init                            text516      0267
_exit                                init         000B
_getAD_ConvertFlag                   text498      0121
_getAdOriginalCh13Value              text508      025D
_getAdOriginalValue                  text498      0183
_isFinishedBigTimer                  text504      0253
_isFinishedSmallTimer                text503      024E
_isPermitSampleTime                  text512      0262
_main                                maintext     000D
_multiFilterMaxValue                 bssBANK0     0030
_multiFilterMinValue                 bssBANK0     0032
_op1_init                            text515      0219
_op2_init                            text514      022F
_process_AD_Converter_Value          text498      0117
_sampleChannelSelect                 dataBANK0    0045
_sampleTimes                         bssBANK0     0036
_setAD_ConvertFlag                   text498      0123
_setDAC0_ChannelValue                text507      026C
_startBigTimer                       text506      0258
_startSmallTimer                     text505      0248
_timer                               bssCOMMON    007A
_timer1_config                       text519      0225
_timer1_interrupt_config             text518      0276
_uiBigTimer                          bssCOMMON    0076
_uiSmallTimer                        bssBANK0     0034
adc_get@val                          cstackCOMMON 0072
adc_test_init@channel                cstackBANK0  0042
adc_test_init@ref                    cstackBANK0  0040
btemp                                (abs)        007E
clear_ram                            clrtext      0238
end_of_initialization                cinit        0216
i1_setAD_ConvertFlag                 text521      01DE
i1l1413                                               
i1l2139                                               
i1l3026                                               
i1l3030                                               
i1l3032                                               
i1l3036                                               
i1l3046                                               
i1l3048                                               
i1l3050                                               
i1l3056                                               
i1l3060                                               
i1setAD_ConvertFlag@flag             cstackCOMMON 0070
interrupt_function                   intentry     0004
intlevel0                            functab      0000
intlevel1                            functab      0000
intlevel2                            functab      0000
intlevel3                            functab      0000
intlevel4                            functab      0000
intlevel5                            functab      0000
l1401                                                 
l1404                                                 
l1407                                                 
l1410                                                 
l1413                                                 
l1416                                                 
l1422                                                 
l1449                                                 
l1452                                                 
l1455                                                 
l1458                                                 
l1461                                                 
l1479                                                 
l2116                                                 
l2119                                                 
l2122                                                 
l2130                                                 
l2136                                                 
l2920                                                 
l2922                                                 
l2924                                                 
l2926                                                 
l2928                                                 
l2930                                                 
l2932                                                 
l2934                                                 
l2936                                                 
l2938                                                 
l2940                                                 
l2942                                                 
l2944                                                 
l2946                                                 
l2948                                                 
l2950                                                 
l2952                                                 
l2954                                                 
l2956                                                 
l2958                                                 
l2960                                                 
l2964                                                 
l2976                                                 
l2978                                                 
l2980                                                 
l2982                                                 
l2986                                                 
l2988                                                 
l2990                                                 
l2992                                                 
l3004                                                 
l3016                                                 
l3020                                                 
l3022                                                 
l3062                                                 
l3066                                                 
l3078                                                 
l3082                                                 
l3100                                                 
l3102                                                 
l3104                                                 
l3108                                                 
l3110                                                 
l3112                                                 
l3114                                                 
l3116                                                 
l3118                                                 
l3120                                                 
l3122                                                 
l3124                                                 
l3126                                                 
l3130                                                 
l3134                                                 
l3138                                                 
l3140                                                 
l3142                                                 
l3174                                                 
l3176                                                 
l3178                                                 
l3182                                                 
l3188                                                 
l3194                                                 
l3196                                                 
l3198                                                 
l3210                                                 
l3228                                                 
l3246                                                 
l3248                                                 
main@ampStep                         bssBANK0     0037
main@tDA_timer                       bssBANK0     0038
main@ucBigTimerActionFlag            bssBANK0     0039
main@ucCheckBatteryCnt               bssBANK0     003A
main@ucConfirmTimer1S                bssBANK0     003B
main@ucConfirmTimerZptS              bssBANK0     003C
main@ucInit                          bssBANK0     003D
main@ucInstalledBatteryCnt           bssBANK0     003E
main@ucWaitTime1S                    bssBANK0     003F
reset_vec                            reset_vec    0000
saved_w                              (abs)        007E
setAD_ConvertFlag@flag               cstackBANK0  0040
setDAC0_ChannelValue@ucValue         cstackBANK0  0040
start                                init         000B
start_initialization                 cinit        0209
wtemp0                               (abs)        007E
