HI-TECH Software C Compiler 

Linker command line:

--edf=C:\Program Files (x86)\HI-TECH Software\PICC\9.83\dat\en_msgs.txt -cs \
  -h+ProjTest.sym -z -Q16C77 -ol.obj -MProjTest.map -E1 -ACONST=00h-0FFhx16 \
  -ACODE=00h-07FFhx2 -ASTRCODE=00h-0FFFh -AENTRY=00h-0FFhx16 \
  -ASTRING=00h-0FFhx16 -ABANK0=020h-06Fh -ABANK1=0A0h-0EFh \
  -ABANK2=0110h-016Fh -ABANK3=0190h-01EFh \
  -ARAM=020h-06Fh,0A0h-0EFh,0110h-016Fh,0190h-01EFh \
  -AABS1=020h-07Fh,0A0h-0EFh,0110h-016Fh,0190h-01EFh -ACOMMON=070h-07Fh \
  -ASFR0=00h-01Fh -ASFR1=080h-09Fh -ASFR2=0100h-010Fh -ASFR3=0180h-018Fh \
  -preset_vec=00h,intentry=04h,init,end_init -ppowerup=CODE -pfunctab=CODE \
  -ACONFIG=02000h-02007h -pconfig=CONFIG -DCONFIG=2 -AIDLOC=02008h-0200Bh \
  -pidloc=IDLOC -DIDLOC=2 -DCODE=2 -DSTRCODE=2 -DSTRING=2 -DCONST=2 \
  -DENTRY=2 -k startup.obj ProjTest.obj 

Object code version is 3.10

Machine type is 16C77



                Name                               Link     Load   Length Selector   Space Scale
startup.obj     end_init                             11       11        2        8       0
                reset_vec                             0        0        2        0       0
ProjTest.obj    intentry                              4        4        D        8       0
                config                             2000     2000        3     4000       0
                text1267                             13       13      206        8       0
                text1266                            5DE      5DE        5        8       0
                text1265                            5D9      5D9        5        8       0
                text1257                            53C      53C       16        8       0
                text1256                            5E3      5E3        4        8       0
                text1255                            5EC      5EC        1        8       0
                text1254                            5C7      5C7        8        8       0
                text1253                            5B5      5B5        A        8       0
                text1252                            5E7      5E7        3        8       0
                text1250                            57C      57C        E        8       0
                text1248                            5D4      5D4        5        8       0
                text1247                            5EA      5EA        2        8       0
                text1246                            5A0      5A0        B        8       0
                text1245                            5CF      5CF        5        8       0
                text1244                            56E      56E        E        8       0
                text1243                            595      595        B        8       0
                text1242                            560      560        E        8       0
                text1241                            58A      58A        B        8       0
                text1240                            552      552        E        8       0
                text1239                            5AB      5AB        A        8       0
                text1234                            4F5      4F5       28        8       0
                text1233                            4CC      4CC       29        8       0
                text1232                            478      478       54        8       0
                text1231                            3C1      3C1       B7        8       0
                maintext                            219      219      1A8        8       0
                cstackBANK0                          20       20       28       20       1
                cstackCOMMON                         70       70        B       70       1
                cstackBANK1                          A0       A0       29       A0       1
                clrtext                             5BF      5BF        8        8       0
                bssBANK3                            190      190       28      190       1
                dataBANK1                            E2       E2        1       A0       1
                bssBANK1                             C9       C9       19       A0       1
                dataBANK0                            6D       6D        1       20       1
                bssBANK0                             48       48       25       20       1
                bssCOMMON                            7B       7B        3       70       1
                cinit                               51D      51D       1F        8       0

TOTAL           Name                               Link     Load   Length     Space
        CLASS   CONST          

        CLASS   CODE           
                end_init                             11       11        2         0
                intentry                              4        4        D         0
                reset_vec                             0        0        2         0
                text1267                             13       13      206         0
                text1266                            5DE      5DE        5         0
                text1265                            5D9      5D9        5         0
                text1257                            53C      53C       16         0
                text1256                            5E3      5E3        4         0
                text1255                            5EC      5EC        1         0
                text1254                            5C7      5C7        8         0
                text1253                            5B5      5B5        A         0
                text1252                            5E7      5E7        3         0
                text1250                            57C      57C        E         0
                text1248                            5D4      5D4        5         0
                text1247                            5EA      5EA        2         0
                text1246                            5A0      5A0        B         0
                text1245                            5CF      5CF        5         0
                text1244                            56E      56E        E         0
                text1243                            595      595        B         0
                text1242                            560      560        E         0
                text1241                            58A      58A        B         0
                text1240                            552      552        E         0
                text1239                            5AB      5AB        A         0
                text1234                            4F5      4F5       28         0
                text1233                            4CC      4CC       29         0
                text1232                            478      478       54         0
                text1231                            3C1      3C1       B7         0
                maintext                            219      219      1A8         0
                clrtext                             5BF      5BF        8         0
                cinit                               51D      51D       1F         0

        CLASS   STRCODE        

        CLASS   ENTRY          

        CLASS   STRING         

        CLASS   BANK0          
                cstackBANK0                          20       20       28         1
                dataBANK0                            6D       6D        1         1
                bssBANK0                             48       48       25         1

        CLASS   BANK1          
                cstackBANK1                          A0       A0       29         1
                dataBANK1                            E2       E2        1         1
                bssBANK1                             C9       C9       19         1

        CLASS   BANK2          

        CLASS   BANK3          
                bssBANK3                            190      190       28         1

        CLASS   RAM            

        CLASS   ABS1           
                abs_s1                               7E       7E        2         1

        CLASS   COMMON         
                cstackCOMMON                         70       70        B         1
                bssCOMMON                            7B       7B        3         1

        CLASS   SFR0           

        CLASS   SFR1           

        CLASS   SFR2           

        CLASS   SFR3           

        CLASS   CONFIG         
                config                             2000     2000        3         0

        CLASS   IDLOC          

        CLASS   EEDATA         



SEGMENTS        Name                           Load    Length   Top    Selector   Space  Class     Delta

                reset_vec                      000000  000002  000002         0       0  CODE        2
                intentry                       000004  0005E9  0005ED         8       0  CODE        2
                cstackBANK0                    000020  00004E  00006E        20       1  BANK0       1
                cstackCOMMON                   000070  00000E  00007E        70       1  COMMON      1
                cstackBANK1                    0000A0  000043  0000E3        A0       1  BANK1       1
                bssBANK3                       000190  000028  0001B8       190       1  BANK3       1
                config                         002000  000003  002003      4000       0  CONFIG      2


UNUSED ADDRESS RANGES

        Name                Unused          Largest block    Delta
        BANK0            006E-006F              2           1
        BANK1            00E3-00EF              D           1
        BANK2            0110-016F             60           1
        BANK3            01B8-01EF             38           1
        CODE             0002-0003              2           2
                         05ED-0FFF            213
        CONFIG           2003-2007              5           2
        CONST            0002-0003              2           2
                         05ED-0FFF            100
        ENTRY            0002-0003              2           2
                         05ED-0FFF            100
        IDLOC            2008-200B              4           2
        RAM              006E-006F              2           1
                         00E3-00EF              D
                         0110-016F             60
                         01B8-01EF             38
        SFR0             0000-001F             20           1
        SFR1             0080-009F             20           1
        SFR2             0100-010F             10           1
        SFR3             0180-018F             10           1
        STRCODE          0002-0003              2           2
                         05ED-0FFF            A13
        STRING           0002-0003              2           2
                         05ED-0FFF            100

                                  Symbol Table

??_AD_Sample                                      cstackBANK1  00A0
??_Filter                                         cstackBANK1  00A2
??_ISR                                            cstackBANK0  0044
??_adc_get                                        cstackCOMMON 0072
??_adc_start                                      cstackBANK1  00A0
??_adc_test_init                                  cstackBANK1  00A1
??_clearThreeHoursTimer                           cstackBANK1  00A0
??_clearTwelveHoursTimer                          cstackBANK1  00A0
??_clearTwentyMinTimer                            cstackBANK1  00A0
??_clock_config                                   cstackBANK1  00A0
??_clrSampeTime                                   cstackBANK1  00A0
??_getAD_ConvertFlag                              cstackBANK1  00A0
??_getAdOriginalCh13Value                         cstackBANK1  00C4
??_initPB2_AsHighResistence                       cstackBANK1  00A0
??_initPB3                                        cstackBANK1  00A0
??_initPB4                                        cstackBANK1  00A0
??_initPB5                                        cstackBANK1  00A0
??_initPin                                        cstackBANK1  00A1
??_isFinishedOneHoursTimer                        cstackBANK1  00A0
??_isFinishedThreeHoursTimer                      cstackBANK1  00A0
??_isFinishedTwelveHoursTimer                     cstackBANK1  00A0
??_isFinishedTwentyMinTimer                       cstackBANK1  00A0
??_isPermitSampleTime                             cstackBANK1  00A0
??_main                                           cstackBANK1  00C4
??_process_AD_Converter_Value                     cstackBANK1  00A3
??_pwm_start                                      cstackBANK1  00A1
??_reset                                          cstackBANK1  00A0
??_selectAdChannel                                cstackBANK1  00A0
??_setAD_ConvertFlag                              cstackBANK1  00A0
??_setPB3                                         cstackBANK1  00A0
??_setPB4                                         cstackBANK1  00A0
??_setPB5                                         cstackBANK1  00A0
??_setPWM_Width                                   cstackCOMMON 0070
??_setPinInitVaule                                cstackBANK1  00A1
??_startOneHoursTimer                             cstackBANK1  00A2
??_startThreeHoursTimer                           cstackBANK1  00A2
??_startTwelveHourTimer                           cstackBANK1  00A2
??_startTwentyMinTimer                            cstackBANK1  00A2
??_timer1_config                                  cstackBANK1  00A0
??_timer1_interrupt_config                        cstackBANK1  00A0
??_vPutSampleDataIntoTable                        cstackCOMMON 0079
??i1_Filter                                       cstackCOMMON 0072
??i1_setAD_ConvertFlag                            cstackCOMMON 0070
?_AD_Sample                                       cstackCOMMON 0070
?_Filter                                          cstackBANK1  00A0
?_ISR                                             cstackCOMMON 0070
?_adc_get                                         cstackCOMMON 0070
?_adc_start                                       cstackCOMMON 0070
?_adc_test_init                                   cstackBANK1  00A0
?_clearThreeHoursTimer                            cstackCOMMON 0070
?_clearTwelveHoursTimer                           cstackCOMMON 0070
?_clearTwentyMinTimer                             cstackCOMMON 0070
?_clock_config                                    cstackCOMMON 0070
?_clrSampeTime                                    cstackCOMMON 0070
?_getAD_ConvertFlag                               cstackCOMMON 0070
?_getAdOriginalCh13Value                          cstackBANK1  00C2
?_initPB2_AsHighResistence                        cstackCOMMON 0070
?_initPB3                                         cstackCOMMON 0070
?_initPB4                                         cstackCOMMON 0070
?_initPB5                                         cstackCOMMON 0070
?_initPin                                         cstackCOMMON 0070
?_isFinishedOneHoursTimer                         cstackCOMMON 0070
?_isFinishedThreeHoursTimer                       cstackCOMMON 0070
?_isFinishedTwelveHoursTimer                      cstackCOMMON 0070
?_isFinishedTwentyMinTimer                        cstackCOMMON 0070
?_isPermitSampleTime                              cstackCOMMON 0070
?_main                                            cstackCOMMON 0070
?_process_AD_Converter_Value                      cstackCOMMON 0070
?_pwm_start                                       cstackBANK1  00A0
?_reset                                           cstackCOMMON 0070
?_selectAdChannel                                 cstackCOMMON 0070
?_setAD_ConvertFlag                               cstackCOMMON 0070
?_setPB3                                          cstackCOMMON 0070
?_setPB4                                          cstackCOMMON 0070
?_setPB5                                          cstackCOMMON 0070
?_setPWM_Width                                    cstackCOMMON 0070
?_setPinInitVaule                                 cstackCOMMON 0070
?_startOneHoursTimer                              cstackBANK1  00A0
?_startThreeHoursTimer                            cstackBANK1  00A0
?_startTwelveHourTimer                            cstackBANK1  00A0
?_startTwentyMinTimer                             cstackBANK1  00A0
?_timer1_config                                   cstackCOMMON 0070
?_timer1_interrupt_config                         cstackCOMMON 0070
?_vPutSampleDataIntoTable                         cstackCOMMON 0076
?i1_Filter                                        cstackCOMMON 0070
?i1_setAD_ConvertFlag                             cstackCOMMON 0070
Filter@cir                                        cstackBANK1  00BE
Filter@filter_buf                                 cstackBANK1  00A6
Filter@filter_sum                                 cstackBANK1  00BC
Filter@filter_temp                                cstackBANK1  00BA
Filter@i                                          cstackBANK1  00C1
Filter@j                                          cstackBANK1  00C0
Filter@tmpValue                                   cstackBANK1  00A0
ISR@ucTimer1sCnt                                  bssBANK0     0054
_ADCON0                                           (abs)        001F
_ADCON1                                           (abs)        009F
_ADIE                                             (abs)        046A
_ADIF                                             (abs)        006A
_ADON                                             (abs)        00F8
_ADRESH                                           (abs)        001E
_ADRESL                                           (abs)        009E
_AD_Sample                                        text1232     0498
_CCP1CON                                          (abs)        0017
_CCPR1L                                           (abs)        0015
_CLKPCE                                           (abs)        0847
_CLKPR                                            (abs)        0108
_Filter                                           text1231     03CB
_GIE                                              (abs)        005F
_GO                                               (abs)        00F9
_ISR                                              text1267     0013
_PB2                                              (abs)        0032
_PB3                                              (abs)        0033
_PB4                                              (abs)        0034
_PB5                                              (abs)        0035
_PBOD2                                            (abs)        0C42
_PEIE                                             (abs)        005E
_PR2                                              (abs)        0092
_T1CON                                            (abs)        0010
_T2CON                                            (abs)        0012
_TMR1H                                            (abs)        000F
_TMR1IE                                           (abs)        0460
_TMR1IF                                           (abs)        0060
_TMR1L                                            (abs)        000E
_TRISB0                                           (abs)        0430
_TRISB1                                           (abs)        0431
_TRISB2                                           (abs)        0432
_TRISB3                                           (abs)        0433
_TRISB4                                           (abs)        0434
_TRISB5                                           (abs)        0435
__Habs1                                           abs1         0000
__Hbank0                                          bank0        0000
__Hbank1                                          bank1        0000
__Hbank2                                          bank2        0000
__Hbank3                                          bank3        0000
__HbssBANK0                                       bssBANK0     0000
__HbssBANK1                                       bssBANK1     0000
__HbssBANK3                                       bssBANK3     0000
__HbssCOMMON                                      bssCOMMON    0000
__Hcinit                                          cinit        0000
__Hclrtext                                        clrtext      0000
__Hcode                                           code         0000
__Hcommon                                         common       0000
__Hconfig                                         config       2003
__HcstackBANK0                                    cstackBANK0  0000
__HcstackBANK1                                    cstackBANK1  0000
__HcstackCOMMON                                   cstackCOMMON 0000
__HdataBANK0                                      dataBANK0    0000
__HdataBANK1                                      dataBANK1    0000
__Heeprom_data                                    eeprom_data  0000
__Hend_init                                       end_init     0013
__Hfunctab                                        functab      0000
__HidataBANK0                                     idataBANK0   0000
__HidataBANK1                                     idataBANK1   0000
__Hidloc                                          idloc        0000
__Hinit                                           init         0011
__Hintentry                                       intentry     0011
__Hmaintext                                       maintext     0000
__Hpa_nodes                                       pa_nodes     0000
__Hpowerup                                        powerup      0000
__Hram                                            ram          0000
__Hreset_vec                                      reset_vec    0002
__Hsfr0                                           sfr0         0000
__Hsfr1                                           sfr1         0000
__Hsfr2                                           sfr2         0000
__Hsfr3                                           sfr3         0000
__Hstrings                                        strings      0000
__Htext                                           text         0000
__Labs1                                           abs1         0000
__Lbank0                                          bank0        0000
__Lbank1                                          bank1        0000
__Lbank2                                          bank2        0000
__Lbank3                                          bank3        0000
__LbssBANK0                                       bssBANK0     0000
__LbssBANK1                                       bssBANK1     0000
__LbssBANK3                                       bssBANK3     0000
__LbssCOMMON                                      bssCOMMON    0000
__Lcinit                                          cinit        0000
__Lclrtext                                        clrtext      0000
__Lcode                                           code         0000
__Lcommon                                         common       0000
__Lconfig                                         config       2000
__LcstackBANK0                                    cstackBANK0  0000
__LcstackBANK1                                    cstackBANK1  0000
__LcstackCOMMON                                   cstackCOMMON 0000
__LdataBANK0                                      dataBANK0    0000
__LdataBANK1                                      dataBANK1    0000
__Leeprom_data                                    eeprom_data  0000
__Lend_init                                       end_init     0011
__Lfunctab                                        functab      0000
__LidataBANK0                                     idataBANK0   0000
__LidataBANK1                                     idataBANK1   0000
__Lidloc                                          idloc        0000
__Linit                                           init         0011
__Lintentry                                       intentry     0004
__Lmaintext                                       maintext     0000
__Lpa_nodes                                       pa_nodes     0000
__Lpowerup                                        powerup      0000
__Lram                                            ram          0000
__Lreset_vec                                      reset_vec    0000
__Lsfr0                                           sfr0         0000
__Lsfr1                                           sfr1         0000
__Lsfr2                                           sfr2         0000
__Lsfr3                                           sfr3         0000
__Lstrings                                        strings      0000
__Ltext                                           text         0000
__S0                                              (abs)        2003
__S1                                              (abs)        01B8
__end_of_AD_Sample                                text1232     04AD
__end_of_Filter                                   text1231     0462
__end_of_ISR                                      text1267     007C
__end_of_adc_get                                  text1267     0088
__end_of_adc_start                                text1232     04CC
__end_of_adc_test_init                            text1232     04C8
__end_of_clearThreeHoursTimer                     text1265     05DE
__end_of_clearTwelveHoursTimer                    text1266     05E3
__end_of_clearTwentyMinTimer                      text1245     05D4
__end_of_clock_config                             text1254     05CF
__end_of_clrSampeTime                             text1247     05EC
__end_of_getAD_ConvertFlag                        text1232     0493
__end_of_getAdOriginalCh13Value                   text1231     03CB
__end_of_initPB2_AsHighResistence                 text1234     050D
__end_of_initPB3                                  text1234     0508
__end_of_initPB4                                  text1234     0515
__end_of_initPB5                                  text1234     051D
__end_of_initPin                                  text1234     04FF
__end_of_isFinishedOneHoursTimer                  text1239     05B5
__end_of_isFinishedThreeHoursTimer                text1241     0595
__end_of_isFinishedTwelveHoursTimer               text1243     05A0
__end_of_isFinishedTwentyMinTimer                 text1246     05AB
__end_of_isPermitSampleTime                       text1248     05D9
__end_of_main                                     maintext     03C1
__end_of_process_AD_Converter_Value               text1232     048F
__end_of_pwm_start                                text1257     0552
__end_of_reset                                    text1256     05E3
__end_of_selectAdChannel                          text1256     05E7
__end_of_setAD_ConvertFlag                        text1232     0498
__end_of_setPB3                                   text1233     04DF
__end_of_setPB4                                   text1233     04EA
__end_of_setPB5                                   text1233     04F5
__end_of_setPWM_Width                             text1267     01EA
__end_of_setPinInitVaule                          text1233     04D4
__end_of_startOneHoursTimer                       text1240     0560
__end_of_startThreeHoursTimer                     text1242     056E
__end_of_startTwelveHourTimer                     text1244     057C
__end_of_startTwentyMinTimer                      text1250     058A
__end_of_timer1_config                            text1253     05BF
__end_of_timer1_interrupt_config                  text1252     05EA
__end_of_vPutSampleDataIntoTable                  text1267     0148
__end_ofi1_Filter                                 text1267     01E1
__end_ofi1_setAD_ConvertFlag                      text1267     008B
__pbssBANK0                                       bssBANK0     0048
__pbssBANK1                                       bssBANK1     00C9
__pbssBANK3                                       bssBANK3     0190
__pbssCOMMON                                      bssCOMMON    007B
__pcstackBANK0                                    cstackBANK0  0020
__pcstackBANK1                                    cstackBANK1  00A0
__pcstackCOMMON                                   cstackCOMMON 0070
__pdataBANK0                                      dataBANK0    006D
__pdataBANK1                                      dataBANK1    00E2
__pidataBANK0                                     idataBANK0   0000
__pidataBANK1                                     idataBANK1   0000
__pintentry                                       intentry     0004
__pmaintext                                       maintext     0219
__ptext1231                                       text1231     03C1
__ptext1232                                       text1232     0478
__ptext1233                                       text1233     04CC
__ptext1234                                       text1234     04F5
__ptext1235                                       text1232     0498
__ptext1236                                       text1232     0493
__ptext1237                                       text1232     048F
__ptext1238                                       text1231     03CB
__ptext1239                                       text1239     05AB
__ptext1240                                       text1240     0552
__ptext1241                                       text1241     058A
__ptext1242                                       text1242     0560
__ptext1243                                       text1243     0595
__ptext1244                                       text1244     056E
__ptext1245                                       text1245     05CF
__ptext1246                                       text1246     05A0
__ptext1247                                       text1247     05EA
__ptext1248                                       text1248     05D4
__ptext1249                                       text1232     04C8
__ptext1250                                       text1250     057C
__ptext1251                                       text1232     04AD
__ptext1252                                       text1252     05E7
__ptext1253                                       text1253     05B5
__ptext1254                                       text1254     05C7
__ptext1255                                       text1255     05EC
__ptext1256                                       text1256     05E3
__ptext1257                                       text1257     053C
__ptext1258                                       text1234     0508
__ptext1259                                       text1233     04EA
__ptext1260                                       text1234     0515
__ptext1261                                       text1233     04DF
__ptext1262                                       text1234     050D
__ptext1263                                       text1233     04D4
__ptext1264                                       text1234     04FF
__ptext1265                                       text1265     05D9
__ptext1266                                       text1266     05DE
__ptext1267                                       text1267     0013
__ptext1268                                       text1267     008B
__ptext1269                                       text1267     0088
__ptext1270                                       text1267     0148
__ptext1271                                       text1267     007C
__ptext1272                                       text1267     01E1
__ptext1273                                       text1273     0000
__size_of_AD_Sample                               (abs)        0000
__size_of_Filter                                  (abs)        0000
__size_of_ISR                                     (abs)        0000
__size_of_adc_get                                 (abs)        0000
__size_of_adc_start                               (abs)        0000
__size_of_adc_test_init                           (abs)        0000
__size_of_clearThreeHoursTimer                    (abs)        0000
__size_of_clearTwelveHoursTimer                   (abs)        0000
__size_of_clearTwentyMinTimer                     (abs)        0000
__size_of_clock_config                            (abs)        0000
__size_of_clrSampeTime                            (abs)        0000
__size_of_getAD_ConvertFlag                       (abs)        0000
__size_of_getAdOriginalCh13Value                  (abs)        0000
__size_of_initPB2_AsHighResistence                (abs)        0000
__size_of_initPB3                                 (abs)        0000
__size_of_initPB4                                 (abs)        0000
__size_of_initPB5                                 (abs)        0000
__size_of_initPin                                 (abs)        0000
__size_of_isFinishedOneHoursTimer                 (abs)        0000
__size_of_isFinishedThreeHoursTimer               (abs)        0000
__size_of_isFinishedTwelveHoursTimer              (abs)        0000
__size_of_isFinishedTwentyMinTimer                (abs)        0000
__size_of_isPermitSampleTime                      (abs)        0000
__size_of_main                                    (abs)        0000
__size_of_process_AD_Converter_Value              (abs)        0000
__size_of_pwm_start                               (abs)        0000
__size_of_reset                                   (abs)        0000
__size_of_selectAdChannel                         (abs)        0000
__size_of_setAD_ConvertFlag                       (abs)        0000
__size_of_setPB3                                  (abs)        0000
__size_of_setPB4                                  (abs)        0000
__size_of_setPB5                                  (abs)        0000
__size_of_setPWM_Width                            (abs)        0000
__size_of_setPinInitVaule                         (abs)        0000
__size_of_startOneHoursTimer                      (abs)        0000
__size_of_startThreeHoursTimer                    (abs)        0000
__size_of_startTwelveHourTimer                    (abs)        0000
__size_of_startTwentyMinTimer                     (abs)        0000
__size_of_timer1_config                           (abs)        0000
__size_of_timer1_interrupt_config                 (abs)        0000
__size_of_vPutSampleDataIntoTable                 (abs)        0000
__size_ofi1_Filter                                (abs)        0000
__size_ofi1_setAD_ConvertFlag                     (abs)        0000
_adc_convert_flag                                 bssBANK0     0055
_adc_get                                          text1267     007C
_adc_start                                        text1232     04C8
_adc_test_init                                    text1232     04AD
_bBigTimerStartFlag                               bssBANK1     00D9
_bOneHourTimerStartFlag                           bssBANK1     00DA
_bSmallTimerStartFlag                             bssBANK1     00DB
_bTwentyMinStartFlag                              bssBANK1     00DC
_clearThreeHoursTimer                             text1265     05D9
_clearTwelveHoursTimer                            text1266     05DE
_clearTwentyMinTimer                              text1245     05CF
_clock_config                                     text1254     05C7
_clrSampeTime                                     text1247     05EA
_exit                                             init         0011
_getAD_ConvertFlag                                text1232     048F
_getAdOriginalCh13Value                           text1231     03C1
_initPB2_AsHighResistence                         text1234     0508
_initPB3                                          text1234     04FF
_initPB4                                          text1234     050D
_initPB5                                          text1234     0515
_initPin                                          text1234     04F5
_isFinishedOneHoursTimer                          text1239     05AB
_isFinishedThreeHoursTimer                        text1241     058A
_isFinishedTwelveHoursTimer                       text1243     0595
_isFinishedTwentyMinTimer                         text1246     05A0
_isPermitSampleTime                               text1248     05D4
_main                                             maintext     0219
_process_AD_Converter_Value                       text1232     0478
_pwm_start                                        text1257     053C
_reset                                            text1255     05EC
_sampleChannelSelect                              dataBANK1    00E2
_sampleTimes                                      bssBANK0     0056
_selectAdChannel                                  text1256     05E3
_setAD_ConvertFlag                                text1232     0493
_setPB3                                           text1233     04D4
_setPB4                                           text1233     04DF
_setPB5                                           text1233     04EA
_setPWM_Width                                     text1267     01E1
_setPinInitVaule                                  text1233     04CC
_startOneHoursTimer                               text1240     0552
_startThreeHoursTimer                             text1242     0560
_startTwelveHourTimer                             text1244     056E
_startTwentyMinTimer                              text1250     057C
_timer                                            bssBANK0     0057
_timer1_config                                    text1253     05B5
_timer1_interrupt_config                          text1252     05E7
_uiBigTimer                                       bssBANK1     00C9
_uiOneHourTimer                                   bssBANK1     00CB
_uiSampleChannelFirst                             bssBANK3     0190
_uiSampleChannelFourteenth                        bssBANK3     01A4
_uiSampleChannelFourth                            bssBANK0     0059
_uiSmallTimer                                     bssBANK1     00CD
_uiTwentyMinTimer                                 bssBANK1     00CF
_uiTwentySecondsTimer                             bssBANK0     0050
_vPutSampleDataIntoTable                          text1267     008B
adc_get@val                                       cstackCOMMON 0072
adc_test_init@channel                             cstackBANK1  00A2
adc_test_init@ref                                 cstackBANK1  00A0
btemp                                             (abs)        007E
clear_ram                                         clrtext      05BF
end_of_initialization                             cinit        0539
i1Filter@cir                                      cstackBANK0  0039
i1Filter@filter_buf                               cstackBANK0  0020
i1Filter@filter_sum                               cstackBANK0  0037
i1Filter@filter_temp                              cstackBANK0  0035
i1Filter@i                                        cstackBANK0  003C
i1Filter@j                                        cstackBANK0  003B
i1Filter@tmpValue                                 cstackBANK0  0034
i1_Filter                                         text1267     0148
i1_setAD_ConvertFlag                              text1267     0088
i1l1510                                                            
i1l1568                                                            
i1l2348                                                            
i1l3609                                                            
i1l3663                                                            
i1l3669                                                            
i1l3671                                                            
i1l3675                                                            
i1l3677                                                            
i1l3687                                                            
i1l3689                                                            
i1l3693                                                            
i1l3695                                                            
i1l3713                                                            
i1l3721                                                            
i1l3725                                                            
i1l3733                                                            
i1l3737                                                            
i1l3747                                                            
i1l3749                                                            
i1l3771                                                            
i1l3775                                                            
i1l3777                                                            
i1l3781                                                            
i1l3797                                                            
i1l3799                                                            
i1l3805                                                            
i1l3809                                                            
i1l3817                                                            
i1l3819                                                            
i1l3821                                                            
i1l3841                                                            
i1l3849                                                            
i1l3851                                                            
i1l3855                                                            
i1l3859                                                            
i1setAD_ConvertFlag@flag                          cstackCOMMON 0070
initPB3@bValue                                    cstackBANK1  00A0
initPB4@bValue                                    cstackBANK1  00A0
initPB5@bValue                                    cstackBANK1  00A0
interrupt_function                                intentry     0004
intlevel0                                         functab      0000
intlevel1                                         functab      0000
intlevel2                                         functab      0000
intlevel3                                         functab      0000
intlevel4                                         functab      0000
intlevel5                                         functab      0000
l1510                                                              
l1556                                                              
l1559                                                              
l1562                                                              
l1565                                                              
l1568                                                              
l1574                                                              
l1600                                                              
l1603                                                              
l1612                                                              
l1661                                                              
l2339                                                              
l2345                                                              
l3483                                                              
l3485                                                              
l3487                                                              
l3489                                                              
l3491                                                              
l3493                                                              
l3613                                                              
l3621                                                              
l3623                                                              
l3625                                                              
l3645                                                              
l3653                                                              
l3655                                                              
l3659                                                              
l4061                                                              
l4063                                                              
l4065                                                              
l4067                                                              
l4069                                                              
l4071                                                              
l4073                                                              
l4075                                                              
l4077                                                              
l4079                                                              
l4081                                                              
l4083                                                              
l4085                                                              
l4087                                                              
l4089                                                              
l4091                                                              
l4093                                                              
l4095                                                              
l4097                                                              
l4099                                                              
l4101                                                              
l4103                                                              
l4105                                                              
l4107                                                              
l4109                                                              
l4111                                                              
l4113                                                              
l4115                                                              
l4117                                                              
l4119                                                              
l4125                                                              
l4129                                                              
l4141                                                              
l4143                                                              
l4147                                                              
l4149                                                              
l4159                                                              
l4161                                                              
l4167                                                              
l4169                                                              
l4173                                                              
l4175                                                              
l4185                                                              
l4191                                                              
l4193                                                              
l4197                                                              
l4199                                                              
l4209                                                              
l4215                                                              
l4217                                                              
l4221                                                              
l4223                                                              
l4233                                                              
l4237                                                              
l4239                                                              
l4243                                                              
l4247                                                              
l4253                                                              
l4255                                                              
l4257                                                              
l4259                                                              
l4261                                                              
l4263                                                              
l4267                                                              
l4275                                                              
l4279                                                              
l4281                                                              
l4283                                                              
l4285                                                              
l4287                                                              
l4289                                                              
l4293                                                              
l4295                                                              
l4303                                                              
l4315                                                              
l4319                                                              
l4321                                                              
l4323                                                              
l4339                                                              
l4343                                                              
l4359                                                              
l4363                                                              
l4365                                                              
l4367                                                              
l4369                                                              
l4371                                                              
l4375                                                              
l4387                                                              
l4395                                                              
l4397                                                              
l4411                                                              
l4423                                                              
l4431                                                              
l4435                                                              
l712                                                               
l715                                                               
l718                                                               
l721                                                               
l724                                                               
main@cTimerP5s_791                                bssBANK1     00DD
main@cTimerP5s_797                                bssBANK1     00DE
main@ucChValue                                    cstackBANK1  00C5
main@ucDelay1s                                    bssBANK1     00D1
main@ucStep                                       bssBANK1     00DF
main@ucTimerP3s                                   bssBANK1     00E0
main@ucTimerP5s                                   bssBANK1     00E1
main@uiCh13Value                                  cstackBANK1  00C7
main@uiTimerOneP5s                                bssBANK1     00D3
main@uiTimerThreeP5s                              bssBANK1     00D5
main@uiTimerTwoP5s                                bssBANK1     00D7
pwm_start@ucPulseFrequency                        cstackBANK1  00A0
pwm_start@ucPulseWidth                            cstackBANK1  00A1
reset_vec                                         reset_vec    0000
saved_w                                           (abs)        007E
setAD_ConvertFlag@flag                            cstackBANK1  00A0
setPB3@bValue                                     cstackBANK1  00A0
setPB4@bValue                                     cstackBANK1  00A0
setPB5@bValue                                     cstackBANK1  00A0
setPWM_Width@ucOldWidth                           bssBANK0     0058
setPWM_Width@ucWidth                              cstackCOMMON 0070
start                                             init         0011
startOneHoursTimer@uiSetTime                      cstackBANK1  00A0
startThreeHoursTimer@uiSetTime                    cstackBANK1  00A0
startTwelveHourTimer@uiSetTime                    cstackBANK1  00A0
startTwentyMinTimer@uiSetValue                    cstackBANK1  00A0
start_initialization                              cinit        051D
vPutSampleDataIntoTable@channel                   cstackCOMMON 0078
vPutSampleDataIntoTable@i                         cstackBANK0  0042
vPutSampleDataIntoTable@ucChannelFirstLength      bssCOMMON    007B
vPutSampleDataIntoTable@ucChannelFourteenthLength bssCOMMON    007C
vPutSampleDataIntoTable@ucChannelFourthLength     bssCOMMON    007D
vPutSampleDataIntoTable@ucIndex                   cstackBANK0  0041
vPutSampleDataIntoTable@uiCalWidth                cstackBANK0  003F
vPutSampleDataIntoTable@uiCalWidthArray           bssBANK0     0048
vPutSampleDataIntoTable@uiCalWidthCnt             bssBANK0     0052
vPutSampleDataIntoTable@uiInitWidth               dataBANK0    006D
vPutSampleDataIntoTable@uiSampleData              cstackCOMMON 0076
vPutSampleDataIntoTable@uiSum                     cstackBANK0  003D
wtemp0                                            (abs)        007E
