HI-TECH Software C Compiler 

Linker command line:

--edf=C:\Program Files (x86)\HI-TECH Software\PICC\9.83\dat\en_msgs.txt -cs \
  -h+ProjTest.sym -z -Q16C77 -ol.obj -MProjTest.map -E1 -ACONST=00h-0FFhx16 \
  -ACODE=00h-07FFhx2 -ASTRCODE=00h-0FFFh -AENTRY=00h-0FFhx16 \
  -ASTRING=00h-0FFhx16 -ABANK0=020h-06Fh -ABANK1=0A0h-0EFh \
  -ABANK2=0110h-016Fh -ABANK3=0190h-01EFh \
  -ARAM=020h-06Fh,0A0h-0EFh,0110h-016Fh,0190h-01EFh \
  -AABS1=020h-07Fh,0A0h-0EFh,0110h-016Fh,0190h-01EFh -ACOMMON=070h-07Fh \
  -ASFR0=00h-01Fh -ASFR1=080h-09Fh -ASFR2=0100h-010Fh -ASFR3=0180h-018Fh \
  -preset_vec=00h,intentry=04h,init,end_init -ppowerup=CODE -pfunctab=CODE \
  -ACONFIG=02000h-02007h -pconfig=CONFIG -DCONFIG=2 -AIDLOC=02008h-0200Bh \
  -pidloc=IDLOC -DIDLOC=2 -DCODE=2 -DSTRCODE=2 -DSTRING=2 -DCONST=2 \
  -DENTRY=2 -k startup.obj ProjTest.obj 

Object code version is 3.10

Machine type is 16C77



                Name                               Link     Load   Length Selector   Space Scale
startup.obj     end_init                             11       11        2        8       0
                reset_vec                             0        0        2        0       0
ProjTest.obj    intentry                              4        4        D        8       0
                config                             2000     2000        3     4000       0
                text967                             320      320       EC        8       0
                text966                             57A      57A        5        8       0
                text965                             575      575        5        8       0
                text957                             4C3      4C3       15        8       0
                text956                             57F      57F        4        8       0
                text955                             588      588        1        8       0
                text954                             562      562        8        8       0
                text953                             550      550        A        8       0
                text952                             583      583        3        8       0
                text949                             511      511       13        8       0
                text948                             56A      56A        6        8       0
                text947                             586      586        2        8       0
                text946                             545      545        B        8       0
                text945                             570      570        5        8       0
                text944                             4FE      4FE       13        8       0
                text943                             53A      53A        B        8       0
                text942                             4EB      4EB       13        8       0
                text941                             52F      52F        B        8       0
                text940                             4D8      4D8       13        8       0
                text939                             524      524        B        8       0
                text934                             459      459       31        8       0
                text933                             48A      48A       21        8       0
                text931                             40C      40C       4D        8       0
                text930                             1DE      1DE      142        8       0
                maintext                             13       13      1CB        8       0
                cstackBANK0                          20       20       49       20       1
                cstackCOMMON                         70       70        D       70       1
                clrtext                             55A      55A        8        8       0
                bssBANK3                            190      190       50      190       1
                bssBANK1                             A0       A0       47       A0       1
                dataBANK0                            6E       6E        1       20       1
                bssBANK0                             69       69        5       20       1
                bssCOMMON                            7D       7D        1       70       1
                cinit                               4AB      4AB       18        8       0

TOTAL           Name                               Link     Load   Length     Space
        CLASS   CONST          

        CLASS   CODE           
                end_init                             11       11        2         0
                intentry                              4        4        D         0
                reset_vec                             0        0        2         0
                text967                             320      320       EC         0
                text966                             57A      57A        5         0
                text965                             575      575        5         0
                text957                             4C3      4C3       15         0
                text956                             57F      57F        4         0
                text955                             588      588        1         0
                text954                             562      562        8         0
                text953                             550      550        A         0
                text952                             583      583        3         0
                text949                             511      511       13         0
                text948                             56A      56A        6         0
                text947                             586      586        2         0
                text946                             545      545        B         0
                text945                             570      570        5         0
                text944                             4FE      4FE       13         0
                text943                             53A      53A        B         0
                text942                             4EB      4EB       13         0
                text941                             52F      52F        B         0
                text940                             4D8      4D8       13         0
                text939                             524      524        B         0
                text934                             459      459       31         0
                text933                             48A      48A       21         0
                text931                             40C      40C       4D         0
                text930                             1DE      1DE      142         0
                maintext                             13       13      1CB         0
                clrtext                             55A      55A        8         0
                cinit                               4AB      4AB       18         0

        CLASS   STRCODE        

        CLASS   ENTRY          

        CLASS   STRING         

        CLASS   BANK0          
                cstackBANK0                          20       20       49         1
                dataBANK0                            6E       6E        1         1
                bssBANK0                             69       69        5         1

        CLASS   BANK1          
                bssBANK1                             A0       A0       47         1

        CLASS   BANK2          

        CLASS   BANK3          
                bssBANK3                            190      190       50         1

        CLASS   RAM            

        CLASS   ABS1           
                abs_s1                               7E       7E        2         1

        CLASS   COMMON         
                cstackCOMMON                         70       70        D         1
                bssCOMMON                            7D       7D        1         1

        CLASS   SFR0           

        CLASS   SFR1           

        CLASS   SFR2           

        CLASS   SFR3           

        CLASS   CONFIG         
                config                             2000     2000        3         0

        CLASS   IDLOC          

        CLASS   EEDATA         



SEGMENTS        Name                           Load    Length   Top    Selector   Space  Class     Delta

                reset_vec                      000000  000002  000002         0       0  CODE        2
                intentry                       000004  000585  000589         8       0  CODE        2
                cstackBANK0                    000020  00004F  00006F        20       1  BANK0       1
                cstackCOMMON                   000070  00000E  00007E        70       1  COMMON      1
                bssBANK1                       0000A0  000047  0000E7        A0       1  BANK1       1
                bssBANK3                       000190  000050  0001E0       190       1  BANK3       1
                config                         002000  000003  002003      4000       0  CONFIG      2


UNUSED ADDRESS RANGES

        Name                Unused          Largest block    Delta
        BANK0            006F-006F              1           1
        BANK1            00E7-00EF              9           1
        BANK2            0110-016F             60           1
        BANK3            01E0-01EF             10           1
        CODE             0002-0003              2           2
                         0589-0FFF            277
        CONFIG           2003-2007              5           2
        CONST            0002-0003              2           2
                         0589-0FFF            100
        ENTRY            0002-0003              2           2
                         0589-0FFF            100
        IDLOC            2008-200B              4           2
        RAM              006F-006F              1           1
                         00E7-00EF              9
                         0110-016F             60
                         01E0-01EF             10
        SFR0             0000-001F             20           1
        SFR1             0080-009F             20           1
        SFR2             0100-010F             10           1
        SFR3             0180-018F             10           1
        STRCODE          0002-0003              2           2
                         0589-0FFF            A77
        STRING           0002-0003              2           2
                         0589-0FFF            100

                                  Symbol Table

??_AD_Sample                                      cstackBANK0  0020
??_Filter                                         cstackBANK0  0022
??_ISR                                            cstackCOMMON 0079
??_adc_get                                        cstackCOMMON 0072
??_adc_start                                      cstackBANK0  0020
??_adc_test_init                                  cstackBANK0  0021
??_calPulseWidth                                  cstackBANK0  0058
??_clearThreeHoursTimer                           cstackBANK0  0020
??_clearTwelveHoursTimer                          cstackBANK0  0020
??_clearTwentyMinTimer                            cstackBANK0  0020
??_clock_config                                   cstackBANK0  0020
??_clrSampeTime                                   cstackBANK0  0020
??_getAD_ConvertFlag                              cstackBANK0  0020
??_getAdOriginalCh12Value                         cstackBANK0  0058
??_getAdOriginalCh13Value                         cstackBANK0  0058
??_initPB2_AsHighResistence                       cstackBANK0  0020
??_initPB3                                        cstackBANK0  0020
??_initPB4                                        cstackBANK0  0020
??_initPB5                                        cstackBANK0  0020
??_initPin                                        cstackBANK0  0021
??_isFinishedOneHoursTimer                        cstackBANK0  0020
??_isFinishedThreeHoursTimer                      cstackBANK0  0020
??_isFinishedTwelveHoursTimer                     cstackBANK0  0020
??_isFinishedTwentyMinTimer                       cstackBANK0  0020
??_isPermitSampleTime                             cstackBANK0  0020
??_main                                           cstackBANK0  0064
??_process_AD_Converter_Value                     cstackBANK0  0023
??_pwm_start                                      cstackBANK0  0020
??_reset                                          cstackBANK0  0020
??_selectAdChannel                                cstackBANK0  0020
??_setAD_ConvertFlag                              cstackBANK0  0020
??_setPB3                                         cstackBANK0  0020
??_setPB4                                         cstackBANK0  0020
??_setPB5                                         cstackBANK0  0020
??_setPinInitVaule                                cstackBANK0  0021
??_startOneHoursTimer                             cstackBANK0  0022
??_startThreeHoursTimer                           cstackBANK0  0022
??_startTwelveHourTimer                           cstackBANK0  0022
??_startTwentyMinTimer                            cstackBANK0  0022
??_timer1_config                                  cstackBANK0  0020
??_timer1_interrupt_config                        cstackBANK0  0020
??_vPutSampleDataIntoTable                        cstackCOMMON 0077
??i1_setAD_ConvertFlag                            cstackCOMMON 0070
?_AD_Sample                                       cstackCOMMON 0070
?_Filter                                          cstackBANK0  0020
?_ISR                                             cstackCOMMON 0070
?_adc_get                                         cstackCOMMON 0070
?_adc_start                                       cstackCOMMON 0070
?_adc_test_init                                   cstackBANK0  0020
?_calPulseWidth                                   cstackCOMMON 0070
?_clearThreeHoursTimer                            cstackCOMMON 0070
?_clearTwelveHoursTimer                           cstackCOMMON 0070
?_clearTwentyMinTimer                             cstackCOMMON 0070
?_clock_config                                    cstackCOMMON 0070
?_clrSampeTime                                    cstackCOMMON 0070
?_getAD_ConvertFlag                               cstackCOMMON 0070
?_getAdOriginalCh12Value                          cstackBANK0  0056
?_getAdOriginalCh13Value                          cstackBANK0  0056
?_initPB2_AsHighResistence                        cstackCOMMON 0070
?_initPB3                                         cstackCOMMON 0070
?_initPB4                                         cstackCOMMON 0070
?_initPB5                                         cstackCOMMON 0070
?_initPin                                         cstackCOMMON 0070
?_isFinishedOneHoursTimer                         cstackCOMMON 0070
?_isFinishedThreeHoursTimer                       cstackCOMMON 0070
?_isFinishedTwelveHoursTimer                      cstackCOMMON 0070
?_isFinishedTwentyMinTimer                        cstackCOMMON 0070
?_isPermitSampleTime                              cstackCOMMON 0070
?_main                                            cstackCOMMON 0070
?_process_AD_Converter_Value                      cstackCOMMON 0070
?_pwm_start                                       cstackCOMMON 0070
?_reset                                           cstackCOMMON 0070
?_selectAdChannel                                 cstackCOMMON 0070
?_setAD_ConvertFlag                               cstackCOMMON 0070
?_setPB3                                          cstackCOMMON 0070
?_setPB4                                          cstackCOMMON 0070
?_setPB5                                          cstackCOMMON 0070
?_setPinInitVaule                                 cstackCOMMON 0070
?_startOneHoursTimer                              cstackBANK0  0020
?_startThreeHoursTimer                            cstackBANK0  0020
?_startTwelveHourTimer                            cstackBANK0  0020
?_startTwentyMinTimer                             cstackBANK0  0020
?_timer1_config                                   cstackCOMMON 0070
?_timer1_interrupt_config                         cstackCOMMON 0070
?_vPutSampleDataIntoTable                         cstackCOMMON 0074
?i1_setAD_ConvertFlag                             cstackCOMMON 0070
Filter@cir                                        cstackBANK0  0052
Filter@filter_buf                                 cstackBANK0  0026
Filter@filter_sum                                 cstackBANK0  0050
Filter@filter_temp                                cstackBANK0  004E
Filter@i                                          cstackBANK0  0055
Filter@j                                          cstackBANK0  0054
Filter@tmpValue                                   cstackBANK0  0020
ISR@ucTimer1sCnt                                  bssBANK1     00B2
_ADCON0                                           (abs)        001F
_ADCON1                                           (abs)        009F
_ADIE                                             (abs)        046A
_ADIF                                             (abs)        006A
_ADON                                             (abs)        00F8
_ADRESH                                           (abs)        001E
_ADRESL                                           (abs)        009E
_AD_Sample                                        text931      042C
_CCP1CON                                          (abs)        0017
_CCPR1L                                           (abs)        0015
_CLKPCE                                           (abs)        0847
_CLKPR                                            (abs)        0108
_Filter                                           text930      026F
_GIE                                              (abs)        005F
_GO                                               (abs)        00F9
_ISR                                              text967      0320
_PB2                                              (abs)        0032
_PB3                                              (abs)        0033
_PB4                                              (abs)        0034
_PB5                                              (abs)        0035
_PBOD2                                            (abs)        0C42
_PEIE                                             (abs)        005E
_PR2                                              (abs)        0092
_T1CON                                            (abs)        0010
_T2CON                                            (abs)        0012
_TMR1H                                            (abs)        000F
_TMR1IE                                           (abs)        0460
_TMR1IF                                           (abs)        0060
_TMR1L                                            (abs)        000E
_TRISB0                                           (abs)        0430
_TRISB1                                           (abs)        0431
_TRISB2                                           (abs)        0432
_TRISB3                                           (abs)        0433
_TRISB4                                           (abs)        0434
_TRISB5                                           (abs)        0435
__Habs1                                           abs1         0000
__Hbank0                                          bank0        0000
__Hbank1                                          bank1        0000
__Hbank2                                          bank2        0000
__Hbank3                                          bank3        0000
__HbssBANK0                                       bssBANK0     0000
__HbssBANK1                                       bssBANK1     0000
__HbssBANK3                                       bssBANK3     0000
__HbssCOMMON                                      bssCOMMON    0000
__Hcinit                                          cinit        0000
__Hclrtext                                        clrtext      0000
__Hcode                                           code         0000
__Hcommon                                         common       0000
__Hconfig                                         config       2003
__HcstackBANK0                                    cstackBANK0  0000
__HcstackCOMMON                                   cstackCOMMON 0000
__HdataBANK0                                      dataBANK0    0000
__Heeprom_data                                    eeprom_data  0000
__Hend_init                                       end_init     0013
__Hfunctab                                        functab      0000
__HidataBANK0                                     idataBANK0   0000
__Hidloc                                          idloc        0000
__Hinit                                           init         0011
__Hintentry                                       intentry     0011
__Hmaintext                                       maintext     0000
__Hpa_nodes                                       pa_nodes     0000
__Hpowerup                                        powerup      0000
__Hram                                            ram          0000
__Hreset_vec                                      reset_vec    0002
__Hsfr0                                           sfr0         0000
__Hsfr1                                           sfr1         0000
__Hsfr2                                           sfr2         0000
__Hsfr3                                           sfr3         0000
__Hstrings                                        strings      0000
__Htext                                           text         0000
__Labs1                                           abs1         0000
__Lbank0                                          bank0        0000
__Lbank1                                          bank1        0000
__Lbank2                                          bank2        0000
__Lbank3                                          bank3        0000
__LbssBANK0                                       bssBANK0     0000
__LbssBANK1                                       bssBANK1     0000
__LbssBANK3                                       bssBANK3     0000
__LbssCOMMON                                      bssCOMMON    0000
__Lcinit                                          cinit        0000
__Lclrtext                                        clrtext      0000
__Lcode                                           code         0000
__Lcommon                                         common       0000
__Lconfig                                         config       2000
__LcstackBANK0                                    cstackBANK0  0000
__LcstackCOMMON                                   cstackCOMMON 0000
__LdataBANK0                                      dataBANK0    0000
__Leeprom_data                                    eeprom_data  0000
__Lend_init                                       end_init     0011
__Lfunctab                                        functab      0000
__LidataBANK0                                     idataBANK0   0000
__Lidloc                                          idloc        0000
__Linit                                           init         0011
__Lintentry                                       intentry     0004
__Lmaintext                                       maintext     0000
__Lpa_nodes                                       pa_nodes     0000
__Lpowerup                                        powerup      0000
__Lram                                            ram          0000
__Lreset_vec                                      reset_vec    0000
__Lsfr0                                           sfr0         0000
__Lsfr1                                           sfr1         0000
__Lsfr2                                           sfr2         0000
__Lsfr3                                           sfr3         0000
__Lstrings                                        strings      0000
__Ltext                                           text         0000
__S0                                              (abs)        2003
__S1                                              (abs)        01E0
__end_of_AD_Sample                                text931      0441
__end_of_Filter                                   text930      0306
__end_of_ISR                                      text967      0387
__end_of_adc_get                                  text967      0392
__end_of_adc_start                                text931      0459
__end_of_adc_test_init                            text931      0456
__end_of_calPulseWidth                            text930      0264
__end_of_clearThreeHoursTimer                     text965      057A
__end_of_clearTwelveHoursTimer                    text966      057F
__end_of_clearTwentyMinTimer                      text945      0575
__end_of_clock_config                             text954      056A
__end_of_clrSampeTime                             text947      0588
__end_of_getAD_ConvertFlag                        text931      0427
__end_of_getAdOriginalCh12Value                   text930      026F
__end_of_getAdOriginalCh13Value                   text930      01E8
__end_of_initPB2_AsHighResistence                 text934      0474
__end_of_initPB3                                  text934      046F
__end_of_initPB4                                  text934      047F
__end_of_initPB5                                  text934      048A
__end_of_initPin                                  text934      0463
__end_of_isFinishedOneHoursTimer                  text939      052F
__end_of_isFinishedThreeHoursTimer                text941      053A
__end_of_isFinishedTwelveHoursTimer               text943      0545
__end_of_isFinishedTwentyMinTimer                 text946      0550
__end_of_isPermitSampleTime                       text948      0570
__end_of_main                                     maintext     01DE
__end_of_process_AD_Converter_Value               text931      0423
__end_of_pwm_start                                text957      04D8
__end_of_reset                                    text956      057F
__end_of_selectAdChannel                          text956      0583
__end_of_setAD_ConvertFlag                        text931      042C
__end_of_setPB3                                   text933      049B
__end_of_setPB4                                   text933      04A3
__end_of_setPB5                                   text933      04AB
__end_of_setPinInitVaule                          text933      0492
__end_of_startOneHoursTimer                       text940      04EB
__end_of_startThreeHoursTimer                     text942      04FE
__end_of_startTwelveHourTimer                     text944      0511
__end_of_startTwentyMinTimer                      text949      0524
__end_of_timer1_config                            text953      055A
__end_of_timer1_interrupt_config                  text952      0586
__end_of_vPutSampleDataIntoTable                  text967      03EF
__end_ofi1_setAD_ConvertFlag                      text967      03F3
__pbssBANK0                                       bssBANK0     0069
__pbssBANK1                                       bssBANK1     00A0
__pbssBANK3                                       bssBANK3     0190
__pbssCOMMON                                      bssCOMMON    007D
__pcstackBANK0                                    cstackBANK0  0020
__pcstackCOMMON                                   cstackCOMMON 0070
__pdataBANK0                                      dataBANK0    006E
__pidataBANK0                                     idataBANK0   0000
__pintentry                                       intentry     0004
__pmaintext                                       maintext     0013
__ptext929                                        text930      01E8
__ptext930                                        text930      01DE
__ptext931                                        text931      040C
__ptext932                                        text930      0264
__ptext933                                        text933      048A
__ptext934                                        text934      0459
__ptext935                                        text931      042C
__ptext936                                        text931      0427
__ptext937                                        text931      0423
__ptext938                                        text930      026F
__ptext939                                        text939      0524
__ptext940                                        text940      04D8
__ptext941                                        text941      052F
__ptext942                                        text942      04EB
__ptext943                                        text943      053A
__ptext944                                        text944      04FE
__ptext945                                        text945      0570
__ptext946                                        text946      0545
__ptext947                                        text947      0586
__ptext948                                        text948      056A
__ptext949                                        text949      0511
__ptext950                                        text931      0456
__ptext951                                        text931      0441
__ptext952                                        text952      0583
__ptext953                                        text953      0550
__ptext954                                        text954      0562
__ptext955                                        text955      0588
__ptext956                                        text956      057F
__ptext957                                        text957      04C3
__ptext958                                        text934      046F
__ptext959                                        text933      04A3
__ptext960                                        text934      047F
__ptext961                                        text933      049B
__ptext962                                        text934      0474
__ptext963                                        text933      0492
__ptext964                                        text934      0463
__ptext965                                        text965      0575
__ptext966                                        text966      057A
__ptext967                                        text967      0320
__ptext968                                        text967      03EF
__ptext969                                        text967      0387
__ptext970                                        text967      0392
__ptext971                                        text971      0000
__size_of_AD_Sample                               (abs)        0000
__size_of_Filter                                  (abs)        0000
__size_of_ISR                                     (abs)        0000
__size_of_adc_get                                 (abs)        0000
__size_of_adc_start                               (abs)        0000
__size_of_adc_test_init                           (abs)        0000
__size_of_calPulseWidth                           (abs)        0000
__size_of_clearThreeHoursTimer                    (abs)        0000
__size_of_clearTwelveHoursTimer                   (abs)        0000
__size_of_clearTwentyMinTimer                     (abs)        0000
__size_of_clock_config                            (abs)        0000
__size_of_clrSampeTime                            (abs)        0000
__size_of_getAD_ConvertFlag                       (abs)        0000
__size_of_getAdOriginalCh12Value                  (abs)        0000
__size_of_getAdOriginalCh13Value                  (abs)        0000
__size_of_initPB2_AsHighResistence                (abs)        0000
__size_of_initPB3                                 (abs)        0000
__size_of_initPB4                                 (abs)        0000
__size_of_initPB5                                 (abs)        0000
__size_of_initPin                                 (abs)        0000
__size_of_isFinishedOneHoursTimer                 (abs)        0000
__size_of_isFinishedThreeHoursTimer               (abs)        0000
__size_of_isFinishedTwelveHoursTimer              (abs)        0000
__size_of_isFinishedTwentyMinTimer                (abs)        0000
__size_of_isPermitSampleTime                      (abs)        0000
__size_of_main                                    (abs)        0000
__size_of_process_AD_Converter_Value              (abs)        0000
__size_of_pwm_start                               (abs)        0000
__size_of_reset                                   (abs)        0000
__size_of_selectAdChannel                         (abs)        0000
__size_of_setAD_ConvertFlag                       (abs)        0000
__size_of_setPB3                                  (abs)        0000
__size_of_setPB4                                  (abs)        0000
__size_of_setPB5                                  (abs)        0000
__size_of_setPinInitVaule                         (abs)        0000
__size_of_startOneHoursTimer                      (abs)        0000
__size_of_startThreeHoursTimer                    (abs)        0000
__size_of_startTwelveHourTimer                    (abs)        0000
__size_of_startTwentyMinTimer                     (abs)        0000
__size_of_timer1_config                           (abs)        0000
__size_of_timer1_interrupt_config                 (abs)        0000
__size_of_vPutSampleDataIntoTable                 (abs)        0000
__size_ofi1_setAD_ConvertFlag                     (abs)        0000
_adc_convert_flag                                 bssBANK1     00B3
_adc_get                                          text967      0387
_adc_start                                        text931      0456
_adc_test_init                                    text931      0441
_bBigTimerStartFlag                               bssBANK1     00B4
_bOneHourTimerStartFlag                           bssBANK1     00B5
_bSmallTimerStartFlag                             bssBANK1     00B6
_bTwentyMinStartFlag                              bssBANK1     00B7
_calPulseWidth                                    text930      01E8
_clearThreeHoursTimer                             text965      0575
_clearTwelveHoursTimer                            text966      057A
_clearTwentyMinTimer                              text945      0570
_clock_config                                     text954      0562
_clrSampeTime                                     text947      0586
_exit                                             init         0011
_getAD_ConvertFlag                                text931      0423
_getAdOriginalCh12Value                           text930      0264
_getAdOriginalCh13Value                           text930      01DE
_initPB2_AsHighResistence                         text934      046F
_initPB3                                          text934      0463
_initPB4                                          text934      0474
_initPB5                                          text934      047F
_initPin                                          text934      0459
_isFinishedOneHoursTimer                          text939      0524
_isFinishedThreeHoursTimer                        text941      052F
_isFinishedTwelveHoursTimer                       text943      053A
_isFinishedTwentyMinTimer                         text946      0545
_isPermitSampleTime                               text948      056A
_main                                             maintext     0013
_process_AD_Converter_Value                       text931      040C
_pwm_start                                        text957      04C3
_reset                                            text955      0588
_sampleChannelSelect                              dataBANK0    006E
_sampleTimes                                      bssBANK1     00B8
_selectAdChannel                                  text956      057F
_setAD_ConvertFlag                                text931      0427
_setPB3                                           text933      0492
_setPB4                                           text933      049B
_setPB5                                           text933      04A3
_setPinInitVaule                                  text933      048A
_startOneHoursTimer                               text940      04D8
_startThreeHoursTimer                             text942      04EB
_startTwelveHourTimer                             text944      04FE
_startTwentyMinTimer                              text949      0511
_timer                                            bssBANK1     00B9
_timer1_config                                    text953      0550
_timer1_interrupt_config                          text952      0583
_uiBigTimer                                       bssBANK1     00A0
_uiOneHourTimer                                   bssBANK1     00A2
_uiSampleChannelFirst                             bssBANK3     0190
_uiSampleChannelFourteenth                        bssBANK3     01B8
_uiSampleChannelFourth                            bssBANK1     00BF
_uiSmallTimer                                     bssBANK1     00A4
_uiTwentyMinTimer                                 bssBANK1     00A6
_uiTwentySecondsTimer                             bssBANK1     00A8
_vPutSampleDataIntoTable                          text967      0392
adc_get@val                                       cstackCOMMON 0072
adc_test_init@channel                             cstackBANK0  0022
adc_test_init@ref                                 cstackBANK0  0020
btemp                                             (abs)        007E
calPulseWidth@bInitFlag                           bssBANK1     00BA
calPulseWidth@ucGapValue                          cstackBANK0  005E
calPulseWidth@ucHalfValue                         cstackBANK0  005D
calPulseWidth@ucPulseWidth                        cstackBANK0  0061
calPulseWidth@ucThreeTimesValue                   cstackBANK0  005C
calPulseWidth@uiChannel2Value                     cstackBANK0  005F
calPulseWidth@uiGapValue                          cstackBANK0  005A
calPulseWidth@uiNewValue                          cstackBANK0  0062
calPulseWidth@uiOldValue                          bssBANK0     0069
clear_ram                                         clrtext      055A
end_of_initialization                             cinit        04C0
i1_setAD_ConvertFlag                              text967      03EF
i1l1549                                                            
i1l2313                                                            
i1l3528                                                            
i1l3534                                                            
i1l3538                                                            
i1l3546                                                            
i1l3550                                                            
i1l3558                                                            
i1l3562                                                            
i1l3572                                                            
i1l3574                                                            
i1l3596                                                            
i1l3600                                                            
i1l3602                                                            
i1l3606                                                            
i1l3622                                                            
i1l3624                                                            
i1l3630                                                            
i1l3634                                                            
i1setAD_ConvertFlag@flag                          cstackCOMMON 0070
initPB3@bValue                                    cstackBANK0  0020
initPB4@bValue                                    cstackBANK0  0020
initPB5@bValue                                    cstackBANK0  0020
interrupt_function                                intentry     0004
intlevel0                                         functab      0000
intlevel1                                         functab      0000
intlevel2                                         functab      0000
intlevel3                                         functab      0000
intlevel4                                         functab      0000
intlevel5                                         functab      0000
l1508                                                              
l1537                                                              
l1540                                                              
l1543                                                              
l1546                                                              
l1549                                                              
l1552                                                              
l1555                                                              
l1581                                                              
l1584                                                              
l1593                                                              
l1642                                                              
l2304                                                              
l2310                                                              
l3298                                                              
l3300                                                              
l3302                                                              
l3304                                                              
l3306                                                              
l3308                                                              
l3310                                                              
l3312                                                              
l3314                                                              
l3316                                                              
l3318                                                              
l3320                                                              
l3322                                                              
l3324                                                              
l3326                                                              
l3328                                                              
l3330                                                              
l3332                                                              
l3334                                                              
l3336                                                              
l3338                                                              
l3340                                                              
l3342                                                              
l3344                                                              
l3346                                                              
l3348                                                              
l3350                                                              
l3352                                                              
l3354                                                              
l3356                                                              
l3358                                                              
l3360                                                              
l3362                                                              
l3364                                                              
l3368                                                              
l3374                                                              
l3376                                                              
l3388                                                              
l3390                                                              
l3394                                                              
l3396                                                              
l3406                                                              
l3408                                                              
l3414                                                              
l3416                                                              
l3420                                                              
l3422                                                              
l3432                                                              
l3438                                                              
l3440                                                              
l3444                                                              
l3446                                                              
l3456                                                              
l3462                                                              
l3464                                                              
l3468                                                              
l3470                                                              
l3480                                                              
l3488                                                              
l3490                                                              
l3492                                                              
l3512                                                              
l3520                                                              
l3522                                                              
l3576                                                              
l3580                                                              
l3582                                                              
l3586                                                              
l3590                                                              
l3636                                                              
l3638                                                              
l3640                                                              
l3642                                                              
l3644                                                              
l3646                                                              
l3650                                                              
l3654                                                              
l3662                                                              
l3666                                                              
l3668                                                              
l3670                                                              
l3674                                                              
l3698                                                              
l3700                                                              
l3702                                                              
l3704                                                              
l3706                                                              
l3708                                                              
l3710                                                              
l3716                                                              
l3718                                                              
l3720                                                              
l3722                                                              
l3724                                                              
l3726                                                              
l3728                                                              
l3732                                                              
l3734                                                              
l3738                                                              
l3748                                                              
l3760                                                              
l3764                                                              
l3766                                                              
l3768                                                              
l3770                                                              
l3772                                                              
l3774                                                              
l3776                                                              
l3778                                                              
l3794                                                              
l3798                                                              
l3814                                                              
l3818                                                              
l3820                                                              
l3822                                                              
l3824                                                              
l3826                                                              
l3830                                                              
l3842                                                              
l3850                                                              
l3852                                                              
l3866                                                              
l3878                                                              
l3886                                                              
l3890                                                              
l710                                                               
l713                                                               
l716                                                               
l719                                                               
l722                                                               
l749                                                               
main@cTimerP5s_790                                bssBANK1     00BB
main@cTimerP5s_796                                bssBANK1     00BC
main@ucChValue                                    cstackBANK0  0064
main@ucDelay1s                                    bssBANK1     00AA
main@ucPulseWidth                                 cstackBANK0  0066
main@ucStep                                       bssBANK0     006B
main@ucTimerP3s                                   bssBANK1     00BD
main@ucTimerP5s                                   bssBANK1     00BE
main@uiCh13Value                                  cstackBANK0  0067
main@uiTimerOneP5s                                bssBANK1     00AC
main@uiTimerThreeP5s                              bssBANK1     00AE
main@uiTimerTwoP5s                                bssBANK1     00B0
pwm_start@ucPulseWidth                            cstackBANK0  0020
reset_vec                                         reset_vec    0000
saved_w                                           (abs)        007E
setAD_ConvertFlag@flag                            cstackBANK0  0020
setPB3@bValue                                     cstackBANK0  0020
setPB4@bValue                                     cstackBANK0  0020
setPB5@bValue                                     cstackBANK0  0020
start                                             init         0011
startOneHoursTimer@uiSetTime                      cstackBANK0  0020
startThreeHoursTimer@uiSetTime                    cstackBANK0  0020
startTwelveHourTimer@uiSetTime                    cstackBANK0  0020
startTwentyMinTimer@uiSetValue                    cstackBANK0  0020
start_initialization                              cinit        04AB
vPutSampleDataIntoTable@channel                   cstackCOMMON 0076
vPutSampleDataIntoTable@i                         cstackCOMMON 0077
vPutSampleDataIntoTable@ucChannelFirstLength      bssCOMMON    007D
vPutSampleDataIntoTable@ucChannelFourteenthLength bssBANK0     006C
vPutSampleDataIntoTable@ucChannelFourthLength     bssBANK0     006D
vPutSampleDataIntoTable@uiSampleData              cstackCOMMON 0074
wtemp0                                            (abs)        007E
