HI-TECH Software C Compiler 

Linker command line:

--edf=C:\Program Files (x86)\HI-TECH Software\PICC\9.83\dat\en_msgs.txt -cs \
  -h+ProjTest.sym -z -Q16C77 -ol.obj -MProjTest.map -E1 -ACONST=00h-0FFhx16 \
  -ACODE=00h-07FFhx2 -ASTRCODE=00h-0FFFh -AENTRY=00h-0FFhx16 \
  -ASTRING=00h-0FFhx16 -ABANK0=020h-06Fh -ABANK1=0A0h-0EFh \
  -ABANK2=0110h-016Fh -ABANK3=0190h-01EFh \
  -ARAM=020h-06Fh,0A0h-0EFh,0110h-016Fh,0190h-01EFh \
  -AABS1=020h-07Fh,0A0h-0EFh,0110h-016Fh,0190h-01EFh -ACOMMON=070h-07Fh \
  -ASFR0=00h-01Fh -ASFR1=080h-09Fh -ASFR2=0100h-010Fh -ASFR3=0180h-018Fh \
  -preset_vec=00h,intentry=04h,init,end_init -ppowerup=CODE -pfunctab=CODE \
  -ACONFIG=02000h-02007h -pconfig=CONFIG -DCONFIG=2 -AIDLOC=02008h-0200Bh \
  -pidloc=IDLOC -DIDLOC=2 -DCODE=2 -DSTRCODE=2 -DSTRING=2 -DCONST=2 \
  -DENTRY=2 -k startup.obj ProjTest.obj 

Object code version is 3.10

Machine type is 16C77



                Name                               Link     Load   Length Selector   Space Scale
startup.obj     end_init                             11       11        2        8       0
                reset_vec                             0        0        2        0       0
ProjTest.obj    intentry                              4        4        D        8       0
                config                             2000     2000        3     4000       0
                text769                             36E      36E       D8        8       0
                text765                             576      576       13        8       0
                text764                             604      604        8      BBE       0
                text763                             5EA      5EA        A      BBE       0
                text762                             62E      62E        3      BBE       0
                text760                             629      629        5      BBE       0
                text759                             5DF      5DF        B      BBE       0
                text758                             5FC      5FC        8      BBE       0
                text756                             61E      61E        6      BBE       0
                text755                             631      631        2      BBE       0
                text754                             5C5      5C5        E      B6E       0
                text753                             618      618        6      BBE       0
                text752                             624      624        5      BBE       0
                text751                             612      612        6      BBE       0
                text750                             5B7      5B7        E      B6E       0
                text749                             60C      60C        6      BBE       0
                text743                             500      500       5A        8       0
                text740                             446      446       BA        8       0
                text739                             55A      55A       1C        8       0
                swtext3                             5D3      5D3        C      BA6       0
                swtext2                             5A9      5A9        E      B36       0
                swtext1                             59B      59B        E      B36       0
                maintext                             13       13      35B        8       0
                cstackBANK0                          20       20       29       20       1
                cstackCOMMON                         70       70        D       70       1
                clrtext                             5F4      5F4        8      BBE       0
                bssBANK1                             A0       A0       50       A0       1
                dataBANK0                            6F       6F        1       20       1
                bssBANK0                             49       49       26       20       1
                bssCOMMON                            7D       7D        1       70       1
                cinit                               589      589       12        8       0

TOTAL           Name                               Link     Load   Length     Space
        CLASS   CONST          
                swtext3                             5D3      5D3        C         0
                swtext2                             5A9      5A9        E         0
                swtext1                             59B      59B        E         0

        CLASS   CODE           
                end_init                             11       11        2         0
                intentry                              4        4        D         0
                reset_vec                             0        0        2         0
                text769                             36E      36E       D8         0
                text765                             576      576       13         0
                text764                             604      604        8         0
                text763                             5EA      5EA        A         0
                text762                             62E      62E        3         0
                text760                             629      629        5         0
                text759                             5DF      5DF        B         0
                text758                             5FC      5FC        8         0
                text756                             61E      61E        6         0
                text755                             631      631        2         0
                text754                             5C5      5C5        E         0
                text753                             618      618        6         0
                text752                             624      624        5         0
                text751                             612      612        6         0
                text750                             5B7      5B7        E         0
                text749                             60C      60C        6         0
                text743                             500      500       5A         0
                text740                             446      446       BA         0
                text739                             55A      55A       1C         0
                maintext                             13       13      35B         0
                clrtext                             5F4      5F4        8         0
                cinit                               589      589       12         0

        CLASS   STRCODE        

        CLASS   ENTRY          

        CLASS   STRING         

        CLASS   BANK0          
                cstackBANK0                          20       20       29         1
                dataBANK0                            6F       6F        1         1
                bssBANK0                             49       49       26         1

        CLASS   BANK1          
                bssBANK1                             A0       A0       50         1

        CLASS   BANK2          

        CLASS   BANK3          

        CLASS   RAM            

        CLASS   ABS1           
                abs_s1                               7E       7E        2         1

        CLASS   COMMON         
                cstackCOMMON                         70       70        D         1
                bssCOMMON                            7D       7D        1         1

        CLASS   SFR0           

        CLASS   SFR1           

        CLASS   SFR2           

        CLASS   SFR3           

        CLASS   CONFIG         
                config                             2000     2000        3         0

        CLASS   IDLOC          

        CLASS   EEDATA         



SEGMENTS        Name                           Load    Length   Top    Selector   Space  Class     Delta

                reset_vec                      000000  000002  000002         0       0  CODE        2
                intentry                       000004  000597  00059B         8       0  CODE        2
                cstackBANK0                    000020  000050  000070        20       1  BANK0       1
                cstackCOMMON                   000070  00000E  00007E        70       1  COMMON      1
                bssBANK1                       0000A0  000050  0000F0        A0       1  BANK1       1
                swtext1                        00059B  00001C  0005B7       B36       0  CONST       2
                text750                        0005B7  00001C  0005D3       B6E       0  CODE        2
                swtext3                        0005D3  00000C  0005DF       BA6       0  CONST       2
                text759                        0005DF  000054  000633       BBE       0  CODE        2
                config                         002000  000003  002003      4000       0  CONFIG      2


UNUSED ADDRESS RANGES

        Name                Unused          Largest block    Delta
        BANK2            0110-016F             60           1
        BANK3            0190-01EF             60           1
        CODE             0002-0003              2           2
                         0633-0FFF            1CD
        CONFIG           2003-2007              5           2
        CONST            0002-0003              2           2
                         0633-0FFF            100
        ENTRY            0002-0003              2           2
                         0633-0FFF            100
        IDLOC            2008-200B              4           2
        RAM              0110-016F             60           1
                         0190-01EF             60
        SFR0             0000-001F             20           1
        SFR1             0080-009F             20           1
        SFR2             0100-010F             10           1
        SFR3             0180-018F             10           1
        STRCODE          0002-0003              2           2
                         0633-0FFF            9CD
        STRING           0002-0003              2           2
                         0633-0FFF            100

                                  Symbol Table

??_AD_Sample                                      cstackBANK0  0020
??_Filter                                         cstackBANK0  0022
??_ISR                                            cstackCOMMON 0079
??_adc_get                                        cstackCOMMON 0072
??_adc_start                                      cstackBANK0  0020
??_adc_test_init                                  cstackBANK0  0021
??_clearAllTimer                                  cstackBANK0  0020
??_clearPinPortAndTimer                           cstackBANK0  0020
??_clearThreeHoursTimer                           cstackBANK0  0020
??_clearTwelveHoursTimer                          cstackBANK0  0020
??_clearTwentySecondsTimer                        cstackBANK0  0020
??_clock_config                                   cstackBANK0  0020
??_clrSampeTime                                   cstackBANK0  0020
??_dac_init                                       cstackBANK0  0020
??_getAD_ConvertFlag                              cstackBANK0  0020
??_getAdOriginaCh4Value                           cstackBANK0  0049
??_getAdOriginalCh14Value                         cstackBANK0  0049
??_getAdOriginalCh1Value                          cstackBANK0  0049
??_initPin                                        cstackBANK0  0020
??_isFinishedThreeHoursTimer                      cstackBANK0  0020
??_isFinishedTwelveHoursTimer                     cstackBANK0  0020
??_isFinishedTwentySecondsTimer                   cstackBANK0  0020
??_isPermitSampleTime                             cstackBANK0  0020
??_main                                           cstackBANK0  0049
??_op1_init                                       cstackBANK0  0020
??_op2_init                                       cstackBANK0  0020
??_process_AD_Converter_Value                     cstackBANK0  0023
??_setAD_ConvertFlag                              cstackBANK0  0020
??_startThreeHoursTimer                           cstackBANK0  0022
??_startTwelveHourTimer                           cstackBANK0  0022
??_startTwentySecondsTimer                        cstackBANK0  0020
??_timer1_config                                  cstackBANK0  0020
??_timer1_interrupt_config                        cstackBANK0  0020
??_vPutSampleDataIntoTable                        cstackCOMMON 0077
??i1_setAD_ConvertFlag                            cstackCOMMON 0070
?_AD_Sample                                       cstackCOMMON 0070
?_Filter                                          cstackBANK0  0020
?_ISR                                             cstackCOMMON 0070
?_adc_get                                         cstackCOMMON 0070
?_adc_start                                       cstackCOMMON 0070
?_adc_test_init                                   cstackBANK0  0020
?_clearAllTimer                                   cstackCOMMON 0070
?_clearPinPortAndTimer                            cstackCOMMON 0070
?_clearThreeHoursTimer                            cstackCOMMON 0070
?_clearTwelveHoursTimer                           cstackCOMMON 0070
?_clearTwentySecondsTimer                         cstackCOMMON 0070
?_clock_config                                    cstackCOMMON 0070
?_clrSampeTime                                    cstackCOMMON 0070
?_dac_init                                        cstackCOMMON 0070
?_getAD_ConvertFlag                               cstackCOMMON 0070
?_getAdOriginaCh4Value                            cstackBANK0  0047
?_getAdOriginalCh14Value                          cstackBANK0  0047
?_getAdOriginalCh1Value                           cstackBANK0  0047
?_initPin                                         cstackCOMMON 0070
?_isFinishedThreeHoursTimer                       cstackCOMMON 0070
?_isFinishedTwelveHoursTimer                      cstackCOMMON 0070
?_isFinishedTwentySecondsTimer                    cstackCOMMON 0070
?_isPermitSampleTime                              cstackCOMMON 0070
?_main                                            cstackCOMMON 0070
?_op1_init                                        cstackCOMMON 0070
?_op2_init                                        cstackCOMMON 0070
?_process_AD_Converter_Value                      cstackCOMMON 0070
?_setAD_ConvertFlag                               cstackCOMMON 0070
?_startThreeHoursTimer                            cstackBANK0  0020
?_startTwelveHourTimer                            cstackBANK0  0020
?_startTwentySecondsTimer                         cstackCOMMON 0070
?_timer1_config                                   cstackCOMMON 0070
?_timer1_interrupt_config                         cstackCOMMON 0070
?_vPutSampleDataIntoTable                         cstackCOMMON 0074
?i1_setAD_ConvertFlag                             cstackCOMMON 0070
Filter@cir                                        cstackBANK0  0043
Filter@filter_buf                                 cstackBANK0  0026
Filter@filter_sum                                 cstackBANK0  0040
Filter@filter_temp                                cstackBANK0  003E
Filter@i                                          cstackBANK0  0046
Filter@j                                          cstackBANK0  0045
Filter@tmpValue                                   cstackBANK0  0042
ISR@ucTimer1sCnt                                  bssBANK1     00A6
_ADCON0                                           (abs)        001F
_ADCON1                                           (abs)        009F
_ADIE                                             (abs)        046A
_ADIF                                             (abs)        006A
_ADON                                             (abs)        00F8
_ADRESH                                           (abs)        001E
_ADRESL                                           (abs)        009E
_AD_Sample                                        text743      0525
_CLKPCE                                           (abs)        0847
_CLKPR                                            (abs)        0108
_DACCON                                           (abs)        0087
_DACR0                                            (abs)        0088
_Filter                                           text740      045B
_GIE                                              (abs)        005F
_GO                                               (abs)        00F9
_ISR                                              text769      036E
_OP1CON0                                          (abs)        001B
_OP1CON1                                          (abs)        001C
_OP1CON2                                          (abs)        001D
_OP2CON0                                          (abs)        009B
_OP2CON1                                          (abs)        009C
_OP2CON2                                          (abs)        009D
_PA0                                              (abs)        0028
_PA1                                              (abs)        0029
_PA2                                              (abs)        002A
_PA3                                              (abs)        002B
_PA6                                              (abs)        002E
_PA7                                              (abs)        002F
_PAOD7                                            (abs)        0C3F
_PB0                                              (abs)        0030
_PB1                                              (abs)        0031
_PB6                                              (abs)        0036
_PBOD6                                            (abs)        0C46
_PEIE                                             (abs)        005E
_T1CON                                            (abs)        0010
_TMR1H                                            (abs)        000F
_TMR1IE                                           (abs)        0460
_TMR1IF                                           (abs)        0060
_TMR1L                                            (abs)        000E
_TRISA0                                           (abs)        0428
_TRISA1                                           (abs)        0429
_TRISA2                                           (abs)        042A
_TRISA3                                           (abs)        042B
_TRISA6                                           (abs)        042E
_TRISA7                                           (abs)        042F
_TRISB0                                           (abs)        0430
_TRISB1                                           (abs)        0431
_TRISB2                                           (abs)        0432
_TRISB3                                           (abs)        0433
_TRISB4                                           (abs)        0434
_TRISB5                                           (abs)        0435
_TRISB6                                           (abs)        0436
_TRISB7                                           (abs)        0437
__Habs1                                           abs1         0000
__Hbank0                                          bank0        0000
__Hbank1                                          bank1        0000
__Hbank2                                          bank2        0000
__Hbank3                                          bank3        0000
__HbssBANK0                                       bssBANK0     0000
__HbssBANK1                                       bssBANK1     0000
__HbssCOMMON                                      bssCOMMON    0000
__Hcinit                                          cinit        0000
__Hclrtext                                        clrtext      0000
__Hcode                                           code         0000
__Hcommon                                         common       0000
__Hconfig                                         config       2003
__HcstackBANK0                                    cstackBANK0  0000
__HcstackCOMMON                                   cstackCOMMON 0000
__HdataBANK0                                      dataBANK0    0000
__Heeprom_data                                    eeprom_data  0000
__Hend_init                                       end_init     0013
__Hfunctab                                        functab      0000
__HidataBANK0                                     idataBANK0   0000
__Hidloc                                          idloc        0000
__Hinit                                           init         0011
__Hintentry                                       intentry     0011
__Hmaintext                                       maintext     0000
__Hpa_nodes                                       pa_nodes     0000
__Hpowerup                                        powerup      0000
__Hram                                            ram          0000
__Hreset_vec                                      reset_vec    0002
__Hsfr0                                           sfr0         0000
__Hsfr1                                           sfr1         0000
__Hsfr2                                           sfr2         0000
__Hsfr3                                           sfr3         0000
__Hstrings                                        strings      0000
__Htext                                           text         0000
__Labs1                                           abs1         0000
__Lbank0                                          bank0        0000
__Lbank1                                          bank1        0000
__Lbank2                                          bank2        0000
__Lbank3                                          bank3        0000
__LbssBANK0                                       bssBANK0     0000
__LbssBANK1                                       bssBANK1     0000
__LbssCOMMON                                      bssCOMMON    0000
__Lcinit                                          cinit        0000
__Lclrtext                                        clrtext      0000
__Lcode                                           code         0000
__Lcommon                                         common       0000
__Lconfig                                         config       2000
__LcstackBANK0                                    cstackBANK0  0000
__LcstackCOMMON                                   cstackCOMMON 0000
__LdataBANK0                                      dataBANK0    0000
__Leeprom_data                                    eeprom_data  0000
__Lend_init                                       end_init     0011
__Lfunctab                                        functab      0000
__LidataBANK0                                     idataBANK0   0000
__Lidloc                                          idloc        0000
__Linit                                           init         0011
__Lintentry                                       intentry     0004
__Lmaintext                                       maintext     0000
__Lpa_nodes                                       pa_nodes     0000
__Lpowerup                                        powerup      0000
__Lram                                            ram          0000
__Lreset_vec                                      reset_vec    0000
__Lsfr0                                           sfr0         0000
__Lsfr1                                           sfr1         0000
__Lsfr2                                           sfr2         0000
__Lsfr3                                           sfr3         0000
__Lstrings                                        strings      0000
__Ltext                                           text         0000
__S0                                              (abs)        2003
__S1                                              (abs)        00F0
__end_of_AD_Sample                                text743      0542
__end_of_Filter                                   text740      04EA
__end_of_ISR                                      text769      03CB
__end_of_adc_get                                  text769      03D6
__end_of_adc_start                                text743      055A
__end_of_adc_test_init                            text743      0557
__end_of_clearAllTimer                            text739      056B
__end_of_clearPinPortAndTimer                     text739      0566
__end_of_clearThreeHoursTimer                     text739      0573
__end_of_clearTwelveHoursTimer                    text739      056F
__end_of_clearTwentySecondsTimer                  text739      0576
__end_of_clock_config                             text764      060C
__end_of_clrSampeTime                             text755      0633
__end_of_dac_init                                 text760      062E
__end_of_getAD_ConvertFlag                        text743      0522
__end_of_getAdOriginaCh4Value                     text740      044D
__end_of_getAdOriginalCh14Value                   text740      045B
__end_of_getAdOriginalCh1Value                    text740      0454
__end_of_initPin                                  text765      0589
__end_of_isFinishedThreeHoursTimer                text749      0612
__end_of_isFinishedTwelveHoursTimer               text753      061E
__end_of_isFinishedTwentySecondsTimer             text751      0618
__end_of_isPermitSampleTime                       text756      0624
__end_of_main                                     maintext     036E
__end_of_op1_init                                 text759      05EA
__end_of_op2_init                                 text758      0604
__end_of_process_AD_Converter_Value               text743      051E
__end_of_setAD_ConvertFlag                        text743      0525
__end_of_startThreeHoursTimer                     text750      05C5
__end_of_startTwelveHourTimer                     text754      05D3
__end_of_startTwentySecondsTimer                  text752      0629
__end_of_timer1_config                            text763      05F4
__end_of_timer1_interrupt_config                  text762      0631
__end_of_vPutSampleDataIntoTable                  text769      0433
__end_ofi1_setAD_ConvertFlag                      text769      0436
__pbssBANK0                                       bssBANK0     0049
__pbssBANK1                                       bssBANK1     00A0
__pbssCOMMON                                      bssCOMMON    007D
__pcstackBANK0                                    cstackBANK0  0020
__pcstackCOMMON                                   cstackCOMMON 0070
__pdataBANK0                                      dataBANK0    006F
__pidataBANK0                                     idataBANK0   0000
__pintentry                                       intentry     0004
__pmaintext                                       maintext     0013
__pswtext1                                        swtext1      059B
__pswtext2                                        swtext2      05A9
__pswtext3                                        swtext3      05D3
__ptext739                                        text739      055A
__ptext740                                        text740      0446
__ptext741                                        text740      044D
__ptext742                                        text740      0454
__ptext743                                        text743      0500
__ptext744                                        text739      0566
__ptext745                                        text743      0525
__ptext746                                        text743      0522
__ptext747                                        text743      051E
__ptext748                                        text740      045B
__ptext749                                        text749      060C
__ptext750                                        text750      05B7
__ptext751                                        text751      0612
__ptext752                                        text752      0624
__ptext753                                        text753      0618
__ptext754                                        text754      05C5
__ptext755                                        text755      0631
__ptext756                                        text756      061E
__ptext757                                        text743      0557
__ptext758                                        text758      05FC
__ptext759                                        text759      05DF
__ptext760                                        text760      0629
__ptext761                                        text743      0542
__ptext762                                        text762      062E
__ptext763                                        text763      05EA
__ptext764                                        text764      0604
__ptext765                                        text765      0576
__ptext766                                        text739      0573
__ptext767                                        text739      056F
__ptext768                                        text739      056B
__ptext769                                        text769      036E
__ptext770                                        text769      0433
__ptext771                                        text769      03CB
__ptext772                                        text769      03D6
__ptext773                                        text773      0000
__size_of_AD_Sample                               (abs)        0000
__size_of_Filter                                  (abs)        0000
__size_of_ISR                                     (abs)        0000
__size_of_adc_get                                 (abs)        0000
__size_of_adc_start                               (abs)        0000
__size_of_adc_test_init                           (abs)        0000
__size_of_clearAllTimer                           (abs)        0000
__size_of_clearPinPortAndTimer                    (abs)        0000
__size_of_clearThreeHoursTimer                    (abs)        0000
__size_of_clearTwelveHoursTimer                   (abs)        0000
__size_of_clearTwentySecondsTimer                 (abs)        0000
__size_of_clock_config                            (abs)        0000
__size_of_clrSampeTime                            (abs)        0000
__size_of_dac_init                                (abs)        0000
__size_of_getAD_ConvertFlag                       (abs)        0000
__size_of_getAdOriginaCh4Value                    (abs)        0000
__size_of_getAdOriginalCh14Value                  (abs)        0000
__size_of_getAdOriginalCh1Value                   (abs)        0000
__size_of_initPin                                 (abs)        0000
__size_of_isFinishedThreeHoursTimer               (abs)        0000
__size_of_isFinishedTwelveHoursTimer              (abs)        0000
__size_of_isFinishedTwentySecondsTimer            (abs)        0000
__size_of_isPermitSampleTime                      (abs)        0000
__size_of_main                                    (abs)        0000
__size_of_op1_init                                (abs)        0000
__size_of_op2_init                                (abs)        0000
__size_of_process_AD_Converter_Value              (abs)        0000
__size_of_setAD_ConvertFlag                       (abs)        0000
__size_of_startThreeHoursTimer                    (abs)        0000
__size_of_startTwelveHourTimer                    (abs)        0000
__size_of_startTwentySecondsTimer                 (abs)        0000
__size_of_timer1_config                           (abs)        0000
__size_of_timer1_interrupt_config                 (abs)        0000
__size_of_vPutSampleDataIntoTable                 (abs)        0000
__size_ofi1_setAD_ConvertFlag                     (abs)        0000
_adc_convert_flag                                 bssBANK0     0049
_adc_get                                          text769      03CB
_adc_start                                        text743      0557
_adc_test_init                                    text743      0542
_clearAllTimer                                    text739      0566
_clearPinPortAndTimer                             text739      055A
_clearThreeHoursTimer                             text739      056F
_clearTwelveHoursTimer                            text739      056B
_clearTwentySecondsTimer                          text739      0573
_clock_config                                     text764      0604
_clrSampeTime                                     text755      0631
_dac_init                                         text760      0629
_exit                                             init         0011
_getAD_ConvertFlag                                text743      051E
_getAdOriginaCh4Value                             text740      0446
_getAdOriginalCh14Value                           text740      0454
_getAdOriginalCh1Value                            text740      044D
_initPin                                          text765      0576
_isFinishedThreeHoursTimer                        text749      060C
_isFinishedTwelveHoursTimer                       text753      0618
_isFinishedTwentySecondsTimer                     text751      0612
_isPermitSampleTime                               text756      061E
_main                                             maintext     0013
_op1_init                                         text759      05DF
_op2_init                                         text758      05FC
_process_AD_Converter_Value                       text743      0500
_sampleChannelSelect                              dataBANK0    006F
_sampleTimes                                      bssBANK0     004A
_setAD_ConvertFlag                                text743      0522
_startThreeHoursTimer                             text750      05B7
_startTwelveHourTimer                             text754      05C5
_startTwentySecondsTimer                          text752      0624
_timer                                            bssBANK1     00A7
_timer1_config                                    text763      05EA
_timer1_interrupt_config                          text762      062E
_uiBigTimer                                       bssBANK1     00A0
_uiSampleChannelFirst                             bssBANK1     00A8
_uiSampleChannelFourteenth                        bssBANK1     00C0
_uiSampleChannelFourth                            bssBANK1     00D8
_uiSmallTimer                                     bssBANK1     00A2
_uiTwentySecondsTimer                             bssBANK1     00A4
_vPutSampleDataIntoTable                          text769      03D6
adc_get@val                                       cstackCOMMON 0072
adc_test_init@channel                             cstackBANK0  0022
adc_test_init@ref                                 cstackBANK0  0020
btemp                                             (abs)        007E
clear_ram                                         clrtext      05F4
end_of_initialization                             cinit        0598
i1_setAD_ConvertFlag                              text769      0433
i1l1676                                                            
i1l2419                                                            
i1l4034                                                            
i1l4036                                                            
i1l4040                                                            
i1l4044                                                            
i1l4052                                                            
i1l4056                                                            
i1l4064                                                            
i1l4068                                                            
i1l4078                                                            
i1l4080                                                            
i1l4110                                                            
i1l4114                                                            
i1l4116                                                            
i1l4120                                                            
i1l4132                                                            
i1l4134                                                            
i1l4140                                                            
i1l4144                                                            
i1l4148                                                            
i1setAD_ConvertFlag@flag                          cstackCOMMON 0070
interrupt_function                                intentry     0004
intlevel0                                         functab      0000
intlevel1                                         functab      0000
intlevel2                                         functab      0000
intlevel3                                         functab      0000
intlevel4                                         functab      0000
intlevel5                                         functab      0000
l1635                                                              
l1664                                                              
l1667                                                              
l1670                                                              
l1673                                                              
l1676                                                              
l1679                                                              
l1682                                                              
l1685                                                              
l1714                                                              
l1717                                                              
l1720                                                              
l1727                                                              
l1750                                                              
l2396                                                              
l2399                                                              
l2402                                                              
l2410                                                              
l2416                                                              
l3876                                                              
l3878                                                              
l3882                                                              
l3884                                                              
l3886                                                              
l3888                                                              
l3890                                                              
l3892                                                              
l3894                                                              
l3896                                                              
l3898                                                              
l3900                                                              
l3902                                                              
l3904                                                              
l3906                                                              
l3908                                                              
l3910                                                              
l3912                                                              
l3914                                                              
l3916                                                              
l3918                                                              
l3920                                                              
l3924                                                              
l3936                                                              
l3938                                                              
l3942                                                              
l3954                                                              
l3956                                                              
l3968                                                              
l3972                                                              
l3984                                                              
l3992                                                              
l3994                                                              
l3996                                                              
l4016                                                              
l4024                                                              
l4026                                                              
l4030                                                              
l4082                                                              
l4086                                                              
l4088                                                              
l4092                                                              
l4096                                                              
l4106                                                              
l4152                                                              
l4156                                                              
l4162                                                              
l4168                                                              
l4172                                                              
l4176                                                              
l4180                                                              
l4182                                                              
l4184                                                              
l4186                                                              
l4188                                                              
l4190                                                              
l4192                                                              
l4194                                                              
l4196                                                              
l4198                                                              
l4200                                                              
l4202                                                              
l4204                                                              
l4208                                                              
l4210                                                              
l4214                                                              
l4220                                                              
l4238                                                              
l4242                                                              
l4246                                                              
l4248                                                              
l4254                                                              
l4260                                                              
l4264                                                              
l4270                                                              
l4276                                                              
l4286                                                              
l4296                                                              
l4594                                                              
l4600                                                              
l4608                                                              
l4620                                                              
l4624                                                              
l4626                                                              
l4630                                                              
l4636                                                              
l4638                                                              
l4640                                                              
l4642                                                              
l4644                                                              
l4646                                                              
l4648                                                              
l4656                                                              
l4658                                                              
l4670                                                              
l4674                                                              
l4680                                                              
l4682                                                              
l4684                                                              
l4686                                                              
l4688                                                              
l4696                                                              
l4700                                                              
l4726                                                              
l4738                                                              
l4740                                                              
l4742                                                              
l4744                                                              
l677                                                               
l680                                                               
l683                                                               
main@cTimer1s_818                                 bssBANK0     004B
main@enumBranchStep                               bssBANK0     004C
main@enumInteralStep                              bssBANK0     004D
main@enumMainLoopStep                             bssBANK0     004E
main@ucADC4_Step                                  bssBANK0     004F
main@ucChannel4Type                               bssBANK0     0050
main@ucLoaderStep                                 bssBANK0     0051
main@ucLoaderStep1                                bssBANK0     0052
main@ucLoaderStep2                                bssBANK0     0053
main@ucLoaderStep3                                bssBANK0     0054
main@ucLoaderStep4                                bssBANK0     0055
main@ucTimer1s                                    bssBANK0     0056
main@ucTimer20s                                   bssBANK0     0057
main@ucTimerADC1ZeroP5s                           bssBANK0     0058
main@ucTimerDelay                                 bssBANK0     0059
main@ucTimerDelay1                                bssBANK0     005A
main@ucTimerDelay2                                bssBANK0     005B
main@ucTimerDelay3                                bssBANK0     005C
main@ucTimerDelay4                                bssBANK0     005D
main@ucTimerDelayP5s                              bssBANK0     005E
main@ucTimerLessADC1ZeroP5s                       bssBANK0     005F
main@ucTimerLessX1P5s                             bssBANK0     0060
main@ucTimerLessX2P5s                             bssBANK0     0061
main@ucTimerP3s                                   bssBANK0     0062
main@ucTimerP5s                                   bssBANK0     0063
main@ucTimerPA6DelayP1s                           bssBANK0     0064
main@ucTimerPB6DelayP1s                           bssBANK0     0065
main@ucTimerPowerLed                              bssBANK0     0066
main@ucTimerRightP5s                              bssBANK0     0067
main@ucTimerSeond1s                               bssBANK0     0068
main@ucTimerX1P5s                                 bssBANK0     0069
main@ucTimerX2P5s                                 bssBANK0     006A
main@ucTimerZeroPoint3s                           bssBANK0     006B
main@ucTimerZeroPoint5s                           bssBANK0     006C
reset_vec                                         reset_vec    0000
saved_w                                           (abs)        007E
setAD_ConvertFlag@flag                            cstackBANK0  0020
start                                             init         0011
startThreeHoursTimer@uiSetTime                    cstackBANK0  0020
startTwelveHourTimer@uiSetTime                    cstackBANK0  0020
start_initialization                              cinit        0589
vPutSampleDataIntoTable@channel                   cstackCOMMON 0076
vPutSampleDataIntoTable@i                         cstackCOMMON 0077
vPutSampleDataIntoTable@ucChannelFirstLength      bssCOMMON    007D
vPutSampleDataIntoTable@ucChannelFourteenthLength bssBANK0     006D
vPutSampleDataIntoTable@ucChannelFourthLength     bssBANK0     006E
vPutSampleDataIntoTable@uiSampleData              cstackCOMMON 0074
wtemp0                                            (abs)        007E
