

HI-TECH Software PIC PRO Macro Assembler V9.83 build 10920 
                                                                                               Fri Jul 05 11:19:07 2019

HI-TECH Software Omniscient Code Generator (PRO mode) build 10920
     1                           	processor	16C77
     2                           	opt	pw 120
     3                           	opt	pm
     4                           	psect	config,global,class=CONFIG,delta=2
     5                           	psect	idataBANK0,global,class=CODE,delta=2
     6                           	psect	cinit,global,class=CODE,delta=2
     7                           	psect	bssCOMMON,global,class=COMMON,space=1,delta=1
     8                           	psect	bssBANK0,global,class=BANK0,space=1,delta=1
     9                           	psect	dataBANK0,global,class=BANK0,space=1,delta=1
    10                           	psect	bssBANK1,global,class=BANK1,space=1,delta=1
    11                           	psect	clrtext,global,class=CODE,delta=2
    12                           	psect	cstackCOMMON,global,class=COMMON,space=1,delta=1
    13                           	psect	cstackBANK0,global,class=BANK0,space=1,delta=1
    14                           	psect	maintext,global,class=CODE,delta=2
    15                           	psect	text279,local,class=CODE,delta=2
    16                           	psect	text280,local,class=CODE,delta=2
    17                           	psect	text281,local,class=CODE,delta=2
    18                           	psect	text282,local,class=CODE,delta=2
    19                           	psect	text283,local,class=CODE,delta=2
    20                           	psect	text284,local,class=CODE,delta=2
    21                           	psect	text285,local,class=CODE,delta=2
    22                           	psect	text286,local,class=CODE,delta=2
    23                           	psect	text287,local,class=CODE,delta=2
    24                           	psect	intentry,global,class=CODE,delta=2
    25                           	psect	text291,local,class=CODE,delta=2
    26                           	psect	pa_nodes,global,class=CODE,delta=2
    27                           	dabs	1,0x7E,2
    28  000A                     	;#
    29                           
    30                           	psect	config
    31  2000  2FFF               	dw	12287	;#
    32  2001  3FDE               	dw	16350	;#
    33  2002  3FF8               	dw	16376	;#
    34                           
    35                           	psect	idataBANK0
    36  0000                     __pidataBANK0:	
    37  001E                     _ADRESH	set	30
    38  001B                     _OP1CON0	set	27
    39  001C                     _OP1CON1	set	28
    40  001D                     _OP1CON2	set	29
    41  0010                     _T1CON	set	16
    42  000F                     _TMR1H	set	15
    43  000E                     _TMR1L	set	14
    44  006A                     _ADIF	set	106
    45  005F                     _GIE	set	95
    46  00F9                     _GO	set	249
    47  0028                     _PA0	set	40
    48  0029                     _PA1	set	41
    49  002A                     _PA2	set	42
    50  002B                     _PA3	set	43
    51  002E                     _PA6	set	46
    52  0030                     _PB0	set	48
    53  0031                     _PB1	set	49
    54  0036                     _PB6	set	54
    55  0037                     _PB7	set	55
    56  005E                     _PEIE	set	94
    57  0060                     _TMR1IF	set	96
    58  009E                     _ADRESL	set	158
    59  0087                     _DACCON	set	135
    60  0088                     _DACR0	set	136
    61  009B                     _OP2CON0	set	155
    62  009C                     _OP2CON1	set	156
    63  009D                     _OP2CON2	set	157
    64  0460                     _TMR1IE	set	1120
    65  0428                     _TRISA0	set	1064
    66  0429                     _TRISA1	set	1065
    67  042A                     _TRISA2	set	1066
    68  042B                     _TRISA3	set	1067
    69  042E                     _TRISA6	set	1070
    70  042F                     _TRISA7	set	1071
    71  0430                     _TRISB0	set	1072
    72  0431                     _TRISB1	set	1073
    73  0435                     _TRISB5	set	1077
    74  0436                     _TRISB6	set	1078
    75  0437                     _TRISB7	set	1079
    76  0108                     _CLKPR	set	264
    77  0847                     _CLKPCE	set	2119
    78  0C46                     _PBOD6	set	3142
    79  0C47                     _PBOD7	set	3143
    80                           
    81                           	psect	cinit
    82  0121                     start_initialization:	
    83  0121  3020               	movlw	low __pbssBANK0
    84                           
    85                           ; Clear objects allocated to COMMON
    86  0122  01FD               	clrf	__pbssCOMMON& (0+127)
    87                           
    88                           ; Clear objects allocated to BANK0
    89  0123  1383               	bcf	3,7	;select IRP bank0
    90  0124  0084               	movwf	4
    91  0125  3059               	movlw	low (__pbssBANK0+57)
    92  0126  118A  2147  118A   	fcall	clear_ram
    93                           
    94                           ; Clear objects allocated to BANK1
    95  0129  30A0               	movlw	low __pbssBANK1
    96  012A  0084               	movwf	4
    97  012B  30B8               	movlw	low (__pbssBANK1+24)
    98  012C  118A  2147         	fcall	clear_ram
    99                           
   100                           ;initializer for _sampleChannelSelect
   101  012E  300E               	movlw	14
   102  012F  00D9               	movwf	__pdataBANK0& (0+127)
   103  0130                     end_of_initialization:	
   104                           ;End of C runtime variable initialization code
   105                           
   106  0130  0183               	clrf	3
   107  0131  118A  28EA         	ljmp	_main	;jump to C main() function
   108                           
   109                           	psect	bssCOMMON
   110  007D                     __pbssCOMMON:	
   111  007D                     vPutSampleDataIntoTable@ucChannelFirstLength:	
   112  007D                     	ds	1
   113                           
   114                           	psect	bssBANK0
   115  0020                     __pbssBANK0:	
   116  0020                     _uiBigTimer:	
   117  0020                     	ds	2
   118  0022                     _uiSmallTimer:	
   119  0022                     	ds	2
   120  0024                     _uiTwentySecondsTimer:	
   121  0024                     	ds	2
   122  0026                     ISR@ucTimer1sCnt:	
   123  0026                     	ds	1
   124  0027                     vPutSampleDataIntoTable@ucChannelFourteenthLength:	
   125  0027                     	ds	1
   126  0028                     vPutSampleDataIntoTable@ucChannelFourthLength:	
   127  0028                     	ds	1
   128  0029                     _uiSampleChannelFirst:	
   129  0029                     	ds	24
   130  0041                     _uiSampleChannelFourth:	
   131  0041                     	ds	24
   132                           
   133                           	psect	dataBANK0
   134  0059                     __pdataBANK0:	
   135  0059                     _sampleChannelSelect:	
   136  0059                     	ds	1
   137                           
   138                           	psect	bssBANK1
   139  00A0                     __pbssBANK1:	
   140  00A0                     _uiSampleChannelFourteenth:	
   141  00A0                     	ds	24
   142                           
   143                           	psect	clrtext
   144  0147                     clear_ram:	
   145                           ;	Called with FSR containing the base address, and
   146                           ;	W with the last address+1
   147                           
   148  0147  0064               	clrwdt	;clear the watchdog before getting into this loop
   149  0148                     clrloop:	
   150  0148  0180               	clrf	0	;clear RAM location pointed to by FSR
   151  0149  0A84               	incf	4,f	;increment pointer
   152  014A  0604               	xorwf	4,w	;XOR with final address
   153  014B  1903               	btfsc	3,2	;have we reached the end yet?
   154  014C  3400               	retlw	0	;all done for this memory range, return
   155  014D  0604               	xorwf	4,w	;XOR again to restore value
   156  014E  2948               	goto	clrloop	;do the next byte
   157                           
   158                           	psect	cstackCOMMON
   159  0070                     __pcstackCOMMON:	
   160  0070                     ?_clock_config:	
   161  0070                     ?_timer1_config:	
   162                           ; 0 bytes @ 0x0
   163                           
   164  0070                     ?_timer1_interrupt_config:	
   165                           ; 0 bytes @ 0x0
   166                           
   167  0070                     ?_dac_init:	
   168                           ; 0 bytes @ 0x0
   169                           
   170  0070                     ?_op1_init:	
   171                           ; 0 bytes @ 0x0
   172                           
   173  0070                     ?_op2_init:	
   174                           ; 0 bytes @ 0x0
   175                           
   176  0070                     ?_adc_start:	
   177                           ; 0 bytes @ 0x0
   178                           
   179  0070                     ?_initPin:	
   180                           ; 0 bytes @ 0x0
   181                           
   182  0070                     ?_main:	
   183                           ; 0 bytes @ 0x0
   184                           
   185  0070                     ?_setAD_ConvertFlag:	
   186                           ; 0 bytes @ 0x0
   187                           
   188  0070                     ??_setAD_ConvertFlag:	
   189                           ; 0 bytes @ 0x0
   190                           
   191  0070                     ?_ISR:	
   192                           ; 0 bytes @ 0x0
   193                           
   194  0070                     ?_adc_get:	
   195                           ; 0 bytes @ 0x0
   196                           
   197  0070                     setAD_ConvertFlag@flag:	
   198                           ; 2 bytes @ 0x0
   199                           
   200                           
   201                           ; 1 bytes @ 0x0
   202  0070                     	ds	2
   203  0072                     ??_adc_get:	
   204  0072                     adc_get@val:	
   205                           ; 0 bytes @ 0x2
   206                           
   207                           
   208                           ; 2 bytes @ 0x2
   209  0072                     	ds	2
   210  0074                     ?_vPutSampleDataIntoTable:	
   211  0074                     vPutSampleDataIntoTable@uiSampleData:	
   212                           ; 0 bytes @ 0x4
   213                           
   214                           
   215                           ; 2 bytes @ 0x4
   216  0074                     	ds	2
   217  0076                     vPutSampleDataIntoTable@channel:	
   218                           
   219                           ; 1 bytes @ 0x6
   220  0076                     	ds	1
   221  0077                     ??_vPutSampleDataIntoTable:	
   222  0077                     vPutSampleDataIntoTable@i:	
   223                           ; 0 bytes @ 0x7
   224                           
   225                           
   226                           ; 2 bytes @ 0x7
   227  0077                     	ds	2
   228  0079                     ??_ISR:	
   229                           
   230                           ; 0 bytes @ 0x9
   231  0079                     	ds	4
   232                           
   233                           	psect	cstackBANK0
   234  0000                     __pcstackBANK0:	
   235  0000                     ??_clock_config:	
   236  0000                     ??_timer1_config:	
   237                           ; 0 bytes @ 0x0
   238                           
   239  0000                     ??_timer1_interrupt_config:	
   240                           ; 0 bytes @ 0x0
   241                           
   242  0000                     ??_dac_init:	
   243                           ; 0 bytes @ 0x0
   244                           
   245  0000                     ??_op1_init:	
   246                           ; 0 bytes @ 0x0
   247                           
   248  0000                     ??_op2_init:	
   249                           ; 0 bytes @ 0x0
   250                           
   251  0000                     ??_adc_start:	
   252                           ; 0 bytes @ 0x0
   253                           
   254  0000                     ??_initPin:	
   255                           ; 0 bytes @ 0x0
   256                           
   257  0000                     ??_main:	
   258                           ; 0 bytes @ 0x0
   259                           
   260                           
   261                           	psect	maintext
   262  00EA                     __pmaintext:	
   263                           ; 0 bytes @ 0x0
   264 ;;Data sizes: Strings 0, constant 0, data 1, bss 82, persistent 0 stack 0
   265 ;;Auto spaces:   Size  Autos    Used
   266 ;; COMMON          14     13      14
   267 ;; BANK0           80      0      58
   268 ;; BANK1           80      0      24
   269 ;; BANK3           96      0       0
   270 ;; BANK2           96      0       0
   271 ;;
   272 ;; Pointer list with targets:
   273 ;; ?_adc_get	unsigned int  size(1) Largest target is 0
   274 ;;
   275 ;;
   276 ;; Critical Paths under _main in COMMON
   277 ;;
   278 ;;   None.
   279 ;;
   280 ;; Critical Paths under _ISR in COMMON
   281 ;;
   282 ;;   _ISR->_vPutSampleDataIntoTable
   283 ;;   _vPutSampleDataIntoTable->_adc_get
   284 ;;
   285 ;; Critical Paths under _main in BANK0
   286 ;;
   287 ;;   None.
   288 ;;
   289 ;; Critical Paths under _ISR in BANK0
   290 ;;
   291 ;;   None.
   292 ;;
   293 ;; Critical Paths under _main in BANK1
   294 ;;
   295 ;;   None.
   296 ;;
   297 ;; Critical Paths under _ISR in BANK1
   298 ;;
   299 ;;   None.
   300 ;;
   301 ;; Critical Paths under _main in BANK3
   302 ;;
   303 ;;   None.
   304 ;;
   305 ;; Critical Paths under _ISR in BANK3
   306 ;;
   307 ;;   None.
   308 ;;
   309 ;; Critical Paths under _main in BANK2
   310 ;;
   311 ;;   None.
   312 ;;
   313 ;; Critical Paths under _ISR in BANK2
   314 ;;
   315 ;;   None.
   316 ;;
   317 ;;Main: autosize = 0, tempsize = 0, incstack = 0, save=0
   318 ;;
   319 ;;
   320 ;;Call Graph Tables:
   321 ;;
   322 ;; ---------------------------------------------------------------------------------
   323 ;; (Depth) Function   	        Calls       Base Space   Used Autos Params    Refs
   324 ;; ---------------------------------------------------------------------------------
   325 ;; (0) _main                                                 0     0      0       0
   326 ;;                            _initPin
   327 ;;                       _clock_config
   328 ;;                      _timer1_config
   329 ;;            _timer1_interrupt_config
   330 ;;                           _dac_init
   331 ;;                           _op1_init
   332 ;;                           _op2_init
   333 ;;                          _adc_start
   334 ;; ---------------------------------------------------------------------------------
   335 ;; (1) _adc_start                                            0     0      0       0
   336 ;; ---------------------------------------------------------------------------------
   337 ;; (1) _op2_init                                             0     0      0       0
   338 ;; ---------------------------------------------------------------------------------
   339 ;; (1) _op1_init                                             0     0      0       0
   340 ;; ---------------------------------------------------------------------------------
   341 ;; (1) _dac_init                                             0     0      0       0
   342 ;; ---------------------------------------------------------------------------------
   343 ;; (1) _timer1_interrupt_config                              0     0      0       0
   344 ;; ---------------------------------------------------------------------------------
   345 ;; (1) _timer1_config                                        0     0      0       0
   346 ;; ---------------------------------------------------------------------------------
   347 ;; (1) _clock_config                                         0     0      0       0
   348 ;; ---------------------------------------------------------------------------------
   349 ;; (1) _initPin                                              0     0      0       0
   350 ;; ---------------------------------------------------------------------------------
   351 ;; Estimated maximum stack depth 1
   352 ;; ---------------------------------------------------------------------------------
   353 ;; (Depth) Function   	        Calls       Base Space   Used Autos Params    Refs
   354 ;; ---------------------------------------------------------------------------------
   355 ;; (2) _ISR                                                  4     4      0     345
   356 ;;                                              9 COMMON     4     4      0
   357 ;;                  _setAD_ConvertFlag
   358 ;;                            _adc_get
   359 ;;            _vPutSampleDataIntoTable
   360 ;; ---------------------------------------------------------------------------------
   361 ;; (3) _adc_get                                              4     2      2      24
   362 ;;                                              0 COMMON     4     2      2
   363 ;; ---------------------------------------------------------------------------------
   364 ;; (3) _setAD_ConvertFlag                                    1     1      0      11
   365 ;;                                              0 COMMON     1     1      0
   366 ;; ---------------------------------------------------------------------------------
   367 ;; (3) _vPutSampleDataIntoTable                              5     2      3     310
   368 ;;                                              4 COMMON     5     2      3
   369 ;;                            _adc_get (ARG)
   370 ;; ---------------------------------------------------------------------------------
   371 ;; Estimated maximum stack depth 3
   372 ;; ---------------------------------------------------------------------------------
   373 ;; Call Graph Graphs:
   374 ;; _main (ROOT)
   375 ;;   _initPin
   376 ;;   _clock_config
   377 ;;   _timer1_config
   378 ;;   _timer1_interrupt_config
   379 ;;   _dac_init
   380 ;;   _op1_init
   381 ;;   _op2_init
   382 ;;   _adc_start
   383 ;;
   384 ;; _ISR (ROOT)
   385 ;;   _setAD_ConvertFlag
   386 ;;   _adc_get
   387 ;;   _vPutSampleDataIntoTable
   388 ;;     _adc_get (ARG)
   389 ;;
   390 ;; Address spaces:
   391 ;;Name               Size   Autos  Total    Cost      Usage
   392 ;;BANK3               60      0       0      10        0.0%
   393 ;;BITBANK3            60      0       0       9        0.0%
   394 ;;SFR3                 0      0       0       4        0.0%
   395 ;;BITSFR3              0      0       0       4        0.0%
   396 ;;BANK2               60      0       0      12        0.0%
   397 ;;BITBANK2            60      0       0      11        0.0%
   398 ;;SFR2                 0      0       0       5        0.0%
   399 ;;BITSFR2              0      0       0       5        0.0%
   400 ;;SFR1                 0      0       0       2        0.0%
   401 ;;BITSFR1              0      0       0       2        0.0%
   402 ;;BANK1               50      0      18       8       30.0%
   403 ;;BITBANK1            50      0       0       7        0.0%
   404 ;;CODE                 0      0       0       0        0.0%
   405 ;;DATA                 0      0      65       6        0.0%
   406 ;;ABS                  0      0      60       3        0.0%
   407 ;;NULL                 0      0       0       0        0.0%
   408 ;;STACK                0      0       5       2        0.0%
   409 ;;BANK0               50      0      3A       5       72.5%
   410 ;;BITBANK0            50      0       0       4        0.0%
   411 ;;SFR0                 0      0       0       1        0.0%
   412 ;;BITSFR0              0      0       0       1        0.0%
   413 ;;COMMON               E      D       E       1      100.0%
   414 ;;BITCOMMON            E      0       0       0        0.0%
   415                           
   416                           
   417 ;; *************** function _main *****************
   418 ;; Defined at:
   419 ;;		line 137 in file "C:\Users\pc\eclipse-workspace-AK730-2ND-PRJ\AK\main.c"
   420 ;; Parameters:    Size  Location     Type
   421 ;;		None
   422 ;; Auto vars:     Size  Location     Type
   423 ;;		None
   424 ;; Return value:  Size  Location     Type
   425 ;;		None               void
   426 ;; Registers used:
   427 ;;		wreg, status,2, status,0, pclath, cstack
   428 ;; Tracked objects:
   429 ;;		On entry : 17F/0
   430 ;;		On exit  : 0/0
   431 ;;		Unchanged: FFE00/0
   432 ;; Data sizes:     COMMON   BANK0   BANK1   BANK3   BANK2
   433 ;;      Params:         0       0       0       0       0
   434 ;;      Locals:         0       0       0       0       0
   435 ;;      Temps:          0       0       0       0       0
   436 ;;      Totals:         0       0       0       0       0
   437 ;;Total ram usage:        0 bytes
   438 ;; Hardware stack levels required when called:    3
   439 ;; This function calls:
   440 ;;		_initPin
   441 ;;		_clock_config
   442 ;;		_timer1_config
   443 ;;		_timer1_interrupt_config
   444 ;;		_dac_init
   445 ;;		_op1_init
   446 ;;		_op2_init
   447 ;;		_adc_start
   448 ;; This function is called by:
   449 ;;		Startup code after reset
   450 ;; This function uses a non-reentrant model
   451 ;;
   452  00EA                     _main:	
   453                           
   454                           ;main.c: 138: enum setp_Adc4
   455                           ;main.c: 139: {
   456                           ;main.c: 140: ADC4_STEP_INIT = 0,
   457                           ;main.c: 141: ADC4_STEP_FIRST,
   458                           ;main.c: 142: ADC4_STEP_SECOND,
   459                           ;main.c: 143: ADC4_STEP_THIRD,
   460                           ;main.c: 144: ADC4_STEP_FOURTH,
   461                           ;main.c: 145: ADC4_STEP_FIFTH,
   462                           ;main.c: 146: ADC4_STEP_SIXTH,
   463                           ;main.c: 147: };
   464                           ;main.c: 150: static unsigned char ucWaitTime1S = 0;
   465                           ;main.c: 152: static unsigned char ucWaitTimeO3s = 0;
   466                           ;main.c: 154: static unsigned char ucSmallTimerActionFlag = 0;
   467                           ;main.c: 156: static unsigned char ucSetSmallActionFlag = 0;
   468                           
   469                           ; Regs used in _main: [wreg+status,2+status,0+pclath+cstack]
   470  00EA  1683               	bsf	3,5	;RP0=1, select bank1
   471  00EB  1005               	bcf	5,0
   472                           
   473                           ;main.c: 163: TRISA1 = 0;
   474  00EC  1085               	bcf	5,1
   475                           
   476                           ;main.c: 164: TRISA2 = 0;
   477  00ED  1105               	bcf	5,2
   478                           
   479                           ;main.c: 165: TRISA3 = 0;
   480  00EE  1185               	bcf	5,3
   481                           
   482                           ;main.c: 166: TRISB0 = 0;
   483  00EF  1006               	bcf	6,0
   484                           
   485                           ;main.c: 167: TRISB1 = 0;
   486  00F0  1086               	bcf	6,1
   487                           
   488                           ;main.c: 168: TRISA6 = 0;
   489  00F1  1305               	bcf	5,6
   490                           
   491                           ;main.c: 170: TRISB7 = 0;
   492  00F2  1386               	bcf	6,7
   493                           
   494                           ;main.c: 171: TRISB6 = 0;
   495  00F3  1306               	bcf	6,6
   496                           
   497                           ;main.c: 174: initPin();
   498  00F4  118A  210E  118A   	fcall	_initPin
   499                           
   500                           ;main.c: 184: clock_config();
   501  00F7  118A  2157  118A   	fcall	_clock_config
   502                           
   503                           ;main.c: 185: timer1_config();
   504  00FA  118A  213D  118A   	fcall	_timer1_config
   505                           
   506                           ;main.c: 186: timer1_interrupt_config();
   507  00FD  118A  2166  118A   	fcall	_timer1_interrupt_config
   508                           
   509                           ;main.c: 190: dac_init();
   510  0100  118A  215E  118A   	fcall	_dac_init
   511                           
   512                           ;main.c: 191: op1_init();
   513  0103  118A  2133  118A   	fcall	_op1_init
   514                           
   515                           ;main.c: 192: op2_init();
   516  0106  118A  214F  118A   	fcall	_op2_init
   517                           
   518                           ;main.c: 195: adc_start();
   519  0109  118A  2163  118A   	fcall	_adc_start
   520  010C                     l2773:	
   521  010C  0064               	clrwdt	;#
   522  010D  290C               	goto	l2773
   523  010E                     __end_of_main:	
   524                           
   525                           	psect	text279
   526  0163                     __ptext279:	
   527 ;; =============== function _main ends ============
   528                           
   529                           
   530 ;; *************** function _adc_start *****************
   531 ;; Defined at:
   532 ;;		line 100 in file "C:\Users\pc\eclipse-workspace-AK730-2ND-PRJ\AK\periph.c"
   533 ;; Parameters:    Size  Location     Type
   534 ;;		None
   535 ;; Auto vars:     Size  Location     Type
   536 ;;		None
   537 ;; Return value:  Size  Location     Type
   538 ;;		None               void
   539 ;; Registers used:
   540 ;;		None
   541 ;; Tracked objects:
   542 ;;		On entry : 17F/20
   543 ;;		On exit  : 17F/0
   544 ;;		Unchanged: FFE80/0
   545 ;; Data sizes:     COMMON   BANK0   BANK1   BANK3   BANK2
   546 ;;      Params:         0       0       0       0       0
   547 ;;      Locals:         0       0       0       0       0
   548 ;;      Temps:          0       0       0       0       0
   549 ;;      Totals:         0       0       0       0       0
   550 ;;Total ram usage:        0 bytes
   551 ;; Hardware stack levels used:    1
   552 ;; Hardware stack levels required when called:    2
   553 ;; This function calls:
   554 ;;		Nothing
   555 ;; This function is called by:
   556 ;;		_main
   557 ;; This function uses a non-reentrant model
   558 ;;
   559  0163                     _adc_start:	
   560                           
   561                           ;periph.c: 101: GO=1;
   562                           
   563                           ; Regs used in _adc_start: []
   564  0163  1283               	bcf	3,5	;RP0=0, select bank0
   565  0164  149F               	bsf	31,1
   566  0165  0008               	return
   567  0166                     __end_of_adc_start:	
   568                           
   569                           	psect	text280
   570  014F                     __ptext280:	
   571 ;; =============== function _adc_start ends ============
   572                           
   573                           
   574 ;; *************** function _op2_init *****************
   575 ;; Defined at:
   576 ;;		line 45 in file "C:\Users\pc\eclipse-workspace-AK730-2ND-PRJ\AK\periph.c"
   577 ;; Parameters:    Size  Location     Type
   578 ;;		None
   579 ;; Auto vars:     Size  Location     Type
   580 ;;		None
   581 ;; Return value:  Size  Location     Type
   582 ;;		None               void
   583 ;; Registers used:
   584 ;;		wreg
   585 ;; Tracked objects:
   586 ;;		On entry : 17F/20
   587 ;;		On exit  : 17F/20
   588 ;;		Unchanged: FFE80/0
   589 ;; Data sizes:     COMMON   BANK0   BANK1   BANK3   BANK2
   590 ;;      Params:         0       0       0       0       0
   591 ;;      Locals:         0       0       0       0       0
   592 ;;      Temps:          0       0       0       0       0
   593 ;;      Totals:         0       0       0       0       0
   594 ;;Total ram usage:        0 bytes
   595 ;; Hardware stack levels used:    1
   596 ;; Hardware stack levels required when called:    2
   597 ;; This function calls:
   598 ;;		Nothing
   599 ;; This function is called by:
   600 ;;		_main
   601 ;; This function uses a non-reentrant model
   602 ;;
   603  014F                     _op2_init:	
   604                           
   605                           ;periph.c: 52: OP2CON1=0x14;
   606                           
   607                           ; Regs used in _op2_init: [wreg]
   608  014F  3014               	movlw	20
   609  0150  009C               	movwf	28	;volatile
   610                           
   611                           ;periph.c: 54: OP2CON2=0x90;
   612  0151  3090               	movlw	144
   613  0152  009D               	movwf	29	;volatile
   614                           
   615                           ;periph.c: 55: OP2CON0=0x80;
   616  0153  3080               	movlw	128
   617  0154  009B               	movwf	27	;volatile
   618                           
   619                           ;periph.c: 58: TRISA7=0;
   620  0155  1385               	bcf	5,7
   621  0156  0008               	return
   622  0157                     __end_of_op2_init:	
   623                           
   624                           	psect	text281
   625  0133                     __ptext281:	
   626 ;; =============== function _op2_init ends ============
   627                           
   628                           
   629 ;; *************** function _op1_init *****************
   630 ;; Defined at:
   631 ;;		line 26 in file "C:\Users\pc\eclipse-workspace-AK730-2ND-PRJ\AK\periph.c"
   632 ;; Parameters:    Size  Location     Type
   633 ;;		None
   634 ;; Auto vars:     Size  Location     Type
   635 ;;		None
   636 ;; Return value:  Size  Location     Type
   637 ;;		None               void
   638 ;; Registers used:
   639 ;;		wreg
   640 ;; Tracked objects:
   641 ;;		On entry : 17F/20
   642 ;;		On exit  : 17F/20
   643 ;;		Unchanged: FFE80/0
   644 ;; Data sizes:     COMMON   BANK0   BANK1   BANK3   BANK2
   645 ;;      Params:         0       0       0       0       0
   646 ;;      Locals:         0       0       0       0       0
   647 ;;      Temps:          0       0       0       0       0
   648 ;;      Totals:         0       0       0       0       0
   649 ;;Total ram usage:        0 bytes
   650 ;; Hardware stack levels used:    1
   651 ;; Hardware stack levels required when called:    2
   652 ;; This function calls:
   653 ;;		Nothing
   654 ;; This function is called by:
   655 ;;		_main
   656 ;; This function uses a non-reentrant model
   657 ;;
   658  0133                     _op1_init:	
   659                           
   660                           ;periph.c: 33: OP1CON1=0x13;
   661                           
   662                           ; Regs used in _op1_init: [wreg]
   663  0133  3013               	movlw	19
   664  0134  1283               	bcf	3,5	;RP0=0, select bank0
   665  0135  009C               	movwf	28	;volatile
   666                           
   667                           ;periph.c: 34: OP1CON2=0x90;
   668  0136  3090               	movlw	144
   669  0137  009D               	movwf	29	;volatile
   670                           
   671                           ;periph.c: 35: OP1CON0=0x80;
   672  0138  3080               	movlw	128
   673  0139  009B               	movwf	27	;volatile
   674                           
   675                           ;periph.c: 40: TRISB5=0;
   676  013A  1683               	bsf	3,5	;RP0=1, select bank1
   677  013B  1286               	bcf	6,5
   678  013C  0008               	return
   679  013D                     __end_of_op1_init:	
   680                           
   681                           	psect	text282
   682  015E                     __ptext282:	
   683 ;; =============== function _op1_init ends ============
   684                           
   685                           
   686 ;; *************** function _dac_init *****************
   687 ;; Defined at:
   688 ;;		line 14 in file "C:\Users\pc\eclipse-workspace-AK730-2ND-PRJ\AK\periph.c"
   689 ;; Parameters:    Size  Location     Type
   690 ;;		None
   691 ;; Auto vars:     Size  Location     Type
   692 ;;		None
   693 ;; Return value:  Size  Location     Type
   694 ;;		None               void
   695 ;; Registers used:
   696 ;;		wreg
   697 ;; Tracked objects:
   698 ;;		On entry : 17F/20
   699 ;;		On exit  : 17F/20
   700 ;;		Unchanged: FFE80/0
   701 ;; Data sizes:     COMMON   BANK0   BANK1   BANK3   BANK2
   702 ;;      Params:         0       0       0       0       0
   703 ;;      Locals:         0       0       0       0       0
   704 ;;      Temps:          0       0       0       0       0
   705 ;;      Totals:         0       0       0       0       0
   706 ;;Total ram usage:        0 bytes
   707 ;; Hardware stack levels used:    1
   708 ;; Hardware stack levels required when called:    2
   709 ;; This function calls:
   710 ;;		Nothing
   711 ;; This function is called by:
   712 ;;		_main
   713 ;; This function uses a non-reentrant model
   714 ;;
   715  015E                     _dac_init:	
   716                           
   717                           ;periph.c: 15: DACCON|=2;
   718                           
   719                           ; Regs used in _dac_init: [wreg]
   720  015E  1487               	bsf	7,1	;volatile
   721                           
   722                           ;periph.c: 17: DACR0=0x1B;
   723  015F  301B               	movlw	27
   724  0160  0088               	movwf	8	;volatile
   725                           
   726                           ;periph.c: 18: DACCON|=(1)<<2;
   727  0161  1507               	bsf	7,2	;volatile
   728  0162  0008               	return
   729  0163                     __end_of_dac_init:	
   730                           
   731                           	psect	text283
   732  0166                     __ptext283:	
   733 ;; =============== function _dac_init ends ============
   734                           
   735                           
   736 ;; *************** function _timer1_interrupt_config *****************
   737 ;; Defined at:
   738 ;;		line 192 in file "C:\Users\pc\eclipse-workspace-AK730-2ND-PRJ\AK\common.c"
   739 ;; Parameters:    Size  Location     Type
   740 ;;		None
   741 ;; Auto vars:     Size  Location     Type
   742 ;;		None
   743 ;; Return value:  Size  Location     Type
   744 ;;		None               void
   745 ;; Registers used:
   746 ;;		None
   747 ;; Tracked objects:
   748 ;;		On entry : 17F/20
   749 ;;		On exit  : 17F/20
   750 ;;		Unchanged: FFE80/0
   751 ;; Data sizes:     COMMON   BANK0   BANK1   BANK3   BANK2
   752 ;;      Params:         0       0       0       0       0
   753 ;;      Locals:         0       0       0       0       0
   754 ;;      Temps:          0       0       0       0       0
   755 ;;      Totals:         0       0       0       0       0
   756 ;;Total ram usage:        0 bytes
   757 ;; Hardware stack levels used:    1
   758 ;; Hardware stack levels required when called:    2
   759 ;; This function calls:
   760 ;;		Nothing
   761 ;; This function is called by:
   762 ;;		_main
   763 ;; This function uses a non-reentrant model
   764 ;;
   765  0166                     _timer1_interrupt_config:	
   766                           
   767                           ;common.c: 193: GIE = 1;
   768                           
   769                           ; Regs used in _timer1_interrupt_config: []
   770  0166  178B               	bsf	11,7
   771                           
   772                           ;common.c: 194: PEIE = 1;
   773  0167  170B               	bsf	11,6
   774  0168  0008               	return
   775  0169                     __end_of_timer1_interrupt_config:	
   776                           
   777                           	psect	text284
   778  013D                     __ptext284:	
   779 ;; =============== function _timer1_interrupt_config ends ============
   780                           
   781                           
   782 ;; *************** function _timer1_config *****************
   783 ;; Defined at:
   784 ;;		line 180 in file "C:\Users\pc\eclipse-workspace-AK730-2ND-PRJ\AK\common.c"
   785 ;; Parameters:    Size  Location     Type
   786 ;;		None
   787 ;; Auto vars:     Size  Location     Type
   788 ;;		None
   789 ;; Return value:  Size  Location     Type
   790 ;;		None               void
   791 ;; Registers used:
   792 ;;		wreg
   793 ;; Tracked objects:
   794 ;;		On entry : 17F/40
   795 ;;		On exit  : 17F/20
   796 ;;		Unchanged: FFE80/0
   797 ;; Data sizes:     COMMON   BANK0   BANK1   BANK3   BANK2
   798 ;;      Params:         0       0       0       0       0
   799 ;;      Locals:         0       0       0       0       0
   800 ;;      Temps:          0       0       0       0       0
   801 ;;      Totals:         0       0       0       0       0
   802 ;;Total ram usage:        0 bytes
   803 ;; Hardware stack levels used:    1
   804 ;; Hardware stack levels required when called:    2
   805 ;; This function calls:
   806 ;;		Nothing
   807 ;; This function is called by:
   808 ;;		_main
   809 ;; This function uses a non-reentrant model
   810 ;;
   811  013D                     _timer1_config:	
   812                           
   813                           ;common.c: 182: TMR1H=0xCF;
   814                           
   815                           ; Regs used in _timer1_config: [wreg]
   816  013D  30CF               	movlw	207
   817  013E  1303               	bcf	3,6	;RP1=0, select bank0
   818  013F  008F               	movwf	15	;volatile
   819                           
   820                           ;common.c: 183: TMR1L=0x2C;
   821  0140  302C               	movlw	44
   822  0141  008E               	movwf	14	;volatile
   823                           
   824                           ;common.c: 184: T1CON=0xE1;
   825  0142  30E1               	movlw	225
   826  0143  0090               	movwf	16	;volatile
   827                           
   828                           ;common.c: 185: TMR1IE=1;
   829  0144  1683               	bsf	3,5	;RP0=1, select bank1
   830  0145  140C               	bsf	12,0
   831  0146  0008               	return
   832  0147                     __end_of_timer1_config:	
   833                           
   834                           	psect	text285
   835  0157                     __ptext285:	
   836 ;; =============== function _timer1_config ends ============
   837                           
   838                           
   839 ;; *************** function _clock_config *****************
   840 ;; Defined at:
   841 ;;		line 172 in file "C:\Users\pc\eclipse-workspace-AK730-2ND-PRJ\AK\common.c"
   842 ;; Parameters:    Size  Location     Type
   843 ;;		None
   844 ;; Auto vars:     Size  Location     Type
   845 ;;		None
   846 ;; Return value:  Size  Location     Type
   847 ;;		None               void
   848 ;; Registers used:
   849 ;;		wreg, status,2
   850 ;; Tracked objects:
   851 ;;		On entry : 17F/60
   852 ;;		On exit  : 17F/40
   853 ;;		Unchanged: FFE80/0
   854 ;; Data sizes:     COMMON   BANK0   BANK1   BANK3   BANK2
   855 ;;      Params:         0       0       0       0       0
   856 ;;      Locals:         0       0       0       0       0
   857 ;;      Temps:          0       0       0       0       0
   858 ;;      Totals:         0       0       0       0       0
   859 ;;Total ram usage:        0 bytes
   860 ;; Hardware stack levels used:    1
   861 ;; Hardware stack levels required when called:    2
   862 ;; This function calls:
   863 ;;		Nothing
   864 ;; This function is called by:
   865 ;;		_main
   866 ;; This function uses a non-reentrant model
   867 ;;
   868  0157                     _clock_config:	
   869                           
   870                           ;common.c: 174: CLKPR = 0x80;
   871                           
   872                           ; Regs used in _clock_config: [wreg+status,2]
   873  0157  3080               	movlw	128
   874  0158  1283               	bcf	3,5	;RP0=0, select bank2
   875  0159  0088               	movwf	8	;volatile
   876                           
   877                           ;common.c: 175: CLKPR = 0x00;
   878  015A  0188               	clrf	8	;volatile
   879  015B                     l1378:	
   880                           ;common.c: 176: while(CLKPCE);
   881                           
   882  015B  1F88               	btfss	8,7
   883  015C  0008               	return
   884  015D  295B               	goto	l1378
   885  015E                     __end_of_clock_config:	
   886                           
   887                           	psect	text286
   888  010E                     __ptext286:	
   889 ;; =============== function _clock_config ends ============
   890                           
   891                           
   892 ;; *************** function _initPin *****************
   893 ;; Defined at:
   894 ;;		line 107 in file "C:\Users\pc\eclipse-workspace-AK730-2ND-PRJ\AK\main.c"
   895 ;; Parameters:    Size  Location     Type
   896 ;;		None
   897 ;; Auto vars:     Size  Location     Type
   898 ;;		None
   899 ;; Return value:  Size  Location     Type
   900 ;;		None               void
   901 ;; Registers used:
   902 ;;		None
   903 ;; Tracked objects:
   904 ;;		On entry : 17F/20
   905 ;;		On exit  : 17F/60
   906 ;;		Unchanged: FFE80/0
   907 ;; Data sizes:     COMMON   BANK0   BANK1   BANK3   BANK2
   908 ;;      Params:         0       0       0       0       0
   909 ;;      Locals:         0       0       0       0       0
   910 ;;      Temps:          0       0       0       0       0
   911 ;;      Totals:         0       0       0       0       0
   912 ;;Total ram usage:        0 bytes
   913 ;; Hardware stack levels used:    1
   914 ;; Hardware stack levels required when called:    2
   915 ;; This function calls:
   916 ;;		Nothing
   917 ;; This function is called by:
   918 ;;		_main
   919 ;; This function uses a non-reentrant model
   920 ;;
   921  010E                     _initPin:	
   922                           
   923                           ;main.c: 108: PB6 = 1;
   924                           
   925                           ; Regs used in _initPin: []
   926  010E  1283               	bcf	3,5	;RP0=0, select bank0
   927  010F  1706               	bsf	6,6
   928                           
   929                           ;main.c: 109: PBOD6 = 1;
   930  0110  1683               	bsf	3,5	;RP0=1, select bank3
   931  0111  1703               	bsf	3,6	;RP1=1, select bank3
   932  0112  1708               	bsf	8,6
   933                           
   934                           ;main.c: 113: PA0 = 0;
   935  0113  1283               	bcf	3,5	;RP0=0, select bank0
   936  0114  1303               	bcf	3,6	;RP1=0, select bank0
   937  0115  1005               	bcf	5,0
   938                           
   939                           ;main.c: 114: PA1 = 0;
   940  0116  1085               	bcf	5,1
   941                           
   942                           ;main.c: 115: PA2 = 0;
   943  0117  1105               	bcf	5,2
   944                           
   945                           ;main.c: 116: PA3 = 0;
   946  0118  1185               	bcf	5,3
   947                           
   948                           ;main.c: 117: PB0 = 0;
   949  0119  1006               	bcf	6,0
   950                           
   951                           ;main.c: 118: PB1 = 1;
   952  011A  1486               	bsf	6,1
   953                           
   954                           ;main.c: 119: PA6 = 0;
   955  011B  1305               	bcf	5,6
   956                           
   957                           ;main.c: 121: PB7 = 0;
   958  011C  1386               	bcf	6,7
   959                           
   960                           ;main.c: 122: PBOD7 = 0;
   961  011D  1683               	bsf	3,5	;RP0=1, select bank3
   962  011E  1703               	bsf	3,6	;RP1=1, select bank3
   963  011F  1388               	bcf	8,7
   964  0120  0008               	return
   965  0121                     __end_of_initPin:	
   966                           
   967                           	psect	text287
   968  0013                     __ptext287:	
   969 ;; =============== function _initPin ends ============
   970                           
   971                           
   972 ;; *************** function _ISR *****************
   973 ;; Defined at:
   974 ;;		line 439 in file "C:\Users\pc\eclipse-workspace-AK730-2ND-PRJ\AK\common.c"
   975 ;; Parameters:    Size  Location     Type
   976 ;;		None
   977 ;; Auto vars:     Size  Location     Type
   978 ;;		None
   979 ;; Return value:  Size  Location     Type
   980 ;;		None               void
   981 ;; Registers used:
   982 ;;		wreg, fsr0l, fsr0h, status,2, status,0, btemp+1, pclath, cstack
   983 ;; Tracked objects:
   984 ;;		On entry : 0/0
   985 ;;		On exit  : 60/0
   986 ;;		Unchanged: FFE00/0
   987 ;; Data sizes:     COMMON   BANK0   BANK1   BANK3   BANK2
   988 ;;      Params:         0       0       0       0       0
   989 ;;      Locals:         0       0       0       0       0
   990 ;;      Temps:          4       0       0       0       0
   991 ;;      Totals:         4       0       0       0       0
   992 ;;Total ram usage:        4 bytes
   993 ;; Hardware stack levels used:    1
   994 ;; Hardware stack levels required when called:    1
   995 ;; This function calls:
   996 ;;		_setAD_ConvertFlag
   997 ;;		_adc_get
   998 ;;		_vPutSampleDataIntoTable
   999 ;; This function is called by:
  1000 ;;		Interrupt level 1
  1001 ;; This function uses a non-reentrant model
  1002 ;;
  1003  0013                     _ISR:	
  1004                           
  1005                           ;common.c: 440: static unsigned char ucTimer1sCnt = 0;
  1006                           ;common.c: 442: if(TMR1IF == 1)
  1007  0013  1C0C               	btfss	12,0
  1008  0014  283A               	goto	i1l2737
  1009  0015  3064               	movlw	100
  1010                           
  1011                           ;common.c: 445: timer.timer10msStopWatch++;
  1012  0016  100C               	bcf	12,0
  1013                           
  1014                           ;common.c: 446: ucTimer1sCnt++;
  1015  0017  0AA6               	incf	ISR@ucTimer1sCnt,f
  1016                           
  1017                           ;common.c: 448: if(ucTimer1sCnt >= 100)
  1018  0018  0226               	subwf	ISR@ucTimer1sCnt,w
  1019  0019  1C03               	skipc
  1020  001A  283A               	goto	i1l2737
  1021                           
  1022                           ;common.c: 449: {
  1023                           ;common.c: 450: ucTimer1sCnt = 0;
  1024  001B  01A6               	clrf	ISR@ucTimer1sCnt
  1025                           
  1026                           ;common.c: 451: if(uiBigTimer > 0)
  1027  001C  0821               	movf	_uiBigTimer+1,w
  1028  001D  0420               	iorwf	_uiBigTimer,w
  1029  001E  1903               	skipnz
  1030  001F  2826               	goto	i1l1474
  1031                           
  1032                           ;common.c: 452: uiBigTimer--;
  1033  0020  3001               	movlw	1
  1034  0021  02A0               	subwf	_uiBigTimer,f
  1035  0022  3000               	movlw	0
  1036  0023  1C03               	skipc
  1037  0024  03A1               	decf	_uiBigTimer+1,f
  1038  0025  02A1               	subwf	_uiBigTimer+1,f
  1039  0026                     i1l1474:	
  1040                           
  1041                           ;common.c: 454: if(uiSmallTimer)
  1042  0026  0823               	movf	_uiSmallTimer+1,w
  1043  0027  0422               	iorwf	_uiSmallTimer,w
  1044  0028  1903               	skipnz
  1045  0029  2830               	goto	i1l1475
  1046                           
  1047                           ;common.c: 455: uiSmallTimer--;
  1048  002A  3001               	movlw	1
  1049  002B  02A2               	subwf	_uiSmallTimer,f
  1050  002C  3000               	movlw	0
  1051  002D  1C03               	skipc
  1052  002E  03A3               	decf	_uiSmallTimer+1,f
  1053  002F  02A3               	subwf	_uiSmallTimer+1,f
  1054  0030                     i1l1475:	
  1055                           
  1056                           ;common.c: 457: if(uiTwentySecondsTimer)
  1057  0030  0825               	movf	_uiTwentySecondsTimer+1,w
  1058  0031  0424               	iorwf	_uiTwentySecondsTimer,w
  1059  0032  1903               	skipnz
  1060  0033  283A               	goto	i1l2737
  1061                           
  1062                           ;common.c: 458: uiTwentySecondsTimer--;
  1063  0034  3001               	movlw	1
  1064  0035  02A4               	subwf	_uiTwentySecondsTimer,f
  1065  0036  3000               	movlw	0
  1066  0037  1C03               	skipc
  1067  0038  03A5               	decf	_uiTwentySecondsTimer+1,f
  1068  0039  02A5               	subwf	_uiTwentySecondsTimer+1,f
  1069  003A                     i1l2737:	
  1070                           
  1071                           ;common.c: 459: }
  1072                           ;common.c: 460: }
  1073                           ;common.c: 462: if(ADIF)
  1074  003A  1D0D               	btfss	13,2
  1075  003B  285E               	goto	i1l1482
  1076  003C  3001               	movlw	1
  1077                           
  1078                           ;common.c: 463: {
  1079                           ;common.c: 464: ADIF=0;
  1080  003D  110D               	bcf	13,2
  1081                           
  1082                           ;common.c: 467: if(sampleChannelSelect == 5)
  1083                           
  1084                           ;common.c: 465: setAD_ConvertFlag(1);
  1085  003E  0859               	movf	_sampleChannelSelect,w
  1086  003F  3A05               	xorlw	5
  1087  0040  1D03               	skipz
  1088  0041  284A               	goto	i1l2747
  1089                           
  1090                           ;common.c: 468: {
  1091                           ;common.c: 471: vPutSampleDataIntoTable(adc_get(),5);
  1092  0042  206B  118A         	fcall	_adc_get
  1093  0044  0871               	movf	?_adc_get+1,w
  1094  0045  00F5               	movwf	?_vPutSampleDataIntoTable+1
  1095  0046  0870               	movf	?_adc_get,w
  1096  0047  00F4               	movwf	?_vPutSampleDataIntoTable
  1097  0048  3005               	movlw	5
  1098  0049  285C               	goto	L1
  1099  004A                     i1l2747:	
  1100                           ;common.c: 475: }
  1101                           
  1102                           
  1103                           ;common.c: 476: else if(sampleChannelSelect == 1)
  1104  004A  0B59               	decfsz	_sampleChannelSelect,w
  1105  004B  2855               	goto	i1l2751
  1106                           
  1107                           ;common.c: 477: {
  1108                           ;common.c: 479: vPutSampleDataIntoTable(adc_get(),1);
  1109  004C  206B  118A         	fcall	_adc_get
  1110  004E  0871               	movf	?_adc_get+1,w
  1111  004F  00F5               	movwf	?_vPutSampleDataIntoTable+1
  1112  0050  0870               	movf	?_adc_get,w
  1113  0051  00F4               	movwf	?_vPutSampleDataIntoTable
  1114  0052  01F6               	clrf	?_vPutSampleDataIntoTable+2
  1115  0053  0AF6               	incf	?_vPutSampleDataIntoTable+2,f
  1116  0054  285D               	goto	L2
  1117  0055                     i1l2751:	
  1118                           ;common.c: 484: }
  1119                           
  1120                           
  1121                           ;common.c: 485: else
  1122                           ;common.c: 486: {
  1123                           ;common.c: 490: vPutSampleDataIntoTable(adc_get(),14);
  1124  0055  206B  118A         	fcall	_adc_get
  1125  0057  0871               	movf	?_adc_get+1,w
  1126  0058  00F5               	movwf	?_vPutSampleDataIntoTable+1
  1127  0059  0870               	movf	?_adc_get,w
  1128  005A  00F4               	movwf	?_vPutSampleDataIntoTable
  1129  005B  300E               	movlw	14
  1130  005C                     L1:	
  1131  005C  00F6               	movwf	?_vPutSampleDataIntoTable+2
  1132  005D                     L2:	
  1133  005D  2076               	fcall	_vPutSampleDataIntoTable
  1134  005E                     i1l1482:	
  1135  005E  087C               	movf	??_ISR+3,w
  1136  005F  1283               	bcf	3,5	;RP0=0, select bank0
  1137  0060  1303               	bcf	3,6	;RP1=0, select bank0
  1138  0061  00FF               	movwf	127
  1139  0062  087B               	movf	??_ISR+2,w
  1140  0063  008A               	movwf	10
  1141  0064  087A               	movf	??_ISR+1,w
  1142  0065  0084               	movwf	4
  1143  0066  0E79               	swapf	??_ISR^(0+-128),w
  1144  0067  0083               	movwf	3
  1145  0068  0EFE               	swapf	126,f
  1146  0069  0E7E               	swapf	126,w
  1147  006A  0009               	retfie
  1148  006B                     __end_of_ISR:	
  1149  006B                     __ptext288:	
  1150 ;; =============== function _ISR ends ============
  1151                           
  1152                           
  1153 ;; *************** function _adc_get *****************
  1154 ;; Defined at:
  1155 ;;		line 105 in file "C:\Users\pc\eclipse-workspace-AK730-2ND-PRJ\AK\periph.c"
  1156 ;; Parameters:    Size  Location     Type
  1157 ;;		None
  1158 ;; Auto vars:     Size  Location     Type
  1159 ;;  val             2    2[COMMON] unsigned int 
  1160 ;; Return value:  Size  Location     Type
  1161 ;;                  2    0[COMMON] unsigned int 
  1162 ;; Registers used:
  1163 ;;		wreg
  1164 ;; Tracked objects:
  1165 ;;		On entry : 60/0
  1166 ;;		On exit  : 60/20
  1167 ;;		Unchanged: FFF9F/0
  1168 ;; Data sizes:     COMMON   BANK0   BANK1   BANK3   BANK2
  1169 ;;      Params:         2       0       0       0       0
  1170 ;;      Locals:         2       0       0       0       0
  1171 ;;      Temps:          0       0       0       0       0
  1172 ;;      Totals:         4       0       0       0       0
  1173 ;;Total ram usage:        4 bytes
  1174 ;; Hardware stack levels used:    1
  1175 ;; This function calls:
  1176 ;;		Nothing
  1177 ;; This function is called by:
  1178 ;;		_ISR
  1179 ;; This function uses a non-reentrant model
  1180 ;;
  1181  006B                     _adc_get:	
  1182                           
  1183                           ;periph.c: 106: unsigned int val;
  1184                           ;periph.c: 107: val = (ADRESH<<8) | ADRESL;
  1185                           
  1186                           ; Regs used in _adc_get: [wreg]
  1187  006B  081E               	movf	30,w	;volatile
  1188  006C  00F3               	movwf	adc_get@val+1
  1189  006D  01F2               	clrf	adc_get@val
  1190  006E  1683               	bsf	3,5	;RP0=1, select bank1
  1191  006F  081E               	movf	30,w	;volatile
  1192  0070  04F2               	iorwf	adc_get@val,f
  1193                           
  1194                           ;periph.c: 108: return val;
  1195  0071  0873               	movf	adc_get@val+1,w
  1196  0072  00F1               	movwf	?_adc_get+1
  1197  0073  0872               	movf	adc_get@val,w
  1198  0074  00F0               	movwf	?_adc_get
  1199  0075  0008               	return
  1200  0076                     __end_of_adc_get:	
  1201  0076                     __ptext290:	
  1202 ;; =============== function _setAD_ConvertFlag ends ============
  1203                           
  1204                           
  1205 ;; *************** function _vPutSampleDataIntoTable *****************
  1206 ;; Defined at:
  1207 ;;		line 97 in file "C:\Users\pc\eclipse-workspace-AK730-2ND-PRJ\AK\common.c"
  1208 ;; Parameters:    Size  Location     Type
  1209 ;;  uiSampleData    2    4[COMMON] unsigned int 
  1210 ;;  channel         1    6[COMMON] unsigned char 
  1211 ;; Auto vars:     Size  Location     Type
  1212 ;;  i               2    7[COMMON] int 
  1213 ;; Return value:  Size  Location     Type
  1214 ;;		None               void
  1215 ;; Registers used:
  1216 ;;		wreg, fsr0l, fsr0h, status,2, status,0, btemp+1
  1217 ;; Tracked objects:
  1218 ;;		On entry : 60/20
  1219 ;;		On exit  : 0/0
  1220 ;;		Unchanged: FFE00/0
  1221 ;; Data sizes:     COMMON   BANK0   BANK1   BANK3   BANK2
  1222 ;;      Params:         3       0       0       0       0
  1223 ;;      Locals:         2       0       0       0       0
  1224 ;;      Temps:          0       0       0       0       0
  1225 ;;      Totals:         5       0       0       0       0
  1226 ;;Total ram usage:        5 bytes
  1227 ;; Hardware stack levels used:    1
  1228 ;; This function calls:
  1229 ;;		Nothing
  1230 ;; This function is called by:
  1231 ;;		_ISR
  1232 ;; This function uses a non-reentrant model
  1233 ;;
  1234  0076                     _vPutSampleDataIntoTable:	
  1235                           
  1236                           ;common.c: 99: static unsigned char ucChannelFirstLength = 0;
  1237                           ;common.c: 101: static unsigned char ucChannelFourthLength = 0;
  1238                           ;common.c: 103: static unsigned char ucChannelFourteenthLength = 0;
  1239                           ;common.c: 105: if(channel == 1)
  1240                           
  1241                           ; Regs used in _vPutSampleDataIntoTable: [wreg-fsr0h+status,2+status,0+btemp+1]
  1242  0076  0B76               	decfsz	vPutSampleDataIntoTable@channel,w
  1243  0077  2888               	goto	i1l2683
  1244                           
  1245                           ;common.c: 106: {
  1246                           ;common.c: 107: if(ucChannelFirstLength < 12)
  1247  0078  300C               	movlw	12
  1248  0079  027D               	subwf	vPutSampleDataIntoTable@ucChannelFirstLength,w
  1249  007A  1803               	skipnc
  1250  007B  2882               	goto	i1l2679
  1251                           
  1252                           ;common.c: 108: {
  1253                           ;common.c: 109: uiSampleChannelFirst[ucChannelFirstLength] = uiSampleData;
  1254  007C  1003               	clrc
  1255  007D  0D7D               	rlf	vPutSampleDataIntoTable@ucChannelFirstLength,w
  1256  007E  3E29               	addlw	_uiSampleChannelFirst& (0+255)
  1257  007F  20DA               	fcall	PL2	;call to abstracted procedure
  1258                           
  1259                           ;common.c: 111: ucChannelFirstLength++;
  1260  0080  0AFD               	incf	vPutSampleDataIntoTable@ucChannelFirstLength,f
  1261                           
  1262                           ;common.c: 112: }
  1263  0081  0008               	return
  1264  0082                     i1l2679:	
  1265                           
  1266                           ;common.c: 113: else
  1267                           ;common.c: 114: {
  1268                           ;common.c: 115: ucChannelFirstLength = 0;
  1269  0082  01FD               	clrf	vPutSampleDataIntoTable@ucChannelFirstLength
  1270                           
  1271                           ;common.c: 117: uiSampleChannelFirst[ucChannelFirstLength] = uiSampleData;
  1272  0083  1003               	clrc
  1273  0084  0D7D               	rlf	vPutSampleDataIntoTable@ucChannelFirstLength,w
  1274  0085  3E29               	addlw	_uiSampleChannelFirst& (0+255)
  1275  0086  20DA               	fcall	PL2	;call to abstracted procedure
  1276  0087  0008               	return
  1277  0088                     i1l2683:	
  1278                           
  1279                           ;common.c: 120: else if(channel == 5)
  1280  0088  0876               	movf	vPutSampleDataIntoTable@channel,w
  1281  0089  3A05               	xorlw	5
  1282  008A  1D03               	skipz
  1283  008B  289D               	goto	i1l2695
  1284                           
  1285                           ;common.c: 121: {
  1286                           ;common.c: 122: if(ucChannelFourthLength < 12)
  1287  008C  300C               	movlw	12
  1288  008D  1283               	bcf	3,5	;RP0=0, select bank0
  1289  008E  0228               	subwf	vPutSampleDataIntoTable@ucChannelFourthLength,w
  1290  008F  1803               	skipnc
  1291  0090  2897               	goto	i1l2691
  1292                           
  1293                           ;common.c: 123: {
  1294                           ;common.c: 124: uiSampleChannelFourth[ucChannelFourthLength] = uiSampleData;
  1295  0091  1003               	clrc
  1296  0092  0D28               	rlf	vPutSampleDataIntoTable@ucChannelFourthLength,w
  1297  0093  3E41               	addlw	_uiSampleChannelFourth& (0+255)
  1298  0094  20DA               	fcall	PL2	;call to abstracted procedure
  1299                           
  1300                           ;common.c: 126: ucChannelFourthLength++;
  1301  0095  0AA8               	incf	vPutSampleDataIntoTable@ucChannelFourthLength,f
  1302                           
  1303                           ;common.c: 127: }
  1304  0096  0008               	return
  1305  0097                     i1l2691:	
  1306                           
  1307                           ;common.c: 128: else
  1308                           ;common.c: 129: {
  1309                           ;common.c: 130: ucChannelFourthLength = 0;
  1310  0097  01A8               	clrf	vPutSampleDataIntoTable@ucChannelFourthLength
  1311                           
  1312                           ;common.c: 132: uiSampleChannelFourth[ucChannelFourthLength] = uiSampleData;
  1313  0098  1003               	clrc
  1314  0099  0D28               	rlf	vPutSampleDataIntoTable@ucChannelFourthLength,w
  1315  009A  3E41               	addlw	_uiSampleChannelFourth& (0+255)
  1316  009B  20DA               	fcall	PL2	;call to abstracted procedure
  1317  009C  0008               	return
  1318  009D                     i1l2695:	
  1319                           
  1320                           ;common.c: 135: else if(channel == 14)
  1321  009D  0876               	movf	vPutSampleDataIntoTable@channel,w
  1322  009E  3A0E               	xorlw	14
  1323  009F  1D03               	skipz
  1324  00A0  28B8               	goto	i1l2707
  1325                           
  1326                           ;common.c: 136: {
  1327                           ;common.c: 137: if(ucChannelFourteenthLength < 12)
  1328  00A1  300C               	movlw	12
  1329  00A2  1283               	bcf	3,5	;RP0=0, select bank0
  1330  00A3  0227               	subwf	vPutSampleDataIntoTable@ucChannelFourteenthLength,w
  1331  00A4  1803               	skipnc
  1332  00A5  28B2               	goto	i1l2703
  1333                           
  1334                           ;common.c: 138: {
  1335                           ;common.c: 139: uiSampleChannelFourteenth[ucChannelFourteenthLength] = uiSampleData;
  1336  00A6  1003               	clrc
  1337  00A7  0D27               	rlf	vPutSampleDataIntoTable@ucChannelFourteenthLength,w
  1338  00A8  3EA0               	addlw	_uiSampleChannelFourteenth& (0+255)
  1339  00A9  0084               	movwf	4
  1340  00AA  0874               	movf	vPutSampleDataIntoTable@uiSampleData,w
  1341  00AB  1383               	bcf	3,7	;select IRP bank1
  1342  00AC  0080               	movwf	0
  1343  00AD  0A84               	incf	4,f
  1344  00AE  0875               	movf	vPutSampleDataIntoTable@uiSampleData+1,w
  1345  00AF  0080               	movwf	0
  1346                           
  1347                           ;common.c: 141: ucChannelFourteenthLength++;
  1348  00B0  0AA7               	incf	vPutSampleDataIntoTable@ucChannelFourteenthLength,f
  1349                           
  1350                           ;common.c: 142: }
  1351  00B1  0008               	return
  1352  00B2                     i1l2703:	
  1353                           
  1354                           ;common.c: 143: else
  1355                           ;common.c: 144: {
  1356                           ;common.c: 145: ucChannelFourteenthLength = 0;
  1357  00B2  01A7               	clrf	vPutSampleDataIntoTable@ucChannelFourteenthLength
  1358                           
  1359                           ;common.c: 147: uiSampleChannelFourth[ucChannelFourteenthLength] = uiSampleData;
  1360  00B3  1003               	clrc
  1361  00B4  0D27               	rlf	vPutSampleDataIntoTable@ucChannelFourteenthLength,w
  1362  00B5  3E41               	addlw	_uiSampleChannelFourth& (0+255)
  1363  00B6  20DA               	fcall	PL2	;call to abstracted procedure
  1364  00B7  0008               	return
  1365  00B8                     i1l2707:	
  1366                           
  1367                           ;common.c: 150: else
  1368                           ;common.c: 151: {
  1369                           ;common.c: 152: ucChannelFirstLength = 0;
  1370  00B8  01FD               	clrf	vPutSampleDataIntoTable@ucChannelFirstLength
  1371                           
  1372                           ;common.c: 154: ucChannelFourthLength = 0;
  1373  00B9  1283               	bcf	3,5	;RP0=0, select bank0
  1374  00BA  01A8               	clrf	vPutSampleDataIntoTable@ucChannelFourthLength
  1375                           
  1376                           ;common.c: 156: ucChannelFourteenthLength = 0;
  1377  00BB  01A7               	clrf	vPutSampleDataIntoTable@ucChannelFourteenthLength
  1378                           
  1379                           ;common.c: 158: for(int i = 0;i < 12; i++)
  1380  00BC  01F7               	clrf	vPutSampleDataIntoTable@i
  1381  00BD  01F8               	clrf	vPutSampleDataIntoTable@i+1
  1382  00BE                     i1l2713:	
  1383                           
  1384                           ;common.c: 159: {
  1385                           ;common.c: 160: uiSampleChannelFirst[i] = 0;
  1386  00BE  1003               	clrc
  1387  00BF  0D77               	rlf	vPutSampleDataIntoTable@i,w
  1388  00C0  3E29               	addlw	_uiSampleChannelFirst& (0+255)
  1389  00C1  0084               	movwf	4
  1390  00C2  1383               	bcf	3,7	;select IRP bank0
  1391                           
  1392                           ;common.c: 162: uiSampleChannelFourth[i] = 0;
  1393  00C3  20E2  118A         	fcall	PL3	;call to abstracted procedure
  1394                           
  1395                           ;common.c: 164: uiSampleChannelFourth[i] = 0;
  1396  00C5  20E2  118A         	fcall	PL3	;call to abstracted procedure
  1397  00C7  0180               	clrf	0
  1398  00C8  0A84               	incf	4,f
  1399  00C9  0180               	clrf	0
  1400  00CA  0AF7               	incf	vPutSampleDataIntoTable@i,f
  1401  00CB  1903               	skipnz
  1402  00CC  0AF8               	incf	vPutSampleDataIntoTable@i+1,f
  1403  00CD  0878               	movf	vPutSampleDataIntoTable@i+1,w
  1404  00CE  3A80               	xorlw	128
  1405  00CF  00FF               	movwf	127
  1406  00D0  3080               	movlw	128
  1407  00D1  027F               	subwf	127,w
  1408  00D2  1D03               	skipz
  1409  00D3  28D6               	goto	u24_25
  1410  00D4  300C               	movlw	12
  1411  00D5  0277               	subwf	vPutSampleDataIntoTable@i,w
  1412  00D6                     u24_25:	
  1413  00D6  1803               	btfsc	3,0
  1414  00D7  0008               	return
  1415  00D8  28BE               	goto	i1l2713
  1416  00D9                     __end_of_vPutSampleDataIntoTable:	
  1417  00D9                     __ptext289:	
  1418 ;; =============== function _adc_get ends ============
  1419                           
  1420                           
  1421 ;; *************** function _setAD_ConvertFlag *****************
  1422 ;; Defined at:
  1423 ;;		line 206 in file "C:\Users\pc\eclipse-workspace-AK730-2ND-PRJ\AK\common.c"
  1424 ;; Parameters:    Size  Location     Type
  1425 ;;  flag            1    wreg     unsigned char 
  1426 ;; Auto vars:     Size  Location     Type
  1427 ;;  flag            1    0[COMMON] unsigned char 
  1428 ;; Return value:  Size  Location     Type
  1429 ;;		None               void
  1430 ;; Registers used:
  1431 ;;		wreg
  1432 ;; Tracked objects:
  1433 ;;		On entry : 60/0
  1434 ;;		On exit  : 60/0
  1435 ;;		Unchanged: FFFFFF9F/0
  1436 ;; Data sizes:     COMMON   BANK0   BANK1   BANK3   BANK2
  1437 ;;      Params:         0       0       0       0       0
  1438 ;;      Locals:         1       0       0       0       0
  1439 ;;      Temps:          0       0       0       0       0
  1440 ;;      Totals:         1       0       0       0       0
  1441 ;;Total ram usage:        1 bytes
  1442 ;; Hardware stack levels used:    1
  1443 ;; This function calls:
  1444 ;;		Nothing
  1445 ;; This function is called by:
  1446 ;;		_ISR
  1447 ;; This function uses a non-reentrant model
  1448 ;;
  1449  00D9                     _setAD_ConvertFlag:	
  1450                           
  1451                           ; Regs used in _setAD_ConvertFlag: [wreg]
  1452  00D9  0008               	return
  1453  00DA                     __end_of_setAD_ConvertFlag:	
  1454  00DA                     PL2:	
  1455  00DA  0084               	movwf	4
  1456  00DB  0874               	movf	vPutSampleDataIntoTable@uiSampleData,w
  1457  00DC  1383               	bcf	3,7	;select IRP bank0
  1458  00DD  0080               	movwf	0
  1459  00DE  0A84               	incf	4,f
  1460  00DF  0875               	movf	vPutSampleDataIntoTable@uiSampleData+1,w
  1461  00E0  0080               	movwf	0
  1462  00E1  0008               	return
  1463  00E2                     PL3:	
  1464  00E2  0180               	clrf	0
  1465  00E3  0A84               	incf	4,f
  1466  00E4  0180               	clrf	0
  1467  00E5  1003               	clrc
  1468  00E6  0D77               	rlf	vPutSampleDataIntoTable@i,w
  1469  00E7  3E41               	addlw	_uiSampleChannelFourth& (0+255)
  1470  00E8  0084               	movwf	4
  1471  00E9  0008               	return
  1472                           
  1473                           	psect	intentry
  1474  0004                     __pintentry:	
  1475                           ; Regs used in _ISR: [wreg-fsr0h+status,2+status,0+btemp+1+pclath+cstack]
  1476                           
  1477  0004                     interrupt_function:	
  1478  007E                     saved_w	set	btemp
  1479  0004  00FE               	movwf	btemp
  1480  0005  0E03               	swapf	3,w
  1481  0006  00F9               	movwf	??_ISR
  1482  0007  0804               	movf	4,w
  1483  0008  00FA               	movwf	??_ISR+1
  1484  0009  080A               	movf	10,w
  1485  000A  00FB               	movwf	??_ISR+2
  1486  000B  1283               	bcf	3,5	;RP0=0, select bank0
  1487  000C  1303               	bcf	3,6	;RP1=0, select bank0
  1488  000D  087F               	movf	btemp+1,w
  1489  000E  00FC               	movwf	??_ISR+3
  1490  000F  118A  2813         	ljmp	_ISR
  1491                           
  1492                           	psect	text291
  1493  0000                     __ptext291:	
  1494 ;; =============== function _vPutSampleDataIntoTable ends ============
  1495                           
  1496  007E                     btemp	set	126	;btemp
  1497  007E                     wtemp0	set	126


HI-TECH Software PICC Macro Assembler V9.83 build 10920 
Symbol Table                                                                                   Fri Jul 05 11:19:07 2019

                                  ??_clock_config 0000                                                _GO 00F9  
                                              fsr 0004                          ?_timer1_interrupt_config 0070  
                                             l659 0000                                               _PA0 0028  
                                             _PA1 0029                                               _GIE 005F  
                                             _PB0 0030                                               _PA2 002A  
                                             _PB1 0031                                               _PA3 002B  
                                             _PA6 002E                                               _PB6 0036  
                                             _PB7 0037                                               _ISR 0013  
                                             fsr0 0004                                               indf 0000  
                                            ?_ISR 0070                                              l2121 0000  
                                            l2115 0000                                              l2118 0000  
                                            l2135 0000                                              l1381 0000  
                                            l1384 0000                                              l1378 015B  
                                            l1387 0000                                              l2643 0000  
                                            l2651 0000                                              l2645 0000  
                                            l2653 0000                                              l2661 0000  
                                            l2647 0000                                              l2655 0000  
                                            l2663 0000                                              l2649 0000  
                                            l2657 0000                                              l2665 0000  
                                            l2761 0000                                              l2659 0000  
                                            l2667 0000                                              l2771 0000  
                                            l2763 0000                                              l2669 0000  
                                            l2773 010C                                              l2765 0000  
                                            l2757 0000                                              l2767 0000  
                                            l2759 0000                                              l2769 0000  
                                            _ADIF 006A                                              _PEIE 005E  
                                            _main 00EA                                              btemp 007E  
                                            start 0011                                             ??_ISR 0079  
                             _sampleChannelSelect 0059                                             ?_main 0070  
                                           _DACR0 0088                                             _CLKPR 0108  
                                           _T1CON 0010                                   __end_of_adc_get 0076  
                                           _PBOD6 0C46                                             _PBOD7 0C47  
                                           u24_25 00D6                                             _TMR1H 000F  
                                           _TMR1L 000E                             setAD_ConvertFlag@flag 0070  
                         _vPutSampleDataIntoTable 0076                                   __end_of_initPin 0121  
                                           pclath 000A                                             status 0003  
                                           wtemp0 007E                                      __end_of_main 010E  
                                          ??_main 0000                              __end_of_clock_config 015E  
                                          _DACCON 0087                                            _ADRESH 001E  
                                          _ADRESL 009E                                            _CLKPCE 0847  
                                          i1l2138 0000                                            i1l1393 0000  
                                          i1l1482 005E                                            i1l1474 0026  
                                          i1l1475 0030                                            i1l2701 0000  
                                          i1l2703 00B2                                            i1l2713 00BE  
                                          i1l2705 0000                                            i1l2715 0000  
                                          i1l2707 00B8                                            i1l2723 0000  
                                          i1l2717 0000                                            i1l2741 0000  
                                          i1l2725 0000                                            i1l2671 0000  
                                          i1l2751 0055                                            i1l2743 0000  
                                          i1l2719 0000                                            i1l2681 0000  
                                          i1l2673 0000                                            i1l2753 0000  
                                          i1l2729 0000                                            i1l2737 003A  
                                          i1l2691 0097                                            i1l2683 0088  
                                          i1l2747 004A                                            i1l2693 0000  
                                          i1l2677 0000                                            i1l2749 0000  
                                          i1l2695 009D                                            i1l2679 0082  
                                          i1l2689 0000                                  __end_of_dac_init 0163  
                                          _TMR1IE 0460                                            _TMR1IF 0060  
                               _setAD_ConvertFlag 00D9                                            _TRISA0 0428  
                                          _TRISA1 0429                                            _TRISB0 0430  
                                          _TRISA2 042A                                            _TRISB1 0431  
                                          _TRISA3 042B                                            _TRISA6 042E  
                                          _TRISB5 0435                                            _TRISA7 042F  
                                          _TRISB6 0436                                            _TRISB7 0437  
                              ?_setAD_ConvertFlag 0070                                  __end_of_op1_init 013D  
                                __end_of_op2_init 0157                                         ??_adc_get 0072  
                             ??_setAD_ConvertFlag 0070                                            clrloop 0148  
                                       ??_initPin 0000                         ??_vPutSampleDataIntoTable 0077  
                                          saved_w 007E                         __end_of_setAD_ConvertFlag 00DA  
                              __size_of_adc_start 0003                                    __pcstackCOMMON 0070  
                                    __pidataBANK0 0000                              _uiSampleChannelFirst 0029  
                  vPutSampleDataIntoTable@channel 0076                             __end_of_timer1_config 0147  
     vPutSampleDataIntoTable@ucChannelFirstLength 007D                  __size_of_timer1_interrupt_config 0003  
                                      __pbssBANK0 0020                                        __pbssBANK1 00A0  
                                      adc_get@val 0072                   __end_of_vPutSampleDataIntoTable 00D9  
                                      __pmaintext 00EA                                        __pintentry 0004  
                                       ?_dac_init 0070                             __size_of_clock_config 0007  
                                         _OP1CON0 001B                                           _OP1CON1 001C  
                                         _OP1CON2 001D                                           _OP2CON0 009B  
                                         _OP2CON1 009C                                           _OP2CON2 009D  
                               __end_of_adc_start 0166                              _uiTwentySecondsTimer 0024  
                                       ?_op1_init 0070                                         ?_op2_init 0070  
                      __size_of_setAD_ConvertFlag 0001                                        _uiBigTimer 0020  
                                    _clock_config 0157                                           _adc_get 006B  
                                      ??_dac_init 0000                                      __size_of_ISR 0058  
                                         _initPin 010E                                        ??_op1_init 0000  
                                      ??_op2_init 0000                              end_of_initialization 0130  
                         _timer1_interrupt_config 0166                          vPutSampleDataIntoTable@i 0077  
                             start_initialization 0121                                       __end_of_ISR 006B  
                           _uiSampleChannelFourth 0041                                       __pdataBANK0 0059  
                        ?_vPutSampleDataIntoTable 0074                         ??_timer1_interrupt_config 0000  
                                     __pbssCOMMON 007D                                 __size_of_dac_init 0005  
                                   __pcstackBANK0 0000                                         _adc_start 0163  
                               __size_of_op1_init 000A                                 __size_of_op2_init 0008  
                          __size_of_timer1_config 000A                                         __ptext280 014F  
                                       __ptext281 0133                                         __ptext290 0076  
                                       __ptext282 015E                                         __ptext291 0000  
                                       __ptext283 0166                                         __ptext284 013D  
                                       __ptext285 0157                                         __ptext286 010E  
                                       __ptext287 0013                                         __ptext279 0163  
                                       __ptext288 006B                                         __ptext289 00D9  
                                        ?_adc_get 0070                                   ISR@ucTimer1sCnt 0026  
                                        ?_initPin 0070                         _uiSampleChannelFourteenth 00A0  
                                      ?_adc_start 0070                                 interrupt_function 0004  
                 __end_of_timer1_interrupt_config 0169               vPutSampleDataIntoTable@uiSampleData 0074  
    vPutSampleDataIntoTable@ucChannelFourthLength 0028                                      _uiSmallTimer 0022  
                                   _timer1_config 013D                                  __size_of_adc_get 000B  
                                        _dac_init 015E  vPutSampleDataIntoTable@ucChannelFourteenthLength 0027  
                                __size_of_initPin 0013                                    ?_timer1_config 0070  
                                        _op1_init 0133                                          _op2_init 014F  
                                     ??_adc_start 0000                                     __size_of_main 0024  
                                        clear_ram 0147                  __size_of_vPutSampleDataIntoTable 0063  
                                        intlevel1 0000                                     ?_clock_config 0070  
                                 ??_timer1_config 0000  
