HI-TECH Software C Compiler 

Linker command line:

--edf=C:\Program Files (x86)\HI-TECH Software\PICC\9.83\dat\en_msgs.txt -cs \
  -h+ProjTest.sym -z -Q16C77 -ol.obj -MProjTest.map -E1 -ACONST=00h-0FFhx16 \
  -ACODE=00h-07FFhx2 -ASTRCODE=00h-0FFFh -AENTRY=00h-0FFhx16 \
  -ASTRING=00h-0FFhx16 -ABANK0=020h-06Fh -ABANK1=0A0h-0EFh \
  -ABANK2=0110h-016Fh -ABANK3=0190h-01EFh \
  -ARAM=020h-06Fh,0A0h-0EFh,0110h-016Fh,0190h-01EFh \
  -AABS1=020h-07Fh,0A0h-0EFh,0110h-016Fh,0190h-01EFh -ACOMMON=070h-07Fh \
  -ASFR0=00h-01Fh -ASFR1=080h-09Fh -ASFR2=0100h-010Fh -ASFR3=0180h-018Fh \
  -preset_vec=00h,intentry=04h,init,end_init -ppowerup=CODE -pfunctab=CODE \
  -ACONFIG=02000h-02007h -pconfig=CONFIG -DCONFIG=2 -AIDLOC=02008h-0200Bh \
  -pidloc=IDLOC -DIDLOC=2 -DCODE=2 -DSTRCODE=2 -DSTRING=2 -DCONST=2 \
  -DENTRY=2 -k startup.obj ProjTest.obj 

Object code version is 3.10

Machine type is 16C77



                Name                               Link     Load   Length Selector   Space Scale
startup.obj     end_init                             11       11        2        8       0
                reset_vec                             0        0        2        0       0
ProjTest.obj    intentry                              4        4        D        8       0
                config                             2000     2000        3     4000       0
                text1035                            F1C      F1C       E4     1E38       0
                text1030                            EA7      EA7       27     1D4E       0
                text1024                            E00      E00        9     1C00       0
                text1020                            DE8      DE8        8     1BD0       0
                text1018                            DF0      DF0        8     1BE0       0
                text1017                            E09      E09        A     1C12       0
                text1016                            DDF      DDF        3     1BBE       0
                text1013                            E54      E54       14     1CA8       0
                text1012                            DE2      DE2        6     1BC4       0
                text1011                            7FE      7FE        2      FFC       0
                text1010                            E13      E13        C     1C26       0
                text1009                            E68      E68       14     1CD0       0
                text1008                            E1F      E1F        C     1C3E       0
                text1007                            E43      E43       11     1C86       0
                text1006                            E2B      E2B        C     1C56       0
                text1005                            E7C      E7C       14     1CF8       0
                text1004                            E37      E37        C     1C6E       0
                text997                             56B      56B      285        8       0
                text991                             ECE      ECE       4E     1D9C       0
                swtext4                             800      800       1A     1000       0
                swtext3                             828      828        C     1000       0
                swtext2                             81A      81A        E     1000       0
                swtext1                             7F0      7F0        E      FE0       0
                maintext                             13       13      558        8       0
                cstackBANK0                          20       20       2A       20       1
                cstackCOMMON                         70       70        D       70       1
                clrtext                             DF8      DF8        8     1BF0       0
                bssBANK3                            190      190       48      190       1
                bssBANK1                             A0       A0       48       A0       1
                bssBANK0                             4A       4A       25       20       1
                bssCOMMON                            7D       7D        1       70       1
                cinit                               E90      E90       17     1D20       0

TOTAL           Name                               Link     Load   Length     Space
        CLASS   CONST          
                swtext4                             800      800       1A         0
                swtext3                             828      828        C         0
                swtext2                             81A      81A        E         0
                swtext1                             7F0      7F0        E         0

        CLASS   CODE           
                end_init                             11       11        2         0
                intentry                              4        4        D         0
                reset_vec                             0        0        2         0
                text1035                            F1C      F1C       E4         0
                text1030                            EA7      EA7       27         0
                text1024                            E00      E00        9         0
                text1020                            DE8      DE8        8         0
                text1018                            DF0      DF0        8         0
                text1017                            E09      E09        A         0
                text1016                            DDF      DDF        3         0
                text1013                            E54      E54       14         0
                text1012                            DE2      DE2        6         0
                text1011                            7FE      7FE        2         0
                text1010                            E13      E13        C         0
                text1009                            E68      E68       14         0
                text1008                            E1F      E1F        C         0
                text1007                            E43      E43       11         0
                text1006                            E2B      E2B        C         0
                text1005                            E7C      E7C       14         0
                text1004                            E37      E37        C         0
                text997                             56B      56B      285         0
                text991                             ECE      ECE       4E         0
                maintext                             13       13      558         0
                clrtext                             DF8      DF8        8         0
                cinit                               E90      E90       17         0

        CLASS   STRCODE        

        CLASS   ENTRY          

        CLASS   STRING         

        CLASS   BANK0          
                cstackBANK0                          20       20       2A         1
                bssBANK0                             4A       4A       25         1

        CLASS   BANK1          
                bssBANK1                             A0       A0       48         1

        CLASS   BANK2          

        CLASS   BANK3          
                bssBANK3                            190      190       48         1

        CLASS   RAM            

        CLASS   ABS1           
                abs_s1                               7E       7E        2         1

        CLASS   COMMON         
                cstackCOMMON                         70       70        D         1
                bssCOMMON                            7D       7D        1         1

        CLASS   SFR0           

        CLASS   SFR1           

        CLASS   SFR2           

        CLASS   SFR3           

        CLASS   CONFIG         
                config                             2000     2000        3         0

        CLASS   IDLOC          

        CLASS   EEDATA         



SEGMENTS        Name                           Load    Length   Top    Selector   Space  Class     Delta

                reset_vec                      000000  000002  000002         0       0  CODE        2
                intentry                       000004  0007EC  0007F0         8       0  CODE        2
                cstackBANK0                    000020  00004F  00006F        20       1  BANK0       1
                cstackCOMMON                   000070  00000E  00007E        70       1  COMMON      1
                bssBANK1                       0000A0  000048  0000E8        A0       1  BANK1       1
                bssBANK3                       000190  000048  0001D8       190       1  BANK3       1
                swtext1                        0007F0  00000E  0007FE       FE0       0  CONST       2
                text1011                       0007FE  000002  000800       FFC       0  CODE        2
                swtext4                        000800  000034  000834      1000       0  CONST       2
                text1016                       000DDF  000003  000DE2      1BBE       0  CODE        2
                text1012                       000DE2  000006  000DE8      1BC4       0  CODE        2
                text1020                       000DE8  000008  000DF0      1BD0       0  CODE        2
                text1018                       000DF0  000008  000DF8      1BE0       0  CODE        2
                clrtext                        000DF8  000008  000E00      1BF0       0  CODE        2
                text1024                       000E00  000009  000E09      1C00       0  CODE        2
                text1017                       000E09  00000A  000E13      1C12       0  CODE        2
                text1010                       000E13  00000C  000E1F      1C26       0  CODE        2
                text1008                       000E1F  00000C  000E2B      1C3E       0  CODE        2
                text1006                       000E2B  00000C  000E37      1C56       0  CODE        2
                text1004                       000E37  00000C  000E43      1C6E       0  CODE        2
                text1007                       000E43  000011  000E54      1C86       0  CODE        2
                text1013                       000E54  000014  000E68      1CA8       0  CODE        2
                text1009                       000E68  000014  000E7C      1CD0       0  CODE        2
                text1005                       000E7C  000014  000E90      1CF8       0  CODE        2
                cinit                          000E90  000017  000EA7      1D20       0  CODE        2
                text1030                       000EA7  000027  000ECE      1D4E       0  CODE        2
                text991                        000ECE  00004E  000F1C      1D9C       0  CODE        2
                text1035                       000F1C  0000E4  001000      1E38       0  CODE        2
                config                         002000  000003  002003      4000       0  CONFIG      2


UNUSED ADDRESS RANGES

        Name                Unused          Largest block    Delta
        BANK0            006F-006F              1           1
        BANK1            00E8-00EF              8           1
        BANK2            0110-016F             60           1
        BANK3            01D8-01EF             18           1
        CODE             0002-0003              2           2
                         0834-0DDE            5AB
        CONFIG           2003-2007              5           2
        CONST            0002-0003              2           2
                         0834-0DDE            100
        ENTRY            0002-0003              2           2
                         0834-0DDE            100
        IDLOC            2008-200B              4           2
        RAM              006F-006F              1           1
                         00E8-00EF              8
                         0110-016F             60
                         01D8-01EF             18
        SFR0             0000-001F             20           1
        SFR1             0080-009F             20           1
        SFR2             0100-010F             10           1
        SFR3             0180-018F             10           1
        STRCODE          0002-0003              2           2
                         0834-0DDE            5AB
        STRING           0002-0003              2           2
                         0834-0DDE            100

                                  Symbol Table

??_AD_Sample                                   cstackBANK0  0023
??_Filter                                      cstackBANK0  0022
??_ISR                                         cstackCOMMON 0079
??_adc_get                                     cstackCOMMON 0072
??_adc_start                                   cstackBANK0  0020
??_adc_test_init                               cstackBANK0  0021
??_call_ADC4_STEP_FOURTH_PREFIX2               cstackBANK0  0048
??_call_ADC4_STEP_FOURTH_PREFIX3               cstackBANK0  0021
??_clearAllTimer                               cstackBANK0  0020
??_clearParaFunction1                          cstackBANK0  0021
??_clearPinPortAndTimer                        cstackBANK0  0020
??_clearThreeHoursTimer                        cstackBANK0  0020
??_clearTwelveHoursTimer                       cstackBANK0  0020
??_clearTwentyMinuteTimer                      cstackBANK0  0020
??_clearTwentySecondsTimer                     cstackBANK0  0020
??_clock_config                                cstackBANK0  0020
??_clrSampeTime                                cstackBANK0  0020
??_getAD_ConvertFlag                           cstackBANK0  0020
??_getAdOriginalCh0Value                       cstackBANK0  0048
??_getAdOriginalCh2Value                       cstackBANK0  0048
??_getAdOriginalCh5Value                       cstackBANK0  0048
??_getAdOriginalCh6Value                       cstackBANK0  0048
??_initPin                                     cstackBANK0  0020
??_isFinishedThreeHoursTimer                   cstackBANK0  0020
??_isFinishedTwelveHoursTimer                  cstackBANK0  0020
??_isFinishedTwentyMinuteTimer                 cstackBANK0  0020
??_isFinishedTwentySecondsTimer                cstackBANK0  0020
??_isPermitSampleTime                          cstackBANK0  0020
??_main                                        cstackBANK0  0048
??_process_AD_Converter_Value                  cstackBANK0  0023
??_setAD_ConvertFlag                           cstackBANK0  0020
??_setPA0                                      cstackBANK0  0020
??_setPA1                                      cstackBANK0  0020
??_setPA2                                      cstackBANK0  0020
??_setPA3                                      cstackBANK0  0020
??_setPA6                                      cstackBANK0  0020
??_setPB0                                      cstackBANK0  0020
??_setPB1                                      cstackBANK0  0020
??_setPB2                                      cstackBANK0  0020
??_setPB4                                      cstackBANK0  0020
??_setPB6                                      cstackBANK0  0020
??_setPB6AsInput                               cstackBANK0  0020
??_startThreeHoursTimer                        cstackBANK0  0022
??_startTwelveHourTimer                        cstackBANK0  0022
??_startTwentyMinuteTimer                      cstackBANK0  0022
??_startTwentySecondsTimer                     cstackBANK0  0020
??_timer1_config                               cstackBANK0  0020
??_timer1_interrupt_config                     cstackBANK0  0020
??_vPutSampleDataIntoTable                     cstackCOMMON 0077
??i1_setAD_ConvertFlag                         cstackCOMMON 0070
?_AD_Sample                                    cstackCOMMON 0070
?_Filter                                       cstackBANK0  0020
?_ISR                                          cstackCOMMON 0070
?_adc_get                                      cstackCOMMON 0070
?_adc_start                                    cstackCOMMON 0070
?_adc_test_init                                cstackBANK0  0020
?_call_ADC4_STEP_FOURTH_PREFIX2                cstackCOMMON 0070
?_call_ADC4_STEP_FOURTH_PREFIX3                cstackCOMMON 0070
?_clearAllTimer                                cstackCOMMON 0070
?_clearParaFunction1                           cstackCOMMON 0070
?_clearPinPortAndTimer                         cstackCOMMON 0070
?_clearThreeHoursTimer                         cstackCOMMON 0070
?_clearTwelveHoursTimer                        cstackCOMMON 0070
?_clearTwentyMinuteTimer                       cstackCOMMON 0070
?_clearTwentySecondsTimer                      cstackCOMMON 0070
?_clock_config                                 cstackCOMMON 0070
?_clrSampeTime                                 cstackCOMMON 0070
?_getAD_ConvertFlag                            cstackCOMMON 0070
?_getAdOriginalCh0Value                        cstackBANK0  0046
?_getAdOriginalCh2Value                        cstackBANK0  0046
?_getAdOriginalCh5Value                        cstackBANK0  0046
?_getAdOriginalCh6Value                        cstackBANK0  0046
?_initPin                                      cstackCOMMON 0070
?_isFinishedThreeHoursTimer                    cstackCOMMON 0070
?_isFinishedTwelveHoursTimer                   cstackCOMMON 0070
?_isFinishedTwentyMinuteTimer                  cstackCOMMON 0070
?_isFinishedTwentySecondsTimer                 cstackCOMMON 0070
?_isPermitSampleTime                           cstackCOMMON 0070
?_main                                         cstackCOMMON 0070
?_process_AD_Converter_Value                   cstackCOMMON 0070
?_setAD_ConvertFlag                            cstackCOMMON 0070
?_setPA0                                       cstackCOMMON 0070
?_setPA1                                       cstackCOMMON 0070
?_setPA2                                       cstackCOMMON 0070
?_setPA3                                       cstackCOMMON 0070
?_setPA6                                       cstackCOMMON 0070
?_setPB0                                       cstackCOMMON 0070
?_setPB1                                       cstackCOMMON 0070
?_setPB2                                       cstackCOMMON 0070
?_setPB4                                       cstackCOMMON 0070
?_setPB6                                       cstackCOMMON 0070
?_setPB6AsInput                                cstackCOMMON 0070
?_startThreeHoursTimer                         cstackBANK0  0020
?_startTwelveHourTimer                         cstackBANK0  0020
?_startTwentyMinuteTimer                       cstackBANK0  0020
?_startTwentySecondsTimer                      cstackCOMMON 0070
?_timer1_config                                cstackCOMMON 0070
?_timer1_interrupt_config                      cstackCOMMON 0070
?_vPutSampleDataIntoTable                      cstackCOMMON 0074
?i1_setAD_ConvertFlag                          cstackCOMMON 0070
Filter@cir                                     cstackBANK0  0042
Filter@filter_buf                              cstackBANK0  0026
Filter@filter_sum                              cstackBANK0  0040
Filter@filter_temp                             cstackBANK0  003E
Filter@i                                       cstackBANK0  0045
Filter@j                                       cstackBANK0  0044
Filter@tmpValue                                cstackBANK0  0020
ISR@ucTimer1sCnt                               bssBANK1     00AC
_ADCON0                                        (abs)        001F
_ADCON1                                        (abs)        009F
_ADIE                                          (abs)        046A
_ADIF                                          (abs)        006A
_ADON                                          (abs)        00F8
_ADRESH                                        (abs)        001E
_ADRESL                                        (abs)        009E
_AD_Sample                                     text991      0EE5
_CLKPCE                                        (abs)        0847
_CLKPR                                         (abs)        0108
_Filter                                        text997      0732
_GIE                                           (abs)        005F
_GO                                            (abs)        00F9
_ISR                                           text1035     0F1C
_PA0                                           (abs)        0028
_PA1                                           (abs)        0029
_PA2                                           (abs)        002A
_PA3                                           (abs)        002B
_PA6                                           (abs)        002E
_PB0                                           (abs)        0030
_PB1                                           (abs)        0031
_PB2                                           (abs)        0032
_PB4                                           (abs)        0034
_PB6                                           (abs)        0036
_PB7                                           (abs)        0037
_PBOD7                                         (abs)        0C47
_PEIE                                          (abs)        005E
_T1CON                                         (abs)        0010
_TMR1H                                         (abs)        000F
_TMR1IE                                        (abs)        0460
_TMR1IF                                        (abs)        0060
_TMR1L                                         (abs)        000E
_TRISA0                                        (abs)        0428
_TRISA1                                        (abs)        0429
_TRISA2                                        (abs)        042A
_TRISA3                                        (abs)        042B
_TRISA6                                        (abs)        042E
_TRISA7                                        (abs)        042F
_TRISB0                                        (abs)        0430
_TRISB1                                        (abs)        0431
_TRISB2                                        (abs)        0432
_TRISB3                                        (abs)        0433
_TRISB4                                        (abs)        0434
_TRISB5                                        (abs)        0435
_TRISB6                                        (abs)        0436
_TRISB7                                        (abs)        0437
__Habs1                                        abs1         0000
__Hbank0                                       bank0        0000
__Hbank1                                       bank1        0000
__Hbank2                                       bank2        0000
__Hbank3                                       bank3        0000
__HbssBANK0                                    bssBANK0     0000
__HbssBANK1                                    bssBANK1     0000
__HbssBANK3                                    bssBANK3     0000
__HbssCOMMON                                   bssCOMMON    0000
__Hcinit                                       cinit        0000
__Hclrtext                                     clrtext      0000
__Hcode                                        code         0000
__Hcommon                                      common       0000
__Hconfig                                      config       2003
__HcstackBANK0                                 cstackBANK0  0000
__HcstackCOMMON                                cstackCOMMON 0000
__Heeprom_data                                 eeprom_data  0000
__Hend_init                                    end_init     0013
__Hfunctab                                     functab      0000
__Hidloc                                       idloc        0000
__Hinit                                        init         0011
__Hintentry                                    intentry     0011
__Hmaintext                                    maintext     0000
__Hpa_nodes                                    pa_nodes     0000
__Hpowerup                                     powerup      0000
__Hram                                         ram          0000
__Hreset_vec                                   reset_vec    0002
__Hsfr0                                        sfr0         0000
__Hsfr1                                        sfr1         0000
__Hsfr2                                        sfr2         0000
__Hsfr3                                        sfr3         0000
__Hstrings                                     strings      0000
__Htext                                        text         0000
__Labs1                                        abs1         0000
__Lbank0                                       bank0        0000
__Lbank1                                       bank1        0000
__Lbank2                                       bank2        0000
__Lbank3                                       bank3        0000
__LbssBANK0                                    bssBANK0     0000
__LbssBANK1                                    bssBANK1     0000
__LbssBANK3                                    bssBANK3     0000
__LbssCOMMON                                   bssCOMMON    0000
__Lcinit                                       cinit        0000
__Lclrtext                                     clrtext      0000
__Lcode                                        code         0000
__Lcommon                                      common       0000
__Lconfig                                      config       2000
__LcstackBANK0                                 cstackBANK0  0000
__LcstackCOMMON                                cstackCOMMON 0000
__Leeprom_data                                 eeprom_data  0000
__Lend_init                                    end_init     0011
__Lfunctab                                     functab      0000
__Lidloc                                       idloc        0000
__Linit                                        init         0011
__Lintentry                                    intentry     0004
__Lmaintext                                    maintext     0000
__Lpa_nodes                                    pa_nodes     0000
__Lpowerup                                     powerup      0000
__Lram                                         ram          0000
__Lreset_vec                                   reset_vec    0000
__Lsfr0                                        sfr0         0000
__Lsfr1                                        sfr1         0000
__Lsfr2                                        sfr2         0000
__Lsfr3                                        sfr3         0000
__Lstrings                                     strings      0000
__Ltext                                        text         0000
__S0                                           (abs)        2003
__S1                                           (abs)        01D8
__end_of_AD_Sample                             text991      0F07
__end_of_Filter                                text997      07C9
__end_of_ISR                                   text1035     0F63
__end_of_adc_get                               text1035     0FE4
__end_of_adc_start                             text991      0EE5
__end_of_adc_test_init                         text991      0F1C
__end_of_call_ADC4_STEP_FOURTH_PREFIX2         text997      0706
__end_of_call_ADC4_STEP_FOURTH_PREFIX3         text997      0630
__end_of_clearAllTimer                         text997      05D2
__end_of_clearParaFunction1                    text997      05A1
__end_of_clearPinPortAndTimer                  text997      058B
__end_of_clearThreeHoursTimer                  text997      05DE
__end_of_clearTwelveHoursTimer                 text997      05D8
__end_of_clearTwentyMinuteTimer                text997      07D5
__end_of_clearTwentySecondsTimer               text997      07CF
__end_of_clock_config                          text1018     0DF8
__end_of_clrSampeTime                          text1011     0800
__end_of_getAD_ConvertFlag                     text991      0EDD
__end_of_getAdOriginalCh0Value                 text997      057F
__end_of_getAdOriginalCh2Value                 text997      070F
__end_of_getAdOriginalCh5Value                 text997      0575
__end_of_getAdOriginalCh6Value                 text997      0721
__end_of_initPin                               text1030     0ECE
__end_of_isFinishedThreeHoursTimer             text1004     0E43
__end_of_isFinishedTwelveHoursTimer            text1008     0E2B
__end_of_isFinishedTwentyMinuteTimer           text1010     0E1F
__end_of_isFinishedTwentySecondsTimer          text1006     0E37
__end_of_isPermitSampleTime                    text1012     0DE8
__end_of_main                                  maintext     056B
__end_of_process_AD_Converter_Value            text991      0ED9
__end_of_setAD_ConvertFlag                     text991      0EE2
__end_of_setPA0                                text997      05C2
__end_of_setPA1                                text997      05CB
__end_of_setPA2                                text1024     0E09
__end_of_setPA3                                text997      0718
__end_of_setPA6                                text1020     0DF0
__end_of_setPB0                                text997      05A9
__end_of_setPB1                                text997      05B1
__end_of_setPB2                                text997      05B9
__end_of_setPB4                                text997      0638
__end_of_setPB6                                text997      072F
__end_of_setPB6AsInput                         text997      0732
__end_of_startThreeHoursTimer                  text1005     0E90
__end_of_startTwelveHourTimer                  text1009     0E7C
__end_of_startTwentyMinuteTimer                text1013     0E68
__end_of_startTwentySecondsTimer               text1007     0E54
__end_of_timer1_config                         text1017     0E13
__end_of_timer1_interrupt_config               text1016     0DE2
__end_of_vPutSampleDataIntoTable               text1035     0FD8
__end_ofi1_setAD_ConvertFlag                   text1035     0FE8
__pbssBANK0                                    bssBANK0     004A
__pbssBANK1                                    bssBANK1     00A0
__pbssBANK3                                    bssBANK3     0190
__pbssCOMMON                                   bssCOMMON    007D
__pcstackBANK0                                 cstackBANK0  0020
__pcstackCOMMON                                cstackCOMMON 0070
__pintentry                                    intentry     0004
__pmaintext                                    maintext     0013
__pswtext1                                     swtext1      07F0
__pswtext2                                     swtext2      081A
__pswtext3                                     swtext3      0828
__pswtext4                                     swtext4      0800
__ptext1000                                    text997      05CB
__ptext1001                                    text991      0EDD
__ptext1002                                    text991      0ED9
__ptext1003                                    text997      0732
__ptext1004                                    text1004     0E37
__ptext1005                                    text1005     0E7C
__ptext1006                                    text1006     0E2B
__ptext1007                                    text1007     0E43
__ptext1008                                    text1008     0E1F
__ptext1009                                    text1009     0E68
__ptext1010                                    text1010     0E13
__ptext1011                                    text1011     07FE
__ptext1012                                    text1012     0DE2
__ptext1013                                    text1013     0E54
__ptext1014                                    text991      0EE2
__ptext1015                                    text991      0F07
__ptext1016                                    text1016     0DDF
__ptext1017                                    text1017     0E09
__ptext1018                                    text1018     0DF0
__ptext1019                                    text997      072F
__ptext1020                                    text1020     0DE8
__ptext1021                                    text997      0630
__ptext1022                                    text997      0721
__ptext1023                                    text997      070F
__ptext1024                                    text1024     0E00
__ptext1025                                    text997      05C2
__ptext1026                                    text997      05B9
__ptext1027                                    text997      05B1
__ptext1028                                    text997      05A9
__ptext1029                                    text997      05A1
__ptext1030                                    text1030     0EA7
__ptext1031                                    text997      07CF
__ptext1032                                    text997      07C9
__ptext1033                                    text997      05D8
__ptext1034                                    text997      05D2
__ptext1035                                    text1035     0F1C
__ptext1036                                    text1035     0FE4
__ptext1037                                    text1035     0FD8
__ptext1038                                    text1035     0F63
__ptext1039                                    text1039     0000
__ptext989                                     text989      0000
__ptext990                                     text997      0638
__ptext991                                     text991      0ECE
__ptext992                                     text997      058B
__ptext993                                     text997      057F
__ptext994                                     text991      0EE5
__ptext995                                     text997      0706
__ptext996                                     text997      05DE
__ptext997                                     text997      056B
__ptext998                                     text997      0718
__ptext999                                     text997      0575
__size_of_AD_Sample                            (abs)        0000
__size_of_Filter                               (abs)        0000
__size_of_ISR                                  (abs)        0000
__size_of_adc_get                              (abs)        0000
__size_of_adc_start                            (abs)        0000
__size_of_adc_test_init                        (abs)        0000
__size_of_call_ADC4_STEP_FOURTH_PREFIX2        (abs)        0000
__size_of_call_ADC4_STEP_FOURTH_PREFIX3        (abs)        0000
__size_of_clearAllTimer                        (abs)        0000
__size_of_clearParaFunction1                   (abs)        0000
__size_of_clearPinPortAndTimer                 (abs)        0000
__size_of_clearThreeHoursTimer                 (abs)        0000
__size_of_clearTwelveHoursTimer                (abs)        0000
__size_of_clearTwentyMinuteTimer               (abs)        0000
__size_of_clearTwentySecondsTimer              (abs)        0000
__size_of_clock_config                         (abs)        0000
__size_of_clrSampeTime                         (abs)        0000
__size_of_getAD_ConvertFlag                    (abs)        0000
__size_of_getAdOriginalCh0Value                (abs)        0000
__size_of_getAdOriginalCh2Value                (abs)        0000
__size_of_getAdOriginalCh5Value                (abs)        0000
__size_of_getAdOriginalCh6Value                (abs)        0000
__size_of_initPin                              (abs)        0000
__size_of_isFinishedThreeHoursTimer            (abs)        0000
__size_of_isFinishedTwelveHoursTimer           (abs)        0000
__size_of_isFinishedTwentyMinuteTimer          (abs)        0000
__size_of_isFinishedTwentySecondsTimer         (abs)        0000
__size_of_isPermitSampleTime                   (abs)        0000
__size_of_main                                 (abs)        0000
__size_of_process_AD_Converter_Value           (abs)        0000
__size_of_setAD_ConvertFlag                    (abs)        0000
__size_of_setPA0                               (abs)        0000
__size_of_setPA1                               (abs)        0000
__size_of_setPA2                               (abs)        0000
__size_of_setPA3                               (abs)        0000
__size_of_setPA6                               (abs)        0000
__size_of_setPB0                               (abs)        0000
__size_of_setPB1                               (abs)        0000
__size_of_setPB2                               (abs)        0000
__size_of_setPB4                               (abs)        0000
__size_of_setPB6                               (abs)        0000
__size_of_setPB6AsInput                        (abs)        0000
__size_of_startThreeHoursTimer                 (abs)        0000
__size_of_startTwelveHourTimer                 (abs)        0000
__size_of_startTwentyMinuteTimer               (abs)        0000
__size_of_startTwentySecondsTimer              (abs)        0000
__size_of_timer1_config                        (abs)        0000
__size_of_timer1_interrupt_config              (abs)        0000
__size_of_vPutSampleDataIntoTable              (abs)        0000
__size_ofi1_setAD_ConvertFlag                  (abs)        0000
_adc_convert_flag                              bssBANK1     00AD
_adc_get                                       text1035     0FD8
_adc_start                                     text991      0EE2
_adc_test_init                                 text991      0F07
_bBigTimerStartFlag                            bssBANK0     004C
_bSmallTimerStartFlag                          bssBANK0     004D
_bTwentyMinStartFlag                           bssBANK0     004E
_bTwentySecStartFlag                           bssBANK0     004F
_call_ADC4_STEP_FOURTH_PREFIX2                 text997      0638
_call_ADC4_STEP_FOURTH_PREFIX3                 text997      05DE
_clearAllTimer                                 text997      05CB
_clearParaFunction1                            text997      058B
_clearPinPortAndTimer                          text997      057F
_clearThreeHoursTimer                          text997      05D8
_clearTwelveHoursTimer                         text997      05D2
_clearTwentyMinuteTimer                        text997      07CF
_clearTwentySecondsTimer                       text997      07C9
_clock_config                                  text1018     0DF0
_clrSampeTime                                  text1011     07FE
_enumMainLoopStep                              bssBANK0     0050
_exit                                          init         0011
_getAD_ConvertFlag                             text991      0ED9
_getAdOriginalCh0Value                         text997      0575
_getAdOriginalCh2Value                         text997      0706
_getAdOriginalCh5Value                         text997      056B
_getAdOriginalCh6Value                         text997      0718
_initPin                                       text1030     0EA7
_isFinishedThreeHoursTimer                     text1004     0E37
_isFinishedTwelveHoursTimer                    text1008     0E1F
_isFinishedTwentyMinuteTimer                   text1010     0E13
_isFinishedTwentySecondsTimer                  text1006     0E2B
_isPermitSampleTime                            text1012     0DE2
_main                                          maintext     0013
_process_AD_Converter_Value                    text991      0ECE
_sampleChannelSelect                           bssBANK0     0051
_sampleTimes                                   bssBANK0     0052
_setAD_ConvertFlag                             text991      0EDD
_setPA0                                        text997      05B9
_setPA1                                        text997      05C2
_setPA2                                        text1024     0E00
_setPA3                                        text997      070F
_setPA6                                        text1020     0DE8
_setPB0                                        text997      05A1
_setPB1                                        text997      05A9
_setPB2                                        text997      05B1
_setPB4                                        text997      0630
_setPB6                                        text997      0721
_setPB6AsInput                                 text997      072F
_startThreeHoursTimer                          text1005     0E7C
_startTwelveHourTimer                          text1009     0E68
_startTwentyMinuteTimer                        text1013     0E54
_startTwentySecondsTimer                       text1007     0E43
_timer                                         bssBANK1     00AE
_timer1_config                                 text1017     0E09
_timer1_interrupt_config                       text1016     0DDF
_ucADC4_Step                                   bssBANK0     0053
_ucChannel5Type                                bssBANK0     0054
_uiBigTimer                                    bssBANK1     00A0
_uiSampleChannelFifth                          bssBANK3     0190
_uiSampleChannelSecond                         bssBANK3     01A8
_uiSampleChannelSixth                          bssBANK3     01C0
_uiSampleChannelZero                           bssBANK1     00D0
_uiSmallTimer                                  bssBANK1     00A2
_uiTwentyMinuteTimer                           bssBANK1     00A4
_uiTwentySecondsTimer                          bssBANK1     00A6
_vPutSampleDataIntoTable                       text1035     0F63
adc_get@val                                    cstackCOMMON 0072
adc_test_init@channel                          cstackBANK0  0022
adc_test_init@ref                              cstackBANK0  0020
btemp                                          (abs)        007E
call_ADC4_STEP_FOURTH_PREFIX2@ucCompareStep    bssBANK1     00AF
call_ADC4_STEP_FOURTH_PREFIX2@ucLessThanP3sCnt bssBANK1     00B0
call_ADC4_STEP_FOURTH_PREFIX2@ucLessThanP8sCnt bssBANK1     00B1
call_ADC4_STEP_FOURTH_PREFIX2@ucMoreThanP3sCnt bssBANK1     00B2
call_ADC4_STEP_FOURTH_PREFIX2@ucMoreThanP8sCnt bssBANK1     00B3
call_ADC4_STEP_FOURTH_PREFIX2@ucPrefix2Step    bssBANK1     00B4
call_ADC4_STEP_FOURTH_PREFIX2@ucTimeCntP2s     bssBANK1     00B5
call_ADC4_STEP_FOURTH_PREFIX2@ucTimerCntLess   bssBANK1     00B6
call_ADC4_STEP_FOURTH_PREFIX2@ucTimerCntMore   bssBANK1     00B7
call_ADC4_STEP_FOURTH_PREFIX2@ucTimerCntN1     bssBANK1     00B8
call_ADC4_STEP_FOURTH_PREFIX2@ucTimerCntP5s    bssBANK1     00B9
call_ADC4_STEP_FOURTH_PREFIX3@bClearStep       cstackBANK0  0021
call_ADC4_STEP_FOURTH_PREFIX3@ucPreFix3Step    bssBANK1     00BA
call_ADC4_STEP_FOURTH_PREFIX3@ucPrefix3Cnt     bssCOMMON    007D
clear_ram                                      clrtext      0DF8
end_of_initialization                          cinit        0EA4
i1_setAD_ConvertFlag                           text1035     0FE4
i1l1928                                                         
i1l2684                                                         
i1l4917                                                         
i1l4923                                                         
i1l4927                                                         
i1l4935                                                         
i1l4939                                                         
i1l4947                                                         
i1l4951                                                         
i1l4959                                                         
i1l4963                                                         
i1l4973                                                         
i1l4975                                                         
i1l4983                                                         
i1l4987                                                         
i1l4989                                                         
i1l4993                                                         
i1l5005                                                         
i1l5007                                                         
i1l5009                                                         
i1l5013                                                         
i1setAD_ConvertFlag@flag                       cstackCOMMON 0070
interrupt_function                             intentry     0004
intlevel0                                      functab      0000
intlevel1                                      functab      0000
intlevel2                                      functab      0000
intlevel3                                      functab      0000
intlevel4                                      functab      0000
intlevel5                                      functab      0000
l1881                                                           
l1916                                                           
l1919                                                           
l1922                                                           
l1925                                                           
l1928                                                           
l1934                                                           
l1937                                                           
l1940                                                           
l1943                                                           
l1968                                                           
l1971                                                           
l1974                                                           
l1977                                                           
l2017                                                           
l2675                                                           
l2681                                                           
l4683                                                           
l4685                                                           
l4687                                                           
l4691                                                           
l4693                                                           
l4695                                                           
l4697                                                           
l4699                                                           
l4701                                                           
l4703                                                           
l4705                                                           
l4707                                                           
l4709                                                           
l4711                                                           
l4713                                                           
l4715                                                           
l4717                                                           
l4719                                                           
l4721                                                           
l4723                                                           
l4725                                                           
l4727                                                           
l4729                                                           
l4731                                                           
l4733                                                           
l4735                                                           
l4737                                                           
l4739                                                           
l4741                                                           
l4743                                                           
l4745                                                           
l4747                                                           
l4749                                                           
l4751                                                           
l4753                                                           
l4757                                                           
l4763                                                           
l4765                                                           
l4777                                                           
l4779                                                           
l4783                                                           
l4785                                                           
l4795                                                           
l4801                                                           
l4803                                                           
l4807                                                           
l4809                                                           
l4819                                                           
l4825                                                           
l4827                                                           
l4831                                                           
l4833                                                           
l4843                                                           
l4849                                                           
l4851                                                           
l4855                                                           
l4857                                                           
l4867                                                           
l4875                                                           
l4877                                                           
l4879                                                           
l4899                                                           
l4907                                                           
l4909                                                           
l4913                                                           
l4977                                                           
l4981                                                           
l5017                                                           
l5021                                                           
l5025                                                           
l5029                                                           
l5031                                                           
l5035                                                           
l5037                                                           
l5041                                                           
l5045                                                           
l5049                                                           
l5053                                                           
l5057                                                           
l5059                                                           
l5061                                                           
l5065                                                           
l5069                                                           
l5071                                                           
l5073                                                           
l5075                                                           
l5081                                                           
l5085                                                           
l5089                                                           
l5093                                                           
l5109                                                           
l5111                                                           
l5113                                                           
l5115                                                           
l5117                                                           
l5119                                                           
l5121                                                           
l5125                                                           
l5127                                                           
l5133                                                           
l5137                                                           
l5151                                                           
l5155                                                           
l5163                                                           
l5165                                                           
l5171                                                           
l5179                                                           
l5183                                                           
l5185                                                           
l5189                                                           
l5191                                                           
l5193                                                           
l5205                                                           
l5209                                                           
l5217                                                           
l5223                                                           
l5227                                                           
l5233                                                           
l5239                                                           
l5241                                                           
l5243                                                           
l5257                                                           
l5259                                                           
l5261                                                           
l5263                                                           
l5265                                                           
l5267                                                           
l5269                                                           
l5271                                                           
l5273                                                           
l5277                                                           
l5291                                                           
l5301                                                           
l5305                                                           
l5307                                                           
l5311                                                           
l5315                                                           
l5319                                                           
l5325                                                           
l5333                                                           
l5337                                                           
l5339                                                           
l5345                                                           
l5359                                                           
l5369                                                           
l5371                                                           
l5379                                                           
l5383                                                           
l5385                                                           
l5389                                                           
l5395                                                           
l5399                                                           
l5487                                                           
l5553                                                           
l5609                                                           
l5655                                                           
l5691                                                           
l5709                                                           
l5713                                                           
l5723                                                           
l5725                                                           
l5747                                                           
l5751                                                           
l5767                                                           
l5769                                                           
l5787                                                           
l5803                                                           
l5807                                                           
l5813                                                           
l5819                                                           
l5821                                                           
l5823                                                           
l5825                                                           
l5833                                                           
l5837                                                           
l5841                                                           
l5847                                                           
l5853                                                           
l5855                                                           
l5865                                                           
l5867                                                           
l5869                                                           
l5873                                                           
l5877                                                           
l5881                                                           
l5885                                                           
l5893                                                           
l5897                                                           
l5901                                                           
l5903                                                           
l5905                                                           
l5911                                                           
l5913                                                           
l5929                                                           
l5933                                                           
l5939                                                           
l5941                                                           
l5943                                                           
l5945                                                           
l5947                                                           
l5955                                                           
l5959                                                           
l5969                                                           
l5971                                                           
l5973                                                           
l5983                                                           
l5995                                                           
l6007                                                           
l6009                                                           
l691                                                            
l694                                                            
l697                                                            
l755                                                            
l758                                                            
main@bCheckTweHour                             bssBANK0     0055
main@bInitFlag                                 bssBANK0     0056
main@enumBranchStep                            bssBANK1     00BB
main@enumInteralStep                           bssBANK1     00BC
main@ucDelayPrefix4TimerP5s                    bssBANK1     00BD
main@ucDelayPrefix6TimerP2s                    bssBANK1     00BE
main@ucFourthSuffix1TimerP3s                   bssBANK1     00BF
main@ucLessThanP3sCnt                          bssBANK1     00C0
main@ucLessThanP8sCnt                          bssBANK1     00C1
main@ucLoaderStep                              bssBANK0     0057
main@ucLoaderStep1                             bssBANK0     0058
main@ucLoaderStep2                             bssBANK0     0059
main@ucLoaderStep3                             bssBANK0     005A
main@ucLoaderStep4                             bssBANK0     005B
main@ucMoreThanP3sCnt                          bssBANK1     00C2
main@ucMoreThanP8sCnt                          bssBANK1     00C3
main@ucPrefix2Step                             bssBANK1     00C4
main@ucTimeCntP2s                              bssBANK1     00C5
main@ucTimer1s                                 bssBANK1     00C6
main@ucTimerCntLess                            bssBANK1     00C7
main@ucTimerCntLessFlag                        bssBANK1     00C8
main@ucTimerCntMore                            bssBANK0     005C
main@ucTimerCntMoreFlag                        bssBANK1     00C9
main@ucTimerCntP3s                             bssBANK0     005D
main@ucTimerCntP5s                             bssBANK1     00CA
main@ucTimerDelay                              bssBANK0     005E
main@ucTimerDelay1                             bssBANK0     005F
main@ucTimerDelay2                             bssBANK0     0060
main@ucTimerDelay3                             bssBANK0     0061
main@ucTimerDelay4                             bssBANK0     0062
main@ucTimerDelayP2sLess                       bssBANK0     0063
main@ucTimerDelayP2sMore                       bssBANK0     0064
main@ucTimerLargeZeroP5s                       bssBANK0     0065
main@ucTimerLessX1P5s                          bssBANK1     00CB
main@ucTimerLessX2P5s                          bssBANK1     00CC
main@ucTimerLessZeroP5s                        bssBANK0     0066
main@ucTimerP3s                                bssBANK1     00CD
main@ucTimerP5s                                bssBANK0     0067
main@ucTimerRightP5s                           bssBANK0     0068
main@ucTimerX1P5s                              bssBANK1     00CE
main@ucTimerX2P5s                              bssBANK1     00CF
main@ucTimerZeroPoint3s                        bssBANK0     0069
main@ucTimerZeroPoint5s                        bssBANK0     006A
main@uiCh5Value                                cstackBANK0  0048
main@uiMaxValue                                bssBANK1     00A8
main@uiMinValue                                bssBANK1     00AA
main@uiOldValue                                bssBANK0     004A
reset_vec                                      reset_vec    0000
saved_w                                        (abs)        007E
setAD_ConvertFlag@flag                         cstackBANK0  0020
setPA0@bValue                                  cstackBANK0  0020
setPA1@bValue                                  cstackBANK0  0020
setPA2@bValue                                  cstackBANK0  0020
setPA3@bValue                                  cstackBANK0  0020
setPA6@bValue                                  cstackBANK0  0020
setPB0@bValue                                  cstackBANK0  0020
setPB1@bValue                                  cstackBANK0  0020
setPB2@bValue                                  cstackBANK0  0020
setPB4@bValue                                  cstackBANK0  0020
setPB6@bValue                                  cstackBANK0  0020
start                                          init         0011
startThreeHoursTimer@uiSetTime                 cstackBANK0  0020
startTwelveHourTimer@uiSetTime                 cstackBANK0  0020
startTwentyMinuteTimer@uiValue                 cstackBANK0  0020
start_initialization                           cinit        0E90
vPutSampleDataIntoTable@channel                cstackCOMMON 0076
vPutSampleDataIntoTable@i                      cstackCOMMON 0077
vPutSampleDataIntoTable@ucChannelFifthLength   bssBANK0     006B
vPutSampleDataIntoTable@ucChannelSecondLength  bssBANK0     006C
vPutSampleDataIntoTable@ucChannelSixthLength   bssBANK0     006D
vPutSampleDataIntoTable@ucChannelZeroLength    bssBANK0     006E
vPutSampleDataIntoTable@uiSampleData           cstackCOMMON 0074
wtemp0                                         (abs)        007E
