HI-TECH Software C Compiler 

Linker command line:

--edf=C:\Program Files (x86)\HI-TECH Software\PICC\9.83\dat\en_msgs.txt -cs \
  -h+ProjTest.sym -z -Q16C77 -ol.obj -MProjTest.map -E1 -ACONST=00h-0FFhx16 \
  -ACODE=00h-07FFhx2 -ASTRCODE=00h-0FFFh -AENTRY=00h-0FFhx16 \
  -ASTRING=00h-0FFhx16 -ABANK0=020h-06Fh -ABANK1=0A0h-0EFh \
  -ABANK2=0110h-016Fh -ABANK3=0190h-01EFh \
  -ARAM=020h-06Fh,0A0h-0EFh,0110h-016Fh,0190h-01EFh \
  -AABS1=020h-07Fh,0A0h-0EFh,0110h-016Fh,0190h-01EFh -ACOMMON=070h-07Fh \
  -ASFR0=00h-01Fh -ASFR1=080h-09Fh -ASFR2=0100h-010Fh -ASFR3=0180h-018Fh \
  -preset_vec=00h,intentry=04h,init,end_init -ppowerup=CODE -pfunctab=CODE \
  -ACONFIG=02000h-02007h -pconfig=CONFIG -DCONFIG=2 -AIDLOC=02008h-0200Bh \
  -pidloc=IDLOC -DIDLOC=2 -DCODE=2 -DSTRCODE=2 -DSTRING=2 -DCONST=2 \
  -DENTRY=2 -k startup.obj ProjTest.obj 

Object code version is 3.10

Machine type is 16C77



                Name                               Link     Load   Length Selector   Space Scale
startup.obj     end_init                              B        B        2        8       0
                reset_vec                             0        0        2        0       0
ProjTest.obj    intentry                              4        4        7        8       0
                config                             2000     2000        3     4000       0
                text503                             195      195       4F        8       0
                text502                             255      255        8      3F0       0
                text501                             228      228        A      3F0       0
                text500                             27F      27F        3      3F0       0
                text499                             1F8      1F8       14      3F0       0
                text498                             276      276        5      3F0       0
                text497                             21C      21C        C      3F0       0
                text496                             244      244        9      3F0       0
                text494                             271      271        5      3F0       0
                text493                             282      282        2      3F0       0
                text492                             26C      26C        5      3F0       0
                text491                             27B      27B        4      3F0       0
                text490                             23B      23B        9      3F0       0
                text489                             232      232        9      3F0       0
                text488                             267      267        5      3F0       0
                text487                             262      262        5      3F0       0
                text486                             25D      25D        5      3F0       0
                text481                              EF       EF       A6        8       0
                swtext1                             1E4      1E4       14      3C8       0
                maintext                              D        D       E2        8       0
                cstackBANK0                          43       43        5       20       1
                cstackCOMMON                         70       70        6       70       1
                clrtext                             24D      24D        8      3F0       0
                dataBANK0                            48       48        1       20       1
                bssBANK0                             20       20       23       20       1
                bssCOMMON                            76       76        5       70       1
                cinit                               20C      20C       10      3F0       0

TOTAL           Name                               Link     Load   Length     Space
        CLASS   CONST          
                swtext1                             1E4      1E4       14         0

        CLASS   CODE           
                end_init                              B        B        2         0
                intentry                              4        4        7         0
                reset_vec                             0        0        2         0
                text503                             195      195       4F         0
                text502                             255      255        8         0
                text501                             228      228        A         0
                text500                             27F      27F        3         0
                text499                             1F8      1F8       14         0
                text498                             276      276        5         0
                text497                             21C      21C        C         0
                text496                             244      244        9         0
                text494                             271      271        5         0
                text493                             282      282        2         0
                text492                             26C      26C        5         0
                text491                             27B      27B        4         0
                text490                             23B      23B        9         0
                text489                             232      232        9         0
                text488                             267      267        5         0
                text487                             262      262        5         0
                text486                             25D      25D        5         0
                text481                              EF       EF       A6         0
                maintext                              D        D       E2         0
                clrtext                             24D      24D        8         0
                cinit                               20C      20C       10         0

        CLASS   STRCODE        

        CLASS   ENTRY          

        CLASS   STRING         

        CLASS   BANK0          
                cstackBANK0                          43       43        5         1
                dataBANK0                            48       48        1         1
                bssBANK0                             20       20       23         1

        CLASS   BANK1          

        CLASS   BANK2          

        CLASS   BANK3          

        CLASS   RAM            

        CLASS   ABS1           
                abs_s1                               7E       7E        2         1

        CLASS   COMMON         
                cstackCOMMON                         70       70        6         1
                bssCOMMON                            76       76        5         1

        CLASS   SFR0           

        CLASS   SFR1           

        CLASS   SFR2           

        CLASS   SFR3           

        CLASS   CONFIG         
                config                             2000     2000        3         0

        CLASS   IDLOC          

        CLASS   EEDATA         



SEGMENTS        Name                           Load    Length   Top    Selector   Space  Class     Delta

                reset_vec                      000000  000002  000002         0       0  CODE        2
                intentry                       000004  0001E0  0001E4         8       0  CODE        2
                bssBANK0                       000020  000029  000049        20       1  BANK0       1
                cstackCOMMON                   000070  00000B  00007B        70       1  COMMON      1
                swtext1                        0001E4  000014  0001F8       3C8       0  CONST       2
                text499                        0001F8  00008C  000284       3F0       0  CODE        2
                config                         002000  000003  002003      4000       0  CONFIG      2


UNUSED ADDRESS RANGES

        Name                Unused          Largest block    Delta
        BANK0            0049-006F             27           1
        BANK1            00A0-00EF             50           1
        BANK2            0110-016F             60           1
        BANK3            0190-01EF             60           1
        CODE             0002-0003              2           2
                         0284-0FFF            57C
        COMMON           007B-007D              3           1
        CONFIG           2003-2007              5           2
        CONST            0002-0003              2           2
                         0284-0FFF            100
        ENTRY            0002-0003              2           2
                         0284-0FFF            100
        IDLOC            2008-200B              4           2
        RAM              0049-006F             27           1
                         00A0-00EF             50
                         0110-016F             60
                         0190-01EF             60
        SFR0             0000-001F             20           1
        SFR1             0080-009F             20           1
        SFR2             0100-010F             10           1
        SFR3             0180-018F             10           1
        STRCODE          0002-0003              2           2
                         0284-0FFF            D7C
        STRING           0002-0003              2           2
                         0284-0FFF            100

                                  Symbol Table

??_AD_Sample                         cstackBANK0  0045
??_ISR                               cstackCOMMON 0074
??_adc_get                           cstackCOMMON 0072
??_adc_start                         cstackBANK0  0043
??_adc_test_init                     cstackBANK0  0044
??_clock_config                      cstackBANK0  0043
??_clrSampeTime                      cstackBANK0  0043
??_dac_init                          cstackBANK0  0043
??_getAD_ConvertFlag                 cstackBANK0  0043
??_getAdCh13Value                    cstackBANK0  0045
??_getAdOriginalCh13Value            cstackBANK0  0045
??_getAdOriginalValue                cstackBANK0  0045
??_isFinishedBigTimer                cstackBANK0  0043
??_isFinishedSmallTimer              cstackBANK0  0043
??_isPermitSampleTime                cstackBANK0  0043
??_main                              cstackBANK0  0048
??_op1_init                          cstackBANK0  0043
??_op2_init                          cstackBANK0  0043
??_process_AD_Converter_Value        cstackBANK0  0048
??_setAD_ConvertFlag                 cstackBANK0  0043
??_setDAC0_ChannelValue              cstackBANK0  0043
??_startBigTimer                     cstackBANK0  0043
??_startSmallTimer                   cstackBANK0  0043
??_timer1_config                     cstackBANK0  0043
??_timer1_interrupt_config           cstackBANK0  0043
??i1_setAD_ConvertFlag               cstackCOMMON 0070
?_AD_Sample                          cstackCOMMON 0070
?_ISR                                cstackCOMMON 0070
?_adc_get                            cstackCOMMON 0070
?_adc_start                          cstackCOMMON 0070
?_adc_test_init                      cstackBANK0  0043
?_clock_config                       cstackCOMMON 0070
?_clrSampeTime                       cstackCOMMON 0070
?_dac_init                           cstackCOMMON 0070
?_getAD_ConvertFlag                  cstackCOMMON 0070
?_getAdCh13Value                     cstackBANK0  0043
?_getAdOriginalCh13Value             cstackBANK0  0043
?_getAdOriginalValue                 cstackBANK0  0043
?_isFinishedBigTimer                 cstackCOMMON 0070
?_isFinishedSmallTimer               cstackCOMMON 0070
?_isPermitSampleTime                 cstackCOMMON 0070
?_main                               cstackCOMMON 0070
?_op1_init                           cstackCOMMON 0070
?_op2_init                           cstackCOMMON 0070
?_process_AD_Converter_Value         cstackCOMMON 0070
?_setAD_ConvertFlag                  cstackCOMMON 0070
?_setDAC0_ChannelValue               cstackCOMMON 0070
?_startBigTimer                      cstackCOMMON 0070
?_startSmallTimer                    cstackCOMMON 0070
?_timer1_config                      cstackCOMMON 0070
?_timer1_interrupt_config            cstackCOMMON 0070
?i1_setAD_ConvertFlag                cstackCOMMON 0070
AD_Sample@index                      cstackBANK0  0047
ISR@ucTimer1sCnt                     bssCOMMON    0078
_ADCON0                              (abs)        001F
_ADCON1                              (abs)        009F
_ADIE                                (abs)        046A
_ADIF                                (abs)        006A
_ADON                                (abs)        00F8
_ADRESH                              (abs)        001E
_ADRESL                              (abs)        009E
_AD_Sample                           text481      0103
_CLKPCE                              (abs)        0847
_CLKPR                               (abs)        0108
_DACCON                              (abs)        0087
_DACR0                               (abs)        0088
_GIE                                 (abs)        005F
_GO                                  (abs)        00F9
_ISR                                 text503      0195
_OP1CON0                             (abs)        001B
_OP1CON1                             (abs)        001C
_OP1CON2                             (abs)        001D
_OP2CON0                             (abs)        009B
_OP2CON1                             (abs)        009C
_OP2CON2                             (abs)        009D
_PA0                                 (abs)        0028
_PA1                                 (abs)        0029
_PA2                                 (abs)        002A
_PA3                                 (abs)        002B
_PB2                                 (abs)        0032
_PEIE                                (abs)        005E
_T1CON                               (abs)        0010
_TMR1H                               (abs)        000F
_TMR1IE                              (abs)        0460
_TMR1IF                              (abs)        0060
_TMR1L                               (abs)        000E
_TRISA0                              (abs)        0428
_TRISA1                              (abs)        0429
_TRISA2                              (abs)        042A
_TRISA3                              (abs)        042B
_TRISA7                              (abs)        042F
_TRISB0                              (abs)        0430
_TRISB1                              (abs)        0431
_TRISB2                              (abs)        0432
_TRISB3                              (abs)        0433
_TRISB4                              (abs)        0434
_TRISB5                              (abs)        0435
_TRISB6                              (abs)        0436
_TRISB7                              (abs)        0437
__Habs1                              abs1         0000
__Hbank0                             bank0        0000
__Hbank1                             bank1        0000
__Hbank2                             bank2        0000
__Hbank3                             bank3        0000
__HbssBANK0                          bssBANK0     0000
__HbssCOMMON                         bssCOMMON    0000
__Hcinit                             cinit        0000
__Hclrtext                           clrtext      0000
__Hcode                              code         0000
__Hcommon                            common       0000
__Hconfig                            config       2003
__HcstackBANK0                       cstackBANK0  0000
__HcstackCOMMON                      cstackCOMMON 0000
__HdataBANK0                         dataBANK0    0000
__Heeprom_data                       eeprom_data  0000
__Hend_init                          end_init     000D
__Hfunctab                           functab      0000
__HidataBANK0                        idataBANK0   0000
__Hidloc                             idloc        0000
__Hinit                              init         000B
__Hintentry                          intentry     000B
__Hmaintext                          maintext     0000
__Hpa_nodes                          pa_nodes     0000
__Hpowerup                           powerup      0000
__Hram                               ram          0000
__Hreset_vec                         reset_vec    0002
__Hsfr0                              sfr0         0000
__Hsfr1                              sfr1         0000
__Hsfr2                              sfr2         0000
__Hsfr3                              sfr3         0000
__Hstrings                           strings      0000
__Htext                              text         0000
__Labs1                              abs1         0000
__Lbank0                             bank0        0000
__Lbank1                             bank1        0000
__Lbank2                             bank2        0000
__Lbank3                             bank3        0000
__LbssBANK0                          bssBANK0     0000
__LbssCOMMON                         bssCOMMON    0000
__Lcinit                             cinit        0000
__Lclrtext                           clrtext      0000
__Lcode                              code         0000
__Lcommon                            common       0000
__Lconfig                            config       2000
__LcstackBANK0                       cstackBANK0  0000
__LcstackCOMMON                      cstackCOMMON 0000
__LdataBANK0                         dataBANK0    0000
__Leeprom_data                       eeprom_data  0000
__Lend_init                          end_init     000B
__Lfunctab                           functab      0000
__LidataBANK0                        idataBANK0   0000
__Lidloc                             idloc        0000
__Linit                              init         000B
__Lintentry                          intentry     0004
__Lmaintext                          maintext     0000
__Lpa_nodes                          pa_nodes     0000
__Lpowerup                           powerup      0000
__Lram                               ram          0000
__Lreset_vec                         reset_vec    0000
__Lsfr0                              sfr0         0000
__Lsfr1                              sfr1         0000
__Lsfr2                              sfr2         0000
__Lsfr3                              sfr3         0000
__Lstrings                           strings      0000
__Ltext                              text         0000
__S0                                 (abs)        2003
__S1                                 (abs)        007B
__end_of_AD_Sample                   text481      0186
__end_of_ISR                         text503      01D6
__end_of_adc_get                     text503      01E1
__end_of_adc_start                   text481      0103
__end_of_adc_test_init               text499      020C
__end_of_clock_config                text502      025D
__end_of_clrSampeTime                text493      0284
__end_of_dac_init                    text498      027B
__end_of_getAD_ConvertFlag           text481      00FB
__end_of_getAdCh13Value              text486      0262
__end_of_getAdOriginalCh13Value      text492      0271
__end_of_getAdOriginalValue          text481      018B
__end_of_isFinishedBigTimer          text488      026C
__end_of_isFinishedSmallTimer        text487      0267
__end_of_isPermitSampleTime          text494      0276
__end_of_main                        maintext     00EF
__end_of_op1_init                    text497      0228
__end_of_op2_init                    text496      024D
__end_of_process_AD_Converter_Value  text481      00F9
__end_of_setAD_ConvertFlag           text481      0100
__end_of_setDAC0_ChannelValue        text491      027F
__end_of_startBigTimer               text490      0244
__end_of_startSmallTimer             text489      023B
__end_of_timer1_config               text501      0232
__end_of_timer1_interrupt_config     text500      0282
__end_ofi1_setAD_ConvertFlag         text503      01E4
__pbssBANK0                          bssBANK0     0020
__pbssCOMMON                         bssCOMMON    0076
__pcstackBANK0                       cstackBANK0  0043
__pcstackCOMMON                      cstackCOMMON 0070
__pdataBANK0                         dataBANK0    0048
__pidataBANK0                        idataBANK0   0000
__pintentry                          intentry     0004
__pmaintext                          maintext     000D
__pswtext1                           swtext1      01E4
__ptext481                           text481      00EF
__ptext482                           text481      0103
__ptext483                           text481      0186
__ptext484                           text481      00FB
__ptext485                           text481      00F9
__ptext486                           text486      025D
__ptext487                           text487      0262
__ptext488                           text488      0267
__ptext489                           text489      0232
__ptext490                           text490      023B
__ptext491                           text491      027B
__ptext492                           text492      026C
__ptext493                           text493      0282
__ptext494                           text494      0271
__ptext495                           text481      0100
__ptext496                           text496      0244
__ptext497                           text497      021C
__ptext498                           text498      0276
__ptext499                           text499      01F8
__ptext500                           text500      027F
__ptext501                           text501      0228
__ptext502                           text502      0255
__ptext503                           text503      0195
__ptext504                           text503      01E1
__ptext505                           text503      01D6
__ptext506                           text506      0000
__size_of_AD_Sample                  (abs)        0000
__size_of_ISR                        (abs)        0000
__size_of_adc_get                    (abs)        0000
__size_of_adc_start                  (abs)        0000
__size_of_adc_test_init              (abs)        0000
__size_of_clock_config               (abs)        0000
__size_of_clrSampeTime               (abs)        0000
__size_of_dac_init                   (abs)        0000
__size_of_getAD_ConvertFlag          (abs)        0000
__size_of_getAdCh13Value             (abs)        0000
__size_of_getAdOriginalCh13Value     (abs)        0000
__size_of_getAdOriginalValue         (abs)        0000
__size_of_isFinishedBigTimer         (abs)        0000
__size_of_isFinishedSmallTimer       (abs)        0000
__size_of_isPermitSampleTime         (abs)        0000
__size_of_main                       (abs)        0000
__size_of_op1_init                   (abs)        0000
__size_of_op2_init                   (abs)        0000
__size_of_process_AD_Converter_Value (abs)        0000
__size_of_setAD_ConvertFlag          (abs)        0000
__size_of_setDAC0_ChannelValue       (abs)        0000
__size_of_startBigTimer              (abs)        0000
__size_of_startSmallTimer            (abs)        0000
__size_of_timer1_config              (abs)        0000
__size_of_timer1_interrupt_config    (abs)        0000
__size_ofi1_setAD_ConvertFlag        (abs)        0000
_adc_convert_flag                    bssCOMMON    0079
_adc_get                             text503      01D6
_adc_original_CH13_value             bssBANK0     002C
_adc_original_value                  bssBANK0     002E
_adc_start                           text481      0100
_adc_test_init                       text499      01F8
_buffer_Sample_AD_Value              bssBANK0     0020
_clock_config                        text502      0255
_clrSampeTime                        text493      0282
_dac_init                            text498      0276
_exit                                init         000B
_getAD_ConvertFlag                   text481      00F9
_getAdCh13Value                      text486      025D
_getAdOriginalCh13Value              text492      026C
_getAdOriginalValue                  text481      0186
_isFinishedBigTimer                  text488      0267
_isFinishedSmallTimer                text487      0262
_isPermitSampleTime                  text494      0271
_main                                maintext     000D
_multiFilterMaxValue                 bssBANK0     0030
_multiFilterMinValue                 bssBANK0     0032
_multiFilterSumValue                 bssBANK0     0034
_op1_init                            text497      021C
_op2_init                            text496      0244
_process_AD_Converter_Value          text481      00EF
_sampleCH13Value                     bssBANK0     0036
_sampleChannelSelect                 dataBANK0    0048
_sampleTimes                         bssBANK0     003A
_setAD_ConvertFlag                   text481      00FB
_setDAC0_ChannelValue                text491      027B
_startBigTimer                       text490      023B
_startSmallTimer                     text489      0232
_timer                               bssCOMMON    007A
_timer1_config                       text501      0228
_timer1_interrupt_config             text500      027F
_uiBigTimer                          bssCOMMON    0076
_uiSmallTimer                        bssBANK0     0038
adc_get@val                          cstackCOMMON 0072
adc_test_init@channel                cstackBANK0  0045
adc_test_init@ref                    cstackBANK0  0043
btemp                                (abs)        007E
clear_ram                            clrtext      024D
end_of_initialization                cinit        0219
i1_setAD_ConvertFlag                 text503      01E1
i1l1404                                               
i1l2124                                               
i1l2979                                               
i1l2983                                               
i1l2985                                               
i1l2989                                               
i1l2999                                               
i1l3001                                               
i1l3003                                               
i1l3009                                               
i1l3013                                               
i1setAD_ConvertFlag@flag             cstackCOMMON 0070
interrupt_function                   intentry     0004
intlevel0                            functab      0000
intlevel1                            functab      0000
intlevel2                            functab      0000
intlevel3                            functab      0000
intlevel4                            functab      0000
intlevel5                            functab      0000
l1392                                                 
l1395                                                 
l1398                                                 
l1401                                                 
l1404                                                 
l1407                                                 
l1413                                                 
l1437                                                 
l1440                                                 
l1443                                                 
l1446                                                 
l1464                                                 
l2101                                                 
l2104                                                 
l2107                                                 
l2115                                                 
l2121                                                 
l2873                                                 
l2875                                                 
l2877                                                 
l2879                                                 
l2881                                                 
l2883                                                 
l2885                                                 
l2887                                                 
l2889                                                 
l2891                                                 
l2893                                                 
l2895                                                 
l2897                                                 
l2899                                                 
l2901                                                 
l2903                                                 
l2905                                                 
l2907                                                 
l2909                                                 
l2911                                                 
l2913                                                 
l2917                                                 
l2929                                                 
l2931                                                 
l2935                                                 
l2937                                                 
l2939                                                 
l2941                                                 
l2953                                                 
l2965                                                 
l2969                                                 
l2973                                                 
l2975                                                 
l3015                                                 
l3019                                                 
l3029                                                 
l3031                                                 
l3035                                                 
l3039                                                 
l3061                                                 
l3063                                                 
l3065                                                 
l3069                                                 
l3071                                                 
l3073                                                 
l3075                                                 
l3077                                                 
l3079                                                 
l3081                                                 
l3083                                                 
l3085                                                 
l3087                                                 
l3091                                                 
l3095                                                 
l3127                                                 
l3129                                                 
l3137                                                 
l3143                                                 
l3145                                                 
l3163                                                 
l3179                                                 
main@ampStep                         bssBANK0     003B
main@tDA_timer                       bssBANK0     003C
main@ucCheckBatteryCnt               bssBANK0     003D
main@ucConfirmTimer1S                bssBANK0     003E
main@ucConfirmTimerZptS              bssBANK0     003F
main@ucConfrimeCnt                   bssBANK0     0040
main@ucInit                          bssBANK0     0041
main@ucInstalledBatteryCnt           bssBANK0     0042
reset_vec                            reset_vec    0000
saved_w                              (abs)        007E
setAD_ConvertFlag@flag               cstackBANK0  0043
setDAC0_ChannelValue@ucValue         cstackBANK0  0043
start                                init         000B
start_initialization                 cinit        020C
wtemp0                               (abs)        007E
