HI-TECH Software C Compiler 

Linker command line:

--edf=C:\Program Files (x86)\HI-TECH Software\PICC\9.83\dat\en_msgs.txt -cs \
  -h+ProjTest.sym -z -Q16C77 -ol.obj -MProjTest.map -E1 -ACONST=00h-0FFhx16 \
  -ACODE=00h-07FFhx2 -ASTRCODE=00h-0FFFh -AENTRY=00h-0FFhx16 \
  -ASTRING=00h-0FFhx16 -ABANK0=020h-06Fh -ABANK1=0A0h-0EFh \
  -ABANK2=0110h-016Fh -ABANK3=0190h-01EFh \
  -ARAM=020h-06Fh,0A0h-0EFh,0110h-016Fh,0190h-01EFh \
  -AABS1=020h-07Fh,0A0h-0EFh,0110h-016Fh,0190h-01EFh -ACOMMON=070h-07Fh \
  -ASFR0=00h-01Fh -ASFR1=080h-09Fh -ASFR2=0100h-010Fh -ASFR3=0180h-018Fh \
  -preset_vec=00h,intentry=04h,init,end_init -ppowerup=CODE -pfunctab=CODE \
  -ACONFIG=02000h-02007h -pconfig=CONFIG -DCONFIG=2 -AIDLOC=02008h-0200Bh \
  -pidloc=IDLOC -DIDLOC=2 -DCODE=2 -DSTRCODE=2 -DSTRING=2 -DCONST=2 \
  -DENTRY=2 -k startup.obj ProjTest.obj 

Object code version is 3.10

Machine type is 16C77



                Name                               Link     Load   Length Selector   Space Scale
startup.obj     end_init                             11       11        2        8       0
                reset_vec                             0        0        2        0       0
ProjTest.obj    intentry                              4        4        D        8       0
                config                             2000     2000        3     4000       0
                text1251                             13       13      1FD        8       0
                text1243                            525      525       15        8       0
                text1242                            5DA      5DA        4        8       0
                text1241                            5E6      5E6        1        8       0
                text1240                            5C1      5C1        8        8       0
                text1239                            5AF      5AF        A        8       0
                text1238                            5E1      5E1        3        8       0
                text1236                            578      578        E        8       0
                text1234                            5C9      5C9        5        8       0
                text1233                            5E4      5E4        2        8       0
                text1232                            5A5      5A5        A        8       0
                text1231                            5D6      5D6        4        8       0
                text1230                            56A      56A        E        8       0
                text1229                            59B      59B        A        8       0
                text1228                            5D2      5D2        4        8       0
                text1227                            55C      55C        E        8       0
                text1226                            591      591        A        8       0
                text1225                            5CE      5CE        4        8       0
                text1224                            54E      54E        E        8       0
                text1223                            586      586        B        8       0
                text1222                            5DE      5DE        3        8       0
                text1217                            4D3      4D3       31        8       0
                text1216                            504      504       21        8       0
                text1215                            483      483       50        8       0
                text1214                            3C6      3C6       BD        8       0
                maintext                            210      210      1B6        8       0
                cstackBANK0                          3D       3D       1C       20       1
                cstackCOMMON                         70       70        D       70       1
                cstackBANK1                          C8       C8       15       A0       1
                clrtext                             5B9      5B9        8        8       0
                bssBANK1                             A0       A0       28       A0       1
                dataBANK0                            59       59        2       20       1
                bssBANK0                             20       20       1D       20       1
                bssCOMMON                            7D       7D        1       70       1
                cinit                               53A      53A       14        8       0

TOTAL           Name                               Link     Load   Length     Space
        CLASS   CONST          

        CLASS   CODE           
                end_init                             11       11        2         0
                intentry                              4        4        D         0
                reset_vec                             0        0        2         0
                text1251                             13       13      1FD         0
                text1243                            525      525       15         0
                text1242                            5DA      5DA        4         0
                text1241                            5E6      5E6        1         0
                text1240                            5C1      5C1        8         0
                text1239                            5AF      5AF        A         0
                text1238                            5E1      5E1        3         0
                text1236                            578      578        E         0
                text1234                            5C9      5C9        5         0
                text1233                            5E4      5E4        2         0
                text1232                            5A5      5A5        A         0
                text1231                            5D6      5D6        4         0
                text1230                            56A      56A        E         0
                text1229                            59B      59B        A         0
                text1228                            5D2      5D2        4         0
                text1227                            55C      55C        E         0
                text1226                            591      591        A         0
                text1225                            5CE      5CE        4         0
                text1224                            54E      54E        E         0
                text1223                            586      586        B         0
                text1222                            5DE      5DE        3         0
                text1217                            4D3      4D3       31         0
                text1216                            504      504       21         0
                text1215                            483      483       50         0
                text1214                            3C6      3C6       BD         0
                maintext                            210      210      1B6         0
                clrtext                             5B9      5B9        8         0
                cinit                               53A      53A       14         0

        CLASS   STRCODE        

        CLASS   ENTRY          

        CLASS   STRING         

        CLASS   BANK0          
                cstackBANK0                          3D       3D       1C         1
                dataBANK0                            59       59        2         1
                bssBANK0                             20       20       1D         1

        CLASS   BANK1          
                cstackBANK1                          C8       C8       15         1
                bssBANK1                             A0       A0       28         1

        CLASS   BANK2          

        CLASS   BANK3          

        CLASS   RAM            

        CLASS   ABS1           
                abs_s1                               7E       7E        2         1

        CLASS   COMMON         
                cstackCOMMON                         70       70        D         1
                bssCOMMON                            7D       7D        1         1

        CLASS   SFR0           

        CLASS   SFR1           

        CLASS   SFR2           

        CLASS   SFR3           

        CLASS   CONFIG         
                config                             2000     2000        3         0

        CLASS   IDLOC          

        CLASS   EEDATA         



SEGMENTS        Name                           Load    Length   Top    Selector   Space  Class     Delta

                reset_vec                      000000  000002  000002         0       0  CODE        2
                intentry                       000004  0005E3  0005E7         8       0  CODE        2
                bssBANK0                       000020  00003B  00005B        20       1  BANK0       1
                cstackCOMMON                   000070  00000E  00007E        70       1  COMMON      1
                bssBANK1                       0000A0  00003D  0000DD        A0       1  BANK1       1
                config                         002000  000003  002003      4000       0  CONFIG      2


UNUSED ADDRESS RANGES

        Name                Unused          Largest block    Delta
        BANK0            005B-006F             15           1
        BANK1            00DD-00EF             13           1
        BANK2            0110-016F             60           1
        BANK3            0190-01EF             60           1
        CODE             0002-0003              2           2
                         05E7-0FFF            219
        CONFIG           2003-2007              5           2
        CONST            0002-0003              2           2
                         05E7-0FFF            100
        ENTRY            0002-0003              2           2
                         05E7-0FFF            100
        IDLOC            2008-200B              4           2
        RAM              005B-006F             15           1
                         00DD-00EF             13
                         0110-016F             60
                         0190-01EF             60
        SFR0             0000-001F             20           1
        SFR1             0080-009F             20           1
        SFR2             0100-010F             10           1
        SFR3             0180-018F             10           1
        STRCODE          0002-0003              2           2
                         05E7-0FFF            A19
        STRING           0002-0003              2           2
                         05E7-0FFF            100

                                  Symbol Table

??_AD_Sample                                      cstackBANK0  0052
??_Filter                                         cstackCOMMON 0072
??_FilterCh13                                     cstackBANK0  0054
??_ISR                                            cstackCOMMON 0079
??_adc_get                                        cstackCOMMON 0072
??_adc_start                                      cstackBANK0  0052
??_adc_test_init                                  cstackBANK0  0053
??_clearThreeHoursTimer                           cstackBANK0  0052
??_clearTwelveHoursTimer                          cstackBANK0  0052
??_clearTwentyMinTimer                            cstackBANK0  0052
??_clock_config                                   cstackBANK0  0052
??_clrSampeTime                                   cstackBANK0  0052
??_getAD_ConvertFlag                              cstackBANK0  0052
??_getAdOriginalCh13Value                         cstackBANK0  0058
??_getWaitResetFlag                               cstackCOMMON 0070
??_initPB2_AsHighResistence                       cstackBANK0  0052
??_initPB3                                        cstackBANK0  0052
??_initPB4                                        cstackBANK0  0052
??_initPB5                                        cstackBANK0  0052
??_initPin                                        cstackBANK0  0053
??_isFinishedOneHoursTimer                        cstackBANK0  0052
??_isFinishedThreeHoursTimer                      cstackBANK0  0052
??_isFinishedTwelveHoursTimer                     cstackBANK0  0052
??_isFinishedTwentyMinTimer                       cstackBANK0  0052
??_isPermitSampleTime                             cstackBANK0  0052
??_main                                           cstackBANK0  0058
??_process_AD_Converter_Value                     cstackBANK0  0055
??_pwm_start                                      cstackBANK0  0053
??_reset                                          cstackBANK0  0052
??_selectAdChannel                                cstackBANK0  0052
??_setAD_ConvertFlag                              cstackBANK0  0052
??_setPB3                                         cstackBANK0  0052
??_setPB4                                         cstackBANK0  0052
??_setPB5                                         cstackBANK0  0052
??_setPWM_Width                                   cstackCOMMON 0070
??_setPinInitVaule                                cstackBANK0  0053
??_setWaitResetFlag                               cstackBANK0  0052
??_startOneHoursTimer                             cstackBANK0  0054
??_startThreeHoursTimer                           cstackBANK0  0054
??_startTwelveHourTimer                           cstackBANK0  0054
??_startTwentyMinTimer                            cstackBANK0  0054
??_timer1_config                                  cstackBANK0  0052
??_timer1_interrupt_config                        cstackBANK0  0052
??_vPutSampleDataIntoTable                        cstackCOMMON 0079
??i1_setAD_ConvertFlag                            cstackCOMMON 0070
?_AD_Sample                                       cstackCOMMON 0070
?_Filter                                          cstackCOMMON 0070
?_FilterCh13                                      cstackBANK0  0052
?_ISR                                             cstackCOMMON 0070
?_adc_get                                         cstackCOMMON 0070
?_adc_start                                       cstackCOMMON 0070
?_adc_test_init                                   cstackBANK0  0052
?_clearThreeHoursTimer                            cstackCOMMON 0070
?_clearTwelveHoursTimer                           cstackCOMMON 0070
?_clearTwentyMinTimer                             cstackCOMMON 0070
?_clock_config                                    cstackCOMMON 0070
?_clrSampeTime                                    cstackCOMMON 0070
?_getAD_ConvertFlag                               cstackCOMMON 0070
?_getAdOriginalCh13Value                          cstackBANK1  00D7
?_getWaitResetFlag                                cstackCOMMON 0070
?_initPB2_AsHighResistence                        cstackCOMMON 0070
?_initPB3                                         cstackCOMMON 0070
?_initPB4                                         cstackCOMMON 0070
?_initPB5                                         cstackCOMMON 0070
?_initPin                                         cstackCOMMON 0070
?_isFinishedOneHoursTimer                         cstackCOMMON 0070
?_isFinishedThreeHoursTimer                       cstackCOMMON 0070
?_isFinishedTwelveHoursTimer                      cstackCOMMON 0070
?_isFinishedTwentyMinTimer                        cstackCOMMON 0070
?_isPermitSampleTime                              cstackCOMMON 0070
?_main                                            cstackCOMMON 0070
?_process_AD_Converter_Value                      cstackCOMMON 0070
?_pwm_start                                       cstackBANK0  0052
?_reset                                           cstackCOMMON 0070
?_selectAdChannel                                 cstackCOMMON 0070
?_setAD_ConvertFlag                               cstackCOMMON 0070
?_setPB3                                          cstackCOMMON 0070
?_setPB4                                          cstackCOMMON 0070
?_setPB5                                          cstackCOMMON 0070
?_setPWM_Width                                    cstackCOMMON 0070
?_setPinInitVaule                                 cstackCOMMON 0070
?_setWaitResetFlag                                cstackCOMMON 0070
?_startOneHoursTimer                              cstackBANK0  0052
?_startThreeHoursTimer                            cstackBANK0  0052
?_startTwelveHourTimer                            cstackBANK0  0052
?_startTwentyMinTimer                             cstackBANK0  0052
?_timer1_config                                   cstackCOMMON 0070
?_timer1_interrupt_config                         cstackCOMMON 0070
?_vPutSampleDataIntoTable                         cstackCOMMON 0076
?i1_setAD_ConvertFlag                             cstackCOMMON 0070
Filter@cir                                        cstackBANK0  0048
Filter@filter_buf                                 cstackBANK0  0042
Filter@filter_sum                                 cstackBANK0  003F
Filter@filter_temp                                cstackBANK0  003D
Filter@i                                          cstackBANK0  004B
Filter@j                                          cstackBANK0  004A
Filter@tmpValue                                   cstackBANK0  0041
FilterCh13@cir                                    cstackBANK1  00D3
FilterCh13@filter_buf                             cstackBANK1  00CD
FilterCh13@filter_sum                             cstackBANK1  00CB
FilterCh13@filter_temp                            cstackBANK1  00C9
FilterCh13@i                                      cstackBANK1  00D6
FilterCh13@j                                      cstackBANK1  00D5
FilterCh13@tmpValue                               cstackBANK1  00C8
ISR@ucTimer1sCnt                                  bssBANK0     002C
_ADCON0                                           (abs)        001F
_ADCON1                                           (abs)        009F
_ADIE                                             (abs)        046A
_ADIF                                             (abs)        006A
_ADON                                             (abs)        00F8
_ADRESH                                           (abs)        001E
_ADRESL                                           (abs)        009E
_AD_Sample                                        text1215     04A0
_CCP1CON                                          (abs)        0017
_CCPR1L                                           (abs)        0015
_CLKPCE                                           (abs)        0847
_CLKPR                                            (abs)        0108
_Filter                                           text1251     015D
_FilterCh13                                       text1214     03D0
_GIE                                              (abs)        005F
_GO                                               (abs)        00F9
_ISR                                              text1251     0013
_PB2                                              (abs)        0032
_PB3                                              (abs)        0033
_PB4                                              (abs)        0034
_PB5                                              (abs)        0035
_PBOD2                                            (abs)        0C42
_PEIE                                             (abs)        005E
_PR2                                              (abs)        0092
_T1CON                                            (abs)        0010
_T2CON                                            (abs)        0012
_TMR1H                                            (abs)        000F
_TMR1IE                                           (abs)        0460
_TMR1IF                                           (abs)        0060
_TMR1L                                            (abs)        000E
_TRISB0                                           (abs)        0430
_TRISB1                                           (abs)        0431
_TRISB2                                           (abs)        0432
_TRISB3                                           (abs)        0433
_TRISB4                                           (abs)        0434
_TRISB5                                           (abs)        0435
__Habs1                                           abs1         0000
__Hbank0                                          bank0        0000
__Hbank1                                          bank1        0000
__Hbank2                                          bank2        0000
__Hbank3                                          bank3        0000
__HbssBANK0                                       bssBANK0     0000
__HbssBANK1                                       bssBANK1     0000
__HbssCOMMON                                      bssCOMMON    0000
__Hcinit                                          cinit        0000
__Hclrtext                                        clrtext      0000
__Hcode                                           code         0000
__Hcommon                                         common       0000
__Hconfig                                         config       2003
__HcstackBANK0                                    cstackBANK0  0000
__HcstackBANK1                                    cstackBANK1  0000
__HcstackCOMMON                                   cstackCOMMON 0000
__HdataBANK0                                      dataBANK0    0000
__Heeprom_data                                    eeprom_data  0000
__Hend_init                                       end_init     0013
__Hfunctab                                        functab      0000
__HidataBANK0                                     idataBANK0   0000
__Hidloc                                          idloc        0000
__Hinit                                           init         0011
__Hintentry                                       intentry     0011
__Hmaintext                                       maintext     0000
__Hpa_nodes                                       pa_nodes     0000
__Hpowerup                                        powerup      0000
__Hram                                            ram          0000
__Hreset_vec                                      reset_vec    0002
__Hsfr0                                           sfr0         0000
__Hsfr1                                           sfr1         0000
__Hsfr2                                           sfr2         0000
__Hsfr3                                           sfr3         0000
__Hstrings                                        strings      0000
__Htext                                           text         0000
__Labs1                                           abs1         0000
__Lbank0                                          bank0        0000
__Lbank1                                          bank1        0000
__Lbank2                                          bank2        0000
__Lbank3                                          bank3        0000
__LbssBANK0                                       bssBANK0     0000
__LbssBANK1                                       bssBANK1     0000
__LbssCOMMON                                      bssCOMMON    0000
__Lcinit                                          cinit        0000
__Lclrtext                                        clrtext      0000
__Lcode                                           code         0000
__Lcommon                                         common       0000
__Lconfig                                         config       2000
__LcstackBANK0                                    cstackBANK0  0000
__LcstackBANK1                                    cstackBANK1  0000
__LcstackCOMMON                                   cstackCOMMON 0000
__LdataBANK0                                      dataBANK0    0000
__Leeprom_data                                    eeprom_data  0000
__Lend_init                                       end_init     0011
__Lfunctab                                        functab      0000
__LidataBANK0                                     idataBANK0   0000
__Lidloc                                          idloc        0000
__Linit                                           init         0011
__Lintentry                                       intentry     0004
__Lmaintext                                       maintext     0000
__Lpa_nodes                                       pa_nodes     0000
__Lpowerup                                        powerup      0000
__Lram                                            ram          0000
__Lreset_vec                                      reset_vec    0000
__Lsfr0                                           sfr0         0000
__Lsfr1                                           sfr1         0000
__Lsfr2                                           sfr2         0000
__Lsfr3                                           sfr3         0000
__Lstrings                                        strings      0000
__Ltext                                           text         0000
__S0                                              (abs)        2003
__S1                                              (abs)        00DD
__end_of_AD_Sample                                text1215     04B4
__end_of_Filter                                   text1251     01E3
__end_of_FilterCh13                               text1214     0467
__end_of_ISR                                      text1251     0079
__end_of_adc_get                                  text1251     0084
__end_of_adc_start                                text1215     04D3
__end_of_adc_test_init                            text1215     04CF
__end_of_clearThreeHoursTimer                     text1225     05D2
__end_of_clearTwelveHoursTimer                    text1228     05D6
__end_of_clearTwentyMinTimer                      text1231     05DA
__end_of_clock_config                             text1240     05C9
__end_of_clrSampeTime                             text1233     05E6
__end_of_getAD_ConvertFlag                        text1215     049D
__end_of_getAdOriginalCh13Value                   text1214     03D0
__end_of_getWaitResetFlag                         text1251     015D
__end_of_initPB2_AsHighResistence                 text1217     04EE
__end_of_initPB3                                  text1217     04E9
__end_of_initPB4                                  text1217     04F9
__end_of_initPB5                                  text1217     0504
__end_of_initPin                                  text1217     04DD
__end_of_isFinishedOneHoursTimer                  text1223     0591
__end_of_isFinishedThreeHoursTimer                text1226     059B
__end_of_isFinishedTwelveHoursTimer               text1229     05A5
__end_of_isFinishedTwentyMinTimer                 text1232     05AF
__end_of_isPermitSampleTime                       text1234     05CE
__end_of_main                                     maintext     03C6
__end_of_process_AD_Converter_Value               text1215     0499
__end_of_pwm_start                                text1243     053A
__end_of_reset                                    text1242     05DA
__end_of_selectAdChannel                          text1242     05DE
__end_of_setAD_ConvertFlag                        text1215     04A0
__end_of_setPB3                                   text1216     0515
__end_of_setPB4                                   text1216     051D
__end_of_setPB5                                   text1216     0525
__end_of_setPWM_Width                             text1251     01EC
__end_of_setPinInitVaule                          text1216     050C
__end_of_setWaitResetFlag                         text1222     05E1
__end_of_startOneHoursTimer                       text1224     055C
__end_of_startThreeHoursTimer                     text1227     056A
__end_of_startTwelveHourTimer                     text1230     0578
__end_of_startTwentyMinTimer                      text1236     0586
__end_of_timer1_config                            text1239     05B9
__end_of_timer1_interrupt_config                  text1238     05E4
__end_of_vPutSampleDataIntoTable                  text1251     015B
__end_ofi1_setAD_ConvertFlag                      text1251     0087
__pbssBANK0                                       bssBANK0     0020
__pbssBANK1                                       bssBANK1     00A0
__pbssCOMMON                                      bssCOMMON    007D
__pcstackBANK0                                    cstackBANK0  003D
__pcstackBANK1                                    cstackBANK1  00C8
__pcstackCOMMON                                   cstackCOMMON 0070
__pdataBANK0                                      dataBANK0    0059
__pidataBANK0                                     idataBANK0   0000
__pintentry                                       intentry     0004
__pmaintext                                       maintext     0210
__ptext1214                                       text1214     03C6
__ptext1215                                       text1215     0483
__ptext1216                                       text1216     0504
__ptext1217                                       text1217     04D3
__ptext1218                                       text1215     04A0
__ptext1219                                       text1215     049D
__ptext1220                                       text1215     0499
__ptext1221                                       text1214     03D0
__ptext1222                                       text1222     05DE
__ptext1223                                       text1223     0586
__ptext1224                                       text1224     054E
__ptext1225                                       text1225     05CE
__ptext1226                                       text1226     0591
__ptext1227                                       text1227     055C
__ptext1228                                       text1228     05D2
__ptext1229                                       text1229     059B
__ptext1230                                       text1230     056A
__ptext1231                                       text1231     05D6
__ptext1232                                       text1232     05A5
__ptext1233                                       text1233     05E4
__ptext1234                                       text1234     05C9
__ptext1235                                       text1215     04CF
__ptext1236                                       text1236     0578
__ptext1237                                       text1215     04B4
__ptext1238                                       text1238     05E1
__ptext1239                                       text1239     05AF
__ptext1240                                       text1240     05C1
__ptext1241                                       text1241     05E6
__ptext1242                                       text1242     05DA
__ptext1243                                       text1243     0525
__ptext1244                                       text1217     04E9
__ptext1245                                       text1216     051D
__ptext1246                                       text1217     04F9
__ptext1247                                       text1216     0515
__ptext1248                                       text1217     04EE
__ptext1249                                       text1216     050C
__ptext1250                                       text1217     04DD
__ptext1251                                       text1251     0013
__ptext1252                                       text1251     0087
__ptext1253                                       text1251     0084
__ptext1254                                       text1251     0079
__ptext1255                                       text1251     015D
__ptext1256                                       text1251     01E3
__ptext1257                                       text1251     015B
__ptext1258                                       text1258     0000
__size_of_AD_Sample                               (abs)        0000
__size_of_Filter                                  (abs)        0000
__size_of_FilterCh13                              (abs)        0000
__size_of_ISR                                     (abs)        0000
__size_of_adc_get                                 (abs)        0000
__size_of_adc_start                               (abs)        0000
__size_of_adc_test_init                           (abs)        0000
__size_of_clearThreeHoursTimer                    (abs)        0000
__size_of_clearTwelveHoursTimer                   (abs)        0000
__size_of_clearTwentyMinTimer                     (abs)        0000
__size_of_clock_config                            (abs)        0000
__size_of_clrSampeTime                            (abs)        0000
__size_of_getAD_ConvertFlag                       (abs)        0000
__size_of_getAdOriginalCh13Value                  (abs)        0000
__size_of_getWaitResetFlag                        (abs)        0000
__size_of_initPB2_AsHighResistence                (abs)        0000
__size_of_initPB3                                 (abs)        0000
__size_of_initPB4                                 (abs)        0000
__size_of_initPB5                                 (abs)        0000
__size_of_initPin                                 (abs)        0000
__size_of_isFinishedOneHoursTimer                 (abs)        0000
__size_of_isFinishedThreeHoursTimer               (abs)        0000
__size_of_isFinishedTwelveHoursTimer              (abs)        0000
__size_of_isFinishedTwentyMinTimer                (abs)        0000
__size_of_isPermitSampleTime                      (abs)        0000
__size_of_main                                    (abs)        0000
__size_of_process_AD_Converter_Value              (abs)        0000
__size_of_pwm_start                               (abs)        0000
__size_of_reset                                   (abs)        0000
__size_of_selectAdChannel                         (abs)        0000
__size_of_setAD_ConvertFlag                       (abs)        0000
__size_of_setPB3                                  (abs)        0000
__size_of_setPB4                                  (abs)        0000
__size_of_setPB5                                  (abs)        0000
__size_of_setPWM_Width                            (abs)        0000
__size_of_setPinInitVaule                         (abs)        0000
__size_of_setWaitResetFlag                        (abs)        0000
__size_of_startOneHoursTimer                      (abs)        0000
__size_of_startThreeHoursTimer                    (abs)        0000
__size_of_startTwelveHourTimer                    (abs)        0000
__size_of_startTwentyMinTimer                     (abs)        0000
__size_of_timer1_config                           (abs)        0000
__size_of_timer1_interrupt_config                 (abs)        0000
__size_of_vPutSampleDataIntoTable                 (abs)        0000
__size_ofi1_setAD_ConvertFlag                     (abs)        0000
_adc_convert_flag                                 bssBANK0     002D
_adc_get                                          text1251     0079
_adc_start                                        text1215     04CF
_adc_test_init                                    text1215     04B4
_bBigTimerStartFlag                               bssBANK0     002E
_bOneHourTimerStartFlag                           bssBANK0     002F
_bSmallTimerStartFlag                             bssBANK0     0030
_bTwentyMinStartFlag                              bssBANK0     0031
_bWaitResetFlag                                   bssBANK0     0032
_clearThreeHoursTimer                             text1225     05CE
_clearTwelveHoursTimer                            text1228     05D2
_clearTwentyMinTimer                              text1231     05D6
_clock_config                                     text1240     05C1
_clrSampeTime                                     text1233     05E4
_exit                                             init         0011
_getAD_ConvertFlag                                text1215     0499
_getAdOriginalCh13Value                           text1214     03C6
_getWaitResetFlag                                 text1251     015B
_initPB2_AsHighResistence                         text1217     04E9
_initPB3                                          text1217     04DD
_initPB4                                          text1217     04EE
_initPB5                                          text1217     04F9
_initPin                                          text1217     04D3
_isFinishedOneHoursTimer                          text1223     0586
_isFinishedThreeHoursTimer                        text1226     0591
_isFinishedTwelveHoursTimer                       text1229     059B
_isFinishedTwentyMinTimer                         text1232     05A5
_isPermitSampleTime                               text1234     05C9
_main                                             maintext     0210
_process_AD_Converter_Value                       text1215     0483
_pwm_start                                        text1243     0525
_reset                                            text1241     05E6
_sampleChannelSelect                              dataBANK0    0059
_sampleTimes                                      bssBANK0     0033
_selectAdChannel                                  text1242     05DA
_setAD_ConvertFlag                                text1215     049D
_setPB3                                           text1216     050C
_setPB4                                           text1216     0515
_setPB5                                           text1216     051D
_setPWM_Width                                     text1251     01E3
_setPinInitVaule                                  text1216     0504
_setWaitResetFlag                                 text1222     05DE
_startOneHoursTimer                               text1224     054E
_startThreeHoursTimer                             text1227     055C
_startTwelveHourTimer                             text1230     056A
_startTwentyMinTimer                              text1236     0578
_timer                                            bssBANK0     0034
_timer1_config                                    text1239     05AF
_timer1_interrupt_config                          text1238     05E1
_uiBigTimer                                       bssBANK0     0020
_uiOneHourTimer                                   bssBANK0     0022
_uiSampleCh12                                     bssBANK1     00BC
_uiSampleCh13                                     bssBANK1     00AC
_uiSampleChannelFourteenth                        bssBANK1     00C2
_uiSmallTimer                                     bssBANK0     0024
_uiTwentyMinTimer                                 bssBANK0     0026
_uiTwentySecondsTimer                             bssBANK1     00A0
_vPutSampleDataIntoTable                          text1251     0087
adc_get@val                                       cstackCOMMON 0072
adc_test_init@channel                             cstackBANK0  0054
adc_test_init@ref                                 cstackBANK0  0052
btemp                                             (abs)        007E
clear_ram                                         clrtext      05B9
end_of_initialization                             cinit        054B
i1_setAD_ConvertFlag                              text1251     0084
i1l1476                                                            
i1l1508                                                            
i1l1573                                                            
i1l2325                                                            
i1l3524                                                            
i1l3528                                                            
i1l3582                                                            
i1l3590                                                            
i1l3592                                                            
i1l3594                                                            
i1l3614                                                            
i1l3622                                                            
i1l3624                                                            
i1l3630                                                            
i1l3636                                                            
i1l3638                                                            
i1l3642                                                            
i1l3644                                                            
i1l3646                                                            
i1l3648                                                            
i1l3654                                                            
i1l3656                                                            
i1l3658                                                            
i1l3682                                                            
i1l3690                                                            
i1l3694                                                            
i1l3702                                                            
i1l3706                                                            
i1l3716                                                            
i1l3718                                                            
i1l3740                                                            
i1l3744                                                            
i1l3746                                                            
i1l3750                                                            
i1l3766                                                            
i1l3768                                                            
i1l3774                                                            
i1l3778                                                            
i1setAD_ConvertFlag@flag                          cstackCOMMON 0070
initPB3@bValue                                    cstackBANK0  0052
initPB4@bValue                                    cstackBANK0  0052
initPB5@bValue                                    cstackBANK0  0052
interrupt_function                                intentry     0004
intlevel0                                         functab      0000
intlevel1                                         functab      0000
intlevel2                                         functab      0000
intlevel3                                         functab      0000
intlevel4                                         functab      0000
intlevel5                                         functab      0000
l1473                                                              
l1495                                                              
l1561                                                              
l1564                                                              
l1567                                                              
l1570                                                              
l1573                                                              
l1579                                                              
l1605                                                              
l1608                                                              
l1614                                                              
l1654                                                              
l2316                                                              
l2322                                                              
l3980                                                              
l3982                                                              
l3984                                                              
l3986                                                              
l3988                                                              
l3990                                                              
l3992                                                              
l3994                                                              
l3996                                                              
l3998                                                              
l4000                                                              
l4002                                                              
l4004                                                              
l4006                                                              
l4008                                                              
l4010                                                              
l4012                                                              
l4014                                                              
l4016                                                              
l4018                                                              
l4020                                                              
l4022                                                              
l4024                                                              
l4026                                                              
l4028                                                              
l4030                                                              
l4032                                                              
l4034                                                              
l4036                                                              
l4038                                                              
l4040                                                              
l4042                                                              
l4044                                                              
l4050                                                              
l4054                                                              
l4066                                                              
l4068                                                              
l4072                                                              
l4074                                                              
l4084                                                              
l4086                                                              
l4092                                                              
l4094                                                              
l4098                                                              
l4100                                                              
l4110                                                              
l4112                                                              
l4118                                                              
l4120                                                              
l4124                                                              
l4126                                                              
l4136                                                              
l4138                                                              
l4144                                                              
l4146                                                              
l4150                                                              
l4152                                                              
l4162                                                              
l4164                                                              
l4172                                                              
l4174                                                              
l4176                                                              
l4196                                                              
l4198                                                              
l4204                                                              
l4206                                                              
l4210                                                              
l4214                                                              
l4218                                                              
l4220                                                              
l4224                                                              
l4228                                                              
l4234                                                              
l4236                                                              
l4238                                                              
l4240                                                              
l4242                                                              
l4244                                                              
l4248                                                              
l4256                                                              
l4260                                                              
l4262                                                              
l4264                                                              
l4266                                                              
l4268                                                              
l4270                                                              
l4274                                                              
l4276                                                              
l4284                                                              
l4296                                                              
l4300                                                              
l4302                                                              
l4304                                                              
l4320                                                              
l4324                                                              
l4340                                                              
l4344                                                              
l4346                                                              
l4348                                                              
l4350                                                              
l4352                                                              
l4356                                                              
l4368                                                              
l4376                                                              
l4378                                                              
l4392                                                              
l4404                                                              
l4412                                                              
l4416                                                              
l707                                                               
l710                                                               
l713                                                               
l716                                                               
l719                                                               
main@cTimerP5s_781                                bssBANK0     0035
main@cTimerP5s_787                                bssBANK0     0036
main@ucChValue                                    cstackBANK1  00D9
main@ucDelay1s                                    bssBANK1     00A2
main@ucStep                                       bssBANK0     0037
main@ucTimerP3s                                   bssBANK0     0038
main@ucTimerP5s                                   bssBANK0     0039
main@uiCh13Value                                  cstackBANK1  00DB
main@uiTimerOneP5s                                bssBANK1     00A4
main@uiTimerThreeP5s                              bssBANK1     00A6
main@uiTimerTwoP5s                                bssBANK1     00A8
pwm_start@ucPulseFrequency                        cstackBANK0  0052
pwm_start@ucPulseWidth                            cstackBANK0  0053
reset_vec                                         reset_vec    0000
saved_w                                           (abs)        007E
setAD_ConvertFlag@flag                            cstackBANK0  0052
setPB3@bValue                                     cstackBANK0  0052
setPB4@bValue                                     cstackBANK0  0052
setPB5@bValue                                     cstackBANK0  0052
setPWM_Width@ucOldWidth                           bssBANK0     003A
setPWM_Width@ucWidth                              cstackCOMMON 0070
setWaitResetFlag@bValue                           cstackBANK0  0052
start                                             init         0011
startOneHoursTimer@uiSetTime                      cstackBANK0  0052
startThreeHoursTimer@uiSetTime                    cstackBANK0  0052
startTwelveHourTimer@uiSetTime                    cstackBANK0  0052
startTwentyMinTimer@uiSetValue                    cstackBANK0  0052
start_initialization                              cinit        053A
vPutSampleDataIntoTable@channel                   cstackCOMMON 0078
vPutSampleDataIntoTable@i                         cstackBANK0  0050
vPutSampleDataIntoTable@ucCh12Length              bssCOMMON    007D
vPutSampleDataIntoTable@ucCh13Length              bssBANK0     003B
vPutSampleDataIntoTable@ucChannelFourteenthLength bssBANK0     003C
vPutSampleDataIntoTable@uiAbstractValue           cstackBANK0  004C
vPutSampleDataIntoTable@uiCalWidthArrayNew        bssBANK0     0028
vPutSampleDataIntoTable@uiCalWidthArrayOld        bssBANK0     002A
vPutSampleDataIntoTable@uiCalWidthCnt             bssBANK1     00AA
vPutSampleDataIntoTable@uiDeviationValue          cstackBANK0  004E
vPutSampleDataIntoTable@uiInitWidth               dataBANK0    005A
vPutSampleDataIntoTable@uiSampleData              cstackCOMMON 0076
wtemp0                                            (abs)        007E
