HI-TECH Software C Compiler 

Linker command line:

--edf=C:\Program Files (x86)\HI-TECH Software\PICC\9.83\dat\en_msgs.txt -cs \
  -h+ProjTest.sym -z -Q16C77 -ol.obj -MProjTest.map -E1 -ACONST=00h-0FFhx16 \
  -ACODE=00h-07FFhx2 -ASTRCODE=00h-0FFFh -AENTRY=00h-0FFhx16 \
  -ASTRING=00h-0FFhx16 -ABANK0=020h-06Fh -ABANK1=0A0h-0EFh \
  -ABANK2=0110h-016Fh -ABANK3=0190h-01EFh \
  -ARAM=020h-06Fh,0A0h-0EFh,0110h-016Fh,0190h-01EFh \
  -AABS1=020h-07Fh,0A0h-0EFh,0110h-016Fh,0190h-01EFh -ACOMMON=070h-07Fh \
  -ASFR0=00h-01Fh -ASFR1=080h-09Fh -ASFR2=0100h-010Fh -ASFR3=0180h-018Fh \
  -preset_vec=00h,intentry=04h,init,end_init -ppowerup=CODE -pfunctab=CODE \
  -ACONFIG=02000h-02007h -pconfig=CONFIG -DCONFIG=2 -AIDLOC=02008h-0200Bh \
  -pidloc=IDLOC -DIDLOC=2 -DCODE=2 -DSTRCODE=2 -DSTRING=2 -DCONST=2 \
  -DENTRY=2 -k startup.obj ProjTest.obj 

Object code version is 3.10

Machine type is 16C77



                Name                               Link     Load   Length Selector   Space Scale
startup.obj     end_init                             11       11        2        8       0
                reset_vec                             0        0        2        0       0
ProjTest.obj    intentry                              4        4        D        8       0
                config                             2000     2000        3     4000       0
                text764                             31B      31B       D8        8       0
                text758                             5B5      5B5        8      AFC       0
                text757                             589      589        A      AFC       0
                text756                             5DC      5DC        3      AFC       0
                text754                             5D7      5D7        5      AFC       0
                text753                             57E      57E        B      AFC       0
                text752                             5AD      5AD        8      AFC       0
                text750                             5D2      5D2        5      AFC       0
                text749                             5DF      5DF        2      AFC       0
                text748                             59C      59C        9      AFC       0
                text747                             5CD      5CD        5      AFC       0
                text746                             5C8      5C8        5      AFC       0
                text745                             5BD      5BD        6      AFC       0
                text744                             593      593        9      AFC       0
                text743                             5C3      5C3        5      AFC       0
                text736                             4AC      4AC       5A        8       0
                text733                             3F3      3F3       B9        8       0
                text732                             506      506       3E        8       0
                swtext3                             572      572        C      AAC       0
                swtext2                             564      564        E      AAC       0
                swtext1                             556      556        E      AAC       0
                maintext                             13       13      308        8       0
                cstackBANK0                          20       20       29       20       1
                cstackCOMMON                         70       70        D       70       1
                clrtext                             5A5      5A5        8      AFC       0
                bssBANK1                             A0       A0       4A       A0       1
                dataBANK0                            6E       6E        1       20       1
                bssBANK0                             49       49       25       20       1
                bssCOMMON                            7D       7D        1       70       1
                cinit                               544      544       12        8       0

TOTAL           Name                               Link     Load   Length     Space
        CLASS   CONST          
                swtext3                             572      572        C         0
                swtext2                             564      564        E         0
                swtext1                             556      556        E         0

        CLASS   CODE           
                end_init                             11       11        2         0
                intentry                              4        4        D         0
                reset_vec                             0        0        2         0
                text764                             31B      31B       D8         0
                text758                             5B5      5B5        8         0
                text757                             589      589        A         0
                text756                             5DC      5DC        3         0
                text754                             5D7      5D7        5         0
                text753                             57E      57E        B         0
                text752                             5AD      5AD        8         0
                text750                             5D2      5D2        5         0
                text749                             5DF      5DF        2         0
                text748                             59C      59C        9         0
                text747                             5CD      5CD        5         0
                text746                             5C8      5C8        5         0
                text745                             5BD      5BD        6         0
                text744                             593      593        9         0
                text743                             5C3      5C3        5         0
                text736                             4AC      4AC       5A         0
                text733                             3F3      3F3       B9         0
                text732                             506      506       3E         0
                maintext                             13       13      308         0
                clrtext                             5A5      5A5        8         0
                cinit                               544      544       12         0

        CLASS   STRCODE        

        CLASS   ENTRY          

        CLASS   STRING         

        CLASS   BANK0          
                cstackBANK0                          20       20       29         1
                dataBANK0                            6E       6E        1         1
                bssBANK0                             49       49       25         1

        CLASS   BANK1          
                bssBANK1                             A0       A0       4A         1

        CLASS   BANK2          

        CLASS   BANK3          

        CLASS   RAM            

        CLASS   ABS1           
                abs_s1                               7E       7E        2         1

        CLASS   COMMON         
                cstackCOMMON                         70       70        D         1
                bssCOMMON                            7D       7D        1         1

        CLASS   SFR0           

        CLASS   SFR1           

        CLASS   SFR2           

        CLASS   SFR3           

        CLASS   CONFIG         
                config                             2000     2000        3         0

        CLASS   IDLOC          

        CLASS   EEDATA         



SEGMENTS        Name                           Load    Length   Top    Selector   Space  Class     Delta

                reset_vec                      000000  000002  000002         0       0  CODE        2
                intentry                       000004  000552  000556         8       0  CODE        2
                cstackBANK0                    000020  00004F  00006F        20       1  BANK0       1
                cstackCOMMON                   000070  00000E  00007E        70       1  COMMON      1
                bssBANK1                       0000A0  00004A  0000EA        A0       1  BANK1       1
                swtext1                        000556  000028  00057E       AAC       0  CONST       2
                text753                        00057E  000063  0005E1       AFC       0  CODE        2
                config                         002000  000003  002003      4000       0  CONFIG      2


UNUSED ADDRESS RANGES

        Name                Unused          Largest block    Delta
        BANK0            006F-006F              1           1
        BANK1            00EA-00EF              6           1
        BANK2            0110-016F             60           1
        BANK3            0190-01EF             60           1
        CODE             0002-0003              2           2
                         05E1-0FFF            21F
        CONFIG           2003-2007              5           2
        CONST            0002-0003              2           2
                         05E1-0FFF            100
        ENTRY            0002-0003              2           2
                         05E1-0FFF            100
        IDLOC            2008-200B              4           2
        RAM              006F-006F              1           1
                         00EA-00EF              6
                         0110-016F             60
                         0190-01EF             60
        SFR0             0000-001F             20           1
        SFR1             0080-009F             20           1
        SFR2             0100-010F             10           1
        SFR3             0180-018F             10           1
        STRCODE          0002-0003              2           2
                         05E1-0FFF            A1F
        STRING           0002-0003              2           2
                         05E1-0FFF            100

                                  Symbol Table

??_AD_Sample                                      cstackBANK0  0020
??_Filter                                         cstackBANK0  0022
??_ISR                                            cstackCOMMON 0079
??_adc_get                                        cstackCOMMON 0072
??_adc_start                                      cstackBANK0  0020
??_adc_test_init                                  cstackBANK0  0021
??_clearAllTimer                                  cstackBANK0  0020
??_clearPinPortAndTimer                           cstackBANK0  0020
??_clearThreeHoursTimer                           cstackBANK0  0020
??_clearTwelveHoursTimer                          cstackBANK0  0020
??_clearTwentySecondsTimer                        cstackBANK0  0020
??_clock_config                                   cstackBANK0  0020
??_clrSampeTime                                   cstackBANK0  0020
??_dac_init                                       cstackBANK0  0020
??_getAD_ConvertFlag                              cstackBANK0  0020
??_getAdOriginaCh4Value                           cstackBANK0  0049
??_getAdOriginalCh14Value                         cstackBANK0  0049
??_getAdOriginalCh1Value                          cstackBANK0  0049
??_initPin                                        cstackBANK0  0021
??_isFinishedThreeHoursTimer                      cstackBANK0  0020
??_isFinishedTwelveHoursTimer                     cstackBANK0  0020
??_isFinishedTwentySecondsTimer                   cstackBANK0  0020
??_isPermitSampleTime                             cstackBANK0  0020
??_main                                           cstackBANK0  0049
??_op1_init                                       cstackBANK0  0020
??_op2_init                                       cstackBANK0  0020
??_process_AD_Converter_Value                     cstackBANK0  0023
??_setAD_ConvertFlag                              cstackBANK0  0020
??_startThreeHoursTimer                           cstackBANK0  0022
??_startTwelveHourTimer                           cstackBANK0  0022
??_startTwentySecondsTimer                        cstackBANK0  0020
??_timer1_config                                  cstackBANK0  0020
??_timer1_interrupt_config                        cstackBANK0  0020
??_vPutSampleDataIntoTable                        cstackCOMMON 0077
??_vSetPA3                                        cstackBANK0  0020
??_vsetPB6HignResistence                          cstackBANK0  0020
??i1_setAD_ConvertFlag                            cstackCOMMON 0070
?_AD_Sample                                       cstackCOMMON 0070
?_Filter                                          cstackBANK0  0020
?_ISR                                             cstackCOMMON 0070
?_adc_get                                         cstackCOMMON 0070
?_adc_start                                       cstackCOMMON 0070
?_adc_test_init                                   cstackBANK0  0020
?_clearAllTimer                                   cstackCOMMON 0070
?_clearPinPortAndTimer                            cstackCOMMON 0070
?_clearThreeHoursTimer                            cstackCOMMON 0070
?_clearTwelveHoursTimer                           cstackCOMMON 0070
?_clearTwentySecondsTimer                         cstackCOMMON 0070
?_clock_config                                    cstackCOMMON 0070
?_clrSampeTime                                    cstackCOMMON 0070
?_dac_init                                        cstackCOMMON 0070
?_getAD_ConvertFlag                               cstackCOMMON 0070
?_getAdOriginaCh4Value                            cstackBANK0  0047
?_getAdOriginalCh14Value                          cstackBANK0  0047
?_getAdOriginalCh1Value                           cstackBANK0  0047
?_initPin                                         cstackCOMMON 0070
?_isFinishedThreeHoursTimer                       cstackCOMMON 0070
?_isFinishedTwelveHoursTimer                      cstackCOMMON 0070
?_isFinishedTwentySecondsTimer                    cstackCOMMON 0070
?_isPermitSampleTime                              cstackCOMMON 0070
?_main                                            cstackCOMMON 0070
?_op1_init                                        cstackCOMMON 0070
?_op2_init                                        cstackCOMMON 0070
?_process_AD_Converter_Value                      cstackCOMMON 0070
?_setAD_ConvertFlag                               cstackCOMMON 0070
?_startThreeHoursTimer                            cstackBANK0  0020
?_startTwelveHourTimer                            cstackBANK0  0020
?_startTwentySecondsTimer                         cstackCOMMON 0070
?_timer1_config                                   cstackCOMMON 0070
?_timer1_interrupt_config                         cstackCOMMON 0070
?_vPutSampleDataIntoTable                         cstackCOMMON 0074
?_vSetPA3                                         cstackCOMMON 0070
?_vsetPB6HignResistence                           cstackCOMMON 0070
?i1_setAD_ConvertFlag                             cstackCOMMON 0070
Filter@cir                                        cstackBANK0  0043
Filter@filter_buf                                 cstackBANK0  0026
Filter@filter_sum                                 cstackBANK0  0040
Filter@filter_temp                                cstackBANK0  003E
Filter@i                                          cstackBANK0  0046
Filter@j                                          cstackBANK0  0045
Filter@tmpValue                                   cstackBANK0  0042
ISR@ucTimer1sCnt                                  bssBANK0     004D
_ADCON0                                           (abs)        001F
_ADCON1                                           (abs)        009F
_ADIE                                             (abs)        046A
_ADIF                                             (abs)        006A
_ADON                                             (abs)        00F8
_ADRESH                                           (abs)        001E
_ADRESL                                           (abs)        009E
_AD_Sample                                        text736      04D1
_CLKPCE                                           (abs)        0847
_CLKPR                                            (abs)        0108
_DACCON                                           (abs)        0087
_DACR0                                            (abs)        0088
_Filter                                           text733      0408
_GIE                                              (abs)        005F
_GO                                               (abs)        00F9
_ISR                                              text764      031B
_OP1CON0                                          (abs)        001B
_OP1CON1                                          (abs)        001C
_OP1CON2                                          (abs)        001D
_OP2CON0                                          (abs)        009B
_OP2CON1                                          (abs)        009C
_OP2CON2                                          (abs)        009D
_PA0                                              (abs)        0028
_PA1                                              (abs)        0029
_PA2                                              (abs)        002A
_PA3                                              (abs)        002B
_PA6                                              (abs)        002E
_PA7                                              (abs)        002F
_PAOD7                                            (abs)        0C3F
_PB0                                              (abs)        0030
_PB1                                              (abs)        0031
_PB6                                              (abs)        0036
_PBOD6                                            (abs)        0C46
_PEIE                                             (abs)        005E
_T1CON                                            (abs)        0010
_TMR1H                                            (abs)        000F
_TMR1IE                                           (abs)        0460
_TMR1IF                                           (abs)        0060
_TMR1L                                            (abs)        000E
_TRISA0                                           (abs)        0428
_TRISA1                                           (abs)        0429
_TRISA2                                           (abs)        042A
_TRISA3                                           (abs)        042B
_TRISA6                                           (abs)        042E
_TRISA7                                           (abs)        042F
_TRISB0                                           (abs)        0430
_TRISB1                                           (abs)        0431
_TRISB2                                           (abs)        0432
_TRISB3                                           (abs)        0433
_TRISB4                                           (abs)        0434
_TRISB5                                           (abs)        0435
_TRISB6                                           (abs)        0436
_TRISB7                                           (abs)        0437
__Habs1                                           abs1         0000
__Hbank0                                          bank0        0000
__Hbank1                                          bank1        0000
__Hbank2                                          bank2        0000
__Hbank3                                          bank3        0000
__HbssBANK0                                       bssBANK0     0000
__HbssBANK1                                       bssBANK1     0000
__HbssCOMMON                                      bssCOMMON    0000
__Hcinit                                          cinit        0000
__Hclrtext                                        clrtext      0000
__Hcode                                           code         0000
__Hcommon                                         common       0000
__Hconfig                                         config       2003
__HcstackBANK0                                    cstackBANK0  0000
__HcstackCOMMON                                   cstackCOMMON 0000
__HdataBANK0                                      dataBANK0    0000
__Heeprom_data                                    eeprom_data  0000
__Hend_init                                       end_init     0013
__Hfunctab                                        functab      0000
__HidataBANK0                                     idataBANK0   0000
__Hidloc                                          idloc        0000
__Hinit                                           init         0011
__Hintentry                                       intentry     0011
__Hmaintext                                       maintext     0000
__Hpa_nodes                                       pa_nodes     0000
__Hpowerup                                        powerup      0000
__Hram                                            ram          0000
__Hreset_vec                                      reset_vec    0002
__Hsfr0                                           sfr0         0000
__Hsfr1                                           sfr1         0000
__Hsfr2                                           sfr2         0000
__Hsfr3                                           sfr3         0000
__Hstrings                                        strings      0000
__Htext                                           text         0000
__Labs1                                           abs1         0000
__Lbank0                                          bank0        0000
__Lbank1                                          bank1        0000
__Lbank2                                          bank2        0000
__Lbank3                                          bank3        0000
__LbssBANK0                                       bssBANK0     0000
__LbssBANK1                                       bssBANK1     0000
__LbssCOMMON                                      bssCOMMON    0000
__Lcinit                                          cinit        0000
__Lclrtext                                        clrtext      0000
__Lcode                                           code         0000
__Lcommon                                         common       0000
__Lconfig                                         config       2000
__LcstackBANK0                                    cstackBANK0  0000
__LcstackCOMMON                                   cstackCOMMON 0000
__LdataBANK0                                      dataBANK0    0000
__Leeprom_data                                    eeprom_data  0000
__Lend_init                                       end_init     0011
__Lfunctab                                        functab      0000
__LidataBANK0                                     idataBANK0   0000
__Lidloc                                          idloc        0000
__Linit                                           init         0011
__Lintentry                                       intentry     0004
__Lmaintext                                       maintext     0000
__Lpa_nodes                                       pa_nodes     0000
__Lpowerup                                        powerup      0000
__Lram                                            ram          0000
__Lreset_vec                                      reset_vec    0000
__Lsfr0                                           sfr0         0000
__Lsfr1                                           sfr1         0000
__Lsfr2                                           sfr2         0000
__Lsfr3                                           sfr3         0000
__Lstrings                                        strings      0000
__Ltext                                           text         0000
__S0                                              (abs)        2003
__S1                                              (abs)        00EA
__end_of_AD_Sample                                text736      04EE
__end_of_Filter                                   text733      0496
__end_of_ISR                                      text764      0378
__end_of_adc_get                                  text764      0383
__end_of_adc_start                                text736      0506
__end_of_adc_test_init                            text736      0503
__end_of_clearAllTimer                            text732      0517
__end_of_clearPinPortAndTimer                     text732      0512
__end_of_clearThreeHoursTimer                     text732      0540
__end_of_clearTwelveHoursTimer                    text732      051A
__end_of_clearTwentySecondsTimer                  text732      0544
__end_of_clock_config                             text758      05BD
__end_of_clrSampeTime                             text749      05E1
__end_of_dac_init                                 text754      05DC
__end_of_getAD_ConvertFlag                        text736      04CE
__end_of_getAdOriginaCh4Value                     text733      03FA
__end_of_getAdOriginalCh14Value                   text733      0408
__end_of_getAdOriginalCh1Value                    text733      0401
__end_of_initPin                                  text732      0528
__end_of_isFinishedThreeHoursTimer                text743      05C8
__end_of_isFinishedTwelveHoursTimer               text747      05D2
__end_of_isFinishedTwentySecondsTimer             text745      05C3
__end_of_isPermitSampleTime                       text750      05D7
__end_of_main                                     maintext     031B
__end_of_op1_init                                 text753      0589
__end_of_op2_init                                 text752      05B5
__end_of_process_AD_Converter_Value               text736      04CA
__end_of_setAD_ConvertFlag                        text736      04D1
__end_of_startThreeHoursTimer                     text744      059C
__end_of_startTwelveHourTimer                     text748      05A5
__end_of_startTwentySecondsTimer                  text746      05CD
__end_of_timer1_config                            text757      0593
__end_of_timer1_interrupt_config                  text756      05DF
__end_of_vPutSampleDataIntoTable                  text764      03E0
__end_of_vSetPA3                                  text732      053D
__end_of_vsetPB6HignResistence                    text732      053C
__end_ofi1_setAD_ConvertFlag                      text764      03E3
__pbssBANK0                                       bssBANK0     0049
__pbssBANK1                                       bssBANK1     00A0
__pbssCOMMON                                      bssCOMMON    007D
__pcstackBANK0                                    cstackBANK0  0020
__pcstackCOMMON                                   cstackCOMMON 0070
__pdataBANK0                                      dataBANK0    006E
__pidataBANK0                                     idataBANK0   0000
__pintentry                                       intentry     0004
__pmaintext                                       maintext     0013
__pswtext1                                        swtext1      0556
__pswtext2                                        swtext2      0564
__pswtext3                                        swtext3      0572
__ptext732                                        text732      0506
__ptext733                                        text733      03F3
__ptext734                                        text733      03FA
__ptext735                                        text733      0401
__ptext736                                        text736      04AC
__ptext737                                        text732      051A
__ptext738                                        text732      0512
__ptext739                                        text736      04D1
__ptext740                                        text736      04CE
__ptext741                                        text736      04CA
__ptext742                                        text733      0408
__ptext743                                        text743      05C3
__ptext744                                        text744      0593
__ptext745                                        text745      05BD
__ptext746                                        text746      05C8
__ptext747                                        text747      05CD
__ptext748                                        text748      059C
__ptext749                                        text749      05DF
__ptext750                                        text750      05D2
__ptext751                                        text736      0503
__ptext752                                        text752      05AD
__ptext753                                        text753      057E
__ptext754                                        text754      05D7
__ptext755                                        text736      04EE
__ptext756                                        text756      05DC
__ptext757                                        text757      0589
__ptext758                                        text758      05B5
__ptext759                                        text732      0540
__ptext760                                        text732      053D
__ptext761                                        text732      0517
__ptext762                                        text732      0528
__ptext763                                        text732      053C
__ptext764                                        text764      031B
__ptext765                                        text764      03E0
__ptext766                                        text764      0378
__ptext767                                        text764      0383
__ptext768                                        text768      0000
__size_of_AD_Sample                               (abs)        0000
__size_of_Filter                                  (abs)        0000
__size_of_ISR                                     (abs)        0000
__size_of_adc_get                                 (abs)        0000
__size_of_adc_start                               (abs)        0000
__size_of_adc_test_init                           (abs)        0000
__size_of_clearAllTimer                           (abs)        0000
__size_of_clearPinPortAndTimer                    (abs)        0000
__size_of_clearThreeHoursTimer                    (abs)        0000
__size_of_clearTwelveHoursTimer                   (abs)        0000
__size_of_clearTwentySecondsTimer                 (abs)        0000
__size_of_clock_config                            (abs)        0000
__size_of_clrSampeTime                            (abs)        0000
__size_of_dac_init                                (abs)        0000
__size_of_getAD_ConvertFlag                       (abs)        0000
__size_of_getAdOriginaCh4Value                    (abs)        0000
__size_of_getAdOriginalCh14Value                  (abs)        0000
__size_of_getAdOriginalCh1Value                   (abs)        0000
__size_of_initPin                                 (abs)        0000
__size_of_isFinishedThreeHoursTimer               (abs)        0000
__size_of_isFinishedTwelveHoursTimer              (abs)        0000
__size_of_isFinishedTwentySecondsTimer            (abs)        0000
__size_of_isPermitSampleTime                      (abs)        0000
__size_of_main                                    (abs)        0000
__size_of_op1_init                                (abs)        0000
__size_of_op2_init                                (abs)        0000
__size_of_process_AD_Converter_Value              (abs)        0000
__size_of_setAD_ConvertFlag                       (abs)        0000
__size_of_startThreeHoursTimer                    (abs)        0000
__size_of_startTwelveHourTimer                    (abs)        0000
__size_of_startTwentySecondsTimer                 (abs)        0000
__size_of_timer1_config                           (abs)        0000
__size_of_timer1_interrupt_config                 (abs)        0000
__size_of_vPutSampleDataIntoTable                 (abs)        0000
__size_of_vSetPA3                                 (abs)        0000
__size_of_vsetPB6HignResistence                   (abs)        0000
__size_ofi1_setAD_ConvertFlag                     (abs)        0000
_adc_convert_flag                                 bssBANK0     004E
_adc_get                                          text764      0378
_adc_start                                        text736      0503
_adc_test_init                                    text736      04EE
_clearAllTimer                                    text732      0512
_clearPinPortAndTimer                             text732      0506
_clearThreeHoursTimer                             text732      053D
_clearTwelveHoursTimer                            text732      0517
_clearTwentySecondsTimer                          text732      0540
_clock_config                                     text758      05B5
_clrSampeTime                                     text749      05DF
_dac_init                                         text754      05D7
_exit                                             init         0011
_getAD_ConvertFlag                                text736      04CA
_getAdOriginaCh4Value                             text733      03F3
_getAdOriginalCh14Value                           text733      0401
_getAdOriginalCh1Value                            text733      03FA
_initPin                                          text732      051A
_isFinishedThreeHoursTimer                        text743      05C3
_isFinishedTwelveHoursTimer                       text747      05CD
_isFinishedTwentySecondsTimer                     text745      05BD
_isPermitSampleTime                               text750      05D2
_main                                             maintext     0013
_op1_init                                         text753      057E
_op2_init                                         text752      05AD
_process_AD_Converter_Value                       text736      04AC
_sampleChannelSelect                              dataBANK0    006E
_sampleTimes                                      bssBANK0     004F
_setAD_ConvertFlag                                text736      04CE
_startThreeHoursTimer                             text744      0593
_startTwelveHourTimer                             text748      059C
_startTwentySecondsTimer                          text746      05C8
_timer                                            bssBANK0     0050
_timer1_config                                    text757      0589
_timer1_interrupt_config                          text756      05DC
_uiBigTimer                                       bssBANK0     0049
_uiSampleChannelFirst                             bssBANK1     00A2
_uiSampleChannelFourteenth                        bssBANK1     00BA
_uiSampleChannelFourth                            bssBANK1     00D2
_uiSmallTimer                                     bssBANK0     004B
_uiTwentySecondsTimer                             bssBANK1     00A0
_vPutSampleDataIntoTable                          text764      0383
_vSetPA3                                          text732      053C
_vsetPB6HignResistence                            text732      0528
adc_get@val                                       cstackCOMMON 0072
adc_test_init@channel                             cstackBANK0  0022
adc_test_init@ref                                 cstackBANK0  0020
btemp                                             (abs)        007E
clear_ram                                         clrtext      05A5
end_of_initialization                             cinit        0553
i1_setAD_ConvertFlag                              text764      03E0
i1l1652                                                            
i1l2395                                                            
i1l3982                                                            
i1l3984                                                            
i1l3988                                                            
i1l3992                                                            
i1l4000                                                            
i1l4004                                                            
i1l4012                                                            
i1l4016                                                            
i1l4026                                                            
i1l4028                                                            
i1l4058                                                            
i1l4062                                                            
i1l4064                                                            
i1l4068                                                            
i1l4080                                                            
i1l4082                                                            
i1l4088                                                            
i1l4092                                                            
i1l4096                                                            
i1setAD_ConvertFlag@flag                          cstackCOMMON 0070
interrupt_function                                intentry     0004
intlevel0                                         functab      0000
intlevel1                                         functab      0000
intlevel2                                         functab      0000
intlevel3                                         functab      0000
intlevel4                                         functab      0000
intlevel5                                         functab      0000
l1611                                                              
l1640                                                              
l1643                                                              
l1646                                                              
l1649                                                              
l1652                                                              
l1655                                                              
l1658                                                              
l1661                                                              
l1690                                                              
l1693                                                              
l1696                                                              
l1703                                                              
l1726                                                              
l2372                                                              
l2375                                                              
l2378                                                              
l2386                                                              
l2392                                                              
l3822                                                              
l3824                                                              
l3826                                                              
l3828                                                              
l3832                                                              
l3834                                                              
l3836                                                              
l3838                                                              
l3840                                                              
l3842                                                              
l3844                                                              
l3846                                                              
l3848                                                              
l3850                                                              
l3852                                                              
l3854                                                              
l3856                                                              
l3858                                                              
l3860                                                              
l3862                                                              
l3864                                                              
l3866                                                              
l3868                                                              
l3872                                                              
l3884                                                              
l3886                                                              
l3890                                                              
l3902                                                              
l3904                                                              
l3916                                                              
l3920                                                              
l3932                                                              
l3940                                                              
l3942                                                              
l3944                                                              
l3964                                                              
l3972                                                              
l3974                                                              
l3978                                                              
l4030                                                              
l4034                                                              
l4036                                                              
l4040                                                              
l4044                                                              
l4054                                                              
l4100                                                              
l4102                                                              
l4104                                                              
l4106                                                              
l4108                                                              
l4110                                                              
l4112                                                              
l4114                                                              
l4116                                                              
l4118                                                              
l4122                                                              
l4128                                                              
l4134                                                              
l4138                                                              
l4142                                                              
l4146                                                              
l4148                                                              
l4150                                                              
l4152                                                              
l4154                                                              
l4156                                                              
l4158                                                              
l4160                                                              
l4162                                                              
l4164                                                              
l4166                                                              
l4168                                                              
l4170                                                              
l4172                                                              
l4174                                                              
l4176                                                              
l4180                                                              
l4192                                                              
l4206                                                              
l4212                                                              
l4218                                                              
l4220                                                              
l4222                                                              
l4232                                                              
l4234                                                              
l4238                                                              
l4312                                                              
l4378                                                              
l4434                                                              
l4480                                                              
l4542                                                              
l4544                                                              
l4550                                                              
l4552                                                              
l4558                                                              
l4562                                                              
l4568                                                              
l4570                                                              
l4576                                                              
l4578                                                              
l4580                                                              
l4582                                                              
l4584                                                              
l4588                                                              
l4590                                                              
l4604                                                              
l4606                                                              
l4608                                                              
l4610                                                              
l4612                                                              
l4624                                                              
l4634                                                              
l4636                                                              
l4638                                                              
l4650                                                              
l4662                                                              
l4664                                                              
l4666                                                              
l677                                                               
l685                                                               
l688                                                               
l691                                                               
main@cTimer1s_815                                 bssBANK0     0051
main@enumBranchStep                               bssBANK0     0052
main@enumInteralStep                              bssBANK0     0053
main@enumMainLoopStep                             bssBANK0     0054
main@ucADC4_Step                                  bssBANK0     0055
main@ucChannel4Type                               bssBANK0     0056
main@ucLoaderStep                                 bssBANK0     0057
main@ucLoaderStep1                                bssBANK0     0058
main@ucLoaderStep2                                bssBANK0     0059
main@ucLoaderStep3                                bssBANK0     005A
main@ucLoaderStep4                                bssBANK0     005B
main@ucTimer1s                                    bssBANK0     005C
main@ucTimer20s                                   bssBANK0     005D
main@ucTimerADC1ZeroP5s                           bssBANK0     005E
main@ucTimerDelay                                 bssBANK0     005F
main@ucTimerDelay1                                bssBANK0     0060
main@ucTimerDelay2                                bssBANK0     0061
main@ucTimerDelay3                                bssBANK0     0062
main@ucTimerDelay4                                bssBANK0     0063
main@ucTimerDelayP5s                              bssBANK0     0064
main@ucTimerP3s                                   bssBANK0     0065
main@ucTimerP5s                                   bssBANK0     0066
main@ucTimerRightP5s                              bssBANK0     0067
main@ucTimerX1P5s                                 bssBANK0     0068
main@ucTimerX2P5s                                 bssBANK0     0069
main@ucTimerZeroPoint3s                           bssBANK0     006A
main@ucTimerZeroPoint5s                           bssBANK0     006B
reset_vec                                         reset_vec    0000
saved_w                                           (abs)        007E
setAD_ConvertFlag@flag                            cstackBANK0  0020
start                                             init         0011
startThreeHoursTimer@uiSetTime                    cstackBANK0  0020
startTwelveHourTimer@uiSetTime                    cstackBANK0  0020
start_initialization                              cinit        0544
vPutSampleDataIntoTable@channel                   cstackCOMMON 0076
vPutSampleDataIntoTable@i                         cstackCOMMON 0077
vPutSampleDataIntoTable@ucChannelFirstLength      bssCOMMON    007D
vPutSampleDataIntoTable@ucChannelFourteenthLength bssBANK0     006C
vPutSampleDataIntoTable@ucChannelFourthLength     bssBANK0     006D
vPutSampleDataIntoTable@uiSampleData              cstackCOMMON 0074
vsetPB6HignResistence@ucValue                     cstackBANK0  0020
wtemp0                                            (abs)        007E
