HI-TECH Software C Compiler 

Linker command line:

--edf=C:\Program Files (x86)\HI-TECH Software\PICC\9.83\dat\en_msgs.txt -cs \
  -h+ProjTest.sym -z -Q16C77 -ol.obj -MProjTest.map -E1 -ACONST=00h-0FFhx16 \
  -ACODE=00h-07FFhx2 -ASTRCODE=00h-0FFFh -AENTRY=00h-0FFhx16 \
  -ASTRING=00h-0FFhx16 -ABANK0=020h-06Fh -ABANK1=0A0h-0EFh \
  -ABANK2=0110h-016Fh -ABANK3=0190h-01EFh \
  -ARAM=020h-06Fh,0A0h-0EFh,0110h-016Fh,0190h-01EFh \
  -AABS1=020h-07Fh,0A0h-0EFh,0110h-016Fh,0190h-01EFh -ACOMMON=070h-07Fh \
  -ASFR0=00h-01Fh -ASFR1=080h-09Fh -ASFR2=0100h-010Fh -ASFR3=0180h-018Fh \
  -preset_vec=00h,intentry=04h,init,end_init -ppowerup=CODE -pfunctab=CODE \
  -ACONFIG=02000h-02007h -pconfig=CONFIG -DCONFIG=2 -AIDLOC=02008h-0200Bh \
  -pidloc=IDLOC -DIDLOC=2 -DCODE=2 -DSTRCODE=2 -DSTRING=2 -DCONST=2 \
  -DENTRY=2 -k startup.obj ProjTest.obj 

Object code version is 3.10

Machine type is 16C77



                Name                               Link     Load   Length Selector   Space Scale
startup.obj     end_init                             11       11        2        8       0
                reset_vec                             0        0        2        0       0
ProjTest.obj    intentry                              4        4        D        8       0
                config                             2000     2000        3     4000       0
                text785                             38F      38F       E0        8       0
                text781                             5CC      5CC       13        8       0
                text780                             648      648        8      C46       0
                text779                             62E      62E        A      C46       0
                text778                             672      672        3      C46       0
                text776                             66D      66D        5      C46       0
                text775                             623      623        B      C46       0
                text774                             640      640        8      C46       0
                text772                             662      662        6      C46       0
                text771                             675      675        2      C46       0
                text770                             609      609        E      BF6       0
                text769                             65C      65C        6      C46       0
                text768                             668      668        5      C46       0
                text767                             656      656        6      C46       0
                text766                             5FB      5FB        E      BF6       0
                text765                             650      650        6      C46       0
                text759                             53A      53A       5D        8       0
                text756                             46F      46F       CB        8       0
                text755                             597      597       1C        8       0
                swtext3                             617      617        C      C2E       0
                swtext2                             5ED      5ED        E      BBE       0
                swtext1                             5DF      5DF        E      BBE       0
                maintext                             13       13      37C        8       0
                cstackBANK0                          20       20       28       20       1
                cstackCOMMON                         70       70        D       70       1
                clrtext                             638      638        8      C46       0
                bssBANK3                            190      190       18      190       1
                bssBANK1                             A0       A0       3C       A0       1
                dataBANK0                            6E       6E        1       20       1
                bssBANK0                             48       48       26       20       1
                bssCOMMON                            7D       7D        1       70       1
                cinit                               5B3      5B3       19        8       0

TOTAL           Name                               Link     Load   Length     Space
        CLASS   CONST          
                swtext3                             617      617        C         0
                swtext2                             5ED      5ED        E         0
                swtext1                             5DF      5DF        E         0

        CLASS   CODE           
                end_init                             11       11        2         0
                intentry                              4        4        D         0
                reset_vec                             0        0        2         0
                text785                             38F      38F       E0         0
                text781                             5CC      5CC       13         0
                text780                             648      648        8         0
                text779                             62E      62E        A         0
                text778                             672      672        3         0
                text776                             66D      66D        5         0
                text775                             623      623        B         0
                text774                             640      640        8         0
                text772                             662      662        6         0
                text771                             675      675        2         0
                text770                             609      609        E         0
                text769                             65C      65C        6         0
                text768                             668      668        5         0
                text767                             656      656        6         0
                text766                             5FB      5FB        E         0
                text765                             650      650        6         0
                text759                             53A      53A       5D         0
                text756                             46F      46F       CB         0
                text755                             597      597       1C         0
                maintext                             13       13      37C         0
                clrtext                             638      638        8         0
                cinit                               5B3      5B3       19         0

        CLASS   STRCODE        

        CLASS   ENTRY          

        CLASS   STRING         

        CLASS   BANK0          
                cstackBANK0                          20       20       28         1
                dataBANK0                            6E       6E        1         1
                bssBANK0                             48       48       26         1

        CLASS   BANK1          
                bssBANK1                             A0       A0       3C         1

        CLASS   BANK2          

        CLASS   BANK3          
                bssBANK3                            190      190       18         1

        CLASS   RAM            

        CLASS   ABS1           
                abs_s1                               7E       7E        2         1

        CLASS   COMMON         
                cstackCOMMON                         70       70        D         1
                bssCOMMON                            7D       7D        1         1

        CLASS   SFR0           

        CLASS   SFR1           

        CLASS   SFR2           

        CLASS   SFR3           

        CLASS   CONFIG         
                config                             2000     2000        3         0

        CLASS   IDLOC          

        CLASS   EEDATA         



SEGMENTS        Name                           Load    Length   Top    Selector   Space  Class     Delta

                reset_vec                      000000  000002  000002         0       0  CODE        2
                intentry                       000004  0005DB  0005DF         8       0  CODE        2
                cstackBANK0                    000020  00004F  00006F        20       1  BANK0       1
                cstackCOMMON                   000070  00000E  00007E        70       1  COMMON      1
                bssBANK1                       0000A0  00003C  0000DC        A0       1  BANK1       1
                bssBANK3                       000190  000018  0001A8       190       1  BANK3       1
                swtext1                        0005DF  00001C  0005FB       BBE       0  CONST       2
                text766                        0005FB  00001C  000617       BF6       0  CODE        2
                swtext3                        000617  00000C  000623       C2E       0  CONST       2
                text775                        000623  000054  000677       C46       0  CODE        2
                config                         002000  000003  002003      4000       0  CONFIG      2


UNUSED ADDRESS RANGES

        Name                Unused          Largest block    Delta
        BANK0            006F-006F              1           1
        BANK1            00DC-00EF             14           1
        BANK2            0110-016F             60           1
        BANK3            01A8-01EF             48           1
        CODE             0002-0003              2           2
                         0677-0FFF            189
        CONFIG           2003-2007              5           2
        CONST            0002-0003              2           2
                         0677-0FFF            100
        ENTRY            0002-0003              2           2
                         0677-0FFF            100
        IDLOC            2008-200B              4           2
        RAM              006F-006F              1           1
                         00DC-00EF             14
                         0110-016F             60
                         01A8-01EF             48
        SFR0             0000-001F             20           1
        SFR1             0080-009F             20           1
        SFR2             0100-010F             10           1
        SFR3             0180-018F             10           1
        STRCODE          0002-0003              2           2
                         0677-0FFF            989
        STRING           0002-0003              2           2
                         0677-0FFF            100

                                  Symbol Table

??_AD_Sample                                      cstackBANK0  0020
??_Filter                                         cstackBANK0  0022
??_ISR                                            cstackCOMMON 0079
??_adc_get                                        cstackCOMMON 0072
??_adc_start                                      cstackBANK0  0020
??_adc_test_init                                  cstackBANK0  0021
??_clearAllTimer                                  cstackBANK0  0020
??_clearPinPortAndTimer                           cstackBANK0  0020
??_clearThreeHoursTimer                           cstackBANK0  0020
??_clearTwelveHoursTimer                          cstackBANK0  0020
??_clearTwentySecondsTimer                        cstackBANK0  0020
??_clock_config                                   cstackBANK0  0020
??_clrSampeTime                                   cstackBANK0  0020
??_dac_init                                       cstackBANK0  0020
??_getAD_ConvertFlag                              cstackBANK0  0020
??_getAdOriginaCh4Value                           cstackBANK0  0048
??_getAdOriginalCh14Value                         cstackBANK0  0048
??_getAdOriginalCh1Value                          cstackBANK0  0048
??_initPin                                        cstackBANK0  0020
??_isFinishedThreeHoursTimer                      cstackBANK0  0020
??_isFinishedTwelveHoursTimer                     cstackBANK0  0020
??_isFinishedTwentySecondsTimer                   cstackBANK0  0020
??_isPermitSampleTime                             cstackBANK0  0020
??_main                                           cstackBANK0  0048
??_op1_init                                       cstackBANK0  0020
??_op2_init                                       cstackBANK0  0020
??_process_AD_Converter_Value                     cstackBANK0  0023
??_setAD_ConvertFlag                              cstackBANK0  0020
??_startThreeHoursTimer                           cstackBANK0  0022
??_startTwelveHourTimer                           cstackBANK0  0022
??_startTwentySecondsTimer                        cstackBANK0  0020
??_timer1_config                                  cstackBANK0  0020
??_timer1_interrupt_config                        cstackBANK0  0020
??_vPutSampleDataIntoTable                        cstackCOMMON 0077
??i1_setAD_ConvertFlag                            cstackCOMMON 0070
?_AD_Sample                                       cstackCOMMON 0070
?_Filter                                          cstackBANK0  0020
?_ISR                                             cstackCOMMON 0070
?_adc_get                                         cstackCOMMON 0070
?_adc_start                                       cstackCOMMON 0070
?_adc_test_init                                   cstackBANK0  0020
?_clearAllTimer                                   cstackCOMMON 0070
?_clearPinPortAndTimer                            cstackCOMMON 0070
?_clearThreeHoursTimer                            cstackCOMMON 0070
?_clearTwelveHoursTimer                           cstackCOMMON 0070
?_clearTwentySecondsTimer                         cstackCOMMON 0070
?_clock_config                                    cstackCOMMON 0070
?_clrSampeTime                                    cstackCOMMON 0070
?_dac_init                                        cstackCOMMON 0070
?_getAD_ConvertFlag                               cstackCOMMON 0070
?_getAdOriginaCh4Value                            cstackBANK0  0046
?_getAdOriginalCh14Value                          cstackBANK0  0046
?_getAdOriginalCh1Value                           cstackBANK0  0046
?_initPin                                         cstackCOMMON 0070
?_isFinishedThreeHoursTimer                       cstackCOMMON 0070
?_isFinishedTwelveHoursTimer                      cstackCOMMON 0070
?_isFinishedTwentySecondsTimer                    cstackCOMMON 0070
?_isPermitSampleTime                              cstackCOMMON 0070
?_main                                            cstackCOMMON 0070
?_op1_init                                        cstackCOMMON 0070
?_op2_init                                        cstackCOMMON 0070
?_process_AD_Converter_Value                      cstackCOMMON 0070
?_setAD_ConvertFlag                               cstackCOMMON 0070
?_startThreeHoursTimer                            cstackBANK0  0020
?_startTwelveHourTimer                            cstackBANK0  0020
?_startTwentySecondsTimer                         cstackCOMMON 0070
?_timer1_config                                   cstackCOMMON 0070
?_timer1_interrupt_config                         cstackCOMMON 0070
?_vPutSampleDataIntoTable                         cstackCOMMON 0074
?i1_setAD_ConvertFlag                             cstackCOMMON 0070
Filter@cir                                        cstackBANK0  0042
Filter@filter_buf                                 cstackBANK0  0026
Filter@filter_sum                                 cstackBANK0  0040
Filter@filter_temp                                cstackBANK0  003E
Filter@i                                          cstackBANK0  0045
Filter@j                                          cstackBANK0  0044
Filter@tmpValue                                   cstackBANK0  0020
ISR@ucTimer1sCnt                                  bssBANK1     00A6
_ADCON0                                           (abs)        001F
_ADCON1                                           (abs)        009F
_ADIE                                             (abs)        046A
_ADIF                                             (abs)        006A
_ADON                                             (abs)        00F8
_ADRESH                                           (abs)        001E
_ADRESL                                           (abs)        009E
_AD_Sample                                        text759      0561
_CLKPCE                                           (abs)        0847
_CLKPR                                            (abs)        0108
_DACCON                                           (abs)        0087
_DACR0                                            (abs)        0088
_Filter                                           text756      048D
_GIE                                              (abs)        005F
_GO                                               (abs)        00F9
_ISR                                              text785      038F
_OP1CON0                                          (abs)        001B
_OP1CON1                                          (abs)        001C
_OP1CON2                                          (abs)        001D
_OP2CON0                                          (abs)        009B
_OP2CON1                                          (abs)        009C
_OP2CON2                                          (abs)        009D
_PA0                                              (abs)        0028
_PA1                                              (abs)        0029
_PA2                                              (abs)        002A
_PA3                                              (abs)        002B
_PA6                                              (abs)        002E
_PA7                                              (abs)        002F
_PAOD7                                            (abs)        0C3F
_PB0                                              (abs)        0030
_PB1                                              (abs)        0031
_PB6                                              (abs)        0036
_PBOD6                                            (abs)        0C46
_PEIE                                             (abs)        005E
_T1CON                                            (abs)        0010
_TMR1H                                            (abs)        000F
_TMR1IE                                           (abs)        0460
_TMR1IF                                           (abs)        0060
_TMR1L                                            (abs)        000E
_TRISA0                                           (abs)        0428
_TRISA1                                           (abs)        0429
_TRISA2                                           (abs)        042A
_TRISA3                                           (abs)        042B
_TRISA6                                           (abs)        042E
_TRISA7                                           (abs)        042F
_TRISB0                                           (abs)        0430
_TRISB1                                           (abs)        0431
_TRISB2                                           (abs)        0432
_TRISB3                                           (abs)        0433
_TRISB4                                           (abs)        0434
_TRISB5                                           (abs)        0435
_TRISB6                                           (abs)        0436
_TRISB7                                           (abs)        0437
__Habs1                                           abs1         0000
__Hbank0                                          bank0        0000
__Hbank1                                          bank1        0000
__Hbank2                                          bank2        0000
__Hbank3                                          bank3        0000
__HbssBANK0                                       bssBANK0     0000
__HbssBANK1                                       bssBANK1     0000
__HbssBANK3                                       bssBANK3     0000
__HbssCOMMON                                      bssCOMMON    0000
__Hcinit                                          cinit        0000
__Hclrtext                                        clrtext      0000
__Hcode                                           code         0000
__Hcommon                                         common       0000
__Hconfig                                         config       2003
__HcstackBANK0                                    cstackBANK0  0000
__HcstackCOMMON                                   cstackCOMMON 0000
__HdataBANK0                                      dataBANK0    0000
__Heeprom_data                                    eeprom_data  0000
__Hend_init                                       end_init     0013
__Hfunctab                                        functab      0000
__HidataBANK0                                     idataBANK0   0000
__Hidloc                                          idloc        0000
__Hinit                                           init         0011
__Hintentry                                       intentry     0011
__Hmaintext                                       maintext     0000
__Hpa_nodes                                       pa_nodes     0000
__Hpowerup                                        powerup      0000
__Hram                                            ram          0000
__Hreset_vec                                      reset_vec    0002
__Hsfr0                                           sfr0         0000
__Hsfr1                                           sfr1         0000
__Hsfr2                                           sfr2         0000
__Hsfr3                                           sfr3         0000
__Hstrings                                        strings      0000
__Htext                                           text         0000
__Labs1                                           abs1         0000
__Lbank0                                          bank0        0000
__Lbank1                                          bank1        0000
__Lbank2                                          bank2        0000
__Lbank3                                          bank3        0000
__LbssBANK0                                       bssBANK0     0000
__LbssBANK1                                       bssBANK1     0000
__LbssBANK3                                       bssBANK3     0000
__LbssCOMMON                                      bssCOMMON    0000
__Lcinit                                          cinit        0000
__Lclrtext                                        clrtext      0000
__Lcode                                           code         0000
__Lcommon                                         common       0000
__Lconfig                                         config       2000
__LcstackBANK0                                    cstackBANK0  0000
__LcstackCOMMON                                   cstackCOMMON 0000
__LdataBANK0                                      dataBANK0    0000
__Leeprom_data                                    eeprom_data  0000
__Lend_init                                       end_init     0011
__Lfunctab                                        functab      0000
__LidataBANK0                                     idataBANK0   0000
__Lidloc                                          idloc        0000
__Linit                                           init         0011
__Lintentry                                       intentry     0004
__Lmaintext                                       maintext     0000
__Lpa_nodes                                       pa_nodes     0000
__Lpowerup                                        powerup      0000
__Lram                                            ram          0000
__Lreset_vec                                      reset_vec    0000
__Lsfr0                                           sfr0         0000
__Lsfr1                                           sfr1         0000
__Lsfr2                                           sfr2         0000
__Lsfr3                                           sfr3         0000
__Lstrings                                        strings      0000
__Ltext                                           text         0000
__S0                                              (abs)        2003
__S1                                              (abs)        01A8
__end_of_AD_Sample                                text759      057F
__end_of_Filter                                   text756      0524
__end_of_ISR                                      text785      03ED
__end_of_adc_get                                  text785      03F8
__end_of_adc_start                                text759      0597
__end_of_adc_test_init                            text759      0594
__end_of_clearAllTimer                            text755      05A8
__end_of_clearPinPortAndTimer                     text755      05A3
__end_of_clearThreeHoursTimer                     text755      05B0
__end_of_clearTwelveHoursTimer                    text755      05AC
__end_of_clearTwentySecondsTimer                  text755      05B3
__end_of_clock_config                             text780      0650
__end_of_clrSampeTime                             text771      0677
__end_of_dac_init                                 text776      0672
__end_of_getAD_ConvertFlag                        text759      055C
__end_of_getAdOriginaCh4Value                     text756      0478
__end_of_getAdOriginalCh14Value                   text756      048D
__end_of_getAdOriginalCh1Value                    text756      0482
__end_of_initPin                                  text781      05DF
__end_of_isFinishedThreeHoursTimer                text765      0656
__end_of_isFinishedTwelveHoursTimer               text769      0662
__end_of_isFinishedTwentySecondsTimer             text767      065C
__end_of_isPermitSampleTime                       text772      0668
__end_of_main                                     maintext     038F
__end_of_op1_init                                 text775      062E
__end_of_op2_init                                 text774      0648
__end_of_process_AD_Converter_Value               text759      0558
__end_of_setAD_ConvertFlag                        text759      0561
__end_of_startThreeHoursTimer                     text766      0609
__end_of_startTwelveHourTimer                     text770      0617
__end_of_startTwentySecondsTimer                  text768      066D
__end_of_timer1_config                            text779      0638
__end_of_timer1_interrupt_config                  text778      0675
__end_of_vPutSampleDataIntoTable                  text785      045B
__end_ofi1_setAD_ConvertFlag                      text785      045F
__pbssBANK0                                       bssBANK0     0048
__pbssBANK1                                       bssBANK1     00A0
__pbssBANK3                                       bssBANK3     0190
__pbssCOMMON                                      bssCOMMON    007D
__pcstackBANK0                                    cstackBANK0  0020
__pcstackCOMMON                                   cstackCOMMON 0070
__pdataBANK0                                      dataBANK0    006E
__pidataBANK0                                     idataBANK0   0000
__pintentry                                       intentry     0004
__pmaintext                                       maintext     0013
__pswtext1                                        swtext1      05DF
__pswtext2                                        swtext2      05ED
__pswtext3                                        swtext3      0617
__ptext755                                        text755      0597
__ptext756                                        text756      046F
__ptext757                                        text756      0478
__ptext758                                        text756      0482
__ptext759                                        text759      053A
__ptext760                                        text755      05A3
__ptext761                                        text759      0561
__ptext762                                        text759      055C
__ptext763                                        text759      0558
__ptext764                                        text756      048D
__ptext765                                        text765      0650
__ptext766                                        text766      05FB
__ptext767                                        text767      0656
__ptext768                                        text768      0668
__ptext769                                        text769      065C
__ptext770                                        text770      0609
__ptext771                                        text771      0675
__ptext772                                        text772      0662
__ptext773                                        text759      0594
__ptext774                                        text774      0640
__ptext775                                        text775      0623
__ptext776                                        text776      066D
__ptext777                                        text759      057F
__ptext778                                        text778      0672
__ptext779                                        text779      062E
__ptext780                                        text780      0648
__ptext781                                        text781      05CC
__ptext782                                        text755      05B0
__ptext783                                        text755      05AC
__ptext784                                        text755      05A8
__ptext785                                        text785      038F
__ptext786                                        text785      045B
__ptext787                                        text785      03ED
__ptext788                                        text785      03F8
__ptext789                                        text789      0000
__size_of_AD_Sample                               (abs)        0000
__size_of_Filter                                  (abs)        0000
__size_of_ISR                                     (abs)        0000
__size_of_adc_get                                 (abs)        0000
__size_of_adc_start                               (abs)        0000
__size_of_adc_test_init                           (abs)        0000
__size_of_clearAllTimer                           (abs)        0000
__size_of_clearPinPortAndTimer                    (abs)        0000
__size_of_clearThreeHoursTimer                    (abs)        0000
__size_of_clearTwelveHoursTimer                   (abs)        0000
__size_of_clearTwentySecondsTimer                 (abs)        0000
__size_of_clock_config                            (abs)        0000
__size_of_clrSampeTime                            (abs)        0000
__size_of_dac_init                                (abs)        0000
__size_of_getAD_ConvertFlag                       (abs)        0000
__size_of_getAdOriginaCh4Value                    (abs)        0000
__size_of_getAdOriginalCh14Value                  (abs)        0000
__size_of_getAdOriginalCh1Value                   (abs)        0000
__size_of_initPin                                 (abs)        0000
__size_of_isFinishedThreeHoursTimer               (abs)        0000
__size_of_isFinishedTwelveHoursTimer              (abs)        0000
__size_of_isFinishedTwentySecondsTimer            (abs)        0000
__size_of_isPermitSampleTime                      (abs)        0000
__size_of_main                                    (abs)        0000
__size_of_op1_init                                (abs)        0000
__size_of_op2_init                                (abs)        0000
__size_of_process_AD_Converter_Value              (abs)        0000
__size_of_setAD_ConvertFlag                       (abs)        0000
__size_of_startThreeHoursTimer                    (abs)        0000
__size_of_startTwelveHourTimer                    (abs)        0000
__size_of_startTwentySecondsTimer                 (abs)        0000
__size_of_timer1_config                           (abs)        0000
__size_of_timer1_interrupt_config                 (abs)        0000
__size_of_vPutSampleDataIntoTable                 (abs)        0000
__size_ofi1_setAD_ConvertFlag                     (abs)        0000
_adc_convert_flag                                 bssBANK1     00A7
_adc_get                                          text785      03ED
_adc_start                                        text759      0594
_adc_test_init                                    text759      057F
_clearAllTimer                                    text755      05A3
_clearPinPortAndTimer                             text755      0597
_clearThreeHoursTimer                             text755      05AC
_clearTwelveHoursTimer                            text755      05A8
_clearTwentySecondsTimer                          text755      05B0
_clock_config                                     text780      0648
_clrSampeTime                                     text771      0675
_dac_init                                         text776      066D
_exit                                             init         0011
_getAD_ConvertFlag                                text759      0558
_getAdOriginaCh4Value                             text756      046F
_getAdOriginalCh14Value                           text756      0482
_getAdOriginalCh1Value                            text756      0478
_initPin                                          text781      05CC
_isFinishedThreeHoursTimer                        text765      0650
_isFinishedTwelveHoursTimer                       text769      065C
_isFinishedTwentySecondsTimer                     text767      0656
_isPermitSampleTime                               text772      0662
_main                                             maintext     0013
_op1_init                                         text775      0623
_op2_init                                         text774      0640
_process_AD_Converter_Value                       text759      053A
_sampleChannelSelect                              dataBANK0    006E
_sampleTimes                                      bssBANK0     0048
_setAD_ConvertFlag                                text759      055C
_startThreeHoursTimer                             text766      05FB
_startTwelveHourTimer                             text770      0609
_startTwentySecondsTimer                          text768      0668
_timer                                            bssBANK1     00A8
_timer1_config                                    text779      062E
_timer1_interrupt_config                          text778      0672
_uiBigTimer                                       bssBANK1     00A0
_uiSampleChannelFirst                             bssBANK1     00AC
_uiSampleChannelFourteenth                        bssBANK3     0190
_uiSampleChannelFourth                            bssBANK1     00C4
_uiSmallTimer                                     bssBANK1     00A2
_uiTwentySecondsTimer                             bssBANK1     00A4
_vPutSampleDataIntoTable                          text785      03F8
adc_get@val                                       cstackCOMMON 0072
adc_test_init@channel                             cstackBANK0  0022
adc_test_init@ref                                 cstackBANK0  0020
btemp                                             (abs)        007E
clear_ram                                         clrtext      0638
end_of_initialization                             cinit        05C9
i1_setAD_ConvertFlag                              text785      045B
i1l1693                                                            
i1l2436                                                            
i1l4073                                                            
i1l4075                                                            
i1l4079                                                            
i1l4083                                                            
i1l4091                                                            
i1l4095                                                            
i1l4103                                                            
i1l4107                                                            
i1l4117                                                            
i1l4119                                                            
i1l4149                                                            
i1l4153                                                            
i1l4155                                                            
i1l4159                                                            
i1l4171                                                            
i1l4173                                                            
i1l4179                                                            
i1l4183                                                            
i1l4187                                                            
i1setAD_ConvertFlag@flag                          cstackCOMMON 0070
interrupt_function                                intentry     0004
intlevel0                                         functab      0000
intlevel1                                         functab      0000
intlevel2                                         functab      0000
intlevel3                                         functab      0000
intlevel4                                         functab      0000
intlevel5                                         functab      0000
l1652                                                              
l1681                                                              
l1684                                                              
l1687                                                              
l1690                                                              
l1693                                                              
l1696                                                              
l1699                                                              
l1702                                                              
l1731                                                              
l1734                                                              
l1737                                                              
l1744                                                              
l1767                                                              
l2413                                                              
l2416                                                              
l2419                                                              
l2427                                                              
l2433                                                              
l3915                                                              
l3917                                                              
l3921                                                              
l3923                                                              
l3925                                                              
l3927                                                              
l3929                                                              
l3931                                                              
l3933                                                              
l3935                                                              
l3937                                                              
l3939                                                              
l3941                                                              
l3943                                                              
l3945                                                              
l3947                                                              
l3949                                                              
l3951                                                              
l3953                                                              
l3955                                                              
l3957                                                              
l3959                                                              
l3963                                                              
l3975                                                              
l3977                                                              
l3981                                                              
l3993                                                              
l3995                                                              
l4007                                                              
l4011                                                              
l4023                                                              
l4031                                                              
l4033                                                              
l4035                                                              
l4055                                                              
l4063                                                              
l4065                                                              
l4069                                                              
l4121                                                              
l4125                                                              
l4127                                                              
l4131                                                              
l4135                                                              
l4145                                                              
l4191                                                              
l4195                                                              
l4201                                                              
l4207                                                              
l4211                                                              
l4215                                                              
l4219                                                              
l4221                                                              
l4223                                                              
l4225                                                              
l4227                                                              
l4229                                                              
l4231                                                              
l4233                                                              
l4235                                                              
l4237                                                              
l4239                                                              
l4241                                                              
l4243                                                              
l4247                                                              
l4249                                                              
l4253                                                              
l4259                                                              
l4277                                                              
l4281                                                              
l4285                                                              
l4287                                                              
l4293                                                              
l4299                                                              
l4303                                                              
l4309                                                              
l4323                                                              
l4333                                                              
l4631                                                              
l4637                                                              
l4645                                                              
l4649                                                              
l4653                                                              
l4665                                                              
l4669                                                              
l4681                                                              
l4685                                                              
l4687                                                              
l4691                                                              
l4697                                                              
l4699                                                              
l4701                                                              
l4703                                                              
l4705                                                              
l4707                                                              
l4709                                                              
l4717                                                              
l4719                                                              
l4731                                                              
l4735                                                              
l4741                                                              
l4743                                                              
l4745                                                              
l4747                                                              
l4749                                                              
l4757                                                              
l4761                                                              
l4787                                                              
l4799                                                              
l4801                                                              
l4803                                                              
l4805                                                              
l677                                                               
l680                                                               
l683                                                               
main@cTimer1s_823                                 bssBANK1     00A9
main@enumBranchStep                               bssBANK0     0049
main@enumInteralStep                              bssBANK1     00AA
main@enumMainLoopStep                             bssBANK0     004A
main@ucADC4_Step                                  bssBANK0     004B
main@ucChannel4Type                               bssBANK0     004C
main@ucLoaderStep                                 bssBANK0     004D
main@ucLoaderStep1                                bssBANK0     004E
main@ucLoaderStep2                                bssBANK0     004F
main@ucLoaderStep3                                bssBANK0     0050
main@ucLoaderStep4                                bssBANK0     0051
main@ucTimer1s                                    bssBANK0     0052
main@ucTimer20s                                   bssBANK0     0053
main@ucTimerADC1ZeroP5s                           bssBANK0     0054
main@ucTimerDelay                                 bssBANK0     0055
main@ucTimerDelay1                                bssBANK0     0056
main@ucTimerDelay2                                bssBANK0     0057
main@ucTimerDelay3                                bssBANK0     0058
main@ucTimerDelay4                                bssBANK0     0059
main@ucTimerDelayP5s                              bssBANK0     005A
main@ucTimerForDACR0_CNT1                         bssBANK0     005B
main@ucTimerForDACR0_CNT1_f                       bssBANK0     005C
main@ucTimerForDACR0_CNT2                         bssBANK0     005D
main@ucTimerForDACR0_CNT2_f                       bssBANK0     005E
main@ucTimerLessADC1ZeroP5s                       bssBANK0     005F
main@ucTimerLessX1P5s                             bssBANK0     0060
main@ucTimerLessX2P5s                             bssBANK0     0061
main@ucTimerP3s                                   bssBANK1     00AB
main@ucTimerP5s                                   bssBANK0     0062
main@ucTimerPA6DelayP1s                           bssBANK0     0063
main@ucTimerPB6DelayP1s                           bssBANK0     0064
main@ucTimerPowerLed                              bssBANK0     0065
main@ucTimerRightP5s                              bssBANK0     0066
main@ucTimerSeond1s                               bssBANK0     0067
main@ucTimerX1P5s                                 bssBANK0     0068
main@ucTimerX2P5s                                 bssBANK0     0069
main@ucTimerZeroPoint3s                           bssBANK0     006A
main@ucTimerZeroPoint5s                           bssBANK0     006B
reset_vec                                         reset_vec    0000
saved_w                                           (abs)        007E
setAD_ConvertFlag@flag                            cstackBANK0  0020
start                                             init         0011
startThreeHoursTimer@uiSetTime                    cstackBANK0  0020
startTwelveHourTimer@uiSetTime                    cstackBANK0  0020
start_initialization                              cinit        05B3
vPutSampleDataIntoTable@channel                   cstackCOMMON 0076
vPutSampleDataIntoTable@i                         cstackCOMMON 0077
vPutSampleDataIntoTable@ucChannelFirstLength      bssCOMMON    007D
vPutSampleDataIntoTable@ucChannelFourteenthLength bssBANK0     006C
vPutSampleDataIntoTable@ucChannelFourthLength     bssBANK0     006D
vPutSampleDataIntoTable@uiSampleData              cstackCOMMON 0074
wtemp0                                            (abs)        007E
