HI-TECH Software C Compiler 

Linker command line:

--edf=C:\Program Files (x86)\HI-TECH Software\PICC\9.83\dat\en_msgs.txt -cs \
  -h+ProjTest.sym -z -Q16C77 -ol.obj -MProjTest.map -E1 -ACONST=00h-0FFhx16 \
  -ACODE=00h-07FFhx2 -ASTRCODE=00h-0FFFh -AENTRY=00h-0FFhx16 \
  -ASTRING=00h-0FFhx16 -ABANK0=020h-06Fh -ABANK1=0A0h-0EFh \
  -ABANK2=0110h-016Fh -ABANK3=0190h-01EFh \
  -ARAM=020h-06Fh,0A0h-0EFh,0110h-016Fh,0190h-01EFh \
  -AABS1=020h-07Fh,0A0h-0EFh,0110h-016Fh,0190h-01EFh -ACOMMON=070h-07Fh \
  -ASFR0=00h-01Fh -ASFR1=080h-09Fh -ASFR2=0100h-010Fh -ASFR3=0180h-018Fh \
  -preset_vec=00h,intentry=04h,init,end_init -ppowerup=CODE -pfunctab=CODE \
  -ACONFIG=02000h-02007h -pconfig=CONFIG -DCONFIG=2 -AIDLOC=02008h-0200Bh \
  -pidloc=IDLOC -DIDLOC=2 -DCODE=2 -DSTRCODE=2 -DSTRING=2 -DCONST=2 \
  -DENTRY=2 -k startup.obj ProjTest.obj 

Object code version is 3.10

Machine type is 16C77



                Name                               Link     Load   Length Selector   Space Scale
startup.obj     end_init                             11       11        2        8       0
                reset_vec                             0        0        2        0       0
ProjTest.obj    intentry                              4        4        D        8       0
                config                             2000     2000        3     4000       0
                text1089                            F0F      F0F       F1     1E1E       0
                text1084                            762      762       27        8       0
                text1078                            EC3      EC3        9     1D86       0
                text1074                            EAB      EAB        8     1D56       0
                text1072                            EB3      EB3        8     1D66       0
                text1071                            ECC      ECC        A     1D98       0
                text1070                            7FB      7FB        3      FF6       0
                text1069                            EA4      EA4        7     1D48       0
                text1067                            EE0      EE0        B     1DC0       0
                text1065                            7C8      7C8       14        8       0
                text1064                            E9E      E9E        6     1D3C       0
                text1063                            7FE      7FE        2      FF6       0
                text1062                            EEB      EEB        C     1DD6       0
                text1061                            7B4      7B4       14        8       0
                text1060                            EF7      EF7        C     1DEE       0
                text1059                            7DC      7DC       11        8       0
                text1058                            ED6      ED6        A     1DAC       0
                text1057                            7A0      7A0       14        8       0
                text1056                            F03      F03        C     1E06       0
                text1048                            475      475      29F        8       0
                text1042                            714      714       4E        8       0
                swtext3                             80E      80E        C     1000       0
                swtext2                             800      800        E     1000       0
                swtext1                             7ED      7ED        E      FDA       0
                maintext                             13       13      462        8       0
                cstackBANK0                          20       20       2A       20       1
                cstackCOMMON                         70       70        D       70       1
                clrtext                             EBB      EBB        8     1D76       0
                bssBANK3                            190      190       48      190       1
                bssBANK1                             A0       A0       3C       A0       1
                bssBANK0                             4A       4A       25       20       1
                bssCOMMON                            7D       7D        1       70       1
                cinit                               789      789       17        8       0

TOTAL           Name                               Link     Load   Length     Space
        CLASS   CONST          
                swtext3                             80E      80E        C         0
                swtext2                             800      800        E         0
                swtext1                             7ED      7ED        E         0

        CLASS   CODE           
                end_init                             11       11        2         0
                intentry                              4        4        D         0
                reset_vec                             0        0        2         0
                text1089                            F0F      F0F       F1         0
                text1084                            762      762       27         0
                text1078                            EC3      EC3        9         0
                text1074                            EAB      EAB        8         0
                text1072                            EB3      EB3        8         0
                text1071                            ECC      ECC        A         0
                text1070                            7FB      7FB        3         0
                text1069                            EA4      EA4        7         0
                text1067                            EE0      EE0        B         0
                text1065                            7C8      7C8       14         0
                text1064                            E9E      E9E        6         0
                text1063                            7FE      7FE        2         0
                text1062                            EEB      EEB        C         0
                text1061                            7B4      7B4       14         0
                text1060                            EF7      EF7        C         0
                text1059                            7DC      7DC       11         0
                text1058                            ED6      ED6        A         0
                text1057                            7A0      7A0       14         0
                text1056                            F03      F03        C         0
                text1048                            475      475      29F         0
                text1042                            714      714       4E         0
                maintext                             13       13      462         0
                clrtext                             EBB      EBB        8         0
                cinit                               789      789       17         0

        CLASS   STRCODE        

        CLASS   ENTRY          

        CLASS   STRING         

        CLASS   BANK0          
                cstackBANK0                          20       20       2A         1
                bssBANK0                             4A       4A       25         1

        CLASS   BANK1          
                bssBANK1                             A0       A0       3C         1

        CLASS   BANK2          

        CLASS   BANK3          
                bssBANK3                            190      190       48         1

        CLASS   RAM            

        CLASS   ABS1           
                abs_s1                               7E       7E        2         1

        CLASS   COMMON         
                cstackCOMMON                         70       70        D         1
                bssCOMMON                            7D       7D        1         1

        CLASS   SFR0           

        CLASS   SFR1           

        CLASS   SFR2           

        CLASS   SFR3           

        CLASS   CONFIG         
                config                             2000     2000        3         0

        CLASS   IDLOC          

        CLASS   EEDATA         



SEGMENTS        Name                           Load    Length   Top    Selector   Space  Class     Delta

                reset_vec                      000000  000002  000002         0       0  CODE        2
                intentry                       000004  0007E9  0007ED         8       0  CODE        2
                cstackBANK0                    000020  00004F  00006F        20       1  BANK0       1
                cstackCOMMON                   000070  00000E  00007E        70       1  COMMON      1
                bssBANK1                       0000A0  00003C  0000DC        A0       1  BANK1       1
                bssBANK3                       000190  000048  0001D8       190       1  BANK3       1
                swtext1                        0007ED  00000E  0007FB       FDA       0  CONST       2
                text1070                       0007FB  000005  000800       FF6       0  CODE        2
                swtext2                        000800  00001A  00081A      1000       0  CONST       2
                text1064                       000E9E  000006  000EA4      1D3C       0  CODE        2
                text1069                       000EA4  000007  000EAB      1D48       0  CODE        2
                text1074                       000EAB  000008  000EB3      1D56       0  CODE        2
                text1072                       000EB3  000008  000EBB      1D66       0  CODE        2
                clrtext                        000EBB  000008  000EC3      1D76       0  CODE        2
                text1078                       000EC3  000009  000ECC      1D86       0  CODE        2
                text1071                       000ECC  00000A  000ED6      1D98       0  CODE        2
                text1058                       000ED6  00000A  000EE0      1DAC       0  CODE        2
                text1067                       000EE0  00000B  000EEB      1DC0       0  CODE        2
                text1062                       000EEB  00000C  000EF7      1DD6       0  CODE        2
                text1060                       000EF7  00000C  000F03      1DEE       0  CODE        2
                text1056                       000F03  00000C  000F0F      1E06       0  CODE        2
                text1089                       000F0F  0000F1  001000      1E1E       0  CODE        2
                config                         002000  000003  002003      4000       0  CONFIG      2


UNUSED ADDRESS RANGES

        Name                Unused          Largest block    Delta
        BANK0            006F-006F              1           1
        BANK1            00DC-00EF             14           1
        BANK2            0110-016F             60           1
        BANK3            01D8-01EF             18           1
        CODE             0002-0003              2           2
                         081A-0E9D            684
        CONFIG           2003-2007              5           2
        CONST            0002-0003              2           2
                         081A-0E9D            100
        ENTRY            0002-0003              2           2
                         081A-0E9D            100
        IDLOC            2008-200B              4           2
        RAM              006F-006F              1           1
                         00DC-00EF             14
                         0110-016F             60
                         01D8-01EF             18
        SFR0             0000-001F             20           1
        SFR1             0080-009F             20           1
        SFR2             0100-010F             10           1
        SFR3             0180-018F             10           1
        STRCODE          0002-0003              2           2
                         081A-0E9D            684
        STRING           0002-0003              2           2
                         081A-0E9D            100

                                  Symbol Table

??_AD_Sample                                  cstackBANK0  0023
??_Filter                                     cstackBANK0  0022
??_ISR                                        cstackCOMMON 0079
??_adc_get                                    cstackCOMMON 0072
??_adc_start                                  cstackBANK0  0020
??_adc_test_init                              cstackBANK0  0021
??_clearAllTimer                              cstackBANK0  0020
??_clearParaFunction1                         cstackBANK0  0021
??_clearPinPortAndTimer                       cstackBANK0  0020
??_clearThreeHoursTimer                       cstackBANK0  0020
??_clearTwelveHoursTimer                      cstackBANK0  0020
??_clearTwentyMinuteTimer                     cstackBANK0  0020
??_clearTwentySecondsTimer                    cstackBANK0  0020
??_clock_config                               cstackBANK0  0020
??_clrSampeTime                               cstackBANK0  0020
??_getAD_ConvertFlag                          cstackBANK0  0020
??_getAdOriginalCh0Value                      cstackBANK0  0048
??_getAdOriginalCh2Value                      cstackBANK0  0048
??_getAdOriginalCh5Value                      cstackBANK0  0048
??_getAdOriginalCh6Value                      cstackBANK0  0048
??_initPin                                    cstackBANK0  0020
??_isFinishedThreeHoursTimer                  cstackBANK0  0020
??_isFinishedTwelveHoursTimer                 cstackBANK0  0020
??_isFinishedTwentyMinuteTimer                cstackBANK0  0020
??_isFinishedTwentySecondsTimer               cstackBANK0  0020
??_isPermitSampleTime                         cstackBANK0  0020
??_main                                       cstackBANK0  0048
??_op1_init                                   cstackBANK0  0020
??_op2_init                                   cstackBANK0  0020
??_process_AD_Converter_Value                 cstackBANK0  0023
??_setAD_ConvertFlag                          cstackBANK0  0020
??_setPA0                                     cstackBANK0  0020
??_setPA1                                     cstackBANK0  0020
??_setPA2                                     cstackBANK0  0020
??_setPA3                                     cstackBANK0  0020
??_setPA6                                     cstackBANK0  0020
??_setPB0                                     cstackBANK0  0020
??_setPB1                                     cstackBANK0  0020
??_setPB2                                     cstackBANK0  0020
??_setPB4                                     cstackBANK0  0020
??_setPB6                                     cstackBANK0  0020
??_setPB6AsInput                              cstackBANK0  0020
??_startThreeHoursTimer                       cstackBANK0  0022
??_startTwelveHourTimer                       cstackBANK0  0022
??_startTwentyMinuteTimer                     cstackBANK0  0022
??_startTwentySecondsTimer                    cstackBANK0  0020
??_timer1_config                              cstackBANK0  0020
??_timer1_interrupt_config                    cstackBANK0  0020
??_vHandle20sTimerOut                         cstackBANK0  0021
??_vHandle20sTimeron                          cstackBANK0  0048
??_vPause20sTimer                             cstackBANK0  0020
??_vPutSampleDataIntoTable                    cstackCOMMON 0077
??i1_setAD_ConvertFlag                        cstackCOMMON 0070
?_AD_Sample                                   cstackCOMMON 0070
?_Filter                                      cstackBANK0  0020
?_ISR                                         cstackCOMMON 0070
?_adc_get                                     cstackCOMMON 0070
?_adc_start                                   cstackCOMMON 0070
?_adc_test_init                               cstackBANK0  0020
?_clearAllTimer                               cstackCOMMON 0070
?_clearParaFunction1                          cstackCOMMON 0070
?_clearPinPortAndTimer                        cstackCOMMON 0070
?_clearThreeHoursTimer                        cstackCOMMON 0070
?_clearTwelveHoursTimer                       cstackCOMMON 0070
?_clearTwentyMinuteTimer                      cstackCOMMON 0070
?_clearTwentySecondsTimer                     cstackCOMMON 0070
?_clock_config                                cstackCOMMON 0070
?_clrSampeTime                                cstackCOMMON 0070
?_getAD_ConvertFlag                           cstackCOMMON 0070
?_getAdOriginalCh0Value                       cstackBANK0  0046
?_getAdOriginalCh2Value                       cstackBANK0  0046
?_getAdOriginalCh5Value                       cstackBANK0  0046
?_getAdOriginalCh6Value                       cstackBANK0  0046
?_initPin                                     cstackCOMMON 0070
?_isFinishedThreeHoursTimer                   cstackCOMMON 0070
?_isFinishedTwelveHoursTimer                  cstackCOMMON 0070
?_isFinishedTwentyMinuteTimer                 cstackCOMMON 0070
?_isFinishedTwentySecondsTimer                cstackCOMMON 0070
?_isPermitSampleTime                          cstackCOMMON 0070
?_main                                        cstackCOMMON 0070
?_op1_init                                    cstackCOMMON 0070
?_op2_init                                    cstackCOMMON 0070
?_process_AD_Converter_Value                  cstackCOMMON 0070
?_setAD_ConvertFlag                           cstackCOMMON 0070
?_setPA0                                      cstackCOMMON 0070
?_setPA1                                      cstackCOMMON 0070
?_setPA2                                      cstackCOMMON 0070
?_setPA3                                      cstackCOMMON 0070
?_setPA6                                      cstackCOMMON 0070
?_setPB0                                      cstackCOMMON 0070
?_setPB1                                      cstackCOMMON 0070
?_setPB2                                      cstackCOMMON 0070
?_setPB4                                      cstackCOMMON 0070
?_setPB6                                      cstackCOMMON 0070
?_setPB6AsInput                               cstackCOMMON 0070
?_startThreeHoursTimer                        cstackBANK0  0020
?_startTwelveHourTimer                        cstackBANK0  0020
?_startTwentyMinuteTimer                      cstackBANK0  0020
?_startTwentySecondsTimer                     cstackCOMMON 0070
?_timer1_config                               cstackCOMMON 0070
?_timer1_interrupt_config                     cstackCOMMON 0070
?_vHandle20sTimerOut                          cstackCOMMON 0070
?_vHandle20sTimeron                           cstackCOMMON 0070
?_vPause20sTimer                              cstackCOMMON 0070
?_vPutSampleDataIntoTable                     cstackCOMMON 0074
?i1_setAD_ConvertFlag                         cstackCOMMON 0070
Filter@cir                                    cstackBANK0  0042
Filter@filter_buf                             cstackBANK0  0026
Filter@filter_sum                             cstackBANK0  0040
Filter@filter_temp                            cstackBANK0  003E
Filter@i                                      cstackBANK0  0045
Filter@j                                      cstackBANK0  0044
Filter@tmpValue                               cstackBANK0  0020
ISR@ucTimer1sCnt                              bssBANK1     00AC
_ADCON0                                       (abs)        001F
_ADCON1                                       (abs)        009F
_ADIE                                         (abs)        046A
_ADIF                                         (abs)        006A
_ADON                                         (abs)        00F8
_ADRESH                                       (abs)        001E
_ADRESL                                       (abs)        009E
_AD_Sample                                    text1042     072B
_CLKPCE                                       (abs)        0847
_CLKPR                                        (abs)        0108
_Filter                                       text1048     0655
_GIE                                          (abs)        005F
_GO                                           (abs)        00F9
_ISR                                          text1089     0F0F
_OP1CON0                                      (abs)        001B
_OP1CON1                                      (abs)        001C
_OP1CON2                                      (abs)        001D
_OP2CON0                                      (abs)        009B
_OP2CON1                                      (abs)        009C
_OP2CON2                                      (abs)        009D
_PA0                                          (abs)        0028
_PA1                                          (abs)        0029
_PA2                                          (abs)        002A
_PA3                                          (abs)        002B
_PA6                                          (abs)        002E
_PB0                                          (abs)        0030
_PB1                                          (abs)        0031
_PB2                                          (abs)        0032
_PB4                                          (abs)        0034
_PB6                                          (abs)        0036
_PB7                                          (abs)        0037
_PBOD7                                        (abs)        0C47
_PEIE                                         (abs)        005E
_T1CON                                        (abs)        0010
_TMR1H                                        (abs)        000F
_TMR1IE                                       (abs)        0460
_TMR1IF                                       (abs)        0060
_TMR1L                                        (abs)        000E
_TRISA0                                       (abs)        0428
_TRISA1                                       (abs)        0429
_TRISA2                                       (abs)        042A
_TRISA3                                       (abs)        042B
_TRISA6                                       (abs)        042E
_TRISA7                                       (abs)        042F
_TRISB0                                       (abs)        0430
_TRISB1                                       (abs)        0431
_TRISB2                                       (abs)        0432
_TRISB3                                       (abs)        0433
_TRISB4                                       (abs)        0434
_TRISB5                                       (abs)        0435
_TRISB6                                       (abs)        0436
_TRISB7                                       (abs)        0437
__Habs1                                       abs1         0000
__Hbank0                                      bank0        0000
__Hbank1                                      bank1        0000
__Hbank2                                      bank2        0000
__Hbank3                                      bank3        0000
__HbssBANK0                                   bssBANK0     0000
__HbssBANK1                                   bssBANK1     0000
__HbssBANK3                                   bssBANK3     0000
__HbssCOMMON                                  bssCOMMON    0000
__Hcinit                                      cinit        0000
__Hclrtext                                    clrtext      0000
__Hcode                                       code         0000
__Hcommon                                     common       0000
__Hconfig                                     config       2003
__HcstackBANK0                                cstackBANK0  0000
__HcstackCOMMON                               cstackCOMMON 0000
__Heeprom_data                                eeprom_data  0000
__Hend_init                                   end_init     0013
__Hfunctab                                    functab      0000
__Hidloc                                      idloc        0000
__Hinit                                       init         0011
__Hintentry                                   intentry     0011
__Hmaintext                                   maintext     0000
__Hpa_nodes                                   pa_nodes     0000
__Hpowerup                                    powerup      0000
__Hram                                        ram          0000
__Hreset_vec                                  reset_vec    0002
__Hsfr0                                       sfr0         0000
__Hsfr1                                       sfr1         0000
__Hsfr2                                       sfr2         0000
__Hsfr3                                       sfr3         0000
__Hstrings                                    strings      0000
__Htext                                       text         0000
__Labs1                                       abs1         0000
__Lbank0                                      bank0        0000
__Lbank1                                      bank1        0000
__Lbank2                                      bank2        0000
__Lbank3                                      bank3        0000
__LbssBANK0                                   bssBANK0     0000
__LbssBANK1                                   bssBANK1     0000
__LbssBANK3                                   bssBANK3     0000
__LbssCOMMON                                  bssCOMMON    0000
__Lcinit                                      cinit        0000
__Lclrtext                                    clrtext      0000
__Lcode                                       code         0000
__Lcommon                                     common       0000
__Lconfig                                     config       2000
__LcstackBANK0                                cstackBANK0  0000
__LcstackCOMMON                               cstackCOMMON 0000
__Leeprom_data                                eeprom_data  0000
__Lend_init                                   end_init     0011
__Lfunctab                                    functab      0000
__Lidloc                                      idloc        0000
__Linit                                       init         0011
__Lintentry                                   intentry     0004
__Lmaintext                                   maintext     0000
__Lpa_nodes                                   pa_nodes     0000
__Lpowerup                                    powerup      0000
__Lram                                        ram          0000
__Lreset_vec                                  reset_vec    0000
__Lsfr0                                       sfr0         0000
__Lsfr1                                       sfr1         0000
__Lsfr2                                       sfr2         0000
__Lsfr3                                       sfr3         0000
__Lstrings                                    strings      0000
__Ltext                                       text         0000
__S0                                          (abs)        2003
__S1                                          (abs)        01D8
__end_of_AD_Sample                            text1042     074D
__end_of_Filter                               text1048     06EC
__end_of_ISR                                  text1089     0F63
__end_of_adc_get                              text1089     0FE4
__end_of_adc_start                            text1042     072B
__end_of_adc_test_init                        text1042     0762
__end_of_clearAllTimer                        text1048     04DB
__end_of_clearParaFunction1                   text1048     04AB
__end_of_clearPinPortAndTimer                 text1048     0495
__end_of_clearThreeHoursTimer                 text1048     04E7
__end_of_clearTwelveHoursTimer                text1048     04E1
__end_of_clearTwentyMinuteTimer               text1048     06F9
__end_of_clearTwentySecondsTimer              text1048     06F4
__end_of_clock_config                         text1072     0EBB
__end_of_clrSampeTime                         text1063     0800
__end_of_getAD_ConvertFlag                    text1042     0723
__end_of_getAdOriginalCh0Value                text1048     0489
__end_of_getAdOriginalCh2Value                text1048     062D
__end_of_getAdOriginalCh5Value                text1048     047F
__end_of_getAdOriginalCh6Value                text1048     063F
__end_of_initPin                              text1084     0789
__end_of_isFinishedThreeHoursTimer            text1056     0F0F
__end_of_isFinishedTwelveHoursTimer           text1060     0F03
__end_of_isFinishedTwentyMinuteTimer          text1062     0EF7
__end_of_isFinishedTwentySecondsTimer         text1058     0EE0
__end_of_isPermitSampleTime                   text1064     0EA4
__end_of_main                                 maintext     0475
__end_of_op1_init                             text1067     0EEB
__end_of_op2_init                             text1069     0EAB
__end_of_process_AD_Converter_Value           text1042     071F
__end_of_setAD_ConvertFlag                    text1042     0728
__end_of_setPA0                               text1048     04CC
__end_of_setPA1                               text1048     04D4
__end_of_setPA2                               text1078     0ECC
__end_of_setPA3                               text1048     0636
__end_of_setPA6                               text1074     0EB3
__end_of_setPB0                               text1048     04B3
__end_of_setPB1                               text1048     04BB
__end_of_setPB2                               text1048     04C3
__end_of_setPB4                               text1048     0541
__end_of_setPB6                               text1048     064D
__end_of_setPB6AsInput                        text1048     0650
__end_of_startThreeHoursTimer                 text1057     07B4
__end_of_startTwelveHourTimer                 text1061     07C8
__end_of_startTwentyMinuteTimer               text1065     07DC
__end_of_startTwentySecondsTimer              text1059     07ED
__end_of_timer1_config                        text1071     0ED6
__end_of_timer1_interrupt_config              text1070     07FE
__end_of_vHandle20sTimerOut                   text1048     0539
__end_of_vHandle20sTimeron                    text1048     0624
__end_of_vPause20sTimer                       text1048     0655
__end_of_vPutSampleDataIntoTable              text1089     0FD8
__end_ofi1_setAD_ConvertFlag                  text1089     0FE8
__pbssBANK0                                   bssBANK0     004A
__pbssBANK1                                   bssBANK1     00A0
__pbssBANK3                                   bssBANK3     0190
__pbssCOMMON                                  bssCOMMON    007D
__pcstackBANK0                                cstackBANK0  0020
__pcstackCOMMON                               cstackCOMMON 0070
__pintentry                                   intentry     0004
__pmaintext                                   maintext     0013
__pswtext1                                    swtext1      07ED
__pswtext2                                    swtext2      0800
__pswtext3                                    swtext3      080E
__ptext1040                                   text1040     0000
__ptext1041                                   text1048     0541
__ptext1042                                   text1042     0714
__ptext1043                                   text1048     0495
__ptext1044                                   text1048     0489
__ptext1045                                   text1042     072B
__ptext1046                                   text1048     0624
__ptext1047                                   text1048     04E7
__ptext1048                                   text1048     0475
__ptext1049                                   text1048     0636
__ptext1050                                   text1048     047F
__ptext1051                                   text1048     04D4
__ptext1052                                   text1042     0723
__ptext1053                                   text1042     071F
__ptext1054                                   text1048     0655
__ptext1055                                   text1048     0650
__ptext1056                                   text1056     0F03
__ptext1057                                   text1057     07A0
__ptext1058                                   text1058     0ED6
__ptext1059                                   text1059     07DC
__ptext1060                                   text1060     0EF7
__ptext1061                                   text1061     07B4
__ptext1062                                   text1062     0EEB
__ptext1063                                   text1063     07FE
__ptext1064                                   text1064     0E9E
__ptext1065                                   text1065     07C8
__ptext1066                                   text1042     0728
__ptext1067                                   text1067     0EE0
__ptext1068                                   text1042     074D
__ptext1069                                   text1069     0EA4
__ptext1070                                   text1070     07FB
__ptext1071                                   text1071     0ECC
__ptext1072                                   text1072     0EB3
__ptext1073                                   text1048     064D
__ptext1074                                   text1074     0EAB
__ptext1075                                   text1048     0539
__ptext1076                                   text1048     063F
__ptext1077                                   text1048     062D
__ptext1078                                   text1078     0EC3
__ptext1079                                   text1048     04CC
__ptext1080                                   text1048     04C3
__ptext1081                                   text1048     04BB
__ptext1082                                   text1048     04B3
__ptext1083                                   text1048     04AB
__ptext1084                                   text1084     0762
__ptext1085                                   text1048     06F4
__ptext1086                                   text1048     06EC
__ptext1087                                   text1048     04E1
__ptext1088                                   text1048     04DB
__ptext1089                                   text1089     0F0F
__ptext1090                                   text1089     0FE4
__ptext1091                                   text1089     0FD8
__ptext1092                                   text1089     0F63
__ptext1093                                   text1093     0000
__size_of_AD_Sample                           (abs)        0000
__size_of_Filter                              (abs)        0000
__size_of_ISR                                 (abs)        0000
__size_of_adc_get                             (abs)        0000
__size_of_adc_start                           (abs)        0000
__size_of_adc_test_init                       (abs)        0000
__size_of_clearAllTimer                       (abs)        0000
__size_of_clearParaFunction1                  (abs)        0000
__size_of_clearPinPortAndTimer                (abs)        0000
__size_of_clearThreeHoursTimer                (abs)        0000
__size_of_clearTwelveHoursTimer               (abs)        0000
__size_of_clearTwentyMinuteTimer              (abs)        0000
__size_of_clearTwentySecondsTimer             (abs)        0000
__size_of_clock_config                        (abs)        0000
__size_of_clrSampeTime                        (abs)        0000
__size_of_getAD_ConvertFlag                   (abs)        0000
__size_of_getAdOriginalCh0Value               (abs)        0000
__size_of_getAdOriginalCh2Value               (abs)        0000
__size_of_getAdOriginalCh5Value               (abs)        0000
__size_of_getAdOriginalCh6Value               (abs)        0000
__size_of_initPin                             (abs)        0000
__size_of_isFinishedThreeHoursTimer           (abs)        0000
__size_of_isFinishedTwelveHoursTimer          (abs)        0000
__size_of_isFinishedTwentyMinuteTimer         (abs)        0000
__size_of_isFinishedTwentySecondsTimer        (abs)        0000
__size_of_isPermitSampleTime                  (abs)        0000
__size_of_main                                (abs)        0000
__size_of_op1_init                            (abs)        0000
__size_of_op2_init                            (abs)        0000
__size_of_process_AD_Converter_Value          (abs)        0000
__size_of_setAD_ConvertFlag                   (abs)        0000
__size_of_setPA0                              (abs)        0000
__size_of_setPA1                              (abs)        0000
__size_of_setPA2                              (abs)        0000
__size_of_setPA3                              (abs)        0000
__size_of_setPA6                              (abs)        0000
__size_of_setPB0                              (abs)        0000
__size_of_setPB1                              (abs)        0000
__size_of_setPB2                              (abs)        0000
__size_of_setPB4                              (abs)        0000
__size_of_setPB6                              (abs)        0000
__size_of_setPB6AsInput                       (abs)        0000
__size_of_startThreeHoursTimer                (abs)        0000
__size_of_startTwelveHourTimer                (abs)        0000
__size_of_startTwentyMinuteTimer              (abs)        0000
__size_of_startTwentySecondsTimer             (abs)        0000
__size_of_timer1_config                       (abs)        0000
__size_of_timer1_interrupt_config             (abs)        0000
__size_of_vHandle20sTimerOut                  (abs)        0000
__size_of_vHandle20sTimeron                   (abs)        0000
__size_of_vPause20sTimer                      (abs)        0000
__size_of_vPutSampleDataIntoTable             (abs)        0000
__size_ofi1_setAD_ConvertFlag                 (abs)        0000
_adc_convert_flag                             bssBANK1     00AD
_adc_get                                      text1089     0FD8
_adc_start                                    text1042     0728
_adc_test_init                                text1042     074D
_bBigTimerStartFlag                           bssBANK0     004C
_bPause20secTimer                             bssBANK1     00AE
_bSmallTimerStartFlag                         bssBANK0     004D
_bTwentyMinStartFlag                          bssBANK0     004E
_bTwentySecStartFlag                          bssBANK0     004F
_clearAllTimer                                text1048     04D4
_clearParaFunction1                           text1048     0495
_clearPinPortAndTimer                         text1048     0489
_clearThreeHoursTimer                         text1048     04E1
_clearTwelveHoursTimer                        text1048     04DB
_clearTwentyMinuteTimer                       text1048     06F4
_clearTwentySecondsTimer                      text1048     06EC
_clock_config                                 text1072     0EB3
_clrSampeTime                                 text1063     07FE
_enumMainLoopStep                             bssBANK0     0050
_exit                                         init         0011
_getAD_ConvertFlag                            text1042     071F
_getAdOriginalCh0Value                        text1048     047F
_getAdOriginalCh2Value                        text1048     0624
_getAdOriginalCh5Value                        text1048     0475
_getAdOriginalCh6Value                        text1048     0636
_initPin                                      text1084     0762
_isFinishedThreeHoursTimer                    text1056     0F03
_isFinishedTwelveHoursTimer                   text1060     0EF7
_isFinishedTwentyMinuteTimer                  text1062     0EEB
_isFinishedTwentySecondsTimer                 text1058     0ED6
_isPermitSampleTime                           text1064     0E9E
_main                                         maintext     0013
_op1_init                                     text1067     0EE0
_op2_init                                     text1069     0EA4
_process_AD_Converter_Value                   text1042     0714
_sampleChannelSelect                          bssBANK0     0051
_sampleTimes                                  bssBANK0     0052
_setAD_ConvertFlag                            text1042     0723
_setPA0                                       text1048     04C3
_setPA1                                       text1048     04CC
_setPA2                                       text1078     0EC3
_setPA3                                       text1048     062D
_setPA6                                       text1074     0EAB
_setPB0                                       text1048     04AB
_setPB1                                       text1048     04B3
_setPB2                                       text1048     04BB
_setPB4                                       text1048     0539
_setPB6                                       text1048     063F
_setPB6AsInput                                text1048     064D
_startThreeHoursTimer                         text1057     07A0
_startTwelveHourTimer                         text1061     07B4
_startTwentyMinuteTimer                       text1065     07C8
_startTwentySecondsTimer                      text1059     07DC
_timer                                        bssBANK1     00AF
_timer1_config                                text1071     0ECC
_timer1_interrupt_config                      text1070     07FB
_ucADC4_Step                                  bssBANK0     0053
_ucChannel5Type                               bssBANK0     0054
_uiBigTimer                                   bssBANK1     00A0
_uiSampleChannelFifth                         bssBANK3     0190
_uiSampleChannelSecond                        bssBANK3     01A8
_uiSampleChannelSixth                         bssBANK3     01C0
_uiSampleChannelZero                          bssBANK1     00C4
_uiSmallTimer                                 bssBANK1     00A2
_uiTwentyMinuteTimer                          bssBANK1     00A4
_uiTwentySecondsTimer                         bssBANK1     00A6
_vHandle20sTimerOut                           text1048     04E7
_vHandle20sTimeron                            text1048     0541
_vPause20sTimer                               text1048     0650
_vPutSampleDataIntoTable                      text1089     0F63
adc_get@val                                   cstackCOMMON 0072
adc_test_init@channel                         cstackBANK0  0022
adc_test_init@ref                             cstackBANK0  0020
btemp                                         (abs)        007E
clear_ram                                     clrtext      0EBB
end_of_initialization                         cinit        079D
i1_setAD_ConvertFlag                          text1089     0FE4
i1l1867                                                        
i1l2624                                                        
i1l4667                                                        
i1l4673                                                        
i1l4677                                                        
i1l4685                                                        
i1l4689                                                        
i1l4697                                                        
i1l4701                                                        
i1l4709                                                        
i1l4713                                                        
i1l4723                                                        
i1l4725                                                        
i1l4733                                                        
i1l4737                                                        
i1l4739                                                        
i1l4743                                                        
i1l4759                                                        
i1l4761                                                        
i1l4763                                                        
i1l4767                                                        
i1setAD_ConvertFlag@flag                      cstackCOMMON 0070
interrupt_function                            intentry     0004
intlevel0                                     functab      0000
intlevel1                                     functab      0000
intlevel2                                     functab      0000
intlevel3                                     functab      0000
intlevel4                                     functab      0000
intlevel5                                     functab      0000
l1807                                                          
l1820                                                          
l1855                                                          
l1858                                                          
l1861                                                          
l1864                                                          
l1867                                                          
l1873                                                          
l1876                                                          
l1879                                                          
l1882                                                          
l1907                                                          
l1910                                                          
l1913                                                          
l1916                                                          
l1956                                                          
l2604                                                          
l2607                                                          
l2615                                                          
l2621                                                          
l4425                                                          
l4427                                                          
l4429                                                          
l4433                                                          
l4435                                                          
l4437                                                          
l4439                                                          
l4441                                                          
l4443                                                          
l4445                                                          
l4447                                                          
l4449                                                          
l4451                                                          
l4453                                                          
l4455                                                          
l4457                                                          
l4459                                                          
l4461                                                          
l4463                                                          
l4465                                                          
l4467                                                          
l4469                                                          
l4471                                                          
l4473                                                          
l4475                                                          
l4477                                                          
l4479                                                          
l4481                                                          
l4483                                                          
l4485                                                          
l4487                                                          
l4489                                                          
l4491                                                          
l4493                                                          
l4495                                                          
l4497                                                          
l4499                                                          
l4501                                                          
l4503                                                          
l4507                                                          
l4513                                                          
l4515                                                          
l4527                                                          
l4529                                                          
l4533                                                          
l4535                                                          
l4545                                                          
l4551                                                          
l4553                                                          
l4557                                                          
l4559                                                          
l4569                                                          
l4575                                                          
l4577                                                          
l4581                                                          
l4591                                                          
l4597                                                          
l4599                                                          
l4603                                                          
l4605                                                          
l4615                                                          
l4617                                                          
l4625                                                          
l4627                                                          
l4629                                                          
l4649                                                          
l4657                                                          
l4659                                                          
l4663                                                          
l4727                                                          
l4731                                                          
l4771                                                          
l4775                                                          
l4779                                                          
l4783                                                          
l4785                                                          
l4789                                                          
l4791                                                          
l4795                                                          
l4799                                                          
l4803                                                          
l4805                                                          
l4807                                                          
l4811                                                          
l4813                                                          
l4815                                                          
l4819                                                          
l4823                                                          
l4825                                                          
l4827                                                          
l4829                                                          
l4835                                                          
l4839                                                          
l4843                                                          
l4847                                                          
l4863                                                          
l4865                                                          
l4867                                                          
l4869                                                          
l4871                                                          
l4873                                                          
l4875                                                          
l4879                                                          
l4881                                                          
l4887                                                          
l4891                                                          
l4897                                                          
l4903                                                          
l4909                                                          
l4913                                                          
l4915                                                          
l4917                                                          
l4923                                                          
l4927                                                          
l4931                                                          
l4937                                                          
l4943                                                          
l4945                                                          
l4951                                                          
l4953                                                          
l4955                                                          
l4957                                                          
l4969                                                          
l4973                                                          
l4981                                                          
l4987                                                          
l4991                                                          
l4997                                                          
l5003                                                          
l5005                                                          
l5007                                                          
l5023                                                          
l5025                                                          
l5027                                                          
l5029                                                          
l5031                                                          
l5033                                                          
l5035                                                          
l5037                                                          
l5039                                                          
l5041                                                          
l5043                                                          
l5045                                                          
l5049                                                          
l5063                                                          
l5073                                                          
l5077                                                          
l5079                                                          
l5083                                                          
l5087                                                          
l5091                                                          
l5097                                                          
l5099                                                          
l5105                                                          
l5109                                                          
l5111                                                          
l5117                                                          
l5131                                                          
l5141                                                          
l5143                                                          
l5151                                                          
l5155                                                          
l5157                                                          
l5161                                                          
l5167                                                          
l5171                                                          
l5259                                                          
l5325                                                          
l5381                                                          
l5427                                                          
l5463                                                          
l5481                                                          
l5485                                                          
l5495                                                          
l5497                                                          
l5511                                                          
l5515                                                          
l5519                                                          
l5521                                                          
l5523                                                          
l5529                                                          
l5531                                                          
l5547                                                          
l5551                                                          
l5557                                                          
l5559                                                          
l5561                                                          
l5563                                                          
l5565                                                          
l5573                                                          
l5599                                                          
l5611                                                          
l5623                                                          
l5625                                                          
l697                                                           
l700                                                           
l703                                                           
l761                                                           
l764                                                           
main@bCheckTweHour                            bssBANK0     0055
main@bInitFlag                                bssBANK0     0056
main@enumBranchStep                           bssBANK1     00B0
main@enumInteralStep                          bssBANK1     00B1
main@ucFourthSuffix1TimerP3s                  bssBANK0     0057
main@ucLoaderStep                             bssBANK0     0058
main@ucLoaderStep1                            bssBANK0     0059
main@ucLoaderStep2                            bssBANK0     005A
main@ucLoaderStep3                            bssBANK0     005B
main@ucLoaderStep4                            bssBANK0     005C
main@ucTimer1s                                bssBANK1     00B2
main@ucTimerCntP3s                            bssBANK0     005D
main@ucTimerDelay                             bssBANK0     005E
main@ucTimerDelay1                            bssBANK0     005F
main@ucTimerDelay2                            bssBANK0     0060
main@ucTimerDelay3                            bssBANK0     0061
main@ucTimerDelay4                            bssBANK0     0062
main@ucTimerDelayP2sLess                      bssBANK0     0063
main@ucTimerDelayP2sMore                      bssBANK0     0064
main@ucTimerLargeZeroP5s                      bssBANK0     0065
main@ucTimerLessX1P5s                         bssBANK1     00B3
main@ucTimerLessX2P5s                         bssBANK1     00B4
main@ucTimerLessZeroP5s                       bssBANK0     0066
main@ucTimerP3s                               bssBANK1     00B5
main@ucTimerP5s                               bssBANK0     0067
main@ucTimerRightP5s                          bssBANK0     0068
main@ucTimerX1P5s                             bssBANK1     00B6
main@ucTimerX2P5s                             bssBANK1     00B7
main@ucTimerZeroPoint3s                       bssBANK0     0069
main@ucTimerZeroPoint5s                       bssBANK0     006A
main@uiCh5Value                               cstackBANK0  0048
main@uiMaxValue                               bssBANK1     00A8
main@uiMinValue                               bssBANK1     00AA
main@uiOldValue                               bssBANK0     004A
reset_vec                                     reset_vec    0000
saved_w                                       (abs)        007E
setAD_ConvertFlag@flag                        cstackBANK0  0020
setPA0@bValue                                 cstackBANK0  0020
setPA1@bValue                                 cstackBANK0  0020
setPA2@bValue                                 cstackBANK0  0020
setPA3@bValue                                 cstackBANK0  0020
setPA6@bValue                                 cstackBANK0  0020
setPB0@bValue                                 cstackBANK0  0020
setPB1@bValue                                 cstackBANK0  0020
setPB2@bValue                                 cstackBANK0  0020
setPB4@bValue                                 cstackBANK0  0020
setPB6@bValue                                 cstackBANK0  0020
start                                         init         0011
startThreeHoursTimer@uiSetTime                cstackBANK0  0020
startTwelveHourTimer@uiSetTime                cstackBANK0  0020
startTwentyMinuteTimer@uiValue                cstackBANK0  0020
start_initialization                          cinit        0789
vHandle20sTimerOut@bClearStep                 cstackBANK0  0021
vHandle20sTimerOut@ucTimeCnt                  bssCOMMON    007D
vHandle20sTimerOut@ucTimerOnBehaviorStep      bssBANK1     00B8
vHandle20sTimeron@ucCompareStep               bssBANK1     00B9
vHandle20sTimeron@ucLessThanP3sCnt            bssBANK1     00BA
vHandle20sTimeron@ucLessThanP8sCnt            bssBANK1     00BB
vHandle20sTimeron@ucMoreThanP3sCnt            bssBANK1     00BC
vHandle20sTimeron@ucMoreThanP8sCnt            bssBANK1     00BD
vHandle20sTimeron@ucTimeCntP2s                bssBANK1     00BE
vHandle20sTimeron@ucTimerCntLess              bssBANK1     00BF
vHandle20sTimeron@ucTimerCntMore              bssBANK1     00C0
vHandle20sTimeron@ucTimerCntN1                bssBANK1     00C1
vHandle20sTimeron@ucTimerCntP5s               bssBANK1     00C2
vHandle20sTimeron@waitLoopStep                bssBANK1     00C3
vPause20sTimer@bValue                         cstackBANK0  0020
vPutSampleDataIntoTable@channel               cstackCOMMON 0076
vPutSampleDataIntoTable@i                     cstackCOMMON 0077
vPutSampleDataIntoTable@ucChannelFifthLength  bssBANK0     006B
vPutSampleDataIntoTable@ucChannelSecondLength bssBANK0     006C
vPutSampleDataIntoTable@ucChannelSixthLength  bssBANK0     006D
vPutSampleDataIntoTable@ucChannelZeroLength   bssBANK0     006E
vPutSampleDataIntoTable@uiSampleData          cstackCOMMON 0074
wtemp0                                        (abs)        007E
