HI-TECH Software C Compiler 

Linker command line:

--edf=C:\Program Files (x86)\HI-TECH Software\PICC\9.83\dat\en_msgs.txt -cs \
  -h+ProjTest.sym -z -Q16C77 -ol.obj -MProjTest.map -E1 -ACONST=00h-0FFhx16 \
  -ACODE=00h-07FFhx2 -ASTRCODE=00h-0FFFh -AENTRY=00h-0FFhx16 \
  -ASTRING=00h-0FFhx16 -ABANK0=020h-06Fh -ABANK1=0A0h-0EFh \
  -ABANK2=0110h-016Fh -ABANK3=0190h-01EFh \
  -ARAM=020h-06Fh,0A0h-0EFh,0110h-016Fh,0190h-01EFh \
  -AABS1=020h-07Fh,0A0h-0EFh,0110h-016Fh,0190h-01EFh -ACOMMON=070h-07Fh \
  -ASFR0=00h-01Fh -ASFR1=080h-09Fh -ASFR2=0100h-010Fh -ASFR3=0180h-018Fh \
  -preset_vec=00h,intentry=04h,init,end_init -ppowerup=CODE -pfunctab=CODE \
  -ACONFIG=02000h-02007h -pconfig=CONFIG -DCONFIG=2 -AIDLOC=02008h-0200Bh \
  -pidloc=IDLOC -DIDLOC=2 -DCODE=2 -DSTRCODE=2 -DSTRING=2 -DCONST=2 \
  -DENTRY=2 -k startup.obj ProjTest.obj 

Object code version is 3.10

Machine type is 16C77



                Name                               Link     Load   Length Selector   Space Scale
startup.obj     end_init                             11       11        2        8       0
                reset_vec                             0        0        2        0       0
ProjTest.obj    intentry                              4        4        D        8       0
                config                             2000     2000        3     4000       0
                text824                             193      193       E1        8       0
                text823                             468      468        4        8       0
                text822                             464      464        4        8       0
                text814                             3CC      3CC       11        8       0
                text813                             460      460        4        8       0
                text812                             472      472        1        8       0
                text811                             471      471        1        8       0
                text810                             44F      44F        8        8       0
                text809                             43D      43D        A        8       0
                text808                             46C      46C        3        8       0
                text805                             407      407        E        8       0
                text804                             457      457        5        8       0
                text803                             46F      46F        2        8       0
                text802                             433      433        A        8       0
                text801                             45C      45C        4        8       0
                text800                             3F9      3F9        E        8       0
                text799                             429      429        A        8       0
                text798                             3EB      3EB        E        8       0
                text797                             41F      41F        A        8       0
                text796                             3DD      3DD        E        8       0
                text795                             415      415        A        8       0
                text790                             368      368       31        8       0
                text789                             399      399       21        8       0
                text788                             31F      31F       49        8       0
                text787                             274      274       AB        8       0
                maintext                             13       13      180        8       0
                cstackBANK0                          20       20       29       20       1
                cstackCOMMON                         70       70        D       70       1
                clrtext                             447      447        8        8       0
                bssBANK1                             A0       A0       48       A0       1
                dataBANK0                            69       69        1       20       1
                bssBANK0                             49       49       20       20       1
                bssCOMMON                            7D       7D        1       70       1
                cinit                               3BA      3BA       12        8       0

TOTAL           Name                               Link     Load   Length     Space
        CLASS   CONST          

        CLASS   CODE           
                end_init                             11       11        2         0
                intentry                              4        4        D         0
                reset_vec                             0        0        2         0
                text824                             193      193       E1         0
                text823                             468      468        4         0
                text822                             464      464        4         0
                text814                             3CC      3CC       11         0
                text813                             460      460        4         0
                text812                             472      472        1         0
                text811                             471      471        1         0
                text810                             44F      44F        8         0
                text809                             43D      43D        A         0
                text808                             46C      46C        3         0
                text805                             407      407        E         0
                text804                             457      457        5         0
                text803                             46F      46F        2         0
                text802                             433      433        A         0
                text801                             45C      45C        4         0
                text800                             3F9      3F9        E         0
                text799                             429      429        A         0
                text798                             3EB      3EB        E         0
                text797                             41F      41F        A         0
                text796                             3DD      3DD        E         0
                text795                             415      415        A         0
                text790                             368      368       31         0
                text789                             399      399       21         0
                text788                             31F      31F       49         0
                text787                             274      274       AB         0
                maintext                             13       13      180         0
                clrtext                             447      447        8         0
                cinit                               3BA      3BA       12         0

        CLASS   STRCODE        

        CLASS   ENTRY          

        CLASS   STRING         

        CLASS   BANK0          
                cstackBANK0                          20       20       29         1
                dataBANK0                            69       69        1         1
                bssBANK0                             49       49       20         1

        CLASS   BANK1          
                bssBANK1                             A0       A0       48         1

        CLASS   BANK2          

        CLASS   BANK3          

        CLASS   RAM            

        CLASS   ABS1           
                abs_s1                               7E       7E        2         1

        CLASS   COMMON         
                cstackCOMMON                         70       70        D         1
                bssCOMMON                            7D       7D        1         1

        CLASS   SFR0           

        CLASS   SFR1           

        CLASS   SFR2           

        CLASS   SFR3           

        CLASS   CONFIG         
                config                             2000     2000        3         0

        CLASS   IDLOC          

        CLASS   EEDATA         



SEGMENTS        Name                           Load    Length   Top    Selector   Space  Class     Delta

                reset_vec                      000000  000002  000002         0       0  CODE        2
                intentry                       000004  00046F  000473         8       0  CODE        2
                cstackBANK0                    000020  00004A  00006A        20       1  BANK0       1
                cstackCOMMON                   000070  00000E  00007E        70       1  COMMON      1
                bssBANK1                       0000A0  000048  0000E8        A0       1  BANK1       1
                config                         002000  000003  002003      4000       0  CONFIG      2


UNUSED ADDRESS RANGES

        Name                Unused          Largest block    Delta
        BANK0            006A-006F              6           1
        BANK1            00E8-00EF              8           1
        BANK2            0110-016F             60           1
        BANK3            0190-01EF             60           1
        CODE             0002-0003              2           2
                         0473-0FFF            38D
        CONFIG           2003-2007              5           2
        CONST            0002-0003              2           2
                         0473-0FFF            100
        ENTRY            0002-0003              2           2
                         0473-0FFF            100
        IDLOC            2008-200B              4           2
        RAM              006A-006F              6           1
                         00E8-00EF              8
                         0110-016F             60
                         0190-01EF             60
        SFR0             0000-001F             20           1
        SFR1             0080-009F             20           1
        SFR2             0100-010F             10           1
        SFR3             0180-018F             10           1
        STRCODE          0002-0003              2           2
                         0473-0FFF            B8D
        STRING           0002-0003              2           2
                         0473-0FFF            100

                                  Symbol Table

??_AD_Sample                                      cstackBANK0  0020
??_Filter                                         cstackBANK0  0022
??_ISR                                            cstackCOMMON 0079
??_adc_get                                        cstackCOMMON 0072
??_adc_start                                      cstackBANK0  0020
??_adc_test_init                                  cstackBANK0  0021
??_clearThreeHoursTimer                           cstackBANK0  0020
??_clearTwelveHoursTimer                          cstackBANK0  0020
??_clearTwentyMinTimer                            cstackBANK0  0020
??_clock_config                                   cstackBANK0  0020
??_clrSampeTime                                   cstackBANK0  0020
??_getAD_ConvertFlag                              cstackBANK0  0020
??_getAdOriginalCh13Value                         cstackBANK0  0049
??_initPB2_AsHighResistence                       cstackBANK0  0020
??_initPB3                                        cstackBANK0  0020
??_initPB4                                        cstackBANK0  0020
??_initPB5                                        cstackBANK0  0020
??_initPin                                        cstackBANK0  0021
??_isFinishedOneHoursTimer                        cstackBANK0  0020
??_isFinishedThreeHoursTimer                      cstackBANK0  0020
??_isFinishedTwelveHoursTimer                     cstackBANK0  0020
??_isFinishedTwentyMinTimer                       cstackBANK0  0020
??_isPermitSampleTime                             cstackBANK0  0020
??_main                                           cstackBANK0  0049
??_process_AD_Converter_Value                     cstackBANK0  0023
??_pwm_start                                      cstackBANK0  0020
??_reset                                          cstackBANK0  0020
??_selectAdChannel                                cstackBANK0  0020
??_setAD_ConvertFlag                              cstackBANK0  0020
??_setPB3                                         cstackBANK0  0020
??_setPB4                                         cstackBANK0  0020
??_setPB5                                         cstackBANK0  0020
??_setPinInitVaule                                cstackBANK0  0021
??_setPulseWidth                                  cstackBANK0  0020
??_startOneHoursTimer                             cstackBANK0  0022
??_startThreeHoursTimer                           cstackBANK0  0022
??_startTwelveHourTimer                           cstackBANK0  0022
??_startTwentyMinTimer                            cstackBANK0  0022
??_timer1_config                                  cstackBANK0  0020
??_timer1_interrupt_config                        cstackBANK0  0020
??_vPutSampleDataIntoTable                        cstackCOMMON 0077
??i1_setAD_ConvertFlag                            cstackCOMMON 0070
?_AD_Sample                                       cstackCOMMON 0070
?_Filter                                          cstackBANK0  0020
?_ISR                                             cstackCOMMON 0070
?_adc_get                                         cstackCOMMON 0070
?_adc_start                                       cstackCOMMON 0070
?_adc_test_init                                   cstackBANK0  0020
?_clearThreeHoursTimer                            cstackCOMMON 0070
?_clearTwelveHoursTimer                           cstackCOMMON 0070
?_clearTwentyMinTimer                             cstackCOMMON 0070
?_clock_config                                    cstackCOMMON 0070
?_clrSampeTime                                    cstackCOMMON 0070
?_getAD_ConvertFlag                               cstackCOMMON 0070
?_getAdOriginalCh13Value                          cstackBANK0  0047
?_initPB2_AsHighResistence                        cstackCOMMON 0070
?_initPB3                                         cstackCOMMON 0070
?_initPB4                                         cstackCOMMON 0070
?_initPB5                                         cstackCOMMON 0070
?_initPin                                         cstackCOMMON 0070
?_isFinishedOneHoursTimer                         cstackCOMMON 0070
?_isFinishedThreeHoursTimer                       cstackCOMMON 0070
?_isFinishedTwelveHoursTimer                      cstackCOMMON 0070
?_isFinishedTwentyMinTimer                        cstackCOMMON 0070
?_isPermitSampleTime                              cstackCOMMON 0070
?_main                                            cstackCOMMON 0070
?_process_AD_Converter_Value                      cstackCOMMON 0070
?_pwm_start                                       cstackCOMMON 0070
?_reset                                           cstackCOMMON 0070
?_selectAdChannel                                 cstackCOMMON 0070
?_setAD_ConvertFlag                               cstackCOMMON 0070
?_setPB3                                          cstackCOMMON 0070
?_setPB4                                          cstackCOMMON 0070
?_setPB5                                          cstackCOMMON 0070
?_setPinInitVaule                                 cstackCOMMON 0070
?_setPulseWidth                                   cstackCOMMON 0070
?_startOneHoursTimer                              cstackBANK0  0020
?_startThreeHoursTimer                            cstackBANK0  0020
?_startTwelveHourTimer                            cstackBANK0  0020
?_startTwentyMinTimer                             cstackBANK0  0020
?_timer1_config                                   cstackCOMMON 0070
?_timer1_interrupt_config                         cstackCOMMON 0070
?_vPutSampleDataIntoTable                         cstackCOMMON 0074
?i1_setAD_ConvertFlag                             cstackCOMMON 0070
Filter@cir                                        cstackBANK0  0043
Filter@filter_buf                                 cstackBANK0  0026
Filter@filter_sum                                 cstackBANK0  0040
Filter@filter_temp                                cstackBANK0  003E
Filter@i                                          cstackBANK0  0046
Filter@j                                          cstackBANK0  0045
Filter@tmpValue                                   cstackBANK0  0042
ISR@ucTimer1sCnt                                  bssBANK0     0059
_ADCON0                                           (abs)        001F
_ADCON1                                           (abs)        009F
_ADIE                                             (abs)        046A
_ADIF                                             (abs)        006A
_ADON                                             (abs)        00F8
_ADRESH                                           (abs)        001E
_ADRESL                                           (abs)        009E
_AD_Sample                                        text788      033C
_CCP1CON                                          (abs)        0017
_CCPR1L                                           (abs)        0015
_CLKPCE                                           (abs)        0847
_CLKPR                                            (abs)        0108
_Filter                                           text787      027B
_GIE                                              (abs)        005F
_GO                                               (abs)        00F9
_ISR                                              text824      0193
_PB2                                              (abs)        0032
_PB3                                              (abs)        0033
_PB4                                              (abs)        0034
_PB5                                              (abs)        0035
_PBOD2                                            (abs)        0C42
_PEIE                                             (abs)        005E
_PR2                                              (abs)        0092
_PWMCON1                                          (abs)        0096
_T1CON                                            (abs)        0010
_T2CON                                            (abs)        0012
_TMR1H                                            (abs)        000F
_TMR1IE                                           (abs)        0460
_TMR1IF                                           (abs)        0060
_TMR1L                                            (abs)        000E
_TRISB0                                           (abs)        0430
_TRISB1                                           (abs)        0431
_TRISB2                                           (abs)        0432
_TRISB3                                           (abs)        0433
_TRISB4                                           (abs)        0434
_TRISB5                                           (abs)        0435
__Habs1                                           abs1         0000
__Hbank0                                          bank0        0000
__Hbank1                                          bank1        0000
__Hbank2                                          bank2        0000
__Hbank3                                          bank3        0000
__HbssBANK0                                       bssBANK0     0000
__HbssBANK1                                       bssBANK1     0000
__HbssCOMMON                                      bssCOMMON    0000
__Hcinit                                          cinit        0000
__Hclrtext                                        clrtext      0000
__Hcode                                           code         0000
__Hcommon                                         common       0000
__Hconfig                                         config       2003
__HcstackBANK0                                    cstackBANK0  0000
__HcstackCOMMON                                   cstackCOMMON 0000
__HdataBANK0                                      dataBANK0    0000
__Heeprom_data                                    eeprom_data  0000
__Hend_init                                       end_init     0013
__Hfunctab                                        functab      0000
__HidataBANK0                                     idataBANK0   0000
__Hidloc                                          idloc        0000
__Hinit                                           init         0011
__Hintentry                                       intentry     0011
__Hmaintext                                       maintext     0000
__Hpa_nodes                                       pa_nodes     0000
__Hpowerup                                        powerup      0000
__Hram                                            ram          0000
__Hreset_vec                                      reset_vec    0002
__Hsfr0                                           sfr0         0000
__Hsfr1                                           sfr1         0000
__Hsfr2                                           sfr2         0000
__Hsfr3                                           sfr3         0000
__Hstrings                                        strings      0000
__Htext                                           text         0000
__Labs1                                           abs1         0000
__Lbank0                                          bank0        0000
__Lbank1                                          bank1        0000
__Lbank2                                          bank2        0000
__Lbank3                                          bank3        0000
__LbssBANK0                                       bssBANK0     0000
__LbssBANK1                                       bssBANK1     0000
__LbssCOMMON                                      bssCOMMON    0000
__Lcinit                                          cinit        0000
__Lclrtext                                        clrtext      0000
__Lcode                                           code         0000
__Lcommon                                         common       0000
__Lconfig                                         config       2000
__LcstackBANK0                                    cstackBANK0  0000
__LcstackCOMMON                                   cstackCOMMON 0000
__LdataBANK0                                      dataBANK0    0000
__Leeprom_data                                    eeprom_data  0000
__Lend_init                                       end_init     0011
__Lfunctab                                        functab      0000
__LidataBANK0                                     idataBANK0   0000
__Lidloc                                          idloc        0000
__Linit                                           init         0011
__Lintentry                                       intentry     0004
__Lmaintext                                       maintext     0000
__Lpa_nodes                                       pa_nodes     0000
__Lpowerup                                        powerup      0000
__Lram                                            ram          0000
__Lreset_vec                                      reset_vec    0000
__Lsfr0                                           sfr0         0000
__Lsfr1                                           sfr1         0000
__Lsfr2                                           sfr2         0000
__Lsfr3                                           sfr3         0000
__Lstrings                                        strings      0000
__Ltext                                           text         0000
__S0                                              (abs)        2003
__S1                                              (abs)        00E8
__end_of_AD_Sample                                text788      0350
__end_of_Filter                                   text787      0309
__end_of_ISR                                      text824      01F7
__end_of_adc_get                                  text824      0202
__end_of_adc_start                                text788      0368
__end_of_adc_test_init                            text788      0365
__end_of_clearThreeHoursTimer                     text822      0468
__end_of_clearTwelveHoursTimer                    text823      046C
__end_of_clearTwentyMinTimer                      text801      0460
__end_of_clock_config                             text810      0457
__end_of_clrSampeTime                             text803      0471
__end_of_getAD_ConvertFlag                        text788      0339
__end_of_getAdOriginalCh13Value                   text787      027B
__end_of_initPB2_AsHighResistence                 text790      0383
__end_of_initPB3                                  text790      037E
__end_of_initPB4                                  text790      038E
__end_of_initPB5                                  text790      0399
__end_of_initPin                                  text790      0372
__end_of_isFinishedOneHoursTimer                  text795      041F
__end_of_isFinishedThreeHoursTimer                text797      0429
__end_of_isFinishedTwelveHoursTimer               text799      0433
__end_of_isFinishedTwentyMinTimer                 text802      043D
__end_of_isPermitSampleTime                       text804      045C
__end_of_main                                     maintext     0193
__end_of_process_AD_Converter_Value               text788      0335
__end_of_pwm_start                                text814      03DD
__end_of_reset                                    text812      0472
__end_of_selectAdChannel                          text813      0464
__end_of_setAD_ConvertFlag                        text788      033C
__end_of_setPB3                                   text789      03AA
__end_of_setPB4                                   text789      03B2
__end_of_setPB5                                   text789      03BA
__end_of_setPinInitVaule                          text789      03A1
__end_of_setPulseWidth                            text812      0473
__end_of_startOneHoursTimer                       text796      03EB
__end_of_startThreeHoursTimer                     text798      03F9
__end_of_startTwelveHourTimer                     text800      0407
__end_of_startTwentyMinTimer                      text805      0415
__end_of_timer1_config                            text809      0447
__end_of_timer1_interrupt_config                  text808      046F
__end_of_vPutSampleDataIntoTable                  text824      0261
__end_ofi1_setAD_ConvertFlag                      text824      0264
__pbssBANK0                                       bssBANK0     0049
__pbssBANK1                                       bssBANK1     00A0
__pbssCOMMON                                      bssCOMMON    007D
__pcstackBANK0                                    cstackBANK0  0020
__pcstackCOMMON                                   cstackCOMMON 0070
__pdataBANK0                                      dataBANK0    0069
__pidataBANK0                                     idataBANK0   0000
__pintentry                                       intentry     0004
__pmaintext                                       maintext     0013
__ptext787                                        text787      0274
__ptext788                                        text788      031F
__ptext789                                        text789      0399
__ptext790                                        text790      0368
__ptext791                                        text788      033C
__ptext792                                        text788      0339
__ptext793                                        text788      0335
__ptext794                                        text787      027B
__ptext795                                        text795      0415
__ptext796                                        text796      03DD
__ptext797                                        text797      041F
__ptext798                                        text798      03EB
__ptext799                                        text799      0429
__ptext800                                        text800      03F9
__ptext801                                        text801      045C
__ptext802                                        text802      0433
__ptext803                                        text803      046F
__ptext804                                        text804      0457
__ptext805                                        text805      0407
__ptext806                                        text788      0365
__ptext807                                        text788      0350
__ptext808                                        text808      046C
__ptext809                                        text809      043D
__ptext810                                        text810      044F
__ptext811                                        text811      0471
__ptext812                                        text812      0472
__ptext813                                        text813      0460
__ptext814                                        text814      03CC
__ptext815                                        text790      037E
__ptext816                                        text789      03B2
__ptext817                                        text790      038E
__ptext818                                        text789      03AA
__ptext819                                        text790      0383
__ptext820                                        text789      03A1
__ptext821                                        text790      0372
__ptext822                                        text822      0464
__ptext823                                        text823      0468
__ptext824                                        text824      0193
__ptext825                                        text824      0261
__ptext826                                        text824      01F7
__ptext827                                        text824      0202
__ptext828                                        text828      0000
__size_of_AD_Sample                               (abs)        0000
__size_of_Filter                                  (abs)        0000
__size_of_ISR                                     (abs)        0000
__size_of_adc_get                                 (abs)        0000
__size_of_adc_start                               (abs)        0000
__size_of_adc_test_init                           (abs)        0000
__size_of_clearThreeHoursTimer                    (abs)        0000
__size_of_clearTwelveHoursTimer                   (abs)        0000
__size_of_clearTwentyMinTimer                     (abs)        0000
__size_of_clock_config                            (abs)        0000
__size_of_clrSampeTime                            (abs)        0000
__size_of_getAD_ConvertFlag                       (abs)        0000
__size_of_getAdOriginalCh13Value                  (abs)        0000
__size_of_initPB2_AsHighResistence                (abs)        0000
__size_of_initPB3                                 (abs)        0000
__size_of_initPB4                                 (abs)        0000
__size_of_initPB5                                 (abs)        0000
__size_of_initPin                                 (abs)        0000
__size_of_isFinishedOneHoursTimer                 (abs)        0000
__size_of_isFinishedThreeHoursTimer               (abs)        0000
__size_of_isFinishedTwelveHoursTimer              (abs)        0000
__size_of_isFinishedTwentyMinTimer                (abs)        0000
__size_of_isPermitSampleTime                      (abs)        0000
__size_of_main                                    (abs)        0000
__size_of_process_AD_Converter_Value              (abs)        0000
__size_of_pwm_start                               (abs)        0000
__size_of_reset                                   (abs)        0000
__size_of_selectAdChannel                         (abs)        0000
__size_of_setAD_ConvertFlag                       (abs)        0000
__size_of_setPB3                                  (abs)        0000
__size_of_setPB4                                  (abs)        0000
__size_of_setPB5                                  (abs)        0000
__size_of_setPinInitVaule                         (abs)        0000
__size_of_setPulseWidth                           (abs)        0000
__size_of_startOneHoursTimer                      (abs)        0000
__size_of_startThreeHoursTimer                    (abs)        0000
__size_of_startTwelveHourTimer                    (abs)        0000
__size_of_startTwentyMinTimer                     (abs)        0000
__size_of_timer1_config                           (abs)        0000
__size_of_timer1_interrupt_config                 (abs)        0000
__size_of_vPutSampleDataIntoTable                 (abs)        0000
__size_ofi1_setAD_ConvertFlag                     (abs)        0000
_adc_convert_flag                                 bssBANK0     005A
_adc_get                                          text824      01F7
_adc_start                                        text788      0365
_adc_test_init                                    text788      0350
_bBigTimerStartFlag                               bssBANK0     005B
_bOneHourTimerStartFlag                           bssBANK0     005C
_bSmallTimerStartFlag                             bssBANK0     005D
_bTwentyMinStartFlag                              bssBANK0     005E
_clearThreeHoursTimer                             text822      0464
_clearTwelveHoursTimer                            text823      0468
_clearTwentyMinTimer                              text801      045C
_clock_config                                     text810      044F
_clrSampeTime                                     text803      046F
_exit                                             init         0011
_getAD_ConvertFlag                                text788      0335
_getAdOriginalCh13Value                           text787      0274
_initPB2_AsHighResistence                         text790      037E
_initPB3                                          text790      0372
_initPB4                                          text790      0383
_initPB5                                          text790      038E
_initPin                                          text790      0368
_isFinishedOneHoursTimer                          text795      0415
_isFinishedThreeHoursTimer                        text797      041F
_isFinishedTwelveHoursTimer                       text799      0429
_isFinishedTwentyMinTimer                         text802      0433
_isPermitSampleTime                               text804      0457
_main                                             maintext     0013
_process_AD_Converter_Value                       text788      031F
_pwm_start                                        text814      03CC
_reset                                            text811      0471
_sampleChannelSelect                              dataBANK0    0069
_sampleTimes                                      bssBANK0     005F
_selectAdChannel                                  text813      0460
_setAD_ConvertFlag                                text788      0339
_setPB3                                           text789      03A1
_setPB4                                           text789      03AA
_setPB5                                           text789      03B2
_setPinInitVaule                                  text789      0399
_setPulseWidth                                    text812      0472
_startOneHoursTimer                               text796      03DD
_startThreeHoursTimer                             text798      03EB
_startTwelveHourTimer                             text800      03F9
_startTwentyMinTimer                              text805      0407
_timer                                            bssBANK0     0060
_timer1_config                                    text809      043D
_timer1_interrupt_config                          text808      046C
_uiBigTimer                                       bssBANK0     0049
_uiOneHourTimer                                   bssBANK0     004B
_uiSampleChannelFirst                             bssBANK1     00A0
_uiSampleChannelFourteenth                        bssBANK1     00B8
_uiSampleChannelFourth                            bssBANK1     00D0
_uiSmallTimer                                     bssBANK0     004D
_uiTwentyMinTimer                                 bssBANK0     004F
_uiTwentySecondsTimer                             bssBANK0     0051
_vPutSampleDataIntoTable                          text824      0202
adc_get@val                                       cstackCOMMON 0072
adc_test_init@channel                             cstackBANK0  0022
adc_test_init@ref                                 cstackBANK0  0020
btemp                                             (abs)        007E
clear_ram                                         clrtext      0447
end_of_initialization                             cinit        03C9
i1_setAD_ConvertFlag                              text824      0261
i1l1547                                                            
i1l2311                                                            
i1l3448                                                            
i1l3454                                                            
i1l3458                                                            
i1l3466                                                            
i1l3470                                                            
i1l3478                                                            
i1l3482                                                            
i1l3492                                                            
i1l3494                                                            
i1l3516                                                            
i1l3520                                                            
i1l3522                                                            
i1l3526                                                            
i1l3542                                                            
i1l3544                                                            
i1l3550                                                            
i1l3554                                                            
i1setAD_ConvertFlag@flag                          cstackCOMMON 0070
initPB3@bValue                                    cstackBANK0  0020
initPB4@bValue                                    cstackBANK0  0020
initPB5@bValue                                    cstackBANK0  0020
interrupt_function                                intentry     0004
intlevel0                                         functab      0000
intlevel1                                         functab      0000
intlevel2                                         functab      0000
intlevel3                                         functab      0000
intlevel4                                         functab      0000
intlevel5                                         functab      0000
l1506                                                              
l1535                                                              
l1538                                                              
l1541                                                              
l1544                                                              
l1547                                                              
l1553                                                              
l1579                                                              
l1582                                                              
l1591                                                              
l1640                                                              
l2302                                                              
l2308                                                              
l3226                                                              
l3228                                                              
l3230                                                              
l3232                                                              
l3234                                                              
l3236                                                              
l3238                                                              
l3240                                                              
l3242                                                              
l3244                                                              
l3246                                                              
l3248                                                              
l3250                                                              
l3252                                                              
l3254                                                              
l3256                                                              
l3258                                                              
l3260                                                              
l3262                                                              
l3264                                                              
l3266                                                              
l3268                                                              
l3270                                                              
l3272                                                              
l3274                                                              
l3276                                                              
l3278                                                              
l3280                                                              
l3282                                                              
l3286                                                              
l3292                                                              
l3294                                                              
l3306                                                              
l3308                                                              
l3312                                                              
l3314                                                              
l3324                                                              
l3326                                                              
l3332                                                              
l3334                                                              
l3338                                                              
l3340                                                              
l3350                                                              
l3356                                                              
l3358                                                              
l3362                                                              
l3364                                                              
l3374                                                              
l3380                                                              
l3382                                                              
l3386                                                              
l3388                                                              
l3398                                                              
l3406                                                              
l3408                                                              
l3410                                                              
l3430                                                              
l3438                                                              
l3440                                                              
l3444                                                              
l3496                                                              
l3500                                                              
l3502                                                              
l3506                                                              
l3510                                                              
l3556                                                              
l3558                                                              
l3560                                                              
l3562                                                              
l3564                                                              
l3566                                                              
l3570                                                              
l3578                                                              
l3582                                                              
l3584                                                              
l3586                                                              
l3588                                                              
l3590                                                              
l3592                                                              
l3594                                                              
l3598                                                              
l3600                                                              
l3612                                                              
l3614                                                              
l3628                                                              
l3634                                                              
l3636                                                              
l3638                                                              
l3640                                                              
l3642                                                              
l3662                                                              
l3684                                                              
l3686                                                              
l3688                                                              
l3690                                                              
l3702                                                              
l3710                                                              
l3712                                                              
l3736                                                              
l3738                                                              
l3740                                                              
l3746                                                              
l710                                                               
l716                                                               
l719                                                               
l722                                                               
l725                                                               
l728                                                               
main@cTimerP5s_776                                bssBANK0     0061
main@cTimerP5s_780                                bssBANK0     0062
main@ucDebug1                                     bssBANK0     0063
main@ucDebug2                                     bssBANK0     0064
main@ucStep                                       bssBANK0     0065
main@ucTimerP5s                                   bssBANK0     0066
main@uiTimerOneP5s                                bssBANK0     0053
main@uiTimerP5s                                   bssBANK0     0055
main@uiTimerTwoP5s                                bssBANK0     0057
reset_vec                                         reset_vec    0000
saved_w                                           (abs)        007E
setAD_ConvertFlag@flag                            cstackBANK0  0020
setPB3@bValue                                     cstackBANK0  0020
setPB4@bValue                                     cstackBANK0  0020
setPB5@bValue                                     cstackBANK0  0020
start                                             init         0011
startOneHoursTimer@uiSetTime                      cstackBANK0  0020
startThreeHoursTimer@uiSetTime                    cstackBANK0  0020
startTwelveHourTimer@uiSetTime                    cstackBANK0  0020
startTwentyMinTimer@uiSetValue                    cstackBANK0  0020
start_initialization                              cinit        03BA
vPutSampleDataIntoTable@channel                   cstackCOMMON 0076
vPutSampleDataIntoTable@i                         cstackCOMMON 0077
vPutSampleDataIntoTable@ucChannelFirstLength      bssCOMMON    007D
vPutSampleDataIntoTable@ucChannelFourteenthLength bssBANK0     0067
vPutSampleDataIntoTable@ucChannelFourthLength     bssBANK0     0068
vPutSampleDataIntoTable@uiSampleData              cstackCOMMON 0074
wtemp0                                            (abs)        007E
