HI-TECH Software C Compiler 

Linker command line:

--edf=C:\Program Files (x86)\HI-TECH Software\PICC\9.83\dat\en_msgs.txt -cs \
  -h+ProjTest.sym -z -Q16C77 -ol.obj -MProjTest.map -E1 -ACONST=00h-0FFhx16 \
  -ACODE=00h-07FFhx2 -ASTRCODE=00h-0FFFh -AENTRY=00h-0FFhx16 \
  -ASTRING=00h-0FFhx16 -ABANK0=020h-06Fh -ABANK1=0A0h-0EFh \
  -ABANK2=0110h-016Fh -ABANK3=0190h-01EFh \
  -ARAM=020h-06Fh,0A0h-0EFh,0110h-016Fh,0190h-01EFh \
  -AABS1=020h-07Fh,0A0h-0EFh,0110h-016Fh,0190h-01EFh -ACOMMON=070h-07Fh \
  -ASFR0=00h-01Fh -ASFR1=080h-09Fh -ASFR2=0100h-010Fh -ASFR3=0180h-018Fh \
  -preset_vec=00h,intentry=04h,init,end_init -ppowerup=CODE -pfunctab=CODE \
  -ACONFIG=02000h-02007h -pconfig=CONFIG -DCONFIG=2 -AIDLOC=02008h-0200Bh \
  -pidloc=IDLOC -DIDLOC=2 -DCODE=2 -DSTRCODE=2 -DSTRING=2 -DCONST=2 \
  -DENTRY=2 -k startup.obj ProjTest.obj 

Object code version is 3.10

Machine type is 16C77



                Name                               Link     Load   Length Selector   Space Scale
startup.obj     end_init                             11       11        2        8       0
                reset_vec                             0        0        2        0       0
ProjTest.obj    intentry                              4        4        D        8       0
                config                             2000     2000        3     4000       0
                text1050                            6EF      6EF       F1        8       0
                text1045                            F8B      F8B       27     1F16       0
                text1039                            7F7      7F7        9        8       0
                text1035                            EEC      EEC        8     1DD8       0
                text1033                            EF4      EF4        8     1DE8       0
                text1032                            F04      F04        A     1E08       0
                text1031                            EE3      EE3        3     1DC6       0
                text1028                            F4F      F4F       14     1E9E       0
                text1027                            EE6      EE6        6     1DCC       0
                text1026                              2        2        2        0       0
                text1025                            F19      F19        C     1E32       0
                text1024                            F63      F63       14     1EC6       0
                text1023                            F25      F25        C     1E4A       0
                text1022                            F3D      F3D       12     1E7A       0
                text1021                            F0E      F0E        B     1E1C       0
                text1020                            F77      F77       14     1EEE       0
                text1019                            F31      F31        C     1E62       0
                text1011                            44F      44F      2A0        8       0
                text1005                            FB2      FB2       4E     1F64       0
                swtext3                             81C      81C        C     1000       0
                swtext2                             80E      80E        E     1000       0
                swtext1                             800      800        E     1000       0
                maintext                             13       13      43C        8       0
                cstackBANK0                          20       20       2A       20       1
                cstackCOMMON                         70       70        D       70       1
                clrtext                             EFC      EFC        8     1DF8       0
                bssBANK3                            190      190       48      190       1
                bssBANK1                             A0       A0       3C       A0       1
                bssBANK0                             4A       4A       25       20       1
                bssCOMMON                            7D       7D        1       70       1
                cinit                               7E0      7E0       17        8       0

TOTAL           Name                               Link     Load   Length     Space
        CLASS   CONST          
                swtext3                             81C      81C        C         0
                swtext2                             80E      80E        E         0
                swtext1                             800      800        E         0

        CLASS   CODE           
                end_init                             11       11        2         0
                intentry                              4        4        D         0
                reset_vec                             0        0        2         0
                text1050                            6EF      6EF       F1         0
                text1045                            F8B      F8B       27         0
                text1039                            7F7      7F7        9         0
                text1035                            EEC      EEC        8         0
                text1033                            EF4      EF4        8         0
                text1032                            F04      F04        A         0
                text1031                            EE3      EE3        3         0
                text1028                            F4F      F4F       14         0
                text1027                            EE6      EE6        6         0
                text1026                              2        2        2         0
                text1025                            F19      F19        C         0
                text1024                            F63      F63       14         0
                text1023                            F25      F25        C         0
                text1022                            F3D      F3D       12         0
                text1021                            F0E      F0E        B         0
                text1020                            F77      F77       14         0
                text1019                            F31      F31        C         0
                text1011                            44F      44F      2A0         0
                text1005                            FB2      FB2       4E         0
                maintext                             13       13      43C         0
                clrtext                             EFC      EFC        8         0
                cinit                               7E0      7E0       17         0

        CLASS   STRCODE        

        CLASS   ENTRY          

        CLASS   STRING         

        CLASS   BANK0          
                cstackBANK0                          20       20       2A         1
                bssBANK0                             4A       4A       25         1

        CLASS   BANK1          
                bssBANK1                             A0       A0       3C         1

        CLASS   BANK2          

        CLASS   BANK3          
                bssBANK3                            190      190       48         1

        CLASS   RAM            

        CLASS   ABS1           
                abs_s1                               7E       7E        2         1

        CLASS   COMMON         
                cstackCOMMON                         70       70        D         1
                bssCOMMON                            7D       7D        1         1

        CLASS   SFR0           

        CLASS   SFR1           

        CLASS   SFR2           

        CLASS   SFR3           

        CLASS   CONFIG         
                config                             2000     2000        3         0

        CLASS   IDLOC          

        CLASS   EEDATA         



SEGMENTS        Name                           Load    Length   Top    Selector   Space  Class     Delta

                reset_vec                      000000  000004  000004         0       0  CODE        2
                intentry                       000004  0007FC  000800         8       0  CODE        2
                cstackBANK0                    000020  00004F  00006F        20       1  BANK0       1
                cstackCOMMON                   000070  00000E  00007E        70       1  COMMON      1
                bssBANK1                       0000A0  00003C  0000DC        A0       1  BANK1       1
                bssBANK3                       000190  000048  0001D8       190       1  BANK3       1
                swtext1                        000800  000028  000828      1000       0  CONST       2
                text1031                       000EE3  000003  000EE6      1DC6       0  CODE        2
                text1027                       000EE6  000006  000EEC      1DCC       0  CODE        2
                text1035                       000EEC  000008  000EF4      1DD8       0  CODE        2
                text1033                       000EF4  000008  000EFC      1DE8       0  CODE        2
                clrtext                        000EFC  000008  000F04      1DF8       0  CODE        2
                text1032                       000F04  00000A  000F0E      1E08       0  CODE        2
                text1021                       000F0E  00000B  000F19      1E1C       0  CODE        2
                text1025                       000F19  00000C  000F25      1E32       0  CODE        2
                text1023                       000F25  00000C  000F31      1E4A       0  CODE        2
                text1019                       000F31  00000C  000F3D      1E62       0  CODE        2
                text1022                       000F3D  000012  000F4F      1E7A       0  CODE        2
                text1028                       000F4F  000014  000F63      1E9E       0  CODE        2
                text1024                       000F63  000014  000F77      1EC6       0  CODE        2
                text1020                       000F77  000014  000F8B      1EEE       0  CODE        2
                text1045                       000F8B  000027  000FB2      1F16       0  CODE        2
                text1005                       000FB2  00004E  001000      1F64       0  CODE        2
                config                         002000  000003  002003      4000       0  CONFIG      2


UNUSED ADDRESS RANGES

        Name                Unused          Largest block    Delta
        BANK0            006F-006F              1           1
        BANK1            00DC-00EF             14           1
        BANK2            0110-016F             60           1
        BANK3            01D8-01EF             18           1
        CODE             0828-0EE2            6BB           2
        CONFIG           2003-2007              5           2
        CONST            0828-0EE2            100           2
        ENTRY            0828-0EE2            100           2
        IDLOC            2008-200B              4           2
        RAM              006F-006F              1           1
                         00DC-00EF             14
                         0110-016F             60
                         01D8-01EF             18
        SFR0             0000-001F             20           1
        SFR1             0080-009F             20           1
        SFR2             0100-010F             10           1
        SFR3             0180-018F             10           1
        STRCODE          0828-0EE2            6BB           2
        STRING           0828-0EE2            100           2

                                  Symbol Table

??_AD_Sample                                  cstackBANK0  0023
??_Filter                                     cstackBANK0  0022
??_ISR                                        cstackCOMMON 0079
??_adc_get                                    cstackCOMMON 0072
??_adc_start                                  cstackBANK0  0020
??_adc_test_init                              cstackBANK0  0021
??_clearAllTimer                              cstackBANK0  0020
??_clearParaFunction1                         cstackBANK0  0021
??_clearPinPortAndTimer                       cstackBANK0  0020
??_clearThreeHoursTimer                       cstackBANK0  0020
??_clearTwelveHoursTimer                      cstackBANK0  0020
??_clearTwentyMinuteTimer                     cstackBANK0  0020
??_clearTwentySecondsTimer                    cstackBANK0  0020
??_clock_config                               cstackBANK0  0020
??_clrSampeTime                               cstackBANK0  0020
??_getAD_ConvertFlag                          cstackBANK0  0020
??_getAdOriginalCh0Value                      cstackBANK0  0048
??_getAdOriginalCh2Value                      cstackBANK0  0048
??_getAdOriginalCh5Value                      cstackBANK0  0048
??_getAdOriginalCh6Value                      cstackBANK0  0048
??_initPin                                    cstackBANK0  0020
??_isFinishedThreeHoursTimer                  cstackBANK0  0020
??_isFinishedTwelveHoursTimer                 cstackBANK0  0020
??_isFinishedTwentyMinuteTimer                cstackBANK0  0020
??_isFinishedTwentySecondsTimer               cstackBANK0  0020
??_isPermitSampleTime                         cstackBANK0  0020
??_main                                       cstackBANK0  0048
??_process_AD_Converter_Value                 cstackBANK0  0023
??_setAD_ConvertFlag                          cstackBANK0  0020
??_setPA0                                     cstackBANK0  0020
??_setPA1                                     cstackBANK0  0020
??_setPA2                                     cstackBANK0  0020
??_setPA3                                     cstackBANK0  0020
??_setPA6                                     cstackBANK0  0020
??_setPB0                                     cstackBANK0  0020
??_setPB1                                     cstackBANK0  0020
??_setPB2                                     cstackBANK0  0020
??_setPB4                                     cstackBANK0  0020
??_setPB6                                     cstackBANK0  0020
??_setPB6AsInput                              cstackBANK0  0020
??_startThreeHoursTimer                       cstackBANK0  0022
??_startTwelveHourTimer                       cstackBANK0  0022
??_startTwentyMinuteTimer                     cstackBANK0  0022
??_startTwentySecondsTimer                    cstackBANK0  0020
??_timer1_config                              cstackBANK0  0020
??_timer1_interrupt_config                    cstackBANK0  0020
??_vHandle20sTimerOut                         cstackBANK0  0021
??_vHandle20sTimeron                          cstackBANK0  0048
??_vPause20sTimer                             cstackBANK0  0020
??_vPutSampleDataIntoTable                    cstackCOMMON 0077
??i1_setAD_ConvertFlag                        cstackCOMMON 0070
?_AD_Sample                                   cstackCOMMON 0070
?_Filter                                      cstackBANK0  0020
?_ISR                                         cstackCOMMON 0070
?_adc_get                                     cstackCOMMON 0070
?_adc_start                                   cstackCOMMON 0070
?_adc_test_init                               cstackBANK0  0020
?_clearAllTimer                               cstackCOMMON 0070
?_clearParaFunction1                          cstackCOMMON 0070
?_clearPinPortAndTimer                        cstackCOMMON 0070
?_clearThreeHoursTimer                        cstackCOMMON 0070
?_clearTwelveHoursTimer                       cstackCOMMON 0070
?_clearTwentyMinuteTimer                      cstackCOMMON 0070
?_clearTwentySecondsTimer                     cstackCOMMON 0070
?_clock_config                                cstackCOMMON 0070
?_clrSampeTime                                cstackCOMMON 0070
?_getAD_ConvertFlag                           cstackCOMMON 0070
?_getAdOriginalCh0Value                       cstackBANK0  0046
?_getAdOriginalCh2Value                       cstackBANK0  0046
?_getAdOriginalCh5Value                       cstackBANK0  0046
?_getAdOriginalCh6Value                       cstackBANK0  0046
?_initPin                                     cstackCOMMON 0070
?_isFinishedThreeHoursTimer                   cstackCOMMON 0070
?_isFinishedTwelveHoursTimer                  cstackCOMMON 0070
?_isFinishedTwentyMinuteTimer                 cstackCOMMON 0070
?_isFinishedTwentySecondsTimer                cstackCOMMON 0070
?_isPermitSampleTime                          cstackCOMMON 0070
?_main                                        cstackCOMMON 0070
?_process_AD_Converter_Value                  cstackCOMMON 0070
?_setAD_ConvertFlag                           cstackCOMMON 0070
?_setPA0                                      cstackCOMMON 0070
?_setPA1                                      cstackCOMMON 0070
?_setPA2                                      cstackCOMMON 0070
?_setPA3                                      cstackCOMMON 0070
?_setPA6                                      cstackCOMMON 0070
?_setPB0                                      cstackCOMMON 0070
?_setPB1                                      cstackCOMMON 0070
?_setPB2                                      cstackCOMMON 0070
?_setPB4                                      cstackCOMMON 0070
?_setPB6                                      cstackCOMMON 0070
?_setPB6AsInput                               cstackCOMMON 0070
?_startThreeHoursTimer                        cstackBANK0  0020
?_startTwelveHourTimer                        cstackBANK0  0020
?_startTwentyMinuteTimer                      cstackBANK0  0020
?_startTwentySecondsTimer                     cstackCOMMON 0070
?_timer1_config                               cstackCOMMON 0070
?_timer1_interrupt_config                     cstackCOMMON 0070
?_vHandle20sTimerOut                          cstackCOMMON 0070
?_vHandle20sTimeron                           cstackCOMMON 0070
?_vPause20sTimer                              cstackCOMMON 0070
?_vPutSampleDataIntoTable                     cstackCOMMON 0074
?i1_setAD_ConvertFlag                         cstackCOMMON 0070
Filter@cir                                    cstackBANK0  0042
Filter@filter_buf                             cstackBANK0  0026
Filter@filter_sum                             cstackBANK0  0040
Filter@filter_temp                            cstackBANK0  003E
Filter@i                                      cstackBANK0  0045
Filter@j                                      cstackBANK0  0044
Filter@tmpValue                               cstackBANK0  0020
ISR@ucTimer1sCnt                              bssBANK1     00AC
_ADCON0                                       (abs)        001F
_ADCON1                                       (abs)        009F
_ADIE                                         (abs)        046A
_ADIF                                         (abs)        006A
_ADON                                         (abs)        00F8
_ADRESH                                       (abs)        001E
_ADRESL                                       (abs)        009E
_AD_Sample                                    text1005     0FC9
_CLKPCE                                       (abs)        0847
_CLKPR                                        (abs)        0108
_Filter                                       text1011     0630
_GIE                                          (abs)        005F
_GO                                           (abs)        00F9
_ISR                                          text1050     06EF
_PA0                                          (abs)        0028
_PA1                                          (abs)        0029
_PA2                                          (abs)        002A
_PA3                                          (abs)        002B
_PA6                                          (abs)        002E
_PB0                                          (abs)        0030
_PB1                                          (abs)        0031
_PB2                                          (abs)        0032
_PB4                                          (abs)        0034
_PB6                                          (abs)        0036
_PB7                                          (abs)        0037
_PBOD7                                        (abs)        0C47
_PEIE                                         (abs)        005E
_T1CON                                        (abs)        0010
_TMR1H                                        (abs)        000F
_TMR1IE                                       (abs)        0460
_TMR1IF                                       (abs)        0060
_TMR1L                                        (abs)        000E
_TRISA0                                       (abs)        0428
_TRISA1                                       (abs)        0429
_TRISA2                                       (abs)        042A
_TRISA3                                       (abs)        042B
_TRISA6                                       (abs)        042E
_TRISA7                                       (abs)        042F
_TRISB0                                       (abs)        0430
_TRISB1                                       (abs)        0431
_TRISB2                                       (abs)        0432
_TRISB3                                       (abs)        0433
_TRISB4                                       (abs)        0434
_TRISB5                                       (abs)        0435
_TRISB6                                       (abs)        0436
_TRISB7                                       (abs)        0437
__Habs1                                       abs1         0000
__Hbank0                                      bank0        0000
__Hbank1                                      bank1        0000
__Hbank2                                      bank2        0000
__Hbank3                                      bank3        0000
__HbssBANK0                                   bssBANK0     0000
__HbssBANK1                                   bssBANK1     0000
__HbssBANK3                                   bssBANK3     0000
__HbssCOMMON                                  bssCOMMON    0000
__Hcinit                                      cinit        0000
__Hclrtext                                    clrtext      0000
__Hcode                                       code         0000
__Hcommon                                     common       0000
__Hconfig                                     config       2003
__HcstackBANK0                                cstackBANK0  0000
__HcstackCOMMON                               cstackCOMMON 0000
__Heeprom_data                                eeprom_data  0000
__Hend_init                                   end_init     0013
__Hfunctab                                    functab      0000
__Hidloc                                      idloc        0000
__Hinit                                       init         0011
__Hintentry                                   intentry     0011
__Hmaintext                                   maintext     0000
__Hpa_nodes                                   pa_nodes     0000
__Hpowerup                                    powerup      0000
__Hram                                        ram          0000
__Hreset_vec                                  reset_vec    0002
__Hsfr0                                       sfr0         0000
__Hsfr1                                       sfr1         0000
__Hsfr2                                       sfr2         0000
__Hsfr3                                       sfr3         0000
__Hstrings                                    strings      0000
__Htext                                       text         0000
__Labs1                                       abs1         0000
__Lbank0                                      bank0        0000
__Lbank1                                      bank1        0000
__Lbank2                                      bank2        0000
__Lbank3                                      bank3        0000
__LbssBANK0                                   bssBANK0     0000
__LbssBANK1                                   bssBANK1     0000
__LbssBANK3                                   bssBANK3     0000
__LbssCOMMON                                  bssCOMMON    0000
__Lcinit                                      cinit        0000
__Lclrtext                                    clrtext      0000
__Lcode                                       code         0000
__Lcommon                                     common       0000
__Lconfig                                     config       2000
__LcstackBANK0                                cstackBANK0  0000
__LcstackCOMMON                               cstackCOMMON 0000
__Leeprom_data                                eeprom_data  0000
__Lend_init                                   end_init     0011
__Lfunctab                                    functab      0000
__Lidloc                                      idloc        0000
__Linit                                       init         0011
__Lintentry                                   intentry     0004
__Lmaintext                                   maintext     0000
__Lpa_nodes                                   pa_nodes     0000
__Lpowerup                                    powerup      0000
__Lram                                        ram          0000
__Lreset_vec                                  reset_vec    0000
__Lsfr0                                       sfr0         0000
__Lsfr1                                       sfr1         0000
__Lsfr2                                       sfr2         0000
__Lsfr3                                       sfr3         0000
__Lstrings                                    strings      0000
__Ltext                                       text         0000
__S0                                          (abs)        2003
__S1                                          (abs)        01D8
__end_of_AD_Sample                            text1005     0FEB
__end_of_Filter                               text1011     06C7
__end_of_ISR                                  text1050     0743
__end_of_adc_get                              text1050     07C4
__end_of_adc_start                            text1005     0FC9
__end_of_adc_test_init                        text1005     1000
__end_of_clearAllTimer                        text1011     04B5
__end_of_clearParaFunction1                   text1011     0485
__end_of_clearPinPortAndTimer                 text1011     046F
__end_of_clearThreeHoursTimer                 text1011     04C1
__end_of_clearTwelveHoursTimer                text1011     04BB
__end_of_clearTwentyMinuteTimer               text1011     06D4
__end_of_clearTwentySecondsTimer              text1011     06CF
__end_of_clock_config                         text1033     0EFC
__end_of_clrSampeTime                         text1026     0004
__end_of_getAD_ConvertFlag                    text1005     0FC1
__end_of_getAdOriginalCh0Value                text1011     0463
__end_of_getAdOriginalCh2Value                text1011     0608
__end_of_getAdOriginalCh5Value                text1011     0459
__end_of_getAdOriginalCh6Value                text1011     061A
__end_of_initPin                              text1045     0FB2
__end_of_isFinishedThreeHoursTimer            text1019     0F3D
__end_of_isFinishedTwelveHoursTimer           text1023     0F31
__end_of_isFinishedTwentyMinuteTimer          text1025     0F25
__end_of_isFinishedTwentySecondsTimer         text1021     0F19
__end_of_isPermitSampleTime                   text1027     0EEC
__end_of_main                                 maintext     044F
__end_of_process_AD_Converter_Value           text1005     0FBD
__end_of_setAD_ConvertFlag                    text1005     0FC6
__end_of_setPA0                               text1011     04A6
__end_of_setPA1                               text1011     04AE
__end_of_setPA2                               text1039     0800
__end_of_setPA3                               text1011     0611
__end_of_setPA6                               text1035     0EF4
__end_of_setPB0                               text1011     048D
__end_of_setPB1                               text1011     0495
__end_of_setPB2                               text1011     049D
__end_of_setPB4                               text1011     051C
__end_of_setPB6                               text1011     0628
__end_of_setPB6AsInput                        text1011     062B
__end_of_startThreeHoursTimer                 text1020     0F8B
__end_of_startTwelveHourTimer                 text1024     0F77
__end_of_startTwentyMinuteTimer               text1028     0F63
__end_of_startTwentySecondsTimer              text1022     0F4F
__end_of_timer1_config                        text1032     0F0E
__end_of_timer1_interrupt_config              text1031     0EE6
__end_of_vHandle20sTimerOut                   text1011     0514
__end_of_vHandle20sTimeron                    text1011     05FF
__end_of_vPause20sTimer                       text1011     0630
__end_of_vPutSampleDataIntoTable              text1050     07B8
__end_ofi1_setAD_ConvertFlag                  text1050     07C8
__pbssBANK0                                   bssBANK0     004A
__pbssBANK1                                   bssBANK1     00A0
__pbssBANK3                                   bssBANK3     0190
__pbssCOMMON                                  bssCOMMON    007D
__pcstackBANK0                                cstackBANK0  0020
__pcstackCOMMON                               cstackCOMMON 0070
__pintentry                                   intentry     0004
__pmaintext                                   maintext     0013
__pswtext1                                    swtext1      0800
__pswtext2                                    swtext2      080E
__pswtext3                                    swtext3      081C
__ptext1003                                   text1003     0000
__ptext1004                                   text1011     051C
__ptext1005                                   text1005     0FB2
__ptext1006                                   text1011     046F
__ptext1007                                   text1011     0463
__ptext1008                                   text1005     0FC9
__ptext1009                                   text1011     05FF
__ptext1010                                   text1011     04C1
__ptext1011                                   text1011     044F
__ptext1012                                   text1011     0611
__ptext1013                                   text1011     0459
__ptext1014                                   text1011     04AE
__ptext1015                                   text1005     0FC1
__ptext1016                                   text1005     0FBD
__ptext1017                                   text1011     0630
__ptext1018                                   text1011     062B
__ptext1019                                   text1019     0F31
__ptext1020                                   text1020     0F77
__ptext1021                                   text1021     0F0E
__ptext1022                                   text1022     0F3D
__ptext1023                                   text1023     0F25
__ptext1024                                   text1024     0F63
__ptext1025                                   text1025     0F19
__ptext1026                                   text1026     0002
__ptext1027                                   text1027     0EE6
__ptext1028                                   text1028     0F4F
__ptext1029                                   text1005     0FC6
__ptext1030                                   text1005     0FEB
__ptext1031                                   text1031     0EE3
__ptext1032                                   text1032     0F04
__ptext1033                                   text1033     0EF4
__ptext1034                                   text1011     0628
__ptext1035                                   text1035     0EEC
__ptext1036                                   text1011     0514
__ptext1037                                   text1011     061A
__ptext1038                                   text1011     0608
__ptext1039                                   text1039     07F7
__ptext1040                                   text1011     04A6
__ptext1041                                   text1011     049D
__ptext1042                                   text1011     0495
__ptext1043                                   text1011     048D
__ptext1044                                   text1011     0485
__ptext1045                                   text1045     0F8B
__ptext1046                                   text1011     06CF
__ptext1047                                   text1011     06C7
__ptext1048                                   text1011     04BB
__ptext1049                                   text1011     04B5
__ptext1050                                   text1050     06EF
__ptext1051                                   text1050     07C4
__ptext1052                                   text1050     07B8
__ptext1053                                   text1050     0743
__ptext1054                                   text1054     0000
__size_of_AD_Sample                           (abs)        0000
__size_of_Filter                              (abs)        0000
__size_of_ISR                                 (abs)        0000
__size_of_adc_get                             (abs)        0000
__size_of_adc_start                           (abs)        0000
__size_of_adc_test_init                       (abs)        0000
__size_of_clearAllTimer                       (abs)        0000
__size_of_clearParaFunction1                  (abs)        0000
__size_of_clearPinPortAndTimer                (abs)        0000
__size_of_clearThreeHoursTimer                (abs)        0000
__size_of_clearTwelveHoursTimer               (abs)        0000
__size_of_clearTwentyMinuteTimer              (abs)        0000
__size_of_clearTwentySecondsTimer             (abs)        0000
__size_of_clock_config                        (abs)        0000
__size_of_clrSampeTime                        (abs)        0000
__size_of_getAD_ConvertFlag                   (abs)        0000
__size_of_getAdOriginalCh0Value               (abs)        0000
__size_of_getAdOriginalCh2Value               (abs)        0000
__size_of_getAdOriginalCh5Value               (abs)        0000
__size_of_getAdOriginalCh6Value               (abs)        0000
__size_of_initPin                             (abs)        0000
__size_of_isFinishedThreeHoursTimer           (abs)        0000
__size_of_isFinishedTwelveHoursTimer          (abs)        0000
__size_of_isFinishedTwentyMinuteTimer         (abs)        0000
__size_of_isFinishedTwentySecondsTimer        (abs)        0000
__size_of_isPermitSampleTime                  (abs)        0000
__size_of_main                                (abs)        0000
__size_of_process_AD_Converter_Value          (abs)        0000
__size_of_setAD_ConvertFlag                   (abs)        0000
__size_of_setPA0                              (abs)        0000
__size_of_setPA1                              (abs)        0000
__size_of_setPA2                              (abs)        0000
__size_of_setPA3                              (abs)        0000
__size_of_setPA6                              (abs)        0000
__size_of_setPB0                              (abs)        0000
__size_of_setPB1                              (abs)        0000
__size_of_setPB2                              (abs)        0000
__size_of_setPB4                              (abs)        0000
__size_of_setPB6                              (abs)        0000
__size_of_setPB6AsInput                       (abs)        0000
__size_of_startThreeHoursTimer                (abs)        0000
__size_of_startTwelveHourTimer                (abs)        0000
__size_of_startTwentyMinuteTimer              (abs)        0000
__size_of_startTwentySecondsTimer             (abs)        0000
__size_of_timer1_config                       (abs)        0000
__size_of_timer1_interrupt_config             (abs)        0000
__size_of_vHandle20sTimerOut                  (abs)        0000
__size_of_vHandle20sTimeron                   (abs)        0000
__size_of_vPause20sTimer                      (abs)        0000
__size_of_vPutSampleDataIntoTable             (abs)        0000
__size_ofi1_setAD_ConvertFlag                 (abs)        0000
_adc_convert_flag                             bssBANK1     00AD
_adc_get                                      text1050     07B8
_adc_start                                    text1005     0FC6
_adc_test_init                                text1005     0FEB
_bBigTimerStartFlag                           bssBANK0     004C
_bPause20secTimer                             bssBANK1     00AE
_bSmallTimerStartFlag                         bssBANK0     004D
_bTwentyMinStartFlag                          bssBANK0     004E
_bTwentySecStartFlag                          bssBANK0     004F
_clearAllTimer                                text1011     04AE
_clearParaFunction1                           text1011     046F
_clearPinPortAndTimer                         text1011     0463
_clearThreeHoursTimer                         text1011     04BB
_clearTwelveHoursTimer                        text1011     04B5
_clearTwentyMinuteTimer                       text1011     06CF
_clearTwentySecondsTimer                      text1011     06C7
_clock_config                                 text1033     0EF4
_clrSampeTime                                 text1026     0002
_enumMainLoopStep                             bssBANK0     0050
_exit                                         init         0011
_getAD_ConvertFlag                            text1005     0FBD
_getAdOriginalCh0Value                        text1011     0459
_getAdOriginalCh2Value                        text1011     05FF
_getAdOriginalCh5Value                        text1011     044F
_getAdOriginalCh6Value                        text1011     0611
_initPin                                      text1045     0F8B
_isFinishedThreeHoursTimer                    text1019     0F31
_isFinishedTwelveHoursTimer                   text1023     0F25
_isFinishedTwentyMinuteTimer                  text1025     0F19
_isFinishedTwentySecondsTimer                 text1021     0F0E
_isPermitSampleTime                           text1027     0EE6
_main                                         maintext     0013
_process_AD_Converter_Value                   text1005     0FB2
_sampleChannelSelect                          bssBANK0     0051
_sampleTimes                                  bssBANK0     0052
_setAD_ConvertFlag                            text1005     0FC1
_setPA0                                       text1011     049D
_setPA1                                       text1011     04A6
_setPA2                                       text1039     07F7
_setPA3                                       text1011     0608
_setPA6                                       text1035     0EEC
_setPB0                                       text1011     0485
_setPB1                                       text1011     048D
_setPB2                                       text1011     0495
_setPB4                                       text1011     0514
_setPB6                                       text1011     061A
_setPB6AsInput                                text1011     0628
_startThreeHoursTimer                         text1020     0F77
_startTwelveHourTimer                         text1024     0F63
_startTwentyMinuteTimer                       text1028     0F4F
_startTwentySecondsTimer                      text1022     0F3D
_timer                                        bssBANK1     00AF
_timer1_config                                text1032     0F04
_timer1_interrupt_config                      text1031     0EE3
_ucADC4_Step                                  bssBANK0     0053
_ucChannel5Type                               bssBANK0     0054
_uiBigTimer                                   bssBANK1     00A0
_uiSampleChannelFifth                         bssBANK3     0190
_uiSampleChannelSecond                        bssBANK3     01A8
_uiSampleChannelSixth                         bssBANK3     01C0
_uiSampleChannelZero                          bssBANK1     00C4
_uiSmallTimer                                 bssBANK1     00A2
_uiTwentyMinuteTimer                          bssBANK1     00A4
_uiTwentySecondsTimer                         bssBANK1     00A6
_vHandle20sTimerOut                           text1011     04C1
_vHandle20sTimeron                            text1011     051C
_vPause20sTimer                               text1011     062B
_vPutSampleDataIntoTable                      text1050     0743
adc_get@val                                   cstackCOMMON 0072
adc_test_init@channel                         cstackBANK0  0022
adc_test_init@ref                             cstackBANK0  0020
btemp                                         (abs)        007E
clear_ram                                     clrtext      0EFC
end_of_initialization                         cinit        07F4
i1_setAD_ConvertFlag                          text1050     07C4
i1l1863                                                        
i1l2620                                                        
i1l4641                                                        
i1l4647                                                        
i1l4651                                                        
i1l4659                                                        
i1l4663                                                        
i1l4671                                                        
i1l4675                                                        
i1l4683                                                        
i1l4687                                                        
i1l4697                                                        
i1l4699                                                        
i1l4707                                                        
i1l4711                                                        
i1l4713                                                        
i1l4717                                                        
i1l4733                                                        
i1l4735                                                        
i1l4737                                                        
i1l4741                                                        
i1setAD_ConvertFlag@flag                      cstackCOMMON 0070
interrupt_function                            intentry     0004
intlevel0                                     functab      0000
intlevel1                                     functab      0000
intlevel2                                     functab      0000
intlevel3                                     functab      0000
intlevel4                                     functab      0000
intlevel5                                     functab      0000
l1803                                                          
l1816                                                          
l1851                                                          
l1854                                                          
l1857                                                          
l1860                                                          
l1863                                                          
l1869                                                          
l1872                                                          
l1875                                                          
l1878                                                          
l1903                                                          
l1906                                                          
l1909                                                          
l1912                                                          
l1952                                                          
l2611                                                          
l2617                                                          
l4407                                                          
l4409                                                          
l4411                                                          
l4415                                                          
l4417                                                          
l4419                                                          
l4421                                                          
l4423                                                          
l4425                                                          
l4427                                                          
l4429                                                          
l4431                                                          
l4433                                                          
l4435                                                          
l4437                                                          
l4439                                                          
l4441                                                          
l4443                                                          
l4445                                                          
l4447                                                          
l4449                                                          
l4451                                                          
l4453                                                          
l4455                                                          
l4457                                                          
l4459                                                          
l4461                                                          
l4463                                                          
l4465                                                          
l4467                                                          
l4469                                                          
l4471                                                          
l4473                                                          
l4475                                                          
l4477                                                          
l4481                                                          
l4487                                                          
l4489                                                          
l4501                                                          
l4503                                                          
l4507                                                          
l4509                                                          
l4519                                                          
l4525                                                          
l4527                                                          
l4531                                                          
l4533                                                          
l4543                                                          
l4549                                                          
l4551                                                          
l4555                                                          
l4565                                                          
l4571                                                          
l4573                                                          
l4577                                                          
l4579                                                          
l4589                                                          
l4591                                                          
l4599                                                          
l4601                                                          
l4603                                                          
l4623                                                          
l4631                                                          
l4633                                                          
l4637                                                          
l4701                                                          
l4705                                                          
l4745                                                          
l4749                                                          
l4753                                                          
l4757                                                          
l4759                                                          
l4763                                                          
l4765                                                          
l4769                                                          
l4773                                                          
l4777                                                          
l4779                                                          
l4781                                                          
l4785                                                          
l4787                                                          
l4789                                                          
l4793                                                          
l4797                                                          
l4799                                                          
l4801                                                          
l4803                                                          
l4809                                                          
l4813                                                          
l4817                                                          
l4821                                                          
l4837                                                          
l4839                                                          
l4841                                                          
l4843                                                          
l4845                                                          
l4847                                                          
l4849                                                          
l4853                                                          
l4855                                                          
l4861                                                          
l4865                                                          
l4871                                                          
l4877                                                          
l4883                                                          
l4887                                                          
l4889                                                          
l4891                                                          
l4897                                                          
l4901                                                          
l4905                                                          
l4911                                                          
l4917                                                          
l4919                                                          
l4925                                                          
l4927                                                          
l4929                                                          
l4931                                                          
l4943                                                          
l4947                                                          
l4955                                                          
l4961                                                          
l4965                                                          
l4971                                                          
l4977                                                          
l4979                                                          
l4981                                                          
l4997                                                          
l4999                                                          
l5001                                                          
l5003                                                          
l5005                                                          
l5007                                                          
l5009                                                          
l5011                                                          
l5013                                                          
l5015                                                          
l5019                                                          
l5033                                                          
l5043                                                          
l5047                                                          
l5049                                                          
l5053                                                          
l5057                                                          
l5061                                                          
l5067                                                          
l5069                                                          
l5075                                                          
l5079                                                          
l5081                                                          
l5087                                                          
l5101                                                          
l5111                                                          
l5113                                                          
l5121                                                          
l5125                                                          
l5127                                                          
l5131                                                          
l5137                                                          
l5141                                                          
l5229                                                          
l5295                                                          
l5351                                                          
l5397                                                          
l5433                                                          
l5453                                                          
l5479                                                          
l5483                                                          
l5487                                                          
l5489                                                          
l5491                                                          
l5497                                                          
l5499                                                          
l5515                                                          
l5519                                                          
l5525                                                          
l5527                                                          
l5529                                                          
l5531                                                          
l5533                                                          
l5541                                                          
l5567                                                          
l5579                                                          
l5591                                                          
l5593                                                          
l693                                                           
l696                                                           
l699                                                           
l757                                                           
l760                                                           
main@bCheckTweHour                            bssBANK0     0055
main@bInitFlag                                bssBANK0     0056
main@enumBranchStep                           bssBANK1     00B0
main@enumInteralStep                          bssBANK1     00B1
main@ucFourthSuffix1TimerP3s                  bssBANK0     0057
main@ucLoaderStep                             bssBANK0     0058
main@ucLoaderStep1                            bssBANK0     0059
main@ucLoaderStep2                            bssBANK0     005A
main@ucLoaderStep3                            bssBANK0     005B
main@ucLoaderStep4                            bssBANK0     005C
main@ucTimer1s                                bssBANK1     00B2
main@ucTimerCntP3s                            bssBANK0     005D
main@ucTimerDelay                             bssBANK0     005E
main@ucTimerDelay1                            bssBANK0     005F
main@ucTimerDelay2                            bssBANK0     0060
main@ucTimerDelay3                            bssBANK0     0061
main@ucTimerDelay4                            bssBANK0     0062
main@ucTimerDelayP2sLess                      bssBANK0     0063
main@ucTimerDelayP2sMore                      bssBANK0     0064
main@ucTimerLargeZeroP5s                      bssBANK0     0065
main@ucTimerLessX1P5s                         bssBANK1     00B3
main@ucTimerLessX2P5s                         bssBANK1     00B4
main@ucTimerLessZeroP5s                       bssBANK0     0066
main@ucTimerP3s                               bssBANK1     00B5
main@ucTimerP5s                               bssBANK0     0067
main@ucTimerRightP5s                          bssBANK0     0068
main@ucTimerX1P5s                             bssBANK1     00B6
main@ucTimerX2P5s                             bssBANK1     00B7
main@ucTimerZeroPoint3s                       bssBANK0     0069
main@ucTimerZeroPoint5s                       bssBANK0     006A
main@uiCh5Value                               cstackBANK0  0048
main@uiMaxValue                               bssBANK1     00A8
main@uiMinValue                               bssBANK1     00AA
main@uiOldValue                               bssBANK0     004A
reset_vec                                     reset_vec    0000
saved_w                                       (abs)        007E
setAD_ConvertFlag@flag                        cstackBANK0  0020
setPA0@bValue                                 cstackBANK0  0020
setPA1@bValue                                 cstackBANK0  0020
setPA2@bValue                                 cstackBANK0  0020
setPA3@bValue                                 cstackBANK0  0020
setPA6@bValue                                 cstackBANK0  0020
setPB0@bValue                                 cstackBANK0  0020
setPB1@bValue                                 cstackBANK0  0020
setPB2@bValue                                 cstackBANK0  0020
setPB4@bValue                                 cstackBANK0  0020
setPB6@bValue                                 cstackBANK0  0020
start                                         init         0011
startThreeHoursTimer@uiSetTime                cstackBANK0  0020
startTwelveHourTimer@uiSetTime                cstackBANK0  0020
startTwentyMinuteTimer@uiValue                cstackBANK0  0020
start_initialization                          cinit        07E0
vHandle20sTimerOut@bClearStep                 cstackBANK0  0021
vHandle20sTimerOut@ucTimeCnt                  bssCOMMON    007D
vHandle20sTimerOut@ucTimerOnBehaviorStep      bssBANK1     00B8
vHandle20sTimeron@ucCompareStep               bssBANK1     00B9
vHandle20sTimeron@ucLessThanP3sCnt            bssBANK1     00BA
vHandle20sTimeron@ucLessThanP8sCnt            bssBANK1     00BB
vHandle20sTimeron@ucMoreThanP3sCnt            bssBANK1     00BC
vHandle20sTimeron@ucMoreThanP8sCnt            bssBANK1     00BD
vHandle20sTimeron@ucTimeCntP2s                bssBANK1     00BE
vHandle20sTimeron@ucTimerCntLess              bssBANK1     00BF
vHandle20sTimeron@ucTimerCntMore              bssBANK1     00C0
vHandle20sTimeron@ucTimerCntN1                bssBANK1     00C1
vHandle20sTimeron@ucTimerCntP5s               bssBANK1     00C2
vHandle20sTimeron@waitLoopStep                bssBANK1     00C3
vPause20sTimer@bValue                         cstackBANK0  0020
vPutSampleDataIntoTable@channel               cstackCOMMON 0076
vPutSampleDataIntoTable@i                     cstackCOMMON 0077
vPutSampleDataIntoTable@ucChannelFifthLength  bssBANK0     006B
vPutSampleDataIntoTable@ucChannelSecondLength bssBANK0     006C
vPutSampleDataIntoTable@ucChannelSixthLength  bssBANK0     006D
vPutSampleDataIntoTable@ucChannelZeroLength   bssBANK0     006E
vPutSampleDataIntoTable@uiSampleData          cstackCOMMON 0074
wtemp0                                        (abs)        007E
