HI-TECH Software C Compiler 

Linker command line:

--edf=C:\Program Files (x86)\HI-TECH Software\PICC\9.83\dat\en_msgs.txt -cs \
  -h+ProjTest.sym -z -Q16C77 -ol.obj -MProjTest.map -E1 -ACONST=00h-0FFhx16 \
  -ACODE=00h-07FFhx2 -ASTRCODE=00h-0FFFh -AENTRY=00h-0FFhx16 \
  -ASTRING=00h-0FFhx16 -ABANK0=020h-06Fh -ABANK1=0A0h-0EFh \
  -ABANK2=0110h-016Fh -ABANK3=0190h-01EFh \
  -ARAM=020h-06Fh,0A0h-0EFh,0110h-016Fh,0190h-01EFh \
  -AABS1=020h-07Fh,0A0h-0EFh,0110h-016Fh,0190h-01EFh -ACOMMON=070h-07Fh \
  -ASFR0=00h-01Fh -ASFR1=080h-09Fh -ASFR2=0100h-010Fh -ASFR3=0180h-018Fh \
  -preset_vec=00h,intentry=04h,init,end_init -ppowerup=CODE -pfunctab=CODE \
  -ACONFIG=02000h-02007h -pconfig=CONFIG -DCONFIG=2 -AIDLOC=02008h-0200Bh \
  -pidloc=IDLOC -DIDLOC=2 -DCODE=2 -DSTRCODE=2 -DSTRING=2 -DCONST=2 \
  -DENTRY=2 -k startup.obj ProjTest.obj 

Object code version is 3.10

Machine type is 16C77



                Name                               Link     Load   Length Selector   Space Scale
startup.obj     end_init                             11       11        2        8       0
                reset_vec                             0        0        2        0       0
ProjTest.obj    intentry                              4        4        D        8       0
                config                             2000     2000        3     4000       0
                text734                             318      318       D8        8       0
                text730                             51E      51E       13        8       0
                text729                             5A2      5A2        8      AD6       0
                text728                             576      576        A      AD6       0
                text727                             5C9      5C9        3      AD6       0
                text725                             5C4      5C4        5      AD6       0
                text724                             56B      56B        B      AD6       0
                text723                             59A      59A        8      AD6       0
                text721                             5BF      5BF        5      AD6       0
                text720                             5CC      5CC        2      AD6       0
                text719                             589      589        9      AD6       0
                text718                             5BA      5BA        5      AD6       0
                text717                             5B5      5B5        5      AD6       0
                text716                             5AA      5AA        6      AD6       0
                text715                             580      580        9      AD6       0
                text714                             5B0      5B0        5      AD6       0
                text708                             4A9      4A9       5A        8       0
                text705                             3F0      3F0       B9        8       0
                text704                             503      503       1B        8       0
                swtext3                             55F      55F        C      A86       0
                swtext2                             551      551        E      A86       0
                swtext1                             543      543        E      A86       0
                maintext                             13       13      305        8       0
                cstackBANK0                          20       20       29       20       1
                cstackCOMMON                         70       70        D       70       1
                clrtext                             592      592        8      AD6       0
                bssBANK1                             A0       A0       4A       A0       1
                dataBANK0                            6E       6E        1       20       1
                bssBANK0                             49       49       25       20       1
                bssCOMMON                            7D       7D        1       70       1
                cinit                               531      531       12        8       0

TOTAL           Name                               Link     Load   Length     Space
        CLASS   CONST          
                swtext3                             55F      55F        C         0
                swtext2                             551      551        E         0
                swtext1                             543      543        E         0

        CLASS   CODE           
                end_init                             11       11        2         0
                intentry                              4        4        D         0
                reset_vec                             0        0        2         0
                text734                             318      318       D8         0
                text730                             51E      51E       13         0
                text729                             5A2      5A2        8         0
                text728                             576      576        A         0
                text727                             5C9      5C9        3         0
                text725                             5C4      5C4        5         0
                text724                             56B      56B        B         0
                text723                             59A      59A        8         0
                text721                             5BF      5BF        5         0
                text720                             5CC      5CC        2         0
                text719                             589      589        9         0
                text718                             5BA      5BA        5         0
                text717                             5B5      5B5        5         0
                text716                             5AA      5AA        6         0
                text715                             580      580        9         0
                text714                             5B0      5B0        5         0
                text708                             4A9      4A9       5A         0
                text705                             3F0      3F0       B9         0
                text704                             503      503       1B         0
                maintext                             13       13      305         0
                clrtext                             592      592        8         0
                cinit                               531      531       12         0

        CLASS   STRCODE        

        CLASS   ENTRY          

        CLASS   STRING         

        CLASS   BANK0          
                cstackBANK0                          20       20       29         1
                dataBANK0                            6E       6E        1         1
                bssBANK0                             49       49       25         1

        CLASS   BANK1          
                bssBANK1                             A0       A0       4A         1

        CLASS   BANK2          

        CLASS   BANK3          

        CLASS   RAM            

        CLASS   ABS1           
                abs_s1                               7E       7E        2         1

        CLASS   COMMON         
                cstackCOMMON                         70       70        D         1
                bssCOMMON                            7D       7D        1         1

        CLASS   SFR0           

        CLASS   SFR1           

        CLASS   SFR2           

        CLASS   SFR3           

        CLASS   CONFIG         
                config                             2000     2000        3         0

        CLASS   IDLOC          

        CLASS   EEDATA         



SEGMENTS        Name                           Load    Length   Top    Selector   Space  Class     Delta

                reset_vec                      000000  000002  000002         0       0  CODE        2
                intentry                       000004  00053F  000543         8       0  CODE        2
                cstackBANK0                    000020  00004F  00006F        20       1  BANK0       1
                cstackCOMMON                   000070  00000E  00007E        70       1  COMMON      1
                bssBANK1                       0000A0  00004A  0000EA        A0       1  BANK1       1
                swtext1                        000543  000028  00056B       A86       0  CONST       2
                text724                        00056B  000063  0005CE       AD6       0  CODE        2
                config                         002000  000003  002003      4000       0  CONFIG      2


UNUSED ADDRESS RANGES

        Name                Unused          Largest block    Delta
        BANK0            006F-006F              1           1
        BANK1            00EA-00EF              6           1
        BANK2            0110-016F             60           1
        BANK3            0190-01EF             60           1
        CODE             0002-0003              2           2
                         05CE-0FFF            232
        CONFIG           2003-2007              5           2
        CONST            0002-0003              2           2
                         05CE-0FFF            100
        ENTRY            0002-0003              2           2
                         05CE-0FFF            100
        IDLOC            2008-200B              4           2
        RAM              006F-006F              1           1
                         00EA-00EF              6
                         0110-016F             60
                         0190-01EF             60
        SFR0             0000-001F             20           1
        SFR1             0080-009F             20           1
        SFR2             0100-010F             10           1
        SFR3             0180-018F             10           1
        STRCODE          0002-0003              2           2
                         05CE-0FFF            A32
        STRING           0002-0003              2           2
                         05CE-0FFF            100

                                  Symbol Table

??_AD_Sample                                      cstackBANK0  0020
??_Filter                                         cstackBANK0  0022
??_ISR                                            cstackCOMMON 0079
??_adc_get                                        cstackCOMMON 0072
??_adc_start                                      cstackBANK0  0020
??_adc_test_init                                  cstackBANK0  0021
??_clearAllTimer                                  cstackBANK0  0020
??_clearPinPortAndTimer                           cstackBANK0  0020
??_clearThreeHoursTimer                           cstackBANK0  0020
??_clearTwelveHoursTimer                          cstackBANK0  0020
??_clearTwentySecondsTimer                        cstackBANK0  0020
??_clock_config                                   cstackBANK0  0020
??_clrSampeTime                                   cstackBANK0  0020
??_dac_init                                       cstackBANK0  0020
??_getAD_ConvertFlag                              cstackBANK0  0020
??_getAdOriginaCh4Value                           cstackBANK0  0049
??_getAdOriginalCh14Value                         cstackBANK0  0049
??_getAdOriginalCh1Value                          cstackBANK0  0049
??_initPin                                        cstackBANK0  0020
??_isFinishedThreeHoursTimer                      cstackBANK0  0020
??_isFinishedTwelveHoursTimer                     cstackBANK0  0020
??_isFinishedTwentySecondsTimer                   cstackBANK0  0020
??_isPermitSampleTime                             cstackBANK0  0020
??_main                                           cstackBANK0  0049
??_op1_init                                       cstackBANK0  0020
??_op2_init                                       cstackBANK0  0020
??_process_AD_Converter_Value                     cstackBANK0  0023
??_setAD_ConvertFlag                              cstackBANK0  0020
??_startThreeHoursTimer                           cstackBANK0  0022
??_startTwelveHourTimer                           cstackBANK0  0022
??_startTwentySecondsTimer                        cstackBANK0  0020
??_timer1_config                                  cstackBANK0  0020
??_timer1_interrupt_config                        cstackBANK0  0020
??_vPutSampleDataIntoTable                        cstackCOMMON 0077
??i1_setAD_ConvertFlag                            cstackCOMMON 0070
?_AD_Sample                                       cstackCOMMON 0070
?_Filter                                          cstackBANK0  0020
?_ISR                                             cstackCOMMON 0070
?_adc_get                                         cstackCOMMON 0070
?_adc_start                                       cstackCOMMON 0070
?_adc_test_init                                   cstackBANK0  0020
?_clearAllTimer                                   cstackCOMMON 0070
?_clearPinPortAndTimer                            cstackCOMMON 0070
?_clearThreeHoursTimer                            cstackCOMMON 0070
?_clearTwelveHoursTimer                           cstackCOMMON 0070
?_clearTwentySecondsTimer                         cstackCOMMON 0070
?_clock_config                                    cstackCOMMON 0070
?_clrSampeTime                                    cstackCOMMON 0070
?_dac_init                                        cstackCOMMON 0070
?_getAD_ConvertFlag                               cstackCOMMON 0070
?_getAdOriginaCh4Value                            cstackBANK0  0047
?_getAdOriginalCh14Value                          cstackBANK0  0047
?_getAdOriginalCh1Value                           cstackBANK0  0047
?_initPin                                         cstackCOMMON 0070
?_isFinishedThreeHoursTimer                       cstackCOMMON 0070
?_isFinishedTwelveHoursTimer                      cstackCOMMON 0070
?_isFinishedTwentySecondsTimer                    cstackCOMMON 0070
?_isPermitSampleTime                              cstackCOMMON 0070
?_main                                            cstackCOMMON 0070
?_op1_init                                        cstackCOMMON 0070
?_op2_init                                        cstackCOMMON 0070
?_process_AD_Converter_Value                      cstackCOMMON 0070
?_setAD_ConvertFlag                               cstackCOMMON 0070
?_startThreeHoursTimer                            cstackBANK0  0020
?_startTwelveHourTimer                            cstackBANK0  0020
?_startTwentySecondsTimer                         cstackCOMMON 0070
?_timer1_config                                   cstackCOMMON 0070
?_timer1_interrupt_config                         cstackCOMMON 0070
?_vPutSampleDataIntoTable                         cstackCOMMON 0074
?i1_setAD_ConvertFlag                             cstackCOMMON 0070
Filter@cir                                        cstackBANK0  0043
Filter@filter_buf                                 cstackBANK0  0026
Filter@filter_sum                                 cstackBANK0  0040
Filter@filter_temp                                cstackBANK0  003E
Filter@i                                          cstackBANK0  0046
Filter@j                                          cstackBANK0  0045
Filter@tmpValue                                   cstackBANK0  0042
ISR@ucTimer1sCnt                                  bssBANK0     004D
_ADCON0                                           (abs)        001F
_ADCON1                                           (abs)        009F
_ADIE                                             (abs)        046A
_ADIF                                             (abs)        006A
_ADON                                             (abs)        00F8
_ADRESH                                           (abs)        001E
_ADRESL                                           (abs)        009E
_AD_Sample                                        text708      04CE
_CLKPCE                                           (abs)        0847
_CLKPR                                            (abs)        0108
_DACCON                                           (abs)        0087
_DACR0                                            (abs)        0088
_Filter                                           text705      0405
_GIE                                              (abs)        005F
_GO                                               (abs)        00F9
_ISR                                              text734      0318
_OP1CON0                                          (abs)        001B
_OP1CON1                                          (abs)        001C
_OP1CON2                                          (abs)        001D
_OP2CON0                                          (abs)        009B
_OP2CON1                                          (abs)        009C
_OP2CON2                                          (abs)        009D
_PA0                                              (abs)        0028
_PA1                                              (abs)        0029
_PA2                                              (abs)        002A
_PA3                                              (abs)        002B
_PA6                                              (abs)        002E
_PA7                                              (abs)        002F
_PAOD7                                            (abs)        0C3F
_PB0                                              (abs)        0030
_PB1                                              (abs)        0031
_PB6                                              (abs)        0036
_PBOD6                                            (abs)        0C46
_PEIE                                             (abs)        005E
_T1CON                                            (abs)        0010
_TMR1H                                            (abs)        000F
_TMR1IE                                           (abs)        0460
_TMR1IF                                           (abs)        0060
_TMR1L                                            (abs)        000E
_TRISA0                                           (abs)        0428
_TRISA1                                           (abs)        0429
_TRISA2                                           (abs)        042A
_TRISA3                                           (abs)        042B
_TRISA6                                           (abs)        042E
_TRISA7                                           (abs)        042F
_TRISB0                                           (abs)        0430
_TRISB1                                           (abs)        0431
_TRISB2                                           (abs)        0432
_TRISB3                                           (abs)        0433
_TRISB4                                           (abs)        0434
_TRISB5                                           (abs)        0435
_TRISB6                                           (abs)        0436
_TRISB7                                           (abs)        0437
__Habs1                                           abs1         0000
__Hbank0                                          bank0        0000
__Hbank1                                          bank1        0000
__Hbank2                                          bank2        0000
__Hbank3                                          bank3        0000
__HbssBANK0                                       bssBANK0     0000
__HbssBANK1                                       bssBANK1     0000
__HbssCOMMON                                      bssCOMMON    0000
__Hcinit                                          cinit        0000
__Hclrtext                                        clrtext      0000
__Hcode                                           code         0000
__Hcommon                                         common       0000
__Hconfig                                         config       2003
__HcstackBANK0                                    cstackBANK0  0000
__HcstackCOMMON                                   cstackCOMMON 0000
__HdataBANK0                                      dataBANK0    0000
__Heeprom_data                                    eeprom_data  0000
__Hend_init                                       end_init     0013
__Hfunctab                                        functab      0000
__HidataBANK0                                     idataBANK0   0000
__Hidloc                                          idloc        0000
__Hinit                                           init         0011
__Hintentry                                       intentry     0011
__Hmaintext                                       maintext     0000
__Hpa_nodes                                       pa_nodes     0000
__Hpowerup                                        powerup      0000
__Hram                                            ram          0000
__Hreset_vec                                      reset_vec    0002
__Hsfr0                                           sfr0         0000
__Hsfr1                                           sfr1         0000
__Hsfr2                                           sfr2         0000
__Hsfr3                                           sfr3         0000
__Hstrings                                        strings      0000
__Htext                                           text         0000
__Labs1                                           abs1         0000
__Lbank0                                          bank0        0000
__Lbank1                                          bank1        0000
__Lbank2                                          bank2        0000
__Lbank3                                          bank3        0000
__LbssBANK0                                       bssBANK0     0000
__LbssBANK1                                       bssBANK1     0000
__LbssCOMMON                                      bssCOMMON    0000
__Lcinit                                          cinit        0000
__Lclrtext                                        clrtext      0000
__Lcode                                           code         0000
__Lcommon                                         common       0000
__Lconfig                                         config       2000
__LcstackBANK0                                    cstackBANK0  0000
__LcstackCOMMON                                   cstackCOMMON 0000
__LdataBANK0                                      dataBANK0    0000
__Leeprom_data                                    eeprom_data  0000
__Lend_init                                       end_init     0011
__Lfunctab                                        functab      0000
__LidataBANK0                                     idataBANK0   0000
__Lidloc                                          idloc        0000
__Linit                                           init         0011
__Lintentry                                       intentry     0004
__Lmaintext                                       maintext     0000
__Lpa_nodes                                       pa_nodes     0000
__Lpowerup                                        powerup      0000
__Lram                                            ram          0000
__Lreset_vec                                      reset_vec    0000
__Lsfr0                                           sfr0         0000
__Lsfr1                                           sfr1         0000
__Lsfr2                                           sfr2         0000
__Lsfr3                                           sfr3         0000
__Lstrings                                        strings      0000
__Ltext                                           text         0000
__S0                                              (abs)        2003
__S1                                              (abs)        00EA
__end_of_AD_Sample                                text708      04EB
__end_of_Filter                                   text705      0493
__end_of_ISR                                      text734      0375
__end_of_adc_get                                  text734      0380
__end_of_adc_start                                text708      0503
__end_of_adc_test_init                            text708      0500
__end_of_clearAllTimer                            text704      0514
__end_of_clearPinPortAndTimer                     text704      050F
__end_of_clearThreeHoursTimer                     text704      051A
__end_of_clearTwelveHoursTimer                    text704      0517
__end_of_clearTwentySecondsTimer                  text704      051E
__end_of_clock_config                             text729      05AA
__end_of_clrSampeTime                             text720      05CE
__end_of_dac_init                                 text725      05C9
__end_of_getAD_ConvertFlag                        text708      04CB
__end_of_getAdOriginaCh4Value                     text705      03F7
__end_of_getAdOriginalCh14Value                   text705      0405
__end_of_getAdOriginalCh1Value                    text705      03FE
__end_of_initPin                                  text730      0531
__end_of_isFinishedThreeHoursTimer                text714      05B5
__end_of_isFinishedTwelveHoursTimer               text718      05BF
__end_of_isFinishedTwentySecondsTimer             text716      05B0
__end_of_isPermitSampleTime                       text721      05C4
__end_of_main                                     maintext     0318
__end_of_op1_init                                 text724      0576
__end_of_op2_init                                 text723      05A2
__end_of_process_AD_Converter_Value               text708      04C7
__end_of_setAD_ConvertFlag                        text708      04CE
__end_of_startThreeHoursTimer                     text715      0589
__end_of_startTwelveHourTimer                     text719      0592
__end_of_startTwentySecondsTimer                  text717      05BA
__end_of_timer1_config                            text728      0580
__end_of_timer1_interrupt_config                  text727      05CC
__end_of_vPutSampleDataIntoTable                  text734      03DD
__end_ofi1_setAD_ConvertFlag                      text734      03E0
__pbssBANK0                                       bssBANK0     0049
__pbssBANK1                                       bssBANK1     00A0
__pbssCOMMON                                      bssCOMMON    007D
__pcstackBANK0                                    cstackBANK0  0020
__pcstackCOMMON                                   cstackCOMMON 0070
__pdataBANK0                                      dataBANK0    006E
__pidataBANK0                                     idataBANK0   0000
__pintentry                                       intentry     0004
__pmaintext                                       maintext     0013
__pswtext1                                        swtext1      0543
__pswtext2                                        swtext2      0551
__pswtext3                                        swtext3      055F
__ptext704                                        text704      0503
__ptext705                                        text705      03F0
__ptext706                                        text705      03F7
__ptext707                                        text705      03FE
__ptext708                                        text708      04A9
__ptext709                                        text704      050F
__ptext710                                        text708      04CE
__ptext711                                        text708      04CB
__ptext712                                        text708      04C7
__ptext713                                        text705      0405
__ptext714                                        text714      05B0
__ptext715                                        text715      0580
__ptext716                                        text716      05AA
__ptext717                                        text717      05B5
__ptext718                                        text718      05BA
__ptext719                                        text719      0589
__ptext720                                        text720      05CC
__ptext721                                        text721      05BF
__ptext722                                        text708      0500
__ptext723                                        text723      059A
__ptext724                                        text724      056B
__ptext725                                        text725      05C4
__ptext726                                        text708      04EB
__ptext727                                        text727      05C9
__ptext728                                        text728      0576
__ptext729                                        text729      05A2
__ptext730                                        text730      051E
__ptext731                                        text704      051A
__ptext732                                        text704      0517
__ptext733                                        text704      0514
__ptext734                                        text734      0318
__ptext735                                        text734      03DD
__ptext736                                        text734      0375
__ptext737                                        text734      0380
__ptext738                                        text738      0000
__size_of_AD_Sample                               (abs)        0000
__size_of_Filter                                  (abs)        0000
__size_of_ISR                                     (abs)        0000
__size_of_adc_get                                 (abs)        0000
__size_of_adc_start                               (abs)        0000
__size_of_adc_test_init                           (abs)        0000
__size_of_clearAllTimer                           (abs)        0000
__size_of_clearPinPortAndTimer                    (abs)        0000
__size_of_clearThreeHoursTimer                    (abs)        0000
__size_of_clearTwelveHoursTimer                   (abs)        0000
__size_of_clearTwentySecondsTimer                 (abs)        0000
__size_of_clock_config                            (abs)        0000
__size_of_clrSampeTime                            (abs)        0000
__size_of_dac_init                                (abs)        0000
__size_of_getAD_ConvertFlag                       (abs)        0000
__size_of_getAdOriginaCh4Value                    (abs)        0000
__size_of_getAdOriginalCh14Value                  (abs)        0000
__size_of_getAdOriginalCh1Value                   (abs)        0000
__size_of_initPin                                 (abs)        0000
__size_of_isFinishedThreeHoursTimer               (abs)        0000
__size_of_isFinishedTwelveHoursTimer              (abs)        0000
__size_of_isFinishedTwentySecondsTimer            (abs)        0000
__size_of_isPermitSampleTime                      (abs)        0000
__size_of_main                                    (abs)        0000
__size_of_op1_init                                (abs)        0000
__size_of_op2_init                                (abs)        0000
__size_of_process_AD_Converter_Value              (abs)        0000
__size_of_setAD_ConvertFlag                       (abs)        0000
__size_of_startThreeHoursTimer                    (abs)        0000
__size_of_startTwelveHourTimer                    (abs)        0000
__size_of_startTwentySecondsTimer                 (abs)        0000
__size_of_timer1_config                           (abs)        0000
__size_of_timer1_interrupt_config                 (abs)        0000
__size_of_vPutSampleDataIntoTable                 (abs)        0000
__size_ofi1_setAD_ConvertFlag                     (abs)        0000
_adc_convert_flag                                 bssBANK0     004E
_adc_get                                          text734      0375
_adc_start                                        text708      0500
_adc_test_init                                    text708      04EB
_clearAllTimer                                    text704      050F
_clearPinPortAndTimer                             text704      0503
_clearThreeHoursTimer                             text704      0517
_clearTwelveHoursTimer                            text704      0514
_clearTwentySecondsTimer                          text704      051A
_clock_config                                     text729      05A2
_clrSampeTime                                     text720      05CC
_dac_init                                         text725      05C4
_exit                                             init         0011
_getAD_ConvertFlag                                text708      04C7
_getAdOriginaCh4Value                             text705      03F0
_getAdOriginalCh14Value                           text705      03FE
_getAdOriginalCh1Value                            text705      03F7
_initPin                                          text730      051E
_isFinishedThreeHoursTimer                        text714      05B0
_isFinishedTwelveHoursTimer                       text718      05BA
_isFinishedTwentySecondsTimer                     text716      05AA
_isPermitSampleTime                               text721      05BF
_main                                             maintext     0013
_op1_init                                         text724      056B
_op2_init                                         text723      059A
_process_AD_Converter_Value                       text708      04A9
_sampleChannelSelect                              dataBANK0    006E
_sampleTimes                                      bssBANK0     004F
_setAD_ConvertFlag                                text708      04CB
_startThreeHoursTimer                             text715      0580
_startTwelveHourTimer                             text719      0589
_startTwentySecondsTimer                          text717      05B5
_timer                                            bssBANK0     0050
_timer1_config                                    text728      0576
_timer1_interrupt_config                          text727      05C9
_uiBigTimer                                       bssBANK0     0049
_uiSampleChannelFirst                             bssBANK1     00A2
_uiSampleChannelFourteenth                        bssBANK1     00BA
_uiSampleChannelFourth                            bssBANK1     00D2
_uiSmallTimer                                     bssBANK0     004B
_uiTwentySecondsTimer                             bssBANK1     00A0
_vPutSampleDataIntoTable                          text734      0380
adc_get@val                                       cstackCOMMON 0072
adc_test_init@channel                             cstackBANK0  0022
adc_test_init@ref                                 cstackBANK0  0020
btemp                                             (abs)        007E
clear_ram                                         clrtext      0592
end_of_initialization                             cinit        0540
i1_setAD_ConvertFlag                              text734      03DD
i1l1644                                                            
i1l2387                                                            
i1l3946                                                            
i1l3948                                                            
i1l3952                                                            
i1l3956                                                            
i1l3964                                                            
i1l3968                                                            
i1l3976                                                            
i1l3980                                                            
i1l3990                                                            
i1l3992                                                            
i1l4022                                                            
i1l4026                                                            
i1l4028                                                            
i1l4032                                                            
i1l4044                                                            
i1l4046                                                            
i1l4052                                                            
i1l4056                                                            
i1l4060                                                            
i1setAD_ConvertFlag@flag                          cstackCOMMON 0070
interrupt_function                                intentry     0004
intlevel0                                         functab      0000
intlevel1                                         functab      0000
intlevel2                                         functab      0000
intlevel3                                         functab      0000
intlevel4                                         functab      0000
intlevel5                                         functab      0000
l1603                                                              
l1632                                                              
l1635                                                              
l1638                                                              
l1641                                                              
l1644                                                              
l1647                                                              
l1650                                                              
l1653                                                              
l1682                                                              
l1685                                                              
l1688                                                              
l1695                                                              
l1718                                                              
l2364                                                              
l2367                                                              
l2370                                                              
l2378                                                              
l2384                                                              
l3788                                                              
l3790                                                              
l3794                                                              
l3796                                                              
l3798                                                              
l3800                                                              
l3802                                                              
l3804                                                              
l3806                                                              
l3808                                                              
l3810                                                              
l3812                                                              
l3814                                                              
l3816                                                              
l3818                                                              
l3820                                                              
l3822                                                              
l3824                                                              
l3826                                                              
l3828                                                              
l3830                                                              
l3832                                                              
l3836                                                              
l3848                                                              
l3850                                                              
l3854                                                              
l3866                                                              
l3868                                                              
l3880                                                              
l3884                                                              
l3896                                                              
l3904                                                              
l3906                                                              
l3908                                                              
l3928                                                              
l3936                                                              
l3938                                                              
l3942                                                              
l3994                                                              
l3998                                                              
l4000                                                              
l4004                                                              
l4008                                                              
l4018                                                              
l4064                                                              
l4068                                                              
l4074                                                              
l4080                                                              
l4084                                                              
l4088                                                              
l4092                                                              
l4094                                                              
l4096                                                              
l4098                                                              
l4100                                                              
l4102                                                              
l4104                                                              
l4106                                                              
l4108                                                              
l4110                                                              
l4112                                                              
l4114                                                              
l4116                                                              
l4120                                                              
l4122                                                              
l4134                                                              
l4144                                                              
l4150                                                              
l4156                                                              
l4166                                                              
l4168                                                              
l4178                                                              
l4180                                                              
l4184                                                              
l4480                                                              
l4486                                                              
l4488                                                              
l4494                                                              
l4496                                                              
l4500                                                              
l4506                                                              
l4508                                                              
l4514                                                              
l4516                                                              
l4518                                                              
l4520                                                              
l4522                                                              
l4526                                                              
l4528                                                              
l4542                                                              
l4544                                                              
l4546                                                              
l4548                                                              
l4550                                                              
l4562                                                              
l4582                                                              
l4594                                                              
l4596                                                              
l4598                                                              
l4600                                                              
l677                                                               
l680                                                               
l683                                                               
main@cTimer1s_811                                 bssBANK0     0051
main@enumBranchStep                               bssBANK0     0052
main@enumInteralStep                              bssBANK0     0053
main@enumMainLoopStep                             bssBANK0     0054
main@ucADC4_Step                                  bssBANK0     0055
main@ucChannel4Type                               bssBANK0     0056
main@ucLoaderStep                                 bssBANK0     0057
main@ucLoaderStep1                                bssBANK0     0058
main@ucLoaderStep2                                bssBANK0     0059
main@ucLoaderStep3                                bssBANK0     005A
main@ucLoaderStep4                                bssBANK0     005B
main@ucTimer1s                                    bssBANK0     005C
main@ucTimer20s                                   bssBANK0     005D
main@ucTimerADC1ZeroP5s                           bssBANK0     005E
main@ucTimerDelay                                 bssBANK0     005F
main@ucTimerDelay1                                bssBANK0     0060
main@ucTimerDelay2                                bssBANK0     0061
main@ucTimerDelay3                                bssBANK0     0062
main@ucTimerDelay4                                bssBANK0     0063
main@ucTimerDelayP5s                              bssBANK0     0064
main@ucTimerP3s                                   bssBANK0     0065
main@ucTimerP5s                                   bssBANK0     0066
main@ucTimerRightP5s                              bssBANK0     0067
main@ucTimerX1P5s                                 bssBANK0     0068
main@ucTimerX2P5s                                 bssBANK0     0069
main@ucTimerZeroPoint3s                           bssBANK0     006A
main@ucTimerZeroPoint5s                           bssBANK0     006B
reset_vec                                         reset_vec    0000
saved_w                                           (abs)        007E
setAD_ConvertFlag@flag                            cstackBANK0  0020
start                                             init         0011
startThreeHoursTimer@uiSetTime                    cstackBANK0  0020
startTwelveHourTimer@uiSetTime                    cstackBANK0  0020
start_initialization                              cinit        0531
vPutSampleDataIntoTable@channel                   cstackCOMMON 0076
vPutSampleDataIntoTable@i                         cstackCOMMON 0077
vPutSampleDataIntoTable@ucChannelFirstLength      bssCOMMON    007D
vPutSampleDataIntoTable@ucChannelFourteenthLength bssBANK0     006C
vPutSampleDataIntoTable@ucChannelFourthLength     bssBANK0     006D
vPutSampleDataIntoTable@uiSampleData              cstackCOMMON 0074
wtemp0                                            (abs)        007E
