HI-TECH Software C Compiler 

Linker command line:

--edf=C:\Program Files (x86)\HI-TECH Software\PICC\9.83\dat\en_msgs.txt -cs \
  -h+ProjTest.sym -z -Q16C77 -ol.obj -MProjTest.map -E1 -ACONST=00h-0FFhx16 \
  -ACODE=00h-07FFhx2 -ASTRCODE=00h-0FFFh -AENTRY=00h-0FFhx16 \
  -ASTRING=00h-0FFhx16 -ABANK0=020h-06Fh -ABANK1=0A0h-0EFh \
  -ABANK2=0110h-016Fh -ABANK3=0190h-01EFh \
  -ARAM=020h-06Fh,0A0h-0EFh,0110h-016Fh,0190h-01EFh \
  -AABS1=020h-07Fh,0A0h-0EFh,0110h-016Fh,0190h-01EFh -ACOMMON=070h-07Fh \
  -ASFR0=00h-01Fh -ASFR1=080h-09Fh -ASFR2=0100h-010Fh -ASFR3=0180h-018Fh \
  -preset_vec=00h,intentry=04h,init,end_init -ppowerup=CODE -pfunctab=CODE \
  -ACONFIG=02000h-02007h -pconfig=CONFIG -DCONFIG=2 -AIDLOC=02008h-0200Bh \
  -pidloc=IDLOC -DIDLOC=2 -DCODE=2 -DSTRCODE=2 -DSTRING=2 -DCONST=2 \
  -DENTRY=2 -k startup.obj ProjTest.obj 

Object code version is 3.10

Machine type is 16C77



                Name                               Link     Load   Length Selector   Space Scale
startup.obj     end_init                             11       11        2        8       0
                reset_vec                             0        0        2        0       0
ProjTest.obj    intentry                              4        4        D        8       0
                config                             2000     2000        3     4000       0
                text881                             44E      44E       E0        8       0
                text877                             6A7      6A7       13      D1C       0
                text876                             725      725        9      DFC       0
                text875                             75E      75E        8      DFC       0
                text874                             756      756        8      DFC       0
                text873                             74E      74E        8      DFC       0
                text872                             746      746        8      DFC       0
                text871                             73E      73E        8      DFC       0
                text870                             71C      71C        9      DFC       0
                text869                             736      736        8      DFC       0
                text868                             709      709        A      DFC       0
                text867                             78A      78A        3      DFC       0
                text865                             785      785        5      DFC       0
                text864                             6FE      6FE        B      DFC       0
                text863                             766      766        7      DFC       0
                text861                             77F      77F        6      DFC       0
                text860                             78D      78D        2      DFC       0
                text859                             6E4      6E4        E      DAC       0
                text858                             779      779        6      DFC       0
                text857                             713      713        9      DFC       0
                text856                             773      773        6      DFC       0
                text855                             6D6      6D6        E      DAC       0
                text854                             76D      76D        6      DFC       0
                text848                             5F9      5F9       5D        8       0
                text845                             52E      52E       CB        8       0
                text844                             656      656       1E        8       0
                swtext4                             674      674       1A      CE8       0
                swtext3                             6F2      6F2        C      DE4       0
                swtext2                             6C8      6C8        E      D74       0
                swtext1                             6BA      6BA        E      D74       0
                maintext                             13       13      43B        8       0
                cstackBANK0                          20       20       28       20       1
                cstackCOMMON                         70       70        D       70       1
                clrtext                             72E      72E        8      DFC       0
                bssBANK3                            190      190       18      190       1
                bssBANK1                             A0       A0       3E       A0       1
                dataBANK0                            6E       6E        1       20       1
                bssBANK0                             48       48       26       20       1
                bssCOMMON                            7D       7D        1       70       1
                cinit                               68E      68E       19      D1C       0

TOTAL           Name                               Link     Load   Length     Space
        CLASS   CONST          
                swtext4                             674      674       1A         0
                swtext3                             6F2      6F2        C         0
                swtext2                             6C8      6C8        E         0
                swtext1                             6BA      6BA        E         0

        CLASS   CODE           
                end_init                             11       11        2         0
                intentry                              4        4        D         0
                reset_vec                             0        0        2         0
                text881                             44E      44E       E0         0
                text877                             6A7      6A7       13         0
                text876                             725      725        9         0
                text875                             75E      75E        8         0
                text874                             756      756        8         0
                text873                             74E      74E        8         0
                text872                             746      746        8         0
                text871                             73E      73E        8         0
                text870                             71C      71C        9         0
                text869                             736      736        8         0
                text868                             709      709        A         0
                text867                             78A      78A        3         0
                text865                             785      785        5         0
                text864                             6FE      6FE        B         0
                text863                             766      766        7         0
                text861                             77F      77F        6         0
                text860                             78D      78D        2         0
                text859                             6E4      6E4        E         0
                text858                             779      779        6         0
                text857                             713      713        9         0
                text856                             773      773        6         0
                text855                             6D6      6D6        E         0
                text854                             76D      76D        6         0
                text848                             5F9      5F9       5D         0
                text845                             52E      52E       CB         0
                text844                             656      656       1E         0
                maintext                             13       13      43B         0
                clrtext                             72E      72E        8         0
                cinit                               68E      68E       19         0

        CLASS   STRCODE        

        CLASS   ENTRY          

        CLASS   STRING         

        CLASS   BANK0          
                cstackBANK0                          20       20       28         1
                dataBANK0                            6E       6E        1         1
                bssBANK0                             48       48       26         1

        CLASS   BANK1          
                bssBANK1                             A0       A0       3E         1

        CLASS   BANK2          

        CLASS   BANK3          
                bssBANK3                            190      190       18         1

        CLASS   RAM            

        CLASS   ABS1           
                abs_s1                               7E       7E        2         1

        CLASS   COMMON         
                cstackCOMMON                         70       70        D         1
                bssCOMMON                            7D       7D        1         1

        CLASS   SFR0           

        CLASS   SFR1           

        CLASS   SFR2           

        CLASS   SFR3           

        CLASS   CONFIG         
                config                             2000     2000        3         0

        CLASS   IDLOC          

        CLASS   EEDATA         



SEGMENTS        Name                           Load    Length   Top    Selector   Space  Class     Delta

                reset_vec                      000000  000002  000002         0       0  CODE        2
                intentry                       000004  000670  000674         8       0  CODE        2
                cstackBANK0                    000020  00004F  00006F        20       1  BANK0       1
                cstackCOMMON                   000070  00000E  00007E        70       1  COMMON      1
                bssBANK1                       0000A0  00003E  0000DE        A0       1  BANK1       1
                bssBANK3                       000190  000018  0001A8       190       1  BANK3       1
                swtext4                        000674  00001A  00068E       CE8       0  CONST       2
                cinit                          00068E  00002C  0006BA       D1C       0  CODE        2
                swtext1                        0006BA  00001C  0006D6       D74       0  CONST       2
                text855                        0006D6  00001C  0006F2       DAC       0  CODE        2
                swtext3                        0006F2  00000C  0006FE       DE4       0  CONST       2
                text864                        0006FE  000091  00078F       DFC       0  CODE        2
                config                         002000  000003  002003      4000       0  CONFIG      2


UNUSED ADDRESS RANGES

        Name                Unused          Largest block    Delta
        BANK0            006F-006F              1           1
        BANK1            00DE-00EF             12           1
        BANK2            0110-016F             60           1
        BANK3            01A8-01EF             48           1
        CODE             0002-0003              2           2
                         078F-0FFF             71
        CONFIG           2003-2007              5           2
        CONST            0002-0003              2           2
                         078F-0FFF            100
        ENTRY            0002-0003              2           2
                         078F-0FFF            100
        IDLOC            2008-200B              4           2
        RAM              006F-006F              1           1
                         00DE-00EF             12
                         0110-016F             60
                         01A8-01EF             48
        SFR0             0000-001F             20           1
        SFR1             0080-009F             20           1
        SFR2             0100-010F             10           1
        SFR3             0180-018F             10           1
        STRCODE          0002-0003              2           2
                         078F-0FFF            871
        STRING           0002-0003              2           2
                         078F-0FFF            100

                                  Symbol Table

??_AD_Sample                                      cstackBANK0  0020
??_Filter                                         cstackBANK0  0022
??_ISR                                            cstackCOMMON 0079
??_adc_get                                        cstackCOMMON 0072
??_adc_start                                      cstackBANK0  0020
??_adc_test_init                                  cstackBANK0  0021
??_clearAllTimer                                  cstackBANK0  0020
??_clearPinPortAndTimer                           cstackBANK0  0020
??_clearThreeHoursTimer                           cstackBANK0  0020
??_clearTwelveHoursTimer                          cstackBANK0  0020
??_clearTwentySecondsTimer                        cstackBANK0  0020
??_clock_config                                   cstackBANK0  0020
??_clrSampeTime                                   cstackBANK0  0020
??_dac_init                                       cstackBANK0  0020
??_getAD_ConvertFlag                              cstackBANK0  0020
??_getAdOriginaCh4Value                           cstackBANK0  0048
??_getAdOriginalCh14Value                         cstackBANK0  0048
??_getAdOriginalCh1Value                          cstackBANK0  0048
??_initPin                                        cstackBANK0  0020
??_isFinishedThreeHoursTimer                      cstackBANK0  0020
??_isFinishedTwelveHoursTimer                     cstackBANK0  0020
??_isFinishedTwentySecondsTimer                   cstackBANK0  0020
??_isPermitSampleTime                             cstackBANK0  0020
??_main                                           cstackBANK0  0048
??_op1_init                                       cstackBANK0  0020
??_op2_init                                       cstackBANK0  0020
??_process_AD_Converter_Value                     cstackBANK0  0023
??_setAD_ConvertFlag                              cstackBANK0  0020
??_setPA0                                         cstackBANK0  0020
??_setPA1                                         cstackBANK0  0020
??_setPA2                                         cstackBANK0  0020
??_setPA3                                         cstackBANK0  0020
??_setPA6                                         cstackBANK0  0020
??_setPB0                                         cstackBANK0  0020
??_setPB1                                         cstackBANK0  0020
??_startThreeHoursTimer                           cstackBANK0  0022
??_startTwelveHourTimer                           cstackBANK0  0022
??_startTwentySecondsTimer                        cstackBANK0  0020
??_timer1_config                                  cstackBANK0  0020
??_timer1_interrupt_config                        cstackBANK0  0020
??_vPutSampleDataIntoTable                        cstackCOMMON 0077
??i1_setAD_ConvertFlag                            cstackCOMMON 0070
?_AD_Sample                                       cstackCOMMON 0070
?_Filter                                          cstackBANK0  0020
?_ISR                                             cstackCOMMON 0070
?_adc_get                                         cstackCOMMON 0070
?_adc_start                                       cstackCOMMON 0070
?_adc_test_init                                   cstackBANK0  0020
?_clearAllTimer                                   cstackCOMMON 0070
?_clearPinPortAndTimer                            cstackCOMMON 0070
?_clearThreeHoursTimer                            cstackCOMMON 0070
?_clearTwelveHoursTimer                           cstackCOMMON 0070
?_clearTwentySecondsTimer                         cstackCOMMON 0070
?_clock_config                                    cstackCOMMON 0070
?_clrSampeTime                                    cstackCOMMON 0070
?_dac_init                                        cstackCOMMON 0070
?_getAD_ConvertFlag                               cstackCOMMON 0070
?_getAdOriginaCh4Value                            cstackBANK0  0046
?_getAdOriginalCh14Value                          cstackBANK0  0046
?_getAdOriginalCh1Value                           cstackBANK0  0046
?_initPin                                         cstackCOMMON 0070
?_isFinishedThreeHoursTimer                       cstackCOMMON 0070
?_isFinishedTwelveHoursTimer                      cstackCOMMON 0070
?_isFinishedTwentySecondsTimer                    cstackCOMMON 0070
?_isPermitSampleTime                              cstackCOMMON 0070
?_main                                            cstackCOMMON 0070
?_op1_init                                        cstackCOMMON 0070
?_op2_init                                        cstackCOMMON 0070
?_process_AD_Converter_Value                      cstackCOMMON 0070
?_setAD_ConvertFlag                               cstackCOMMON 0070
?_setPA0                                          cstackCOMMON 0070
?_setPA1                                          cstackCOMMON 0070
?_setPA2                                          cstackCOMMON 0070
?_setPA3                                          cstackCOMMON 0070
?_setPA6                                          cstackCOMMON 0070
?_setPB0                                          cstackCOMMON 0070
?_setPB1                                          cstackCOMMON 0070
?_startThreeHoursTimer                            cstackBANK0  0020
?_startTwelveHourTimer                            cstackBANK0  0020
?_startTwentySecondsTimer                         cstackCOMMON 0070
?_timer1_config                                   cstackCOMMON 0070
?_timer1_interrupt_config                         cstackCOMMON 0070
?_vPutSampleDataIntoTable                         cstackCOMMON 0074
?i1_setAD_ConvertFlag                             cstackCOMMON 0070
Filter@cir                                        cstackBANK0  0042
Filter@filter_buf                                 cstackBANK0  0026
Filter@filter_sum                                 cstackBANK0  0040
Filter@filter_temp                                cstackBANK0  003E
Filter@i                                          cstackBANK0  0045
Filter@j                                          cstackBANK0  0044
Filter@tmpValue                                   cstackBANK0  0020
ISR@ucTimer1sCnt                                  bssBANK1     00A6
_ADCON0                                           (abs)        001F
_ADCON1                                           (abs)        009F
_ADIE                                             (abs)        046A
_ADIF                                             (abs)        006A
_ADON                                             (abs)        00F8
_ADRESH                                           (abs)        001E
_ADRESL                                           (abs)        009E
_AD_Sample                                        text848      0620
_CLKPCE                                           (abs)        0847
_CLKPR                                            (abs)        0108
_DACCON                                           (abs)        0087
_DACR0                                            (abs)        0088
_Filter                                           text845      054C
_GIE                                              (abs)        005F
_GO                                               (abs)        00F9
_ISR                                              text881      044E
_OP1CON0                                          (abs)        001B
_OP1CON1                                          (abs)        001C
_OP1CON2                                          (abs)        001D
_OP2CON0                                          (abs)        009B
_OP2CON1                                          (abs)        009C
_OP2CON2                                          (abs)        009D
_PA0                                              (abs)        0028
_PA1                                              (abs)        0029
_PA2                                              (abs)        002A
_PA3                                              (abs)        002B
_PA6                                              (abs)        002E
_PB0                                              (abs)        0030
_PB1                                              (abs)        0031
_PB6                                              (abs)        0036
_PB7                                              (abs)        0037
_PBOD6                                            (abs)        0C46
_PBOD7                                            (abs)        0C47
_PEIE                                             (abs)        005E
_T1CON                                            (abs)        0010
_TMR1H                                            (abs)        000F
_TMR1IE                                           (abs)        0460
_TMR1IF                                           (abs)        0060
_TMR1L                                            (abs)        000E
_TRISA0                                           (abs)        0428
_TRISA1                                           (abs)        0429
_TRISA2                                           (abs)        042A
_TRISA3                                           (abs)        042B
_TRISA6                                           (abs)        042E
_TRISA7                                           (abs)        042F
_TRISB0                                           (abs)        0430
_TRISB1                                           (abs)        0431
_TRISB2                                           (abs)        0432
_TRISB3                                           (abs)        0433
_TRISB4                                           (abs)        0434
_TRISB5                                           (abs)        0435
_TRISB6                                           (abs)        0436
_TRISB7                                           (abs)        0437
__Habs1                                           abs1         0000
__Hbank0                                          bank0        0000
__Hbank1                                          bank1        0000
__Hbank2                                          bank2        0000
__Hbank3                                          bank3        0000
__HbssBANK0                                       bssBANK0     0000
__HbssBANK1                                       bssBANK1     0000
__HbssBANK3                                       bssBANK3     0000
__HbssCOMMON                                      bssCOMMON    0000
__Hcinit                                          cinit        0000
__Hclrtext                                        clrtext      0000
__Hcode                                           code         0000
__Hcommon                                         common       0000
__Hconfig                                         config       2003
__HcstackBANK0                                    cstackBANK0  0000
__HcstackCOMMON                                   cstackCOMMON 0000
__HdataBANK0                                      dataBANK0    0000
__Heeprom_data                                    eeprom_data  0000
__Hend_init                                       end_init     0013
__Hfunctab                                        functab      0000
__HidataBANK0                                     idataBANK0   0000
__Hidloc                                          idloc        0000
__Hinit                                           init         0011
__Hintentry                                       intentry     0011
__Hmaintext                                       maintext     0000
__Hpa_nodes                                       pa_nodes     0000
__Hpowerup                                        powerup      0000
__Hram                                            ram          0000
__Hreset_vec                                      reset_vec    0002
__Hsfr0                                           sfr0         0000
__Hsfr1                                           sfr1         0000
__Hsfr2                                           sfr2         0000
__Hsfr3                                           sfr3         0000
__Hstrings                                        strings      0000
__Htext                                           text         0000
__Labs1                                           abs1         0000
__Lbank0                                          bank0        0000
__Lbank1                                          bank1        0000
__Lbank2                                          bank2        0000
__Lbank3                                          bank3        0000
__LbssBANK0                                       bssBANK0     0000
__LbssBANK1                                       bssBANK1     0000
__LbssBANK3                                       bssBANK3     0000
__LbssCOMMON                                      bssCOMMON    0000
__Lcinit                                          cinit        0000
__Lclrtext                                        clrtext      0000
__Lcode                                           code         0000
__Lcommon                                         common       0000
__Lconfig                                         config       2000
__LcstackBANK0                                    cstackBANK0  0000
__LcstackCOMMON                                   cstackCOMMON 0000
__LdataBANK0                                      dataBANK0    0000
__Leeprom_data                                    eeprom_data  0000
__Lend_init                                       end_init     0011
__Lfunctab                                        functab      0000
__LidataBANK0                                     idataBANK0   0000
__Lidloc                                          idloc        0000
__Linit                                           init         0011
__Lintentry                                       intentry     0004
__Lmaintext                                       maintext     0000
__Lpa_nodes                                       pa_nodes     0000
__Lpowerup                                        powerup      0000
__Lram                                            ram          0000
__Lreset_vec                                      reset_vec    0000
__Lsfr0                                           sfr0         0000
__Lsfr1                                           sfr1         0000
__Lsfr2                                           sfr2         0000
__Lsfr3                                           sfr3         0000
__Lstrings                                        strings      0000
__Ltext                                           text         0000
__S0                                              (abs)        2003
__S1                                              (abs)        01A8
__end_of_AD_Sample                                text848      063E
__end_of_Filter                                   text845      05E3
__end_of_ISR                                      text881      04AC
__end_of_adc_get                                  text881      04B7
__end_of_adc_start                                text848      0656
__end_of_adc_test_init                            text848      0653
__end_of_clearAllTimer                            text844      0668
__end_of_clearPinPortAndTimer                     text844      0663
__end_of_clearThreeHoursTimer                     text844      0670
__end_of_clearTwelveHoursTimer                    text844      066C
__end_of_clearTwentySecondsTimer                  text844      0674
__end_of_clock_config                             text869      073E
__end_of_clrSampeTime                             text860      078F
__end_of_dac_init                                 text865      078A
__end_of_getAD_ConvertFlag                        text848      061B
__end_of_getAdOriginaCh4Value                     text845      0537
__end_of_getAdOriginalCh14Value                   text845      054C
__end_of_getAdOriginalCh1Value                    text845      0541
__end_of_initPin                                  text877      06BA
__end_of_isFinishedThreeHoursTimer                text854      0773
__end_of_isFinishedTwelveHoursTimer               text858      077F
__end_of_isFinishedTwentySecondsTimer             text856      0779
__end_of_isPermitSampleTime                       text861      0785
__end_of_main                                     maintext     044E
__end_of_op1_init                                 text864      0709
__end_of_op2_init                                 text863      076D
__end_of_process_AD_Converter_Value               text848      0617
__end_of_setAD_ConvertFlag                        text848      0620
__end_of_setPA0                                   text874      075E
__end_of_setPA1                                   text873      0756
__end_of_setPA2                                   text872      074E
__end_of_setPA3                                   text871      0746
__end_of_setPA6                                   text870      0725
__end_of_setPB0                                   text876      072E
__end_of_setPB1                                   text875      0766
__end_of_startThreeHoursTimer                     text855      06E4
__end_of_startTwelveHourTimer                     text859      06F2
__end_of_startTwentySecondsTimer                  text857      071C
__end_of_timer1_config                            text868      0713
__end_of_timer1_interrupt_config                  text867      078D
__end_of_vPutSampleDataIntoTable                  text881      051A
__end_ofi1_setAD_ConvertFlag                      text881      051E
__pbssBANK0                                       bssBANK0     0048
__pbssBANK1                                       bssBANK1     00A0
__pbssBANK3                                       bssBANK3     0190
__pbssCOMMON                                      bssCOMMON    007D
__pcstackBANK0                                    cstackBANK0  0020
__pcstackCOMMON                                   cstackCOMMON 0070
__pdataBANK0                                      dataBANK0    006E
__pidataBANK0                                     idataBANK0   0000
__pintentry                                       intentry     0004
__pmaintext                                       maintext     0013
__pswtext1                                        swtext1      06BA
__pswtext2                                        swtext2      06C8
__pswtext3                                        swtext3      06F2
__pswtext4                                        swtext4      0674
__ptext844                                        text844      0656
__ptext845                                        text845      052E
__ptext846                                        text845      0537
__ptext847                                        text845      0541
__ptext848                                        text848      05F9
__ptext849                                        text844      0663
__ptext850                                        text848      0620
__ptext851                                        text848      061B
__ptext852                                        text848      0617
__ptext853                                        text845      054C
__ptext854                                        text854      076D
__ptext855                                        text855      06D6
__ptext856                                        text856      0773
__ptext857                                        text857      0713
__ptext858                                        text858      0779
__ptext859                                        text859      06E4
__ptext860                                        text860      078D
__ptext861                                        text861      077F
__ptext862                                        text848      0653
__ptext863                                        text863      0766
__ptext864                                        text864      06FE
__ptext865                                        text865      0785
__ptext866                                        text848      063E
__ptext867                                        text867      078A
__ptext868                                        text868      0709
__ptext869                                        text869      0736
__ptext870                                        text870      071C
__ptext871                                        text871      073E
__ptext872                                        text872      0746
__ptext873                                        text873      074E
__ptext874                                        text874      0756
__ptext875                                        text875      075E
__ptext876                                        text876      0725
__ptext877                                        text877      06A7
__ptext878                                        text844      0670
__ptext879                                        text844      066C
__ptext880                                        text844      0668
__ptext881                                        text881      044E
__ptext882                                        text881      051A
__ptext883                                        text881      04AC
__ptext884                                        text881      04B7
__ptext885                                        text885      0000
__size_of_AD_Sample                               (abs)        0000
__size_of_Filter                                  (abs)        0000
__size_of_ISR                                     (abs)        0000
__size_of_adc_get                                 (abs)        0000
__size_of_adc_start                               (abs)        0000
__size_of_adc_test_init                           (abs)        0000
__size_of_clearAllTimer                           (abs)        0000
__size_of_clearPinPortAndTimer                    (abs)        0000
__size_of_clearThreeHoursTimer                    (abs)        0000
__size_of_clearTwelveHoursTimer                   (abs)        0000
__size_of_clearTwentySecondsTimer                 (abs)        0000
__size_of_clock_config                            (abs)        0000
__size_of_clrSampeTime                            (abs)        0000
__size_of_dac_init                                (abs)        0000
__size_of_getAD_ConvertFlag                       (abs)        0000
__size_of_getAdOriginaCh4Value                    (abs)        0000
__size_of_getAdOriginalCh14Value                  (abs)        0000
__size_of_getAdOriginalCh1Value                   (abs)        0000
__size_of_initPin                                 (abs)        0000
__size_of_isFinishedThreeHoursTimer               (abs)        0000
__size_of_isFinishedTwelveHoursTimer              (abs)        0000
__size_of_isFinishedTwentySecondsTimer            (abs)        0000
__size_of_isPermitSampleTime                      (abs)        0000
__size_of_main                                    (abs)        0000
__size_of_op1_init                                (abs)        0000
__size_of_op2_init                                (abs)        0000
__size_of_process_AD_Converter_Value              (abs)        0000
__size_of_setAD_ConvertFlag                       (abs)        0000
__size_of_setPA0                                  (abs)        0000
__size_of_setPA1                                  (abs)        0000
__size_of_setPA2                                  (abs)        0000
__size_of_setPA3                                  (abs)        0000
__size_of_setPA6                                  (abs)        0000
__size_of_setPB0                                  (abs)        0000
__size_of_setPB1                                  (abs)        0000
__size_of_startThreeHoursTimer                    (abs)        0000
__size_of_startTwelveHourTimer                    (abs)        0000
__size_of_startTwentySecondsTimer                 (abs)        0000
__size_of_timer1_config                           (abs)        0000
__size_of_timer1_interrupt_config                 (abs)        0000
__size_of_vPutSampleDataIntoTable                 (abs)        0000
__size_ofi1_setAD_ConvertFlag                     (abs)        0000
_adc_convert_flag                                 bssBANK1     00A7
_adc_get                                          text881      04AC
_adc_start                                        text848      0653
_adc_test_init                                    text848      063E
_clearAllTimer                                    text844      0663
_clearPinPortAndTimer                             text844      0656
_clearThreeHoursTimer                             text844      066C
_clearTwelveHoursTimer                            text844      0668
_clearTwentySecondsTimer                          text844      0670
_clock_config                                     text869      0736
_clrSampeTime                                     text860      078D
_dac_init                                         text865      0785
_exit                                             init         0011
_getAD_ConvertFlag                                text848      0617
_getAdOriginaCh4Value                             text845      052E
_getAdOriginalCh14Value                           text845      0541
_getAdOriginalCh1Value                            text845      0537
_initPin                                          text877      06A7
_isFinishedThreeHoursTimer                        text854      076D
_isFinishedTwelveHoursTimer                       text858      0779
_isFinishedTwentySecondsTimer                     text856      0773
_isPermitSampleTime                               text861      077F
_main                                             maintext     0013
_op1_init                                         text864      06FE
_op2_init                                         text863      0766
_process_AD_Converter_Value                       text848      05F9
_sampleChannelSelect                              dataBANK0    006E
_sampleTimes                                      bssBANK0     0048
_setAD_ConvertFlag                                text848      061B
_setPA0                                           text874      0756
_setPA1                                           text873      074E
_setPA2                                           text872      0746
_setPA3                                           text871      073E
_setPA6                                           text870      071C
_setPB0                                           text876      0725
_setPB1                                           text875      075E
_startThreeHoursTimer                             text855      06D6
_startTwelveHourTimer                             text859      06E4
_startTwentySecondsTimer                          text857      0713
_timer                                            bssBANK1     00A8
_timer1_config                                    text868      0709
_timer1_interrupt_config                          text867      078A
_uiBigTimer                                       bssBANK1     00A0
_uiSampleChannelFirst                             bssBANK1     00AE
_uiSampleChannelFourteenth                        bssBANK3     0190
_uiSampleChannelFourth                            bssBANK1     00C6
_uiSmallTimer                                     bssBANK1     00A2
_uiTwentySecondsTimer                             bssBANK1     00A4
_vPutSampleDataIntoTable                          text881      04B7
adc_get@val                                       cstackCOMMON 0072
adc_test_init@channel                             cstackBANK0  0022
adc_test_init@ref                                 cstackBANK0  0020
btemp                                             (abs)        007E
clear_ram                                         clrtext      072E
end_of_initialization                             cinit        06A4
i1_setAD_ConvertFlag                              text881      051A
i1l1753                                                            
i1l2499                                                            
i1l4314                                                            
i1l4316                                                            
i1l4320                                                            
i1l4324                                                            
i1l4332                                                            
i1l4336                                                            
i1l4344                                                            
i1l4348                                                            
i1l4358                                                            
i1l4360                                                            
i1l4390                                                            
i1l4394                                                            
i1l4396                                                            
i1l4400                                                            
i1l4412                                                            
i1l4414                                                            
i1l4420                                                            
i1l4424                                                            
i1l4428                                                            
i1setAD_ConvertFlag@flag                          cstackCOMMON 0070
interrupt_function                                intentry     0004
intlevel0                                         functab      0000
intlevel1                                         functab      0000
intlevel2                                         functab      0000
intlevel3                                         functab      0000
intlevel4                                         functab      0000
intlevel5                                         functab      0000
l1712                                                              
l1741                                                              
l1744                                                              
l1747                                                              
l1750                                                              
l1753                                                              
l1756                                                              
l1759                                                              
l1762                                                              
l1791                                                              
l1794                                                              
l1797                                                              
l1828                                                              
l2476                                                              
l2479                                                              
l2482                                                              
l2490                                                              
l2496                                                              
l4130                                                              
l4132                                                              
l4136                                                              
l4138                                                              
l4140                                                              
l4142                                                              
l4144                                                              
l4146                                                              
l4148                                                              
l4150                                                              
l4152                                                              
l4154                                                              
l4156                                                              
l4158                                                              
l4160                                                              
l4162                                                              
l4164                                                              
l4166                                                              
l4168                                                              
l4170                                                              
l4172                                                              
l4174                                                              
l4176                                                              
l4178                                                              
l4180                                                              
l4182                                                              
l4184                                                              
l4186                                                              
l4188                                                              
l4190                                                              
l4192                                                              
l4194                                                              
l4196                                                              
l4198                                                              
l4202                                                              
l4214                                                              
l4216                                                              
l4220                                                              
l4232                                                              
l4236                                                              
l4248                                                              
l4252                                                              
l4264                                                              
l4272                                                              
l4274                                                              
l4276                                                              
l4296                                                              
l4304                                                              
l4306                                                              
l4310                                                              
l4362                                                              
l4366                                                              
l4368                                                              
l4372                                                              
l4376                                                              
l4386                                                              
l4432                                                              
l4436                                                              
l4442                                                              
l4448                                                              
l4452                                                              
l4456                                                              
l4460                                                              
l4462                                                              
l4464                                                              
l4466                                                              
l4468                                                              
l4470                                                              
l4472                                                              
l4474                                                              
l4476                                                              
l4478                                                              
l4480                                                              
l4482                                                              
l4484                                                              
l4488                                                              
l4490                                                              
l4510                                                              
l4514                                                              
l4518                                                              
l4522                                                              
l4528                                                              
l4534                                                              
l4538                                                              
l4544                                                              
l4558                                                              
l4568                                                              
l4570                                                              
l4578                                                              
l4652                                                              
l4716                                                              
l4772                                                              
l4818                                                              
l4854                                                              
l4872                                                              
l4876                                                              
l4882                                                              
l4884                                                              
l4902                                                              
l4906                                                              
l4918                                                              
l4922                                                              
l4930                                                              
l4932                                                              
l4934                                                              
l4938                                                              
l4942                                                              
l4944                                                              
l4948                                                              
l4958                                                              
l4962                                                              
l4968                                                              
l4974                                                              
l4978                                                              
l4982                                                              
l4986                                                              
l4988                                                              
l4996                                                              
l4998                                                              
l5006                                                              
l5008                                                              
l5014                                                              
l5020                                                              
l5024                                                              
l5030                                                              
l5032                                                              
l5034                                                              
l5036                                                              
l5038                                                              
l5046                                                              
l5050                                                              
l5060                                                              
l5062                                                              
l5070                                                              
l5072                                                              
l5074                                                              
l5086                                                              
l5098                                                              
l5100                                                              
l5102                                                              
l5104                                                              
l679                                                               
l682                                                               
l685                                                               
main@bCheckTweHour                                bssBANK0     0049
main@enumBranchStep                               bssBANK0     004A
main@enumInteralStep                              bssBANK1     00A9
main@enumMainLoopStep                             bssBANK0     004B
main@ucADC4_Step                                  bssBANK0     004C
main@ucChannel4Type                               bssBANK0     004D
main@ucCheckTimerP2sLess                          bssBANK0     004E
main@ucCheckTimerP2sMore                          bssBANK0     004F
main@ucDelayPrefix4TimerP5s                       bssBANK0     0050
main@ucDelayPrefix6TimerP2s                       bssBANK0     0051
main@ucFourthSuffix1TimerP3s                      bssBANK0     0052
main@ucLoaderStep                                 bssBANK0     0053
main@ucLoaderStep1                                bssBANK0     0054
main@ucLoaderStep2                                bssBANK0     0055
main@ucLoaderStep3                                bssBANK0     0056
main@ucLoaderStep4                                bssBANK0     0057
main@ucTimer1s                                    bssBANK1     00AA
main@ucTimer20s                                   bssBANK0     0058
main@ucTimerADC1ZeroP5s                           bssBANK0     0059
main@ucTimerDelay                                 bssBANK0     005A
main@ucTimerDelay1                                bssBANK0     005B
main@ucTimerDelay2                                bssBANK0     005C
main@ucTimerDelay3                                bssBANK0     005D
main@ucTimerDelay4                                bssBANK0     005E
main@ucTimerDelayP2sLess                          bssBANK0     005F
main@ucTimerDelayP2sMore                          bssBANK0     0060
main@ucTimerForDACR0_CNT1                         bssBANK0     0061
main@ucTimerForDACR0_CNT1_f                       bssBANK0     0062
main@ucTimerForDACR0_CNT2                         bssBANK0     0063
main@ucTimerForDACR0_CNT2_f                       bssBANK0     0064
main@ucTimerLessADC1ZeroP5s                       bssBANK0     0065
main@ucTimerLessX1P5s                             bssBANK0     0066
main@ucTimerLessX2P5s                             bssBANK1     00AB
main@ucTimerP3s                                   bssBANK1     00AC
main@ucTimerP5s                                   bssBANK0     0067
main@ucTimerRightP5s                              bssBANK0     0068
main@ucTimerX1P5s                                 bssBANK0     0069
main@ucTimerX2P5s                                 bssBANK1     00AD
main@ucTimerZeroPoint3s                           bssBANK0     006A
main@ucTimerZeroPoint5s                           bssBANK0     006B
reset_vec                                         reset_vec    0000
saved_w                                           (abs)        007E
setAD_ConvertFlag@flag                            cstackBANK0  0020
setPA0@bValue                                     cstackBANK0  0020
setPA1@bValue                                     cstackBANK0  0020
setPA2@bValue                                     cstackBANK0  0020
setPA3@bValue                                     cstackBANK0  0020
setPA6@bValue                                     cstackBANK0  0020
setPB0@bValue                                     cstackBANK0  0020
setPB1@bValue                                     cstackBANK0  0020
start                                             init         0011
startThreeHoursTimer@uiSetTime                    cstackBANK0  0020
startTwelveHourTimer@uiSetTime                    cstackBANK0  0020
start_initialization                              cinit        068E
vPutSampleDataIntoTable@channel                   cstackCOMMON 0076
vPutSampleDataIntoTable@i                         cstackCOMMON 0077
vPutSampleDataIntoTable@ucChannelFirstLength      bssCOMMON    007D
vPutSampleDataIntoTable@ucChannelFourteenthLength bssBANK0     006C
vPutSampleDataIntoTable@ucChannelFourthLength     bssBANK0     006D
vPutSampleDataIntoTable@uiSampleData              cstackCOMMON 0074
wtemp0                                            (abs)        007E
