HI-TECH Software C Compiler 

Linker command line:

--edf=C:\Program Files (x86)\HI-TECH Software\PICC\9.83\dat\en_msgs.txt -cs \
  -h+ProjTest.sym -z -Q16C77 -ol.obj -MProjTest.map -E1 -ACONST=00h-0FFhx16 \
  -ACODE=00h-07FFhx2 -ASTRCODE=00h-0FFFh -AENTRY=00h-0FFhx16 \
  -ASTRING=00h-0FFhx16 -ABANK0=020h-06Fh -ABANK1=0A0h-0EFh \
  -ABANK2=0110h-016Fh -ABANK3=0190h-01EFh \
  -ARAM=020h-06Fh,0A0h-0EFh,0110h-016Fh,0190h-01EFh \
  -AABS1=020h-07Fh,0A0h-0EFh,0110h-016Fh,0190h-01EFh -ACOMMON=070h-07Fh \
  -ASFR0=00h-01Fh -ASFR1=080h-09Fh -ASFR2=0100h-010Fh -ASFR3=0180h-018Fh \
  -preset_vec=00h,intentry=04h,init,end_init -ppowerup=CODE -pfunctab=CODE \
  -ACONFIG=02000h-02007h -pconfig=CONFIG -DCONFIG=2 -AIDLOC=02008h-0200Bh \
  -pidloc=IDLOC -DIDLOC=2 -DCODE=2 -DSTRCODE=2 -DSTRING=2 -DCONST=2 \
  -DENTRY=2 -k startup.obj ProjTest.obj 

Object code version is 3.10

Machine type is 16C77



                Name                               Link     Load   Length Selector   Space Scale
startup.obj     end_init                             11       11        2        8       0
                reset_vec                             0        0        2        0       0
ProjTest.obj    intentry                              4        4        D        8       0
                config                             2000     2000        3     4000       0
                text1468                             13       13      22E        8       0
                text1460                            569      569       16        8       0
                text1459                            636      636        4        8       0
                text1458                            63F      63F        1        8       0
                text1453                            625      625        8        8       0
                text1452                            60B      60B        A        8       0
                text1451                            63A      63A        3        8       0
                text1450                            61D      61D        8        8       0
                text1449                            551      551       18        8       0
                text1447                            5CC      5CC       13        8       0
                text1445                            632      632        4        8       0
                text1444                            63D      63D        2        8       0
                text1443                            600      600        B        8       0
                text1442                            5B9      5B9       13        8       0
                text1441                            5F5      5F5        B        8       0
                text1440                            5A6      5A6       13        8       0
                text1439                            5EA      5EA        B        8       0
                text1438                            593      593       13        8       0
                text1437                            5DF      5DF        B        8       0
                text1436                            62D      62D        5        8       0
                text1431                            510      510       28        8       0
                text1430                            4E7      4E7       29        8       0
                text1429                            538      538       19        8       0
                text1428                            491      491       56        8       0
                text1427                            3EC      3EC       A5        8       0
                maintext                            241      241      1AB        8       0
                cstackBANK0                          20       20       23       20       1
                cstackCOMMON                         70       70        D       70       1
                cstackBANK1                          BD       BD       1C       A0       1
                clrtext                             615      615        8        8       0
                bssBANK1                             A0       A0       1D       A0       1
                dataBANK0                            65       65        2       20       1
                bssBANK0                             43       43       22       20       1
                bssCOMMON                            7D       7D        1       70       1
                cinit                               57F      57F       14        8       0

TOTAL           Name                               Link     Load   Length     Space
        CLASS   CONST          

        CLASS   CODE           
                end_init                             11       11        2         0
                intentry                              4        4        D         0
                reset_vec                             0        0        2         0
                text1468                             13       13      22E         0
                text1460                            569      569       16         0
                text1459                            636      636        4         0
                text1458                            63F      63F        1         0
                text1453                            625      625        8         0
                text1452                            60B      60B        A         0
                text1451                            63A      63A        3         0
                text1450                            61D      61D        8         0
                text1449                            551      551       18         0
                text1447                            5CC      5CC       13         0
                text1445                            632      632        4         0
                text1444                            63D      63D        2         0
                text1443                            600      600        B         0
                text1442                            5B9      5B9       13         0
                text1441                            5F5      5F5        B         0
                text1440                            5A6      5A6       13         0
                text1439                            5EA      5EA        B         0
                text1438                            593      593       13         0
                text1437                            5DF      5DF        B         0
                text1436                            62D      62D        5         0
                text1431                            510      510       28         0
                text1430                            4E7      4E7       29         0
                text1429                            538      538       19         0
                text1428                            491      491       56         0
                text1427                            3EC      3EC       A5         0
                maintext                            241      241      1AB         0
                clrtext                             615      615        8         0
                cinit                               57F      57F       14         0

        CLASS   STRCODE        

        CLASS   ENTRY          

        CLASS   STRING         

        CLASS   BANK0          
                cstackBANK0                          20       20       23         1
                dataBANK0                            65       65        2         1
                bssBANK0                             43       43       22         1

        CLASS   BANK1          
                cstackBANK1                          BD       BD       1C         1
                bssBANK1                             A0       A0       1D         1

        CLASS   BANK2          

        CLASS   BANK3          

        CLASS   RAM            

        CLASS   ABS1           
                abs_s1                               7E       7E        2         1
                abs_s1                              1E0      1E0       10         1

        CLASS   COMMON         
                cstackCOMMON                         70       70        D         1
                bssCOMMON                            7D       7D        1         1

        CLASS   SFR0           

        CLASS   SFR1           

        CLASS   SFR2           

        CLASS   SFR3           

        CLASS   CONFIG         
                config                             2000     2000        3         0

        CLASS   IDLOC          

        CLASS   EEDATA         



SEGMENTS        Name                           Load    Length   Top    Selector   Space  Class     Delta

                reset_vec                      000000  000002  000002         0       0  CODE        2
                intentry                       000004  00063C  000640         8       0  CODE        2
                cstackBANK0                    000020  000047  000067        20       1  BANK0       1
                cstackCOMMON                   000070  00000E  00007E        70       1  COMMON      1
                bssBANK1                       0000A0  000039  0000D9        A0       1  BANK1       1
                config                         002000  000003  002003      4000       0  CONFIG      2


UNUSED ADDRESS RANGES

        Name                Unused          Largest block    Delta
        BANK0            0067-006F              9           1
        BANK1            00D9-00EF             17           1
        BANK2            0110-016F             60           1
        BANK3            0190-01DF             50           1
        CODE             0002-0003              2           2
                         0640-0FFF            1C0
        CONFIG           2003-2007              5           2
        CONST            0002-0003              2           2
                         0640-0FFF            100
        ENTRY            0002-0003              2           2
                         0640-0FFF            100
        IDLOC            2008-200B              4           2
        RAM              0067-006F              9           1
                         00D9-00EF             17
                         0110-016F             60
                         0190-01DF             50
        SFR0             0000-001F             20           1
        SFR1             0080-009F             20           1
        SFR2             0100-010F             10           1
        SFR3             0180-018F             10           1
        STRCODE          0002-0003              2           2
                         0640-0FFF            9C0
        STRING           0002-0003              2           2
                         0640-0FFF            100

                                  Symbol Table

??_AD_Sample                                      cstackBANK1  00BD
??_Filter                                         cstackCOMMON 0072
??_FilterCh13                                     cstackBANK1  00BF
??_ISR                                            cstackBANK0  003F
??_adc_get                                        cstackCOMMON 0072
??_adc_start                                      cstackBANK1  00BD
??_adc_test_init                                  cstackBANK1  00BE
??_clearOneHoursTimer                             cstackBANK1  00BD
??_clearThreeHoursTimer                           cstackBANK1  00BD
??_clearTwelveHoursTimer                          cstackBANK1  00BD
??_clearTwentyMinTimer                            cstackBANK1  00BD
??_clock_config                                   cstackBANK1  00BD
??_clrSampeTime                                   cstackBANK1  00BD
??_getAD_ConvertFlag                              cstackBANK1  00BD
??_getAdOriginalCh13Value                         cstackBANK1  00D4
??_getWaitResetFlag                               cstackCOMMON 0070
??_initPB2_AsHighResistence                       cstackBANK1  00BD
??_initPB3                                        cstackBANK1  00BD
??_initPB4                                        cstackBANK1  00BD
??_initPB5                                        cstackBANK1  00BD
??_initPin                                        cstackBANK1  00BE
??_isFinishedOneHoursTimer                        cstackBANK1  00BD
??_isFinishedThreeHoursTimer                      cstackBANK1  00BD
??_isFinishedTwelveHoursTimer                     cstackBANK1  00BD
??_isFinishedTwentyMinTimer                       cstackBANK1  00BD
??_isPermitSampleTime                             cstackBANK1  00BD
??_main                                           cstackBANK1  00D4
??_op1_init                                       cstackBANK1  00BD
??_process_AD_Converter_Value                     cstackBANK1  00C0
??_pwm_start                                      cstackBANK1  00BE
??_reset                                          cstackBANK1  00BD
??_resetAllTimer                                  cstackBANK1  00BD
??_selectAdChannel                                cstackBANK1  00BD
??_setAD_ConvertFlag                              cstackBANK1  00BD
??_setPB3                                         cstackBANK1  00BD
??_setPB4                                         cstackBANK1  00BD
??_setPB5                                         cstackBANK1  00BD
??_setPWM_Width                                   cstackCOMMON 0070
??_setPinInitVaule                                cstackBANK1  00BE
??_setWaitResetFlag                               cstackBANK1  00BD
??_startOneHoursTimer                             cstackBANK1  00BF
??_startThreeHoursTimer                           cstackBANK1  00BF
??_startTwelveHourTimer                           cstackBANK1  00BF
??_startTwentyMinTimer                            cstackBANK1  00BF
??_timer1_config                                  cstackBANK1  00BD
??_timer1_interrupt_config                        cstackBANK1  00BD
??_uid_get                                        cstackBANK1  00BD
??_vPutSampleDataIntoTable                        cstackBANK0  002F
??i1_setAD_ConvertFlag                            cstackCOMMON 0070
?_AD_Sample                                       cstackCOMMON 0070
?_Filter                                          cstackCOMMON 0070
?_FilterCh13                                      cstackBANK1  00BD
?_ISR                                             cstackCOMMON 0070
?_adc_get                                         cstackCOMMON 0070
?_adc_start                                       cstackCOMMON 0070
?_adc_test_init                                   cstackBANK1  00BD
?_clearOneHoursTimer                              cstackCOMMON 0070
?_clearThreeHoursTimer                            cstackCOMMON 0070
?_clearTwelveHoursTimer                           cstackCOMMON 0070
?_clearTwentyMinTimer                             cstackCOMMON 0070
?_clock_config                                    cstackCOMMON 0070
?_clrSampeTime                                    cstackCOMMON 0070
?_getAD_ConvertFlag                               cstackCOMMON 0070
?_getAdOriginalCh13Value                          cstackBANK1  00D2
?_getWaitResetFlag                                cstackCOMMON 0070
?_initPB2_AsHighResistence                        cstackCOMMON 0070
?_initPB3                                         cstackCOMMON 0070
?_initPB4                                         cstackCOMMON 0070
?_initPB5                                         cstackCOMMON 0070
?_initPin                                         cstackCOMMON 0070
?_isFinishedOneHoursTimer                         cstackCOMMON 0070
?_isFinishedThreeHoursTimer                       cstackCOMMON 0070
?_isFinishedTwelveHoursTimer                      cstackCOMMON 0070
?_isFinishedTwentyMinTimer                        cstackCOMMON 0070
?_isPermitSampleTime                              cstackCOMMON 0070
?_main                                            cstackCOMMON 0070
?_op1_init                                        cstackCOMMON 0070
?_process_AD_Converter_Value                      cstackCOMMON 0070
?_pwm_start                                       cstackBANK1  00BD
?_reset                                           cstackCOMMON 0070
?_resetAllTimer                                   cstackCOMMON 0070
?_selectAdChannel                                 cstackCOMMON 0070
?_setAD_ConvertFlag                               cstackCOMMON 0070
?_setPB3                                          cstackCOMMON 0070
?_setPB4                                          cstackCOMMON 0070
?_setPB5                                          cstackCOMMON 0070
?_setPWM_Width                                    cstackCOMMON 0070
?_setPinInitVaule                                 cstackCOMMON 0070
?_setWaitResetFlag                                cstackCOMMON 0070
?_startOneHoursTimer                              cstackBANK1  00BD
?_startThreeHoursTimer                            cstackBANK1  00BD
?_startTwelveHourTimer                            cstackBANK1  00BD
?_startTwentyMinTimer                             cstackBANK1  00BD
?_timer1_config                                   cstackCOMMON 0070
?_timer1_interrupt_config                         cstackCOMMON 0070
?_uid_get                                         cstackCOMMON 0070
?_vPutSampleDataIntoTable                         cstackCOMMON 0076
?i1_setAD_ConvertFlag                             cstackCOMMON 0070
Filter@cir                                        cstackBANK0  002B
Filter@filter_buf                                 cstackBANK0  0025
Filter@filter_sum                                 cstackBANK0  0022
Filter@filter_temp                                cstackBANK0  0020
Filter@i                                          cstackBANK0  002E
Filter@j                                          cstackBANK0  002D
Filter@tmpValue                                   cstackBANK0  0024
FilterCh13@cir                                    cstackBANK1  00CE
FilterCh13@filter_buf                             cstackBANK1  00C8
FilterCh13@filter_sum                             cstackBANK1  00C6
FilterCh13@filter_temp                            cstackBANK1  00C4
FilterCh13@i                                      cstackBANK1  00D1
FilterCh13@j                                      cstackBANK1  00D0
FilterCh13@tmpValue                               cstackBANK1  00C3
ISR@ucTimer1sCnt                                  bssBANK0     0059
_ADCON0                                           (abs)        001F
_ADCON1                                           (abs)        009F
_ADIE                                             (abs)        046A
_ADIF                                             (abs)        006A
_ADON                                             (abs)        00F8
_ADRESH                                           (abs)        001E
_ADRESL                                           (abs)        009E
_AD_Sample                                        text1428     04B3
_CCP1CON                                          (abs)        0017
_CCPR1L                                           (abs)        0015
_CLKPCE                                           (abs)        0847
_CLKPR                                            (abs)        0108
_Filter                                           text1468     0195
_FilterCh13                                       text1427     03F3
_GIE                                              (abs)        005F
_GO                                               (abs)        00F9
_ISR                                              text1468     0013
_OP1CON0                                          (abs)        001B
_OP1CON1                                          (abs)        001C
_OP1CON2                                          (abs)        001D
_PB0                                              (abs)        0030
_PB1                                              (abs)        0031
_PB2                                              (abs)        0032
_PB3                                              (abs)        0033
_PBOD2                                            (abs)        0C42
_PEIE                                             (abs)        005E
_PR2                                              (abs)        0092
_SRAM_MAP                                         (abs)        0C78
_T1CON                                            (abs)        0010
_T2CON                                            (abs)        0012
_TMR1H                                            (abs)        000F
_TMR1IE                                           (abs)        0460
_TMR1IF                                           (abs)        0060
_TMR1L                                            (abs)        000E
_TRISB0                                           (abs)        0430
_TRISB1                                           (abs)        0431
_TRISB2                                           (abs)        0432
_TRISB3                                           (abs)        0433
_TRISB4                                           (abs)        0434
_TRISB5                                           (abs)        0435
__Habs1                                           abs1         0000
__Hbank0                                          bank0        0000
__Hbank1                                          bank1        0000
__Hbank2                                          bank2        0000
__Hbank3                                          bank3        0000
__HbssBANK0                                       bssBANK0     0000
__HbssBANK1                                       bssBANK1     0000
__HbssCOMMON                                      bssCOMMON    0000
__Hcinit                                          cinit        0000
__Hclrtext                                        clrtext      0000
__Hcode                                           code         0000
__Hcommon                                         common       0000
__Hconfig                                         config       2003
__HcstackBANK0                                    cstackBANK0  0000
__HcstackBANK1                                    cstackBANK1  0000
__HcstackCOMMON                                   cstackCOMMON 0000
__HdataBANK0                                      dataBANK0    0000
__Heeprom_data                                    eeprom_data  0000
__Hend_init                                       end_init     0013
__Hfunctab                                        functab      0000
__HidataBANK0                                     idataBANK0   0000
__Hidloc                                          idloc        0000
__Hinit                                           init         0011
__Hintentry                                       intentry     0011
__Hmaintext                                       maintext     0000
__Hpa_nodes                                       pa_nodes     0000
__Hpowerup                                        powerup      0000
__Hram                                            ram          0000
__Hreset_vec                                      reset_vec    0002
__Hsfr0                                           sfr0         0000
__Hsfr1                                           sfr1         0000
__Hsfr2                                           sfr2         0000
__Hsfr3                                           sfr3         0000
__Hstrings                                        strings      0000
__Htext                                           text         0000
__Labs1                                           abs1         0000
__Lbank0                                          bank0        0000
__Lbank1                                          bank1        0000
__Lbank2                                          bank2        0000
__Lbank3                                          bank3        0000
__LbssBANK0                                       bssBANK0     0000
__LbssBANK1                                       bssBANK1     0000
__LbssCOMMON                                      bssCOMMON    0000
__Lcinit                                          cinit        0000
__Lclrtext                                        clrtext      0000
__Lcode                                           code         0000
__Lcommon                                         common       0000
__Lconfig                                         config       2000
__LcstackBANK0                                    cstackBANK0  0000
__LcstackBANK1                                    cstackBANK1  0000
__LcstackCOMMON                                   cstackCOMMON 0000
__LdataBANK0                                      dataBANK0    0000
__Leeprom_data                                    eeprom_data  0000
__Lend_init                                       end_init     0011
__Lfunctab                                        functab      0000
__LidataBANK0                                     idataBANK0   0000
__Lidloc                                          idloc        0000
__Linit                                           init         0011
__Lintentry                                       intentry     0004
__Lmaintext                                       maintext     0000
__Lpa_nodes                                       pa_nodes     0000
__Lpowerup                                        powerup      0000
__Lram                                            ram          0000
__Lreset_vec                                      reset_vec    0000
__Lsfr0                                           sfr0         0000
__Lsfr1                                           sfr1         0000
__Lsfr2                                           sfr2         0000
__Lsfr3                                           sfr3         0000
__Lstrings                                        strings      0000
__Ltext                                           text         0000
__S0                                              (abs)        2003
__S1                                              (abs)        00D9
__end_of_AD_Sample                                text1428     04C7
__end_of_Filter                                   text1468     021A
__end_of_FilterCh13                               text1427     0472
__end_of_ISR                                      text1468     0078
__end_of_adc_get                                  text1468     008A
__end_of_adc_start                                text1428     04E7
__end_of_adc_test_init                            text1428     04E3
__end_of_clearOneHoursTimer                       text1429     054D
__end_of_clearThreeHoursTimer                     text1429     0549
__end_of_clearTwelveHoursTimer                    text1429     0544
__end_of_clearTwentyMinTimer                      text1429     0551
__end_of_clock_config                             text1453     062D
__end_of_clrSampeTime                             text1444     063F
__end_of_getAD_ConvertFlag                        text1428     04AE
__end_of_getAdOriginalCh13Value                   text1427     03F3
__end_of_getWaitResetFlag                         text1468     0195
__end_of_initPB2_AsHighResistence                 text1431     0528
__end_of_initPB3                                  text1431     0523
__end_of_initPB4                                  text1431     0530
__end_of_initPB5                                  text1431     0538
__end_of_initPin                                  text1431     051A
__end_of_isFinishedOneHoursTimer                  text1437     05EA
__end_of_isFinishedThreeHoursTimer                text1439     05F5
__end_of_isFinishedTwelveHoursTimer               text1441     0600
__end_of_isFinishedTwentyMinTimer                 text1443     060B
__end_of_isPermitSampleTime                       text1445     0636
__end_of_main                                     maintext     03EC
__end_of_op1_init                                 text1450     0625
__end_of_process_AD_Converter_Value               text1428     04AA
__end_of_pwm_start                                text1460     057F
__end_of_reset                                    text1459     0636
__end_of_resetAllTimer                            text1429     053F
__end_of_selectAdChannel                          text1459     063A
__end_of_setAD_ConvertFlag                        text1428     04B3
__end_of_setPB3                                   text1430     04FA
__end_of_setPB4                                   text1430     0505
__end_of_setPB5                                   text1430     0510
__end_of_setPWM_Width                             text1468     021D
__end_of_setPinInitVaule                          text1430     04EF
__end_of_setWaitResetFlag                         text1436     0632
__end_of_startOneHoursTimer                       text1438     05A6
__end_of_startThreeHoursTimer                     text1440     05B9
__end_of_startTwelveHourTimer                     text1442     05CC
__end_of_startTwentyMinTimer                      text1447     05DF
__end_of_timer1_config                            text1452     0615
__end_of_timer1_interrupt_config                  text1451     063D
__end_of_uid_get                                  text1449     0569
__end_of_vPutSampleDataIntoTable                  text1468     0193
__end_ofi1_setAD_ConvertFlag                      text1468     008D
__pbssBANK0                                       bssBANK0     0043
__pbssBANK1                                       bssBANK1     00A0
__pbssCOMMON                                      bssCOMMON    007D
__pcstackBANK0                                    cstackBANK0  0020
__pcstackBANK1                                    cstackBANK1  00BD
__pcstackCOMMON                                   cstackCOMMON 0070
__pdataBANK0                                      dataBANK0    0065
__pidataBANK0                                     idataBANK0   0000
__pintentry                                       intentry     0004
__pmaintext                                       maintext     0241
__ptext1427                                       text1427     03EC
__ptext1428                                       text1428     0491
__ptext1429                                       text1429     0538
__ptext1430                                       text1430     04E7
__ptext1431                                       text1431     0510
__ptext1432                                       text1428     04B3
__ptext1433                                       text1428     04AE
__ptext1434                                       text1428     04AA
__ptext1435                                       text1427     03F3
__ptext1436                                       text1436     062D
__ptext1437                                       text1437     05DF
__ptext1438                                       text1438     0593
__ptext1439                                       text1439     05EA
__ptext1440                                       text1440     05A6
__ptext1441                                       text1441     05F5
__ptext1442                                       text1442     05B9
__ptext1443                                       text1443     0600
__ptext1444                                       text1444     063D
__ptext1445                                       text1445     0632
__ptext1446                                       text1428     04E3
__ptext1447                                       text1447     05CC
__ptext1448                                       text1428     04C7
__ptext1449                                       text1449     0551
__ptext1450                                       text1450     061D
__ptext1451                                       text1451     063A
__ptext1452                                       text1452     060B
__ptext1453                                       text1453     0625
__ptext1454                                       text1429     054D
__ptext1455                                       text1429     0549
__ptext1456                                       text1429     0544
__ptext1457                                       text1429     053F
__ptext1458                                       text1458     063F
__ptext1459                                       text1459     0636
__ptext1460                                       text1460     0569
__ptext1461                                       text1431     0523
__ptext1462                                       text1430     0505
__ptext1463                                       text1431     0530
__ptext1464                                       text1430     04FA
__ptext1465                                       text1431     0528
__ptext1466                                       text1430     04EF
__ptext1467                                       text1431     051A
__ptext1468                                       text1468     0013
__ptext1469                                       text1468     008D
__ptext1470                                       text1468     008A
__ptext1471                                       text1468     0078
__ptext1472                                       text1468     0195
__ptext1473                                       text1468     021A
__ptext1474                                       text1468     0193
__ptext1475                                       text1475     0000
__size_of_AD_Sample                               (abs)        0000
__size_of_Filter                                  (abs)        0000
__size_of_FilterCh13                              (abs)        0000
__size_of_ISR                                     (abs)        0000
__size_of_adc_get                                 (abs)        0000
__size_of_adc_start                               (abs)        0000
__size_of_adc_test_init                           (abs)        0000
__size_of_clearOneHoursTimer                      (abs)        0000
__size_of_clearThreeHoursTimer                    (abs)        0000
__size_of_clearTwelveHoursTimer                   (abs)        0000
__size_of_clearTwentyMinTimer                     (abs)        0000
__size_of_clock_config                            (abs)        0000
__size_of_clrSampeTime                            (abs)        0000
__size_of_getAD_ConvertFlag                       (abs)        0000
__size_of_getAdOriginalCh13Value                  (abs)        0000
__size_of_getWaitResetFlag                        (abs)        0000
__size_of_initPB2_AsHighResistence                (abs)        0000
__size_of_initPB3                                 (abs)        0000
__size_of_initPB4                                 (abs)        0000
__size_of_initPB5                                 (abs)        0000
__size_of_initPin                                 (abs)        0000
__size_of_isFinishedOneHoursTimer                 (abs)        0000
__size_of_isFinishedThreeHoursTimer               (abs)        0000
__size_of_isFinishedTwelveHoursTimer              (abs)        0000
__size_of_isFinishedTwentyMinTimer                (abs)        0000
__size_of_isPermitSampleTime                      (abs)        0000
__size_of_main                                    (abs)        0000
__size_of_op1_init                                (abs)        0000
__size_of_process_AD_Converter_Value              (abs)        0000
__size_of_pwm_start                               (abs)        0000
__size_of_reset                                   (abs)        0000
__size_of_resetAllTimer                           (abs)        0000
__size_of_selectAdChannel                         (abs)        0000
__size_of_setAD_ConvertFlag                       (abs)        0000
__size_of_setPB3                                  (abs)        0000
__size_of_setPB4                                  (abs)        0000
__size_of_setPB5                                  (abs)        0000
__size_of_setPWM_Width                            (abs)        0000
__size_of_setPinInitVaule                         (abs)        0000
__size_of_setWaitResetFlag                        (abs)        0000
__size_of_startOneHoursTimer                      (abs)        0000
__size_of_startThreeHoursTimer                    (abs)        0000
__size_of_startTwelveHourTimer                    (abs)        0000
__size_of_startTwentyMinTimer                     (abs)        0000
__size_of_timer1_config                           (abs)        0000
__size_of_timer1_interrupt_config                 (abs)        0000
__size_of_uid_get                                 (abs)        0000
__size_of_vPutSampleDataIntoTable                 (abs)        0000
__size_ofi1_setAD_ConvertFlag                     (abs)        0000
_ad_offset                                        bssBANK0     0043
_adc_convert_flag                                 bssBANK0     005A
_adc_get                                          text1468     0078
_adc_start                                        text1428     04E3
_adc_test_init                                    text1428     04C7
_bBigTimerStartFlag                               bssBANK0     005B
_bOneHourTimerStartFlag                           bssBANK0     005C
_bSmallTimerStartFlag                             bssBANK0     005D
_bTwentyMinStartFlag                              bssBANK0     005E
_bWaitResetFlag                                   bssBANK0     005F
_clearOneHoursTimer                               text1429     0549
_clearThreeHoursTimer                             text1429     0544
_clearTwelveHoursTimer                            text1429     053F
_clearTwentyMinTimer                              text1429     054D
_clock_config                                     text1453     0625
_clrSampeTime                                     text1444     063D
_exit                                             init         0011
_getAD_ConvertFlag                                text1428     04AA
_getAdOriginalCh13Value                           text1427     03EC
_getWaitResetFlag                                 text1468     0193
_initPB2_AsHighResistence                         text1431     0523
_initPB3                                          text1431     051A
_initPB4                                          text1431     0528
_initPB5                                          text1431     0530
_initPin                                          text1431     0510
_isFinishedOneHoursTimer                          text1437     05DF
_isFinishedThreeHoursTimer                        text1439     05EA
_isFinishedTwelveHoursTimer                       text1441     05F5
_isFinishedTwentyMinTimer                         text1443     0600
_isPermitSampleTime                               text1445     0632
_key                                              (abs)        01E0
_main                                             maintext     0241
_op1_init                                         text1450     061D
_process_AD_Converter_Value                       text1428     0491
_pwm_start                                        text1460     0569
_reset                                            text1458     063F
_resetAllTimer                                    text1429     0538
_sampleChannelSelect                              dataBANK0    0065
_sampleTimes                                      bssBANK0     0060
_selectAdChannel                                  text1459     0636
_setAD_ConvertFlag                                text1428     04AE
_setPB3                                           text1430     04EF
_setPB4                                           text1430     04FA
_setPB5                                           text1430     0505
_setPWM_Width                                     text1468     021A
_setPinInitVaule                                  text1430     04E7
_setWaitResetFlag                                 text1436     062D
_startOneHoursTimer                               text1438     0593
_startThreeHoursTimer                             text1440     05A6
_startTwelveHourTimer                             text1442     05B9
_startTwentyMinTimer                              text1447     05CC
_timer                                            bssBANK0     0061
_timer1_config                                    text1452     060B
_timer1_interrupt_config                          text1451     063A
_uiBigTimer                                       bssBANK0     0045
_uiOneHourTimer                                   bssBANK0     0047
_uiSampleCh12                                     bssBANK1     00AB
_uiSampleCh13                                     bssBANK1     00B1
_uiSampleChannelFourteenth                        bssBANK1     00B7
_uiSmallTimer                                     bssBANK0     0049
_uiTwentyMinTimer                                 bssBANK0     004B
_uiTwentySecondsTimer                             bssBANK0     004D
_uid_get                                          text1449     0551
_vPutSampleDataIntoTable                          text1468     008D
adc_get@val                                       cstackCOMMON 0072
adc_test_init@channel                             cstackBANK1  00BF
adc_test_init@ref                                 cstackBANK1  00BD
btemp                                             (abs)        007E
clear_ram                                         clrtext      0615
end_of_initialization                             cinit        0590
i1_setAD_ConvertFlag                              text1468     008A
i1l1486                                                            
i1l1492                                                            
i1l1518                                                            
i1l1592                                                            
i1l2355                                                            
i1l3564                                                            
i1l3568                                                            
i1l3618                                                            
i1l3626                                                            
i1l3628                                                            
i1l3630                                                            
i1l3650                                                            
i1l3658                                                            
i1l3660                                                            
i1l3666                                                            
i1l3672                                                            
i1l3674                                                            
i1l3678                                                            
i1l3680                                                            
i1l3684                                                            
i1l3690                                                            
i1l3714                                                            
i1l3718                                                            
i1l3722                                                            
i1l3726                                                            
i1l3734                                                            
i1l3738                                                            
i1l3748                                                            
i1l3750                                                            
i1l3772                                                            
i1l3776                                                            
i1l3778                                                            
i1l3782                                                            
i1l3798                                                            
i1l3800                                                            
i1l3806                                                            
i1l3810                                                            
i1setAD_ConvertFlag@flag                          cstackCOMMON 0070
initPB3@bValue                                    cstackBANK1  00BD
initPB4@bValue                                    cstackBANK1  00BD
initPB5@bValue                                    cstackBANK1  00BD
interrupt_function                                intentry     0004
intlevel0                                         functab      0000
intlevel1                                         functab      0000
intlevel2                                         functab      0000
intlevel3                                         functab      0000
intlevel4                                         functab      0000
intlevel5                                         functab      0000
l1483                                                              
l1505                                                              
l1580                                                              
l1583                                                              
l1586                                                              
l1589                                                              
l1592                                                              
l1598                                                              
l1624                                                              
l1627                                                              
l1630                                                              
l1633                                                              
l1673                                                              
l2329                                                              
l2335                                                              
l2346                                                              
l2352                                                              
l4006                                                              
l4008                                                              
l4010                                                              
l4012                                                              
l4014                                                              
l4016                                                              
l4018                                                              
l4020                                                              
l4022                                                              
l4024                                                              
l4026                                                              
l4028                                                              
l4030                                                              
l4032                                                              
l4034                                                              
l4036                                                              
l4038                                                              
l4040                                                              
l4042                                                              
l4044                                                              
l4046                                                              
l4048                                                              
l4050                                                              
l4052                                                              
l4054                                                              
l4058                                                              
l4060                                                              
l4062                                                              
l4064                                                              
l4066                                                              
l4068                                                              
l4070                                                              
l4072                                                              
l4074                                                              
l4076                                                              
l4078                                                              
l4080                                                              
l4082                                                              
l4084                                                              
l4086                                                              
l4088                                                              
l4094                                                              
l4098                                                              
l4100                                                              
l4110                                                              
l4112                                                              
l4116                                                              
l4118                                                              
l4128                                                              
l4134                                                              
l4136                                                              
l4140                                                              
l4142                                                              
l4152                                                              
l4158                                                              
l4160                                                              
l4164                                                              
l4166                                                              
l4176                                                              
l4182                                                              
l4184                                                              
l4188                                                              
l4190                                                              
l4200                                                              
l4202                                                              
l4210                                                              
l4212                                                              
l4214                                                              
l4234                                                              
l4242                                                              
l4244                                                              
l4250                                                              
l4254                                                              
l4256                                                              
l4260                                                              
l4264                                                              
l4270                                                              
l4272                                                              
l4274                                                              
l4276                                                              
l4278                                                              
l4280                                                              
l4282                                                              
l4286                                                              
l4294                                                              
l4298                                                              
l4300                                                              
l4302                                                              
l4304                                                              
l4306                                                              
l4308                                                              
l4312                                                              
l4314                                                              
l4322                                                              
l4338                                                              
l4340                                                              
l4342                                                              
l4358                                                              
l4362                                                              
l4378                                                              
l4382                                                              
l4384                                                              
l4386                                                              
l4388                                                              
l4390                                                              
l4394                                                              
l4412                                                              
l4414                                                              
l4416                                                              
l4434                                                              
l4442                                                              
l4446                                                              
l4458                                                              
l715                                                               
l718                                                               
l721                                                               
l724                                                               
l727                                                               
l736                                                               
main@cTimerP5s_795                                bssBANK1     00A6
main@cTimerP5s_801                                bssBANK1     00A7
main@ucChValue                                    cstackBANK1  00D5
main@ucDelay1s                                    bssBANK1     00A0
main@ucStep                                       bssBANK1     00A8
main@ucTimerP3s                                   bssBANK1     00A9
main@ucTimerP5s                                   bssBANK1     00AA
main@uiCh13Value                                  cstackBANK1  00D7
main@uiTimerOneP5s                                bssBANK1     00A2
main@uiTimerTwoP5s                                bssBANK1     00A4
pwm_start@ucPulseFrequency                        cstackBANK1  00BD
pwm_start@ucPulseWidth                            cstackBANK1  00BE
reset_vec                                         reset_vec    0000
saved_w                                           (abs)        007E
setAD_ConvertFlag@flag                            cstackBANK1  00BD
setPB3@bValue                                     cstackBANK1  00BD
setPB4@bValue                                     cstackBANK1  00BD
setPB5@bValue                                     cstackBANK1  00BD
setPWM_Width@ucWidth                              cstackCOMMON 0070
setWaitResetFlag@bValue                           cstackBANK1  00BD
start                                             init         0011
startOneHoursTimer@uiSetTime                      cstackBANK1  00BD
startThreeHoursTimer@uiSetTime                    cstackBANK1  00BD
startTwelveHourTimer@uiSetTime                    cstackBANK1  00BD
startTwentyMinTimer@uiSetValue                    cstackBANK1  00BD
start_initialization                              cinit        057F
vPutSampleDataIntoTable@channel                   cstackCOMMON 0078
vPutSampleDataIntoTable@i                         cstackCOMMON 007B
vPutSampleDataIntoTable@ucCh12Length              bssCOMMON    007D
vPutSampleDataIntoTable@ucCh13Length              bssBANK0     0062
vPutSampleDataIntoTable@ucChannelFourteenthLength bssBANK0     0063
vPutSampleDataIntoTable@ucInitFlag                bssBANK0     0064
vPutSampleDataIntoTable@uiCalWidthArray1          bssBANK0     004F
vPutSampleDataIntoTable@uiCalWidthArray2          bssBANK0     0051
vPutSampleDataIntoTable@uiCalWidthArray3          bssBANK0     0053
vPutSampleDataIntoTable@uiCalWidthArray4          bssBANK0     0055
vPutSampleDataIntoTable@uiCalWidthCnt             bssBANK0     0057
vPutSampleDataIntoTable@uiDeviationValue          cstackCOMMON 0079
vPutSampleDataIntoTable@uiInitWidth               dataBANK0    0066
vPutSampleDataIntoTable@uiSampleData              cstackCOMMON 0076
wtemp0                                            (abs)        007E
