HI-TECH Software C Compiler 

Linker command line:

--edf=C:\Program Files (x86)\HI-TECH Software\PICC\9.83\dat\en_msgs.txt -cs \
  -h+ProjTest.sym -z -Q16C77 -ol.obj -MProjTest.map -E1 -ACONST=00h-0FFhx16 \
  -ACODE=00h-07FFhx2 -ASTRCODE=00h-0FFFh -AENTRY=00h-0FFhx16 \
  -ASTRING=00h-0FFhx16 -ABANK0=020h-06Fh -ABANK1=0A0h-0EFh \
  -ABANK2=0110h-016Fh -ABANK3=0190h-01EFh \
  -ARAM=020h-06Fh,0A0h-0EFh,0110h-016Fh,0190h-01EFh \
  -AABS1=020h-07Fh,0A0h-0EFh,0110h-016Fh,0190h-01EFh -ACOMMON=070h-07Fh \
  -ASFR0=00h-01Fh -ASFR1=080h-09Fh -ASFR2=0100h-010Fh -ASFR3=0180h-018Fh \
  -preset_vec=00h,intentry=04h,init,end_init -ppowerup=CODE -pfunctab=CODE \
  -ACONFIG=02000h-02007h -pconfig=CONFIG -DCONFIG=2 -AIDLOC=02008h-0200Bh \
  -pidloc=IDLOC -DIDLOC=2 -DCODE=2 -DSTRCODE=2 -DSTRING=2 -DCONST=2 \
  -DENTRY=2 -k startup.obj ProjTest.obj 

Object code version is 3.10

Machine type is 16C77



                Name                               Link     Load   Length Selector   Space Scale
startup.obj     end_init                             11       11        2        8       0
                reset_vec                             0        0        2        0       0
ProjTest.obj    intentry                              4        4        D        8       0
                config                             2000     2000        3     4000       0
                text746                             31E      31E       EA        8       0
                text742                             5CC      5CC       13        8       0
                text741                             643      643        8      C18       0
                text740                             617      617        A      C18       0
                text739                             66A      66A        3      C18       0
                text737                             661      661        5      C18       0
                text736                             60C      60C        B      C18       0
                text735                             63B      63B        8      C18       0
                text733                             64B      64B        7      C18       0
                text732                             66D      66D        2      C18       0
                text731                             62A      62A        9      C18       0
                text730                             65C      65C        5      C18       0
                text729                             666      666        4      C18       0
                text728                             657      657        5      C18       0
                text727                             621      621        9      C18       0
                text726                             652      652        5      C18       0
                text717                             408      408       C9        8       0
                text715                             599      599       1A        8       0
                text714                             4D1      4D1       C8        8       0
                swtext3                             600      600        C      C00       0
                swtext2                             5ED      5ED        E      BBE       0
                swtext1                             5DF      5DF        E      BBE       0
                maintext                             13       13      30B        8       0
                cstackBANK0                          20       20       28       20       1
                cstackCOMMON                         70       70        D       70       1
                clrtext                             633      633        8      C18       0
                bssBANK3                            190      190       18      190       1
                bssBANK1                             A0       A0       4E       A0       1
                dataBANK0                            6E       6E        1       20       1
                bssBANK0                             48       48       26       20       1
                bssCOMMON                            7D       7D        1       70       1
                cinit                               5B3      5B3       19        8       0

TOTAL           Name                               Link     Load   Length     Space
        CLASS   CONST          
                swtext3                             600      600        C         0
                swtext2                             5ED      5ED        E         0
                swtext1                             5DF      5DF        E         0

        CLASS   CODE           
                end_init                             11       11        2         0
                intentry                              4        4        D         0
                reset_vec                             0        0        2         0
                text746                             31E      31E       EA         0
                text742                             5CC      5CC       13         0
                text741                             643      643        8         0
                text740                             617      617        A         0
                text739                             66A      66A        3         0
                text737                             661      661        5         0
                text736                             60C      60C        B         0
                text735                             63B      63B        8         0
                text733                             64B      64B        7         0
                text732                             66D      66D        2         0
                text731                             62A      62A        9         0
                text730                             65C      65C        5         0
                text729                             666      666        4         0
                text728                             657      657        5         0
                text727                             621      621        9         0
                text726                             652      652        5         0
                text717                             408      408       C9         0
                text715                             599      599       1A         0
                text714                             4D1      4D1       C8         0
                maintext                             13       13      30B         0
                clrtext                             633      633        8         0
                cinit                               5B3      5B3       19         0

        CLASS   STRCODE        

        CLASS   ENTRY          

        CLASS   STRING         

        CLASS   BANK0          
                cstackBANK0                          20       20       28         1
                dataBANK0                            6E       6E        1         1
                bssBANK0                             48       48       26         1

        CLASS   BANK1          
                bssBANK1                             A0       A0       4E         1

        CLASS   BANK2          

        CLASS   BANK3          
                bssBANK3                            190      190       18         1

        CLASS   RAM            

        CLASS   ABS1           
                abs_s1                               7E       7E        2         1

        CLASS   COMMON         
                cstackCOMMON                         70       70        D         1
                bssCOMMON                            7D       7D        1         1

        CLASS   SFR0           

        CLASS   SFR1           

        CLASS   SFR2           

        CLASS   SFR3           

        CLASS   CONFIG         
                config                             2000     2000        3         0

        CLASS   IDLOC          

        CLASS   EEDATA         



SEGMENTS        Name                           Load    Length   Top    Selector   Space  Class     Delta

                reset_vec                      000000  000002  000002         0       0  CODE        2
                intentry                       000004  0005DB  0005DF         8       0  CODE        2
                cstackBANK0                    000020  00004F  00006F        20       1  BANK0       1
                cstackCOMMON                   000070  00000E  00007E        70       1  COMMON      1
                bssBANK1                       0000A0  00004E  0000EE        A0       1  BANK1       1
                bssBANK3                       000190  000018  0001A8       190       1  BANK3       1
                swtext1                        0005DF  00001C  0005FB       BBE       0  CONST       2
                swtext3                        000600  00000C  00060C       C00       0  CONST       2
                text736                        00060C  000063  00066F       C18       0  CODE        2
                config                         002000  000003  002003      4000       0  CONFIG      2


UNUSED ADDRESS RANGES

        Name                Unused          Largest block    Delta
        BANK0            006F-006F              1           1
        BANK1            00EE-00EF              2           1
        BANK2            0110-016F             60           1
        BANK3            01A8-01EF             48           1
        CODE             0002-0003              2           2
                         05FB-05FF              5
                         066F-0FFF            191
        CONFIG           2003-2007              5           2
        CONST            0002-0003              2           2
                         05FB-05FF              5
                         066F-0FFF            100
        ENTRY            0002-0003              2           2
                         05FB-05FF              5
                         066F-0FFF            100
        IDLOC            2008-200B              4           2
        RAM              006F-006F              1           1
                         00EE-00EF              2
                         0110-016F             60
                         01A8-01EF             48
        SFR0             0000-001F             20           1
        SFR1             0080-009F             20           1
        SFR2             0100-010F             10           1
        SFR3             0180-018F             10           1
        STRCODE          0002-0003              2           2
                         05FB-05FF              5
                         066F-0FFF            991
        STRING           0002-0003              2           2
                         05FB-05FF              5
                         066F-0FFF            100

                                  Symbol Table

??_AD_Sample                                      cstackBANK0  0022
??_Filter                                         cstackBANK0  0022
??_ISR                                            cstackCOMMON 0079
??_adc_get                                        cstackCOMMON 0072
??_adc_start                                      cstackBANK0  0020
??_adc_test_init                                  cstackBANK0  0021
??_clearAllTimer                                  cstackBANK0  0020
??_clearPinPortAndTimer                           cstackBANK0  0020
??_clearThreeHoursTimer                           cstackBANK0  0020
??_clearTwelveHoursTimer                          cstackBANK0  0020
??_clearTwentySecondsTimer                        cstackBANK0  0020
??_clock_config                                   cstackBANK0  0020
??_clrSampeTime                                   cstackBANK0  0020
??_dac_init                                       cstackBANK0  0020
??_getAD_ConvertFlag                              cstackBANK0  0020
??_getAdOriginaCh4Value                           cstackBANK0  0048
??_getAdOriginalCh14Value                         cstackBANK0  0048
??_getAdOriginalCh1Value                          cstackBANK0  0048
??_getAdOriginalValue                             cstackBANK0  0022
??_initPin                                        cstackBANK0  0020
??_isFinishedThreeHoursTimer                      cstackBANK0  0020
??_isFinishedTwelveHoursTimer                     cstackBANK0  0020
??_isFinishedTwentySecondsTimer                   cstackBANK0  0020
??_isPermitSampleTime                             cstackBANK0  0020
??_main                                           cstackBANK0  0048
??_op1_init                                       cstackBANK0  0020
??_op2_init                                       cstackBANK0  0020
??_process_AD_Converter_Value                     cstackBANK0  0025
??_setAD_ConvertFlag                              cstackBANK0  0020
??_setAdcSampleChannel                            cstackBANK0  0020
??_startThreeHoursTimer                           cstackBANK0  0022
??_startTwelveHourTimer                           cstackBANK0  0022
??_startTwentySecondsTimer                        cstackBANK0  0020
??_timer1_config                                  cstackBANK0  0020
??_timer1_interrupt_config                        cstackBANK0  0020
??_vPutSampleDataIntoTable                        cstackCOMMON 0077
??i1_setAD_ConvertFlag                            cstackCOMMON 0070
?_AD_Sample                                       cstackCOMMON 0070
?_Filter                                          cstackBANK0  0020
?_ISR                                             cstackCOMMON 0070
?_adc_get                                         cstackCOMMON 0070
?_adc_start                                       cstackCOMMON 0070
?_adc_test_init                                   cstackBANK0  0020
?_clearAllTimer                                   cstackCOMMON 0070
?_clearPinPortAndTimer                            cstackCOMMON 0070
?_clearThreeHoursTimer                            cstackCOMMON 0070
?_clearTwelveHoursTimer                           cstackCOMMON 0070
?_clearTwentySecondsTimer                         cstackCOMMON 0070
?_clock_config                                    cstackCOMMON 0070
?_clrSampeTime                                    cstackCOMMON 0070
?_dac_init                                        cstackCOMMON 0070
?_getAD_ConvertFlag                               cstackCOMMON 0070
?_getAdOriginaCh4Value                            cstackBANK0  0046
?_getAdOriginalCh14Value                          cstackBANK0  0046
?_getAdOriginalCh1Value                           cstackBANK0  0046
?_getAdOriginalValue                              cstackBANK0  0020
?_initPin                                         cstackCOMMON 0070
?_isFinishedThreeHoursTimer                       cstackCOMMON 0070
?_isFinishedTwelveHoursTimer                      cstackCOMMON 0070
?_isFinishedTwentySecondsTimer                    cstackCOMMON 0070
?_isPermitSampleTime                              cstackCOMMON 0070
?_main                                            cstackCOMMON 0070
?_op1_init                                        cstackCOMMON 0070
?_op2_init                                        cstackCOMMON 0070
?_process_AD_Converter_Value                      cstackCOMMON 0070
?_setAD_ConvertFlag                               cstackCOMMON 0070
?_setAdcSampleChannel                             cstackCOMMON 0070
?_startThreeHoursTimer                            cstackBANK0  0020
?_startTwelveHourTimer                            cstackBANK0  0020
?_startTwentySecondsTimer                         cstackCOMMON 0070
?_timer1_config                                   cstackCOMMON 0070
?_timer1_interrupt_config                         cstackCOMMON 0070
?_vPutSampleDataIntoTable                         cstackCOMMON 0074
?i1_setAD_ConvertFlag                             cstackCOMMON 0070
AD_Sample@index                                   cstackBANK0  0024
Filter@cir                                        cstackBANK0  0042
Filter@filter_buf                                 cstackBANK0  0026
Filter@filter_sum                                 cstackBANK0  0040
Filter@filter_temp                                cstackBANK0  003E
Filter@i                                          cstackBANK0  0045
Filter@j                                          cstackBANK0  0044
Filter@tmpValue                                   cstackBANK0  0020
ISR@ucTimer1sCnt                                  bssBANK0     004E
_ADCON0                                           (abs)        001F
_ADCON1                                           (abs)        009F
_ADIE                                             (abs)        046A
_ADIF                                             (abs)        006A
_ADON                                             (abs)        00F8
_ADRESH                                           (abs)        001E
_ADRESL                                           (abs)        009E
_AD_Sample                                        text714      050C
_CLKPCE                                           (abs)        0847
_CLKPR                                            (abs)        0108
_DACCON                                           (abs)        0087
_DACR0                                            (abs)        0088
_Filter                                           text717      0424
_GIE                                              (abs)        005F
_GO                                               (abs)        00F9
_ISR                                              text746      031E
_OP1CON0                                          (abs)        001B
_OP1CON1                                          (abs)        001C
_OP1CON2                                          (abs)        001D
_OP2CON0                                          (abs)        009B
_OP2CON1                                          (abs)        009C
_OP2CON2                                          (abs)        009D
_PA0                                              (abs)        0028
_PA1                                              (abs)        0029
_PA2                                              (abs)        002A
_PA3                                              (abs)        002B
_PA6                                              (abs)        002E
_PA7                                              (abs)        002F
_PAOD7                                            (abs)        0C3F
_PB0                                              (abs)        0030
_PB1                                              (abs)        0031
_PB6                                              (abs)        0036
_PBOD6                                            (abs)        0C46
_PEIE                                             (abs)        005E
_T1CON                                            (abs)        0010
_TMR1H                                            (abs)        000F
_TMR1IE                                           (abs)        0460
_TMR1IF                                           (abs)        0060
_TMR1L                                            (abs)        000E
_TRISA0                                           (abs)        0428
_TRISA1                                           (abs)        0429
_TRISA2                                           (abs)        042A
_TRISA3                                           (abs)        042B
_TRISA6                                           (abs)        042E
_TRISA7                                           (abs)        042F
_TRISB0                                           (abs)        0430
_TRISB1                                           (abs)        0431
_TRISB2                                           (abs)        0432
_TRISB3                                           (abs)        0433
_TRISB4                                           (abs)        0434
_TRISB5                                           (abs)        0435
_TRISB6                                           (abs)        0436
_TRISB7                                           (abs)        0437
__Habs1                                           abs1         0000
__Hbank0                                          bank0        0000
__Hbank1                                          bank1        0000
__Hbank2                                          bank2        0000
__Hbank3                                          bank3        0000
__HbssBANK0                                       bssBANK0     0000
__HbssBANK1                                       bssBANK1     0000
__HbssBANK3                                       bssBANK3     0000
__HbssCOMMON                                      bssCOMMON    0000
__Hcinit                                          cinit        0000
__Hclrtext                                        clrtext      0000
__Hcode                                           code         0000
__Hcommon                                         common       0000
__Hconfig                                         config       2003
__HcstackBANK0                                    cstackBANK0  0000
__HcstackCOMMON                                   cstackCOMMON 0000
__HdataBANK0                                      dataBANK0    0000
__Heeprom_data                                    eeprom_data  0000
__Hend_init                                       end_init     0013
__Hfunctab                                        functab      0000
__HidataBANK0                                     idataBANK0   0000
__Hidloc                                          idloc        0000
__Hinit                                           init         0011
__Hintentry                                       intentry     0011
__Hmaintext                                       maintext     0000
__Hpa_nodes                                       pa_nodes     0000
__Hpowerup                                        powerup      0000
__Hram                                            ram          0000
__Hreset_vec                                      reset_vec    0002
__Hsfr0                                           sfr0         0000
__Hsfr1                                           sfr1         0000
__Hsfr2                                           sfr2         0000
__Hsfr3                                           sfr3         0000
__Hstrings                                        strings      0000
__Htext                                           text         0000
__Labs1                                           abs1         0000
__Lbank0                                          bank0        0000
__Lbank1                                          bank1        0000
__Lbank2                                          bank2        0000
__Lbank3                                          bank3        0000
__LbssBANK0                                       bssBANK0     0000
__LbssBANK1                                       bssBANK1     0000
__LbssBANK3                                       bssBANK3     0000
__LbssCOMMON                                      bssCOMMON    0000
__Lcinit                                          cinit        0000
__Lclrtext                                        clrtext      0000
__Lcode                                           code         0000
__Lcommon                                         common       0000
__Lconfig                                         config       2000
__LcstackBANK0                                    cstackBANK0  0000
__LcstackCOMMON                                   cstackCOMMON 0000
__LdataBANK0                                      dataBANK0    0000
__Leeprom_data                                    eeprom_data  0000
__Lend_init                                       end_init     0011
__Lfunctab                                        functab      0000
__LidataBANK0                                     idataBANK0   0000
__Lidloc                                          idloc        0000
__Linit                                           init         0011
__Lintentry                                       intentry     0004
__Lmaintext                                       maintext     0000
__Lpa_nodes                                       pa_nodes     0000
__Lpowerup                                        powerup      0000
__Lram                                            ram          0000
__Lreset_vec                                      reset_vec    0000
__Lsfr0                                           sfr0         0000
__Lsfr1                                           sfr1         0000
__Lsfr2                                           sfr2         0000
__Lsfr3                                           sfr3         0000
__Lstrings                                        strings      0000
__Ltext                                           text         0000
__S0                                              (abs)        2003
__S1                                              (abs)        01A8
__end_of_AD_Sample                                text714      0573
__end_of_Filter                                   text717      04BB
__end_of_ISR                                      text746      0386
__end_of_adc_get                                  text746      0392
__end_of_adc_start                                text714      057F
__end_of_adc_test_init                            text714      0507
__end_of_clearAllTimer                            text715      05AA
__end_of_clearPinPortAndTimer                     text715      05A5
__end_of_clearThreeHoursTimer                     text715      05B0
__end_of_clearTwelveHoursTimer                    text715      05AD
__end_of_clearTwentySecondsTimer                  text715      05B3
__end_of_clock_config                             text741      064B
__end_of_clrSampeTime                             text732      066F
__end_of_dac_init                                 text737      0666
__end_of_getAD_ConvertFlag                        text714      0509
__end_of_getAdOriginaCh4Value                     text717      0411
__end_of_getAdOriginalCh14Value                   text717      0424
__end_of_getAdOriginalCh1Value                    text717      041A
__end_of_getAdOriginalValue                       text714      057C
__end_of_initPin                                  text742      05DF
__end_of_isFinishedThreeHoursTimer                text726      0657
__end_of_isFinishedTwelveHoursTimer               text730      0661
__end_of_isFinishedTwentySecondsTimer             text728      065C
__end_of_isPermitSampleTime                       text733      0652
__end_of_main                                     maintext     031E
__end_of_op1_init                                 text736      0617
__end_of_op2_init                                 text735      0643
__end_of_process_AD_Converter_Value               text714      04F2
__end_of_setAD_ConvertFlag                        text714      050C
__end_of_setAdcSampleChannel                      text714      0587
__end_of_startThreeHoursTimer                     text727      062A
__end_of_startTwelveHourTimer                     text731      0633
__end_of_startTwentySecondsTimer                  text729      066A
__end_of_timer1_config                            text740      0621
__end_of_timer1_interrupt_config                  text739      066D
__end_of_vPutSampleDataIntoTable                  text746      03F5
__end_ofi1_setAD_ConvertFlag                      text746      03F8
__pbssBANK0                                       bssBANK0     0048
__pbssBANK1                                       bssBANK1     00A0
__pbssBANK3                                       bssBANK3     0190
__pbssCOMMON                                      bssCOMMON    007D
__pcstackBANK0                                    cstackBANK0  0020
__pcstackCOMMON                                   cstackCOMMON 0070
__pdataBANK0                                      dataBANK0    006E
__pidataBANK0                                     idataBANK0   0000
__pintentry                                       intentry     0004
__pmaintext                                       maintext     0013
__pswtext1                                        swtext1      05DF
__pswtext2                                        swtext2      05ED
__pswtext3                                        swtext3      0600
__ptext714                                        text714      04D1
__ptext715                                        text715      0599
__ptext716                                        text714      050C
__ptext717                                        text717      0408
__ptext718                                        text717      0411
__ptext719                                        text717      041A
__ptext720                                        text715      05A5
__ptext721                                        text714      057F
__ptext722                                        text714      0573
__ptext723                                        text714      0509
__ptext724                                        text714      0507
__ptext725                                        text717      0424
__ptext726                                        text726      0652
__ptext727                                        text727      0621
__ptext728                                        text728      0657
__ptext729                                        text729      0666
__ptext730                                        text730      065C
__ptext731                                        text731      062A
__ptext732                                        text732      066D
__ptext733                                        text733      064B
__ptext734                                        text714      057C
__ptext735                                        text735      063B
__ptext736                                        text736      060C
__ptext737                                        text737      0661
__ptext738                                        text714      04F2
__ptext739                                        text739      066A
__ptext740                                        text740      0617
__ptext741                                        text741      0643
__ptext742                                        text742      05CC
__ptext743                                        text715      05B0
__ptext744                                        text715      05AD
__ptext745                                        text715      05AA
__ptext746                                        text746      031E
__ptext747                                        text746      03F5
__ptext748                                        text746      0386
__ptext749                                        text746      0392
__ptext750                                        text750      0000
__size_of_AD_Sample                               (abs)        0000
__size_of_Filter                                  (abs)        0000
__size_of_ISR                                     (abs)        0000
__size_of_adc_get                                 (abs)        0000
__size_of_adc_start                               (abs)        0000
__size_of_adc_test_init                           (abs)        0000
__size_of_clearAllTimer                           (abs)        0000
__size_of_clearPinPortAndTimer                    (abs)        0000
__size_of_clearThreeHoursTimer                    (abs)        0000
__size_of_clearTwelveHoursTimer                   (abs)        0000
__size_of_clearTwentySecondsTimer                 (abs)        0000
__size_of_clock_config                            (abs)        0000
__size_of_clrSampeTime                            (abs)        0000
__size_of_dac_init                                (abs)        0000
__size_of_getAD_ConvertFlag                       (abs)        0000
__size_of_getAdOriginaCh4Value                    (abs)        0000
__size_of_getAdOriginalCh14Value                  (abs)        0000
__size_of_getAdOriginalCh1Value                   (abs)        0000
__size_of_getAdOriginalValue                      (abs)        0000
__size_of_initPin                                 (abs)        0000
__size_of_isFinishedThreeHoursTimer               (abs)        0000
__size_of_isFinishedTwelveHoursTimer              (abs)        0000
__size_of_isFinishedTwentySecondsTimer            (abs)        0000
__size_of_isPermitSampleTime                      (abs)        0000
__size_of_main                                    (abs)        0000
__size_of_op1_init                                (abs)        0000
__size_of_op2_init                                (abs)        0000
__size_of_process_AD_Converter_Value              (abs)        0000
__size_of_setAD_ConvertFlag                       (abs)        0000
__size_of_setAdcSampleChannel                     (abs)        0000
__size_of_startThreeHoursTimer                    (abs)        0000
__size_of_startTwelveHourTimer                    (abs)        0000
__size_of_startTwentySecondsTimer                 (abs)        0000
__size_of_timer1_config                           (abs)        0000
__size_of_timer1_interrupt_config                 (abs)        0000
__size_of_vPutSampleDataIntoTable                 (abs)        0000
__size_ofi1_setAD_ConvertFlag                     (abs)        0000
_adc_convert_flag                                 bssBANK0     004F
_adc_get                                          text746      0386
_adc_original_value                               bssBANK1     00B8
_adc_start                                        text714      057C
_adc_test_init                                    text714      04F2
_buffer_Sample_AD_Value                           bssBANK1     00A0
_clearAllTimer                                    text715      05A5
_clearPinPortAndTimer                             text715      0599
_clearThreeHoursTimer                             text715      05AD
_clearTwelveHoursTimer                            text715      05AA
_clearTwentySecondsTimer                          text715      05B0
_clock_config                                     text741      0643
_clrSampeTime                                     text732      066D
_dac_init                                         text737      0661
_exit                                             init         0011
_getAD_ConvertFlag                                text714      0507
_getAdOriginaCh4Value                             text717      0408
_getAdOriginalCh14Value                           text717      041A
_getAdOriginalCh1Value                            text717      0411
_getAdOriginalValue                               text714      0573
_initPin                                          text742      05CC
_isFinishedThreeHoursTimer                        text726      0652
_isFinishedTwelveHoursTimer                       text730      065C
_isFinishedTwentySecondsTimer                     text728      0657
_isPermitSampleTime                               text733      064B
_main                                             maintext     0013
_multiFilterMaxValue                              bssBANK1     00BA
_multiFilterMinValue                              bssBANK1     00BC
_op1_init                                         text736      060C
_op2_init                                         text735      063B
_process_AD_Converter_Value                       text714      04D1
_sampleChannelSelect                              dataBANK0    006E
_sampleTimes                                      bssBANK0     0050
_setAD_ConvertFlag                                text714      0509
_setAdcSampleChannel                              text714      057F
_startThreeHoursTimer                             text727      0621
_startTwelveHourTimer                             text731      062A
_startTwentySecondsTimer                          text729      0666
_timer                                            bssBANK0     0051
_timer1_config                                    text740      0617
_timer1_interrupt_config                          text739      066A
_uiBigTimer                                       bssBANK0     0048
_uiSampleChannelFirst                             bssBANK1     00BE
_uiSampleChannelFourteenth                        bssBANK3     0190
_uiSampleChannelFourth                            bssBANK1     00D6
_uiSmallTimer                                     bssBANK0     004A
_uiTwentySecondsTimer                             bssBANK0     004C
_vPutSampleDataIntoTable                          text746      0392
adc_get@val                                       cstackCOMMON 0072
adc_test_init@channel                             cstackBANK0  0022
adc_test_init@ref                                 cstackBANK0  0020
btemp                                             (abs)        007E
clear_ram                                         clrtext      0633
end_of_initialization                             cinit        05C9
i1_setAD_ConvertFlag                              text746      03F5
i1l1666                                                            
i1l2423                                                            
i1l4012                                                            
i1l4014                                                            
i1l4018                                                            
i1l4022                                                            
i1l4030                                                            
i1l4034                                                            
i1l4042                                                            
i1l4046                                                            
i1l4056                                                            
i1l4058                                                            
i1l4072                                                            
i1l4076                                                            
i1l4078                                                            
i1l4082                                                            
i1l4094                                                            
i1l4096                                                            
i1l4098                                                            
i1l4102                                                            
i1l4106                                                            
i1l4108                                                            
i1l4112                                                            
i1l4114                                                            
i1l4118                                                            
i1setAD_ConvertFlag@flag                          cstackCOMMON 0070
interrupt_function                                intentry     0004
intlevel0                                         functab      0000
intlevel1                                         functab      0000
intlevel2                                         functab      0000
intlevel3                                         functab      0000
intlevel4                                         functab      0000
intlevel5                                         functab      0000
l1625                                                              
l1654                                                              
l1657                                                              
l1660                                                              
l1663                                                              
l1666                                                              
l1669                                                              
l1672                                                              
l1675                                                              
l1678                                                              
l1718                                                              
l1721                                                              
l1724                                                              
l1731                                                              
l1754                                                              
l2400                                                              
l2403                                                              
l2406                                                              
l2414                                                              
l2417                                                              
l2420                                                              
l3854                                                              
l3856                                                              
l3860                                                              
l3862                                                              
l3864                                                              
l3866                                                              
l3868                                                              
l3870                                                              
l3872                                                              
l3874                                                              
l3876                                                              
l3878                                                              
l3880                                                              
l3882                                                              
l3884                                                              
l3886                                                              
l3888                                                              
l3890                                                              
l3892                                                              
l3894                                                              
l3896                                                              
l3898                                                              
l3902                                                              
l3914                                                              
l3916                                                              
l3920                                                              
l3932                                                              
l3934                                                              
l3946                                                              
l3950                                                              
l3962                                                              
l3970                                                              
l3972                                                              
l3974                                                              
l3994                                                              
l4002                                                              
l4004                                                              
l4008                                                              
l4060                                                              
l4064                                                              
l4066                                                              
l4070                                                              
l4122                                                              
l4126                                                              
l4130                                                              
l4134                                                              
l4138                                                              
l4150                                                              
l4154                                                              
l4176                                                              
l4178                                                              
l4180                                                              
l4182                                                              
l4184                                                              
l4188                                                              
l4190                                                              
l4196                                                              
l4200                                                              
l4202                                                              
l4204                                                              
l4206                                                              
l4208                                                              
l4210                                                              
l4212                                                              
l4214                                                              
l4216                                                              
l4218                                                              
l4220                                                              
l4222                                                              
l4226                                                              
l4230                                                              
l4240                                                              
l4250                                                              
l4256                                                              
l4262                                                              
l4272                                                              
l4274                                                              
l4284                                                              
l4286                                                              
l4290                                                              
l4586                                                              
l4598                                                              
l4600                                                              
l4602                                                              
l4608                                                              
l4610                                                              
l4616                                                              
l4618                                                              
l4620                                                              
l4622                                                              
l4624                                                              
l4628                                                              
l4630                                                              
l4644                                                              
l4646                                                              
l4648                                                              
l4650                                                              
l4652                                                              
l4664                                                              
l4684                                                              
l4696                                                              
l4698                                                              
l4700                                                              
l4702                                                              
l677                                                               
l680                                                               
l683                                                               
main@cTimer1s_810                                 bssBANK0     0052
main@enumBranchStep                               bssBANK0     0053
main@enumInteralStep                              bssBANK0     0054
main@enumMainLoopStep                             bssBANK0     0055
main@ucADC4_Step                                  bssBANK0     0056
main@ucChannel4Type                               bssBANK0     0057
main@ucLoaderStep                                 bssBANK0     0058
main@ucLoaderStep1                                bssBANK0     0059
main@ucLoaderStep2                                bssBANK0     005A
main@ucLoaderStep3                                bssBANK0     005B
main@ucLoaderStep4                                bssBANK0     005C
main@ucTimer1s                                    bssBANK0     005D
main@ucTimer20s                                   bssBANK0     005E
main@ucTimerADC1ZeroP5s                           bssBANK0     005F
main@ucTimerDelay                                 bssBANK0     0060
main@ucTimerDelay1                                bssBANK0     0061
main@ucTimerDelay2                                bssBANK0     0062
main@ucTimerDelay3                                bssBANK0     0063
main@ucTimerDelay4                                bssBANK0     0064
main@ucTimerP3s                                   bssBANK0     0065
main@ucTimerP5s                                   bssBANK0     0066
main@ucTimerRightP5s                              bssBANK0     0067
main@ucTimerX1P5s                                 bssBANK0     0068
main@ucTimerX2P5s                                 bssBANK0     0069
main@ucTimerZeroPoint3s                           bssBANK0     006A
main@ucTimerZeroPoint5s                           bssBANK0     006B
reset_vec                                         reset_vec    0000
saved_w                                           (abs)        007E
setAD_ConvertFlag@flag                            cstackBANK0  0020
setAdcSampleChannel@ucChannel                     cstackBANK0  0021
start                                             init         0011
startThreeHoursTimer@uiSetTime                    cstackBANK0  0020
startTwelveHourTimer@uiSetTime                    cstackBANK0  0020
start_initialization                              cinit        05B3
vPutSampleDataIntoTable@channel                   cstackCOMMON 0076
vPutSampleDataIntoTable@i                         cstackCOMMON 0077
vPutSampleDataIntoTable@ucChannelFirstLength      bssCOMMON    007D
vPutSampleDataIntoTable@ucChannelFourteenthLength bssBANK0     006C
vPutSampleDataIntoTable@ucChannelFourthLength     bssBANK0     006D
vPutSampleDataIntoTable@uiSampleData              cstackCOMMON 0074
wtemp0                                            (abs)        007E
