HI-TECH Software C Compiler 

Linker command line:

--edf=C:\Program Files (x86)\HI-TECH Software\PICC\9.83\dat\en_msgs.txt -cs \
  -h+ProjTest.sym -z -Q16C77 -ol.obj -MProjTest.map -E1 -ACONST=00h-0FFhx16 \
  -ACODE=00h-07FFhx2 -ASTRCODE=00h-0FFFh -AENTRY=00h-0FFhx16 \
  -ASTRING=00h-0FFhx16 -ABANK0=020h-06Fh -ABANK1=0A0h-0EFh \
  -ABANK2=0110h-016Fh -ABANK3=0190h-01EFh \
  -ARAM=020h-06Fh,0A0h-0EFh,0110h-016Fh,0190h-01EFh \
  -AABS1=020h-07Fh,0A0h-0EFh,0110h-016Fh,0190h-01EFh -ACOMMON=070h-07Fh \
  -ASFR0=00h-01Fh -ASFR1=080h-09Fh -ASFR2=0100h-010Fh -ASFR3=0180h-018Fh \
  -preset_vec=00h,intentry=04h,init,end_init -ppowerup=CODE -pfunctab=CODE \
  -ACONFIG=02000h-02007h -pconfig=CONFIG -DCONFIG=2 -AIDLOC=02008h-0200Bh \
  -pidloc=IDLOC -DIDLOC=2 -DCODE=2 -DSTRCODE=2 -DSTRING=2 -DCONST=2 \
  -DENTRY=2 -k startup.obj ProjTest.obj 

Object code version is 3.10

Machine type is 16C77



                Name                               Link     Load   Length Selector   Space Scale
startup.obj     end_init                             11       11        2        8       0
                reset_vec                             0        0        2        0       0
ProjTest.obj    intentry                              4        4        D        8       0
                config                             2000     2000        3     4000       0
                text790                             3D4      3D4       E0        8       0
                text786                             633      633       13      C34       0
                text785                             6A7      6A7        8      D14       0
                text784                             695      695        A      D14       0
                text783                             6D8      6D8        3      D14       0
                text781                             6D3      6D3        5      D14       0
                text780                             68A      68A        B      D14       0
                text779                             6AF      6AF        7      D14       0
                text777                             6C8      6C8        6      D14       0
                text776                             6DB      6DB        2      D14       0
                text775                             670      670        E      CC4       0
                text774                             6C2      6C2        6      D14       0
                text773                             6CE      6CE        5      D14       0
                text772                             6BC      6BC        6      D14       0
                text771                             662      662        E      CC4       0
                text770                             6B6      6B6        6      D14       0
                text764                             57F      57F       5D        8       0
                text761                             4B4      4B4       CB        8       0
                text760                             5DC      5DC       1E        8       0
                swtext4                             600      600       1A      C00       0
                swtext3                             67E      67E        C      CFC       0
                swtext2                             654      654        E      C8C       0
                swtext1                             646      646        E      C8C       0
                maintext                             13       13      3C1        8       0
                cstackBANK0                          20       20       28       20       1
                cstackCOMMON                         70       70        D       70       1
                clrtext                             69F      69F        8      D14       0
                bssBANK3                            190      190       18      190       1
                bssBANK1                             A0       A0       3E       A0       1
                dataBANK0                            6E       6E        1       20       1
                bssBANK0                             48       48       26       20       1
                bssCOMMON                            7D       7D        1       70       1
                cinit                               61A      61A       19      C34       0

TOTAL           Name                               Link     Load   Length     Space
        CLASS   CONST          
                swtext4                             600      600       1A         0
                swtext3                             67E      67E        C         0
                swtext2                             654      654        E         0
                swtext1                             646      646        E         0

        CLASS   CODE           
                end_init                             11       11        2         0
                intentry                              4        4        D         0
                reset_vec                             0        0        2         0
                text790                             3D4      3D4       E0         0
                text786                             633      633       13         0
                text785                             6A7      6A7        8         0
                text784                             695      695        A         0
                text783                             6D8      6D8        3         0
                text781                             6D3      6D3        5         0
                text780                             68A      68A        B         0
                text779                             6AF      6AF        7         0
                text777                             6C8      6C8        6         0
                text776                             6DB      6DB        2         0
                text775                             670      670        E         0
                text774                             6C2      6C2        6         0
                text773                             6CE      6CE        5         0
                text772                             6BC      6BC        6         0
                text771                             662      662        E         0
                text770                             6B6      6B6        6         0
                text764                             57F      57F       5D         0
                text761                             4B4      4B4       CB         0
                text760                             5DC      5DC       1E         0
                maintext                             13       13      3C1         0
                clrtext                             69F      69F        8         0
                cinit                               61A      61A       19         0

        CLASS   STRCODE        

        CLASS   ENTRY          

        CLASS   STRING         

        CLASS   BANK0          
                cstackBANK0                          20       20       28         1
                dataBANK0                            6E       6E        1         1
                bssBANK0                             48       48       26         1

        CLASS   BANK1          
                bssBANK1                             A0       A0       3E         1

        CLASS   BANK2          

        CLASS   BANK3          
                bssBANK3                            190      190       18         1

        CLASS   RAM            

        CLASS   ABS1           
                abs_s1                               7E       7E        2         1

        CLASS   COMMON         
                cstackCOMMON                         70       70        D         1
                bssCOMMON                            7D       7D        1         1

        CLASS   SFR0           

        CLASS   SFR1           

        CLASS   SFR2           

        CLASS   SFR3           

        CLASS   CONFIG         
                config                             2000     2000        3         0

        CLASS   IDLOC          

        CLASS   EEDATA         



SEGMENTS        Name                           Load    Length   Top    Selector   Space  Class     Delta

                reset_vec                      000000  000002  000002         0       0  CODE        2
                intentry                       000004  0005F6  0005FA         8       0  CODE        2
                cstackBANK0                    000020  00004F  00006F        20       1  BANK0       1
                cstackCOMMON                   000070  00000E  00007E        70       1  COMMON      1
                bssBANK1                       0000A0  00003E  0000DE        A0       1  BANK1       1
                bssBANK3                       000190  000018  0001A8       190       1  BANK3       1
                swtext4                        000600  00001A  00061A       C00       0  CONST       2
                cinit                          00061A  00002C  000646       C34       0  CODE        2
                swtext1                        000646  00001C  000662       C8C       0  CONST       2
                text771                        000662  00001C  00067E       CC4       0  CODE        2
                swtext3                        00067E  00000C  00068A       CFC       0  CONST       2
                text780                        00068A  000053  0006DD       D14       0  CODE        2
                config                         002000  000003  002003      4000       0  CONFIG      2


UNUSED ADDRESS RANGES

        Name                Unused          Largest block    Delta
        BANK0            006F-006F              1           1
        BANK1            00DE-00EF             12           1
        BANK2            0110-016F             60           1
        BANK3            01A8-01EF             48           1
        CODE             0002-0003              2           2
                         05FA-05FF              6
                         06DD-0FFF            123
        CONFIG           2003-2007              5           2
        CONST            0002-0003              2           2
                         05FA-05FF              6
                         06DD-0FFF            100
        ENTRY            0002-0003              2           2
                         05FA-05FF              6
                         06DD-0FFF            100
        IDLOC            2008-200B              4           2
        RAM              006F-006F              1           1
                         00DE-00EF             12
                         0110-016F             60
                         01A8-01EF             48
        SFR0             0000-001F             20           1
        SFR1             0080-009F             20           1
        SFR2             0100-010F             10           1
        SFR3             0180-018F             10           1
        STRCODE          0002-0003              2           2
                         05FA-05FF              6
                         06DD-0FFF            923
        STRING           0002-0003              2           2
                         05FA-05FF              6
                         06DD-0FFF            100

                                  Symbol Table

??_AD_Sample                                      cstackBANK0  0020
??_Filter                                         cstackBANK0  0022
??_ISR                                            cstackCOMMON 0079
??_adc_get                                        cstackCOMMON 0072
??_adc_start                                      cstackBANK0  0020
??_adc_test_init                                  cstackBANK0  0021
??_clearAllTimer                                  cstackBANK0  0020
??_clearPinPortAndTimer                           cstackBANK0  0020
??_clearThreeHoursTimer                           cstackBANK0  0020
??_clearTwelveHoursTimer                          cstackBANK0  0020
??_clearTwentySecondsTimer                        cstackBANK0  0020
??_clock_config                                   cstackBANK0  0020
??_clrSampeTime                                   cstackBANK0  0020
??_dac_init                                       cstackBANK0  0020
??_getAD_ConvertFlag                              cstackBANK0  0020
??_getAdOriginaCh4Value                           cstackBANK0  0048
??_getAdOriginalCh14Value                         cstackBANK0  0048
??_getAdOriginalCh1Value                          cstackBANK0  0048
??_initPin                                        cstackBANK0  0020
??_isFinishedThreeHoursTimer                      cstackBANK0  0020
??_isFinishedTwelveHoursTimer                     cstackBANK0  0020
??_isFinishedTwentySecondsTimer                   cstackBANK0  0020
??_isPermitSampleTime                             cstackBANK0  0020
??_main                                           cstackBANK0  0048
??_op1_init                                       cstackBANK0  0020
??_op2_init                                       cstackBANK0  0020
??_process_AD_Converter_Value                     cstackBANK0  0023
??_setAD_ConvertFlag                              cstackBANK0  0020
??_startThreeHoursTimer                           cstackBANK0  0022
??_startTwelveHourTimer                           cstackBANK0  0022
??_startTwentySecondsTimer                        cstackBANK0  0020
??_timer1_config                                  cstackBANK0  0020
??_timer1_interrupt_config                        cstackBANK0  0020
??_vPutSampleDataIntoTable                        cstackCOMMON 0077
??i1_setAD_ConvertFlag                            cstackCOMMON 0070
?_AD_Sample                                       cstackCOMMON 0070
?_Filter                                          cstackBANK0  0020
?_ISR                                             cstackCOMMON 0070
?_adc_get                                         cstackCOMMON 0070
?_adc_start                                       cstackCOMMON 0070
?_adc_test_init                                   cstackBANK0  0020
?_clearAllTimer                                   cstackCOMMON 0070
?_clearPinPortAndTimer                            cstackCOMMON 0070
?_clearThreeHoursTimer                            cstackCOMMON 0070
?_clearTwelveHoursTimer                           cstackCOMMON 0070
?_clearTwentySecondsTimer                         cstackCOMMON 0070
?_clock_config                                    cstackCOMMON 0070
?_clrSampeTime                                    cstackCOMMON 0070
?_dac_init                                        cstackCOMMON 0070
?_getAD_ConvertFlag                               cstackCOMMON 0070
?_getAdOriginaCh4Value                            cstackBANK0  0046
?_getAdOriginalCh14Value                          cstackBANK0  0046
?_getAdOriginalCh1Value                           cstackBANK0  0046
?_initPin                                         cstackCOMMON 0070
?_isFinishedThreeHoursTimer                       cstackCOMMON 0070
?_isFinishedTwelveHoursTimer                      cstackCOMMON 0070
?_isFinishedTwentySecondsTimer                    cstackCOMMON 0070
?_isPermitSampleTime                              cstackCOMMON 0070
?_main                                            cstackCOMMON 0070
?_op1_init                                        cstackCOMMON 0070
?_op2_init                                        cstackCOMMON 0070
?_process_AD_Converter_Value                      cstackCOMMON 0070
?_setAD_ConvertFlag                               cstackCOMMON 0070
?_startThreeHoursTimer                            cstackBANK0  0020
?_startTwelveHourTimer                            cstackBANK0  0020
?_startTwentySecondsTimer                         cstackCOMMON 0070
?_timer1_config                                   cstackCOMMON 0070
?_timer1_interrupt_config                         cstackCOMMON 0070
?_vPutSampleDataIntoTable                         cstackCOMMON 0074
?i1_setAD_ConvertFlag                             cstackCOMMON 0070
Filter@cir                                        cstackBANK0  0042
Filter@filter_buf                                 cstackBANK0  0026
Filter@filter_sum                                 cstackBANK0  0040
Filter@filter_temp                                cstackBANK0  003E
Filter@i                                          cstackBANK0  0045
Filter@j                                          cstackBANK0  0044
Filter@tmpValue                                   cstackBANK0  0020
ISR@ucTimer1sCnt                                  bssBANK1     00A6
_ADCON0                                           (abs)        001F
_ADCON1                                           (abs)        009F
_ADIE                                             (abs)        046A
_ADIF                                             (abs)        006A
_ADON                                             (abs)        00F8
_ADRESH                                           (abs)        001E
_ADRESL                                           (abs)        009E
_AD_Sample                                        text764      05A6
_CLKPCE                                           (abs)        0847
_CLKPR                                            (abs)        0108
_DACCON                                           (abs)        0087
_DACR0                                            (abs)        0088
_Filter                                           text761      04D2
_GIE                                              (abs)        005F
_GO                                               (abs)        00F9
_ISR                                              text790      03D4
_OP1CON0                                          (abs)        001B
_OP1CON1                                          (abs)        001C
_OP1CON2                                          (abs)        001D
_OP2CON0                                          (abs)        009B
_OP2CON1                                          (abs)        009C
_OP2CON2                                          (abs)        009D
_PA0                                              (abs)        0028
_PA1                                              (abs)        0029
_PA2                                              (abs)        002A
_PA3                                              (abs)        002B
_PA6                                              (abs)        002E
_PB0                                              (abs)        0030
_PB1                                              (abs)        0031
_PB6                                              (abs)        0036
_PB7                                              (abs)        0037
_PBOD6                                            (abs)        0C46
_PBOD7                                            (abs)        0C47
_PEIE                                             (abs)        005E
_T1CON                                            (abs)        0010
_TMR1H                                            (abs)        000F
_TMR1IE                                           (abs)        0460
_TMR1IF                                           (abs)        0060
_TMR1L                                            (abs)        000E
_TRISA0                                           (abs)        0428
_TRISA1                                           (abs)        0429
_TRISA2                                           (abs)        042A
_TRISA3                                           (abs)        042B
_TRISA6                                           (abs)        042E
_TRISA7                                           (abs)        042F
_TRISB0                                           (abs)        0430
_TRISB1                                           (abs)        0431
_TRISB2                                           (abs)        0432
_TRISB3                                           (abs)        0433
_TRISB4                                           (abs)        0434
_TRISB5                                           (abs)        0435
_TRISB6                                           (abs)        0436
_TRISB7                                           (abs)        0437
__Habs1                                           abs1         0000
__Hbank0                                          bank0        0000
__Hbank1                                          bank1        0000
__Hbank2                                          bank2        0000
__Hbank3                                          bank3        0000
__HbssBANK0                                       bssBANK0     0000
__HbssBANK1                                       bssBANK1     0000
__HbssBANK3                                       bssBANK3     0000
__HbssCOMMON                                      bssCOMMON    0000
__Hcinit                                          cinit        0000
__Hclrtext                                        clrtext      0000
__Hcode                                           code         0000
__Hcommon                                         common       0000
__Hconfig                                         config       2003
__HcstackBANK0                                    cstackBANK0  0000
__HcstackCOMMON                                   cstackCOMMON 0000
__HdataBANK0                                      dataBANK0    0000
__Heeprom_data                                    eeprom_data  0000
__Hend_init                                       end_init     0013
__Hfunctab                                        functab      0000
__HidataBANK0                                     idataBANK0   0000
__Hidloc                                          idloc        0000
__Hinit                                           init         0011
__Hintentry                                       intentry     0011
__Hmaintext                                       maintext     0000
__Hpa_nodes                                       pa_nodes     0000
__Hpowerup                                        powerup      0000
__Hram                                            ram          0000
__Hreset_vec                                      reset_vec    0002
__Hsfr0                                           sfr0         0000
__Hsfr1                                           sfr1         0000
__Hsfr2                                           sfr2         0000
__Hsfr3                                           sfr3         0000
__Hstrings                                        strings      0000
__Htext                                           text         0000
__Labs1                                           abs1         0000
__Lbank0                                          bank0        0000
__Lbank1                                          bank1        0000
__Lbank2                                          bank2        0000
__Lbank3                                          bank3        0000
__LbssBANK0                                       bssBANK0     0000
__LbssBANK1                                       bssBANK1     0000
__LbssBANK3                                       bssBANK3     0000
__LbssCOMMON                                      bssCOMMON    0000
__Lcinit                                          cinit        0000
__Lclrtext                                        clrtext      0000
__Lcode                                           code         0000
__Lcommon                                         common       0000
__Lconfig                                         config       2000
__LcstackBANK0                                    cstackBANK0  0000
__LcstackCOMMON                                   cstackCOMMON 0000
__LdataBANK0                                      dataBANK0    0000
__Leeprom_data                                    eeprom_data  0000
__Lend_init                                       end_init     0011
__Lfunctab                                        functab      0000
__LidataBANK0                                     idataBANK0   0000
__Lidloc                                          idloc        0000
__Linit                                           init         0011
__Lintentry                                       intentry     0004
__Lmaintext                                       maintext     0000
__Lpa_nodes                                       pa_nodes     0000
__Lpowerup                                        powerup      0000
__Lram                                            ram          0000
__Lreset_vec                                      reset_vec    0000
__Lsfr0                                           sfr0         0000
__Lsfr1                                           sfr1         0000
__Lsfr2                                           sfr2         0000
__Lsfr3                                           sfr3         0000
__Lstrings                                        strings      0000
__Ltext                                           text         0000
__S0                                              (abs)        2003
__S1                                              (abs)        01A8
__end_of_AD_Sample                                text764      05C4
__end_of_Filter                                   text761      0569
__end_of_ISR                                      text790      0432
__end_of_adc_get                                  text790      043D
__end_of_adc_start                                text764      05DC
__end_of_adc_test_init                            text764      05D9
__end_of_clearAllTimer                            text760      05EE
__end_of_clearPinPortAndTimer                     text760      05E9
__end_of_clearThreeHoursTimer                     text760      05F6
__end_of_clearTwelveHoursTimer                    text760      05F2
__end_of_clearTwentySecondsTimer                  text760      05FA
__end_of_clock_config                             text785      06AF
__end_of_clrSampeTime                             text776      06DD
__end_of_dac_init                                 text781      06D8
__end_of_getAD_ConvertFlag                        text764      05A1
__end_of_getAdOriginaCh4Value                     text761      04BD
__end_of_getAdOriginalCh14Value                   text761      04D2
__end_of_getAdOriginalCh1Value                    text761      04C7
__end_of_initPin                                  text786      0646
__end_of_isFinishedThreeHoursTimer                text770      06BC
__end_of_isFinishedTwelveHoursTimer               text774      06C8
__end_of_isFinishedTwentySecondsTimer             text772      06C2
__end_of_isPermitSampleTime                       text777      06CE
__end_of_main                                     maintext     03D4
__end_of_op1_init                                 text780      0695
__end_of_op2_init                                 text779      06B6
__end_of_process_AD_Converter_Value               text764      059D
__end_of_setAD_ConvertFlag                        text764      05A6
__end_of_startThreeHoursTimer                     text771      0670
__end_of_startTwelveHourTimer                     text775      067E
__end_of_startTwentySecondsTimer                  text773      06D3
__end_of_timer1_config                            text784      069F
__end_of_timer1_interrupt_config                  text783      06DB
__end_of_vPutSampleDataIntoTable                  text790      04A0
__end_ofi1_setAD_ConvertFlag                      text790      04A4
__pbssBANK0                                       bssBANK0     0048
__pbssBANK1                                       bssBANK1     00A0
__pbssBANK3                                       bssBANK3     0190
__pbssCOMMON                                      bssCOMMON    007D
__pcstackBANK0                                    cstackBANK0  0020
__pcstackCOMMON                                   cstackCOMMON 0070
__pdataBANK0                                      dataBANK0    006E
__pidataBANK0                                     idataBANK0   0000
__pintentry                                       intentry     0004
__pmaintext                                       maintext     0013
__pswtext1                                        swtext1      0646
__pswtext2                                        swtext2      0654
__pswtext3                                        swtext3      067E
__pswtext4                                        swtext4      0600
__ptext760                                        text760      05DC
__ptext761                                        text761      04B4
__ptext762                                        text761      04BD
__ptext763                                        text761      04C7
__ptext764                                        text764      057F
__ptext765                                        text760      05E9
__ptext766                                        text764      05A6
__ptext767                                        text764      05A1
__ptext768                                        text764      059D
__ptext769                                        text761      04D2
__ptext770                                        text770      06B6
__ptext771                                        text771      0662
__ptext772                                        text772      06BC
__ptext773                                        text773      06CE
__ptext774                                        text774      06C2
__ptext775                                        text775      0670
__ptext776                                        text776      06DB
__ptext777                                        text777      06C8
__ptext778                                        text764      05D9
__ptext779                                        text779      06AF
__ptext780                                        text780      068A
__ptext781                                        text781      06D3
__ptext782                                        text764      05C4
__ptext783                                        text783      06D8
__ptext784                                        text784      0695
__ptext785                                        text785      06A7
__ptext786                                        text786      0633
__ptext787                                        text760      05F6
__ptext788                                        text760      05F2
__ptext789                                        text760      05EE
__ptext790                                        text790      03D4
__ptext791                                        text790      04A0
__ptext792                                        text790      0432
__ptext793                                        text790      043D
__ptext794                                        text794      0000
__size_of_AD_Sample                               (abs)        0000
__size_of_Filter                                  (abs)        0000
__size_of_ISR                                     (abs)        0000
__size_of_adc_get                                 (abs)        0000
__size_of_adc_start                               (abs)        0000
__size_of_adc_test_init                           (abs)        0000
__size_of_clearAllTimer                           (abs)        0000
__size_of_clearPinPortAndTimer                    (abs)        0000
__size_of_clearThreeHoursTimer                    (abs)        0000
__size_of_clearTwelveHoursTimer                   (abs)        0000
__size_of_clearTwentySecondsTimer                 (abs)        0000
__size_of_clock_config                            (abs)        0000
__size_of_clrSampeTime                            (abs)        0000
__size_of_dac_init                                (abs)        0000
__size_of_getAD_ConvertFlag                       (abs)        0000
__size_of_getAdOriginaCh4Value                    (abs)        0000
__size_of_getAdOriginalCh14Value                  (abs)        0000
__size_of_getAdOriginalCh1Value                   (abs)        0000
__size_of_initPin                                 (abs)        0000
__size_of_isFinishedThreeHoursTimer               (abs)        0000
__size_of_isFinishedTwelveHoursTimer              (abs)        0000
__size_of_isFinishedTwentySecondsTimer            (abs)        0000
__size_of_isPermitSampleTime                      (abs)        0000
__size_of_main                                    (abs)        0000
__size_of_op1_init                                (abs)        0000
__size_of_op2_init                                (abs)        0000
__size_of_process_AD_Converter_Value              (abs)        0000
__size_of_setAD_ConvertFlag                       (abs)        0000
__size_of_startThreeHoursTimer                    (abs)        0000
__size_of_startTwelveHourTimer                    (abs)        0000
__size_of_startTwentySecondsTimer                 (abs)        0000
__size_of_timer1_config                           (abs)        0000
__size_of_timer1_interrupt_config                 (abs)        0000
__size_of_vPutSampleDataIntoTable                 (abs)        0000
__size_ofi1_setAD_ConvertFlag                     (abs)        0000
_adc_convert_flag                                 bssBANK1     00A7
_adc_get                                          text790      0432
_adc_start                                        text764      05D9
_adc_test_init                                    text764      05C4
_clearAllTimer                                    text760      05E9
_clearPinPortAndTimer                             text760      05DC
_clearThreeHoursTimer                             text760      05F2
_clearTwelveHoursTimer                            text760      05EE
_clearTwentySecondsTimer                          text760      05F6
_clock_config                                     text785      06A7
_clrSampeTime                                     text776      06DB
_dac_init                                         text781      06D3
_exit                                             init         0011
_getAD_ConvertFlag                                text764      059D
_getAdOriginaCh4Value                             text761      04B4
_getAdOriginalCh14Value                           text761      04C7
_getAdOriginalCh1Value                            text761      04BD
_initPin                                          text786      0633
_isFinishedThreeHoursTimer                        text770      06B6
_isFinishedTwelveHoursTimer                       text774      06C2
_isFinishedTwentySecondsTimer                     text772      06BC
_isPermitSampleTime                               text777      06C8
_main                                             maintext     0013
_op1_init                                         text780      068A
_op2_init                                         text779      06AF
_process_AD_Converter_Value                       text764      057F
_sampleChannelSelect                              dataBANK0    006E
_sampleTimes                                      bssBANK0     0048
_setAD_ConvertFlag                                text764      05A1
_startThreeHoursTimer                             text771      0662
_startTwelveHourTimer                             text775      0670
_startTwentySecondsTimer                          text773      06CE
_timer                                            bssBANK1     00A8
_timer1_config                                    text784      0695
_timer1_interrupt_config                          text783      06D8
_uiBigTimer                                       bssBANK1     00A0
_uiSampleChannelFirst                             bssBANK1     00AE
_uiSampleChannelFourteenth                        bssBANK3     0190
_uiSampleChannelFourth                            bssBANK1     00C6
_uiSmallTimer                                     bssBANK1     00A2
_uiTwentySecondsTimer                             bssBANK1     00A4
_vPutSampleDataIntoTable                          text790      043D
adc_get@val                                       cstackCOMMON 0072
adc_test_init@channel                             cstackBANK0  0022
adc_test_init@ref                                 cstackBANK0  0020
btemp                                             (abs)        007E
clear_ram                                         clrtext      069F
end_of_initialization                             cinit        0630
i1_setAD_ConvertFlag                              text790      04A0
i1l1713                                                            
i1l2458                                                            
i1l4207                                                            
i1l4209                                                            
i1l4213                                                            
i1l4217                                                            
i1l4225                                                            
i1l4229                                                            
i1l4237                                                            
i1l4241                                                            
i1l4251                                                            
i1l4253                                                            
i1l4283                                                            
i1l4287                                                            
i1l4289                                                            
i1l4293                                                            
i1l4305                                                            
i1l4307                                                            
i1l4313                                                            
i1l4317                                                            
i1l4321                                                            
i1setAD_ConvertFlag@flag                          cstackCOMMON 0070
interrupt_function                                intentry     0004
intlevel0                                         functab      0000
intlevel1                                         functab      0000
intlevel2                                         functab      0000
intlevel3                                         functab      0000
intlevel4                                         functab      0000
intlevel5                                         functab      0000
l1672                                                              
l1701                                                              
l1704                                                              
l1707                                                              
l1710                                                              
l1713                                                              
l1716                                                              
l1719                                                              
l1722                                                              
l1751                                                              
l1754                                                              
l1757                                                              
l1764                                                              
l1787                                                              
l2435                                                              
l2438                                                              
l2441                                                              
l2449                                                              
l2455                                                              
l4053                                                              
l4055                                                              
l4059                                                              
l4061                                                              
l4063                                                              
l4065                                                              
l4067                                                              
l4069                                                              
l4071                                                              
l4073                                                              
l4075                                                              
l4077                                                              
l4079                                                              
l4081                                                              
l4083                                                              
l4085                                                              
l4087                                                              
l4089                                                              
l4091                                                              
l4093                                                              
l4097                                                              
l4109                                                              
l4111                                                              
l4115                                                              
l4127                                                              
l4129                                                              
l4141                                                              
l4145                                                              
l4157                                                              
l4165                                                              
l4167                                                              
l4169                                                              
l4189                                                              
l4197                                                              
l4199                                                              
l4203                                                              
l4255                                                              
l4259                                                              
l4261                                                              
l4265                                                              
l4269                                                              
l4279                                                              
l4325                                                              
l4329                                                              
l4335                                                              
l4341                                                              
l4345                                                              
l4349                                                              
l4353                                                              
l4355                                                              
l4357                                                              
l4359                                                              
l4361                                                              
l4363                                                              
l4365                                                              
l4367                                                              
l4369                                                              
l4371                                                              
l4373                                                              
l4375                                                              
l4377                                                              
l4381                                                              
l4383                                                              
l4403                                                              
l4407                                                              
l4411                                                              
l4413                                                              
l4425                                                              
l4429                                                              
l4435                                                              
l4449                                                              
l4459                                                              
l4461                                                              
l4469                                                              
l4543                                                              
l4607                                                              
l4661                                                              
l4705                                                              
l4739                                                              
l4757                                                              
l4761                                                              
l4767                                                              
l4769                                                              
l4787                                                              
l4791                                                              
l4803                                                              
l4807                                                              
l4815                                                              
l4817                                                              
l4819                                                              
l4821                                                              
l4825                                                              
l4829                                                              
l4831                                                              
l4835                                                              
l4845                                                              
l4849                                                              
l4855                                                              
l4861                                                              
l4865                                                              
l4869                                                              
l4871                                                              
l4873                                                              
l4881                                                              
l4883                                                              
l4885                                                              
l4887                                                              
l4889                                                              
l4891                                                              
l4893                                                              
l4901                                                              
l4903                                                              
l4909                                                              
l4915                                                              
l4919                                                              
l4925                                                              
l4927                                                              
l4929                                                              
l4931                                                              
l4933                                                              
l4941                                                              
l4945                                                              
l4955                                                              
l4957                                                              
l4973                                                              
l4985                                                              
l4987                                                              
l4989                                                              
l4991                                                              
l679                                                               
l682                                                               
l685                                                               
main@bCheckTweHour                                bssBANK0     0049
main@enumBranchStep                               bssBANK0     004A
main@enumInteralStep                              bssBANK1     00A9
main@enumMainLoopStep                             bssBANK0     004B
main@ucADC4_Step                                  bssBANK0     004C
main@ucChannel4Type                               bssBANK0     004D
main@ucCheckTimerP2sLess                          bssBANK0     004E
main@ucCheckTimerP2sMore                          bssBANK0     004F
main@ucDelayPrefix4TimerP5s                       bssBANK0     0050
main@ucDelayPrefix6TimerP2s                       bssBANK0     0051
main@ucFourthSuffix1TimerP3s                      bssBANK0     0052
main@ucLoaderStep                                 bssBANK0     0053
main@ucLoaderStep1                                bssBANK0     0054
main@ucLoaderStep2                                bssBANK0     0055
main@ucLoaderStep3                                bssBANK0     0056
main@ucLoaderStep4                                bssBANK0     0057
main@ucTimer1s                                    bssBANK1     00AA
main@ucTimer20s                                   bssBANK0     0058
main@ucTimerADC1ZeroP5s                           bssBANK0     0059
main@ucTimerDelay                                 bssBANK0     005A
main@ucTimerDelay1                                bssBANK0     005B
main@ucTimerDelay2                                bssBANK0     005C
main@ucTimerDelay3                                bssBANK0     005D
main@ucTimerDelay4                                bssBANK0     005E
main@ucTimerDelayP2sLess                          bssBANK0     005F
main@ucTimerDelayP2sMore                          bssBANK0     0060
main@ucTimerForDACR0_CNT1                         bssBANK0     0061
main@ucTimerForDACR0_CNT1_f                       bssBANK0     0062
main@ucTimerForDACR0_CNT2                         bssBANK0     0063
main@ucTimerForDACR0_CNT2_f                       bssBANK0     0064
main@ucTimerLessADC1ZeroP5s                       bssBANK0     0065
main@ucTimerLessX1P5s                             bssBANK0     0066
main@ucTimerLessX2P5s                             bssBANK1     00AB
main@ucTimerP3s                                   bssBANK1     00AC
main@ucTimerP5s                                   bssBANK0     0067
main@ucTimerRightP5s                              bssBANK0     0068
main@ucTimerX1P5s                                 bssBANK0     0069
main@ucTimerX2P5s                                 bssBANK1     00AD
main@ucTimerZeroPoint3s                           bssBANK0     006A
main@ucTimerZeroPoint5s                           bssBANK0     006B
reset_vec                                         reset_vec    0000
saved_w                                           (abs)        007E
setAD_ConvertFlag@flag                            cstackBANK0  0020
start                                             init         0011
startThreeHoursTimer@uiSetTime                    cstackBANK0  0020
startTwelveHourTimer@uiSetTime                    cstackBANK0  0020
start_initialization                              cinit        061A
vPutSampleDataIntoTable@channel                   cstackCOMMON 0076
vPutSampleDataIntoTable@i                         cstackCOMMON 0077
vPutSampleDataIntoTable@ucChannelFirstLength      bssCOMMON    007D
vPutSampleDataIntoTable@ucChannelFourteenthLength bssBANK0     006C
vPutSampleDataIntoTable@ucChannelFourthLength     bssBANK0     006D
vPutSampleDataIntoTable@uiSampleData              cstackCOMMON 0074
wtemp0                                            (abs)        007E
