HI-TECH Software C Compiler 

Linker command line:

--edf=C:\Program Files (x86)\HI-TECH Software\PICC\9.83\dat\en_msgs.txt -cs \
  -h+ProjTest.sym -z -Q16C77 -ol.obj -MProjTest.map -E1 -ACONST=00h-0FFhx16 \
  -ACODE=00h-07FFhx2 -ASTRCODE=00h-0FFFh -AENTRY=00h-0FFhx16 \
  -ASTRING=00h-0FFhx16 -ABANK0=020h-06Fh -ABANK1=0A0h-0EFh \
  -ABANK2=0110h-016Fh -ABANK3=0190h-01EFh \
  -ARAM=020h-06Fh,0A0h-0EFh,0110h-016Fh,0190h-01EFh \
  -AABS1=020h-07Fh,0A0h-0EFh,0110h-016Fh,0190h-01EFh -ACOMMON=070h-07Fh \
  -ASFR0=00h-01Fh -ASFR1=080h-09Fh -ASFR2=0100h-010Fh -ASFR3=0180h-018Fh \
  -preset_vec=00h,intentry=04h,init,end_init -ppowerup=CODE -pfunctab=CODE \
  -ACONFIG=02000h-02007h -pconfig=CONFIG -DCONFIG=2 -AIDLOC=02008h-0200Bh \
  -pidloc=IDLOC -DIDLOC=2 -DCODE=2 -DSTRCODE=2 -DSTRING=2 -DCONST=2 \
  -DENTRY=2 -k startup.obj ProjTest.obj 

Object code version is 3.10

Machine type is 16C77



                Name                               Link     Load   Length Selector   Space Scale
startup.obj     end_init                             11       11        2        8       0
                reset_vec                             0        0        2        0       0
ProjTest.obj    intentry                              4        4        D        8       0
                config                             2000     2000        3     4000       0
                text1267                             13       13      20B        8       0
                text1266                            5E3      5E3        5        8       0
                text1265                            5DE      5DE        5        8       0
                text1257                            541      541       16        8       0
                text1256                            5E8      5E8        4        8       0
                text1255                            5F1      5F1        1        8       0
                text1254                            5CC      5CC        8        8       0
                text1253                            5BA      5BA        A        8       0
                text1252                            5EC      5EC        3        8       0
                text1250                            581      581        E        8       0
                text1248                            5D9      5D9        5        8       0
                text1247                            5EF      5EF        2        8       0
                text1246                            5A5      5A5        B        8       0
                text1245                            5D4      5D4        5        8       0
                text1244                            573      573        E        8       0
                text1243                            59A      59A        B        8       0
                text1242                            565      565        E        8       0
                text1241                            58F      58F        B        8       0
                text1240                            557      557        E        8       0
                text1239                            5B0      5B0        A        8       0
                text1234                            4FA      4FA       28        8       0
                text1233                            4D1      4D1       29        8       0
                text1232                            47D      47D       54        8       0
                text1231                            3C6      3C6       B7        8       0
                maintext                            21E      21E      1A8        8       0
                cstackBANK0                          20       20       28       20       1
                cstackCOMMON                         70       70        B       70       1
                cstackBANK1                          A0       A0       29       A0       1
                clrtext                             5C4      5C4        8        8       0
                bssBANK3                            190      190       28      190       1
                dataBANK1                            E2       E2        1       A0       1
                bssBANK1                             C9       C9       19       A0       1
                dataBANK0                            6E       6E        1       20       1
                bssBANK0                             48       48       26       20       1
                bssCOMMON                            7B       7B        3       70       1
                cinit                               522      522       1F        8       0

TOTAL           Name                               Link     Load   Length     Space
        CLASS   CONST          

        CLASS   CODE           
                end_init                             11       11        2         0
                intentry                              4        4        D         0
                reset_vec                             0        0        2         0
                text1267                             13       13      20B         0
                text1266                            5E3      5E3        5         0
                text1265                            5DE      5DE        5         0
                text1257                            541      541       16         0
                text1256                            5E8      5E8        4         0
                text1255                            5F1      5F1        1         0
                text1254                            5CC      5CC        8         0
                text1253                            5BA      5BA        A         0
                text1252                            5EC      5EC        3         0
                text1250                            581      581        E         0
                text1248                            5D9      5D9        5         0
                text1247                            5EF      5EF        2         0
                text1246                            5A5      5A5        B         0
                text1245                            5D4      5D4        5         0
                text1244                            573      573        E         0
                text1243                            59A      59A        B         0
                text1242                            565      565        E         0
                text1241                            58F      58F        B         0
                text1240                            557      557        E         0
                text1239                            5B0      5B0        A         0
                text1234                            4FA      4FA       28         0
                text1233                            4D1      4D1       29         0
                text1232                            47D      47D       54         0
                text1231                            3C6      3C6       B7         0
                maintext                            21E      21E      1A8         0
                clrtext                             5C4      5C4        8         0
                cinit                               522      522       1F         0

        CLASS   STRCODE        

        CLASS   ENTRY          

        CLASS   STRING         

        CLASS   BANK0          
                cstackBANK0                          20       20       28         1
                dataBANK0                            6E       6E        1         1
                bssBANK0                             48       48       26         1

        CLASS   BANK1          
                cstackBANK1                          A0       A0       29         1
                dataBANK1                            E2       E2        1         1
                bssBANK1                             C9       C9       19         1

        CLASS   BANK2          

        CLASS   BANK3          
                bssBANK3                            190      190       28         1

        CLASS   RAM            

        CLASS   ABS1           
                abs_s1                               7E       7E        2         1

        CLASS   COMMON         
                cstackCOMMON                         70       70        B         1
                bssCOMMON                            7B       7B        3         1

        CLASS   SFR0           

        CLASS   SFR1           

        CLASS   SFR2           

        CLASS   SFR3           

        CLASS   CONFIG         
                config                             2000     2000        3         0

        CLASS   IDLOC          

        CLASS   EEDATA         



SEGMENTS        Name                           Load    Length   Top    Selector   Space  Class     Delta

                reset_vec                      000000  000002  000002         0       0  CODE        2
                intentry                       000004  0005EE  0005F2         8       0  CODE        2
                cstackBANK0                    000020  00004F  00006F        20       1  BANK0       1
                cstackCOMMON                   000070  00000E  00007E        70       1  COMMON      1
                cstackBANK1                    0000A0  000043  0000E3        A0       1  BANK1       1
                bssBANK3                       000190  000028  0001B8       190       1  BANK3       1
                config                         002000  000003  002003      4000       0  CONFIG      2


UNUSED ADDRESS RANGES

        Name                Unused          Largest block    Delta
        BANK0            006F-006F              1           1
        BANK1            00E3-00EF              D           1
        BANK2            0110-016F             60           1
        BANK3            01B8-01EF             38           1
        CODE             0002-0003              2           2
                         05F2-0FFF            20E
        CONFIG           2003-2007              5           2
        CONST            0002-0003              2           2
                         05F2-0FFF            100
        ENTRY            0002-0003              2           2
                         05F2-0FFF            100
        IDLOC            2008-200B              4           2
        RAM              006F-006F              1           1
                         00E3-00EF              D
                         0110-016F             60
                         01B8-01EF             38
        SFR0             0000-001F             20           1
        SFR1             0080-009F             20           1
        SFR2             0100-010F             10           1
        SFR3             0180-018F             10           1
        STRCODE          0002-0003              2           2
                         05F2-0FFF            A0E
        STRING           0002-0003              2           2
                         05F2-0FFF            100

                                  Symbol Table

??_AD_Sample                                      cstackBANK1  00A0
??_Filter                                         cstackBANK1  00A2
??_ISR                                            cstackBANK0  0044
??_adc_get                                        cstackCOMMON 0072
??_adc_start                                      cstackBANK1  00A0
??_adc_test_init                                  cstackBANK1  00A1
??_clearThreeHoursTimer                           cstackBANK1  00A0
??_clearTwelveHoursTimer                          cstackBANK1  00A0
??_clearTwentyMinTimer                            cstackBANK1  00A0
??_clock_config                                   cstackBANK1  00A0
??_clrSampeTime                                   cstackBANK1  00A0
??_getAD_ConvertFlag                              cstackBANK1  00A0
??_getAdOriginalCh13Value                         cstackBANK1  00C4
??_initPB2_AsHighResistence                       cstackBANK1  00A0
??_initPB3                                        cstackBANK1  00A0
??_initPB4                                        cstackBANK1  00A0
??_initPB5                                        cstackBANK1  00A0
??_initPin                                        cstackBANK1  00A1
??_isFinishedOneHoursTimer                        cstackBANK1  00A0
??_isFinishedThreeHoursTimer                      cstackBANK1  00A0
??_isFinishedTwelveHoursTimer                     cstackBANK1  00A0
??_isFinishedTwentyMinTimer                       cstackBANK1  00A0
??_isPermitSampleTime                             cstackBANK1  00A0
??_main                                           cstackBANK1  00C4
??_process_AD_Converter_Value                     cstackBANK1  00A3
??_pwm_start                                      cstackBANK1  00A1
??_reset                                          cstackBANK1  00A0
??_selectAdChannel                                cstackBANK1  00A0
??_setAD_ConvertFlag                              cstackBANK1  00A0
??_setPB3                                         cstackBANK1  00A0
??_setPB4                                         cstackBANK1  00A0
??_setPB5                                         cstackBANK1  00A0
??_setPWM_Width                                   cstackCOMMON 0070
??_setPinInitVaule                                cstackBANK1  00A1
??_startOneHoursTimer                             cstackBANK1  00A2
??_startThreeHoursTimer                           cstackBANK1  00A2
??_startTwelveHourTimer                           cstackBANK1  00A2
??_startTwentyMinTimer                            cstackBANK1  00A2
??_timer1_config                                  cstackBANK1  00A0
??_timer1_interrupt_config                        cstackBANK1  00A0
??_vPutSampleDataIntoTable                        cstackCOMMON 0079
??i1_Filter                                       cstackCOMMON 0072
??i1_setAD_ConvertFlag                            cstackCOMMON 0070
?_AD_Sample                                       cstackCOMMON 0070
?_Filter                                          cstackBANK1  00A0
?_ISR                                             cstackCOMMON 0070
?_adc_get                                         cstackCOMMON 0070
?_adc_start                                       cstackCOMMON 0070
?_adc_test_init                                   cstackBANK1  00A0
?_clearThreeHoursTimer                            cstackCOMMON 0070
?_clearTwelveHoursTimer                           cstackCOMMON 0070
?_clearTwentyMinTimer                             cstackCOMMON 0070
?_clock_config                                    cstackCOMMON 0070
?_clrSampeTime                                    cstackCOMMON 0070
?_getAD_ConvertFlag                               cstackCOMMON 0070
?_getAdOriginalCh13Value                          cstackBANK1  00C2
?_initPB2_AsHighResistence                        cstackCOMMON 0070
?_initPB3                                         cstackCOMMON 0070
?_initPB4                                         cstackCOMMON 0070
?_initPB5                                         cstackCOMMON 0070
?_initPin                                         cstackCOMMON 0070
?_isFinishedOneHoursTimer                         cstackCOMMON 0070
?_isFinishedThreeHoursTimer                       cstackCOMMON 0070
?_isFinishedTwelveHoursTimer                      cstackCOMMON 0070
?_isFinishedTwentyMinTimer                        cstackCOMMON 0070
?_isPermitSampleTime                              cstackCOMMON 0070
?_main                                            cstackCOMMON 0070
?_process_AD_Converter_Value                      cstackCOMMON 0070
?_pwm_start                                       cstackBANK1  00A0
?_reset                                           cstackCOMMON 0070
?_selectAdChannel                                 cstackCOMMON 0070
?_setAD_ConvertFlag                               cstackCOMMON 0070
?_setPB3                                          cstackCOMMON 0070
?_setPB4                                          cstackCOMMON 0070
?_setPB5                                          cstackCOMMON 0070
?_setPWM_Width                                    cstackCOMMON 0070
?_setPinInitVaule                                 cstackCOMMON 0070
?_startOneHoursTimer                              cstackBANK1  00A0
?_startThreeHoursTimer                            cstackBANK1  00A0
?_startTwelveHourTimer                            cstackBANK1  00A0
?_startTwentyMinTimer                             cstackBANK1  00A0
?_timer1_config                                   cstackCOMMON 0070
?_timer1_interrupt_config                         cstackCOMMON 0070
?_vPutSampleDataIntoTable                         cstackCOMMON 0076
?i1_Filter                                        cstackCOMMON 0070
?i1_setAD_ConvertFlag                             cstackCOMMON 0070
Filter@cir                                        cstackBANK1  00BE
Filter@filter_buf                                 cstackBANK1  00A6
Filter@filter_sum                                 cstackBANK1  00BC
Filter@filter_temp                                cstackBANK1  00BA
Filter@i                                          cstackBANK1  00C1
Filter@j                                          cstackBANK1  00C0
Filter@tmpValue                                   cstackBANK1  00A0
ISR@ucTimer1sCnt                                  bssBANK0     0054
_ADCON0                                           (abs)        001F
_ADCON1                                           (abs)        009F
_ADIE                                             (abs)        046A
_ADIF                                             (abs)        006A
_ADON                                             (abs)        00F8
_ADRESH                                           (abs)        001E
_ADRESL                                           (abs)        009E
_AD_Sample                                        text1232     049D
_CCP1CON                                          (abs)        0017
_CCPR1L                                           (abs)        0015
_CLKPCE                                           (abs)        0847
_CLKPR                                            (abs)        0108
_Filter                                           text1231     03D0
_GIE                                              (abs)        005F
_GO                                               (abs)        00F9
_ISR                                              text1267     0013
_PB2                                              (abs)        0032
_PB3                                              (abs)        0033
_PB4                                              (abs)        0034
_PB5                                              (abs)        0035
_PBOD2                                            (abs)        0C42
_PEIE                                             (abs)        005E
_PR2                                              (abs)        0092
_T1CON                                            (abs)        0010
_T2CON                                            (abs)        0012
_TMR1H                                            (abs)        000F
_TMR1IE                                           (abs)        0460
_TMR1IF                                           (abs)        0060
_TMR1L                                            (abs)        000E
_TRISB0                                           (abs)        0430
_TRISB1                                           (abs)        0431
_TRISB2                                           (abs)        0432
_TRISB3                                           (abs)        0433
_TRISB4                                           (abs)        0434
_TRISB5                                           (abs)        0435
__Habs1                                           abs1         0000
__Hbank0                                          bank0        0000
__Hbank1                                          bank1        0000
__Hbank2                                          bank2        0000
__Hbank3                                          bank3        0000
__HbssBANK0                                       bssBANK0     0000
__HbssBANK1                                       bssBANK1     0000
__HbssBANK3                                       bssBANK3     0000
__HbssCOMMON                                      bssCOMMON    0000
__Hcinit                                          cinit        0000
__Hclrtext                                        clrtext      0000
__Hcode                                           code         0000
__Hcommon                                         common       0000
__Hconfig                                         config       2003
__HcstackBANK0                                    cstackBANK0  0000
__HcstackBANK1                                    cstackBANK1  0000
__HcstackCOMMON                                   cstackCOMMON 0000
__HdataBANK0                                      dataBANK0    0000
__HdataBANK1                                      dataBANK1    0000
__Heeprom_data                                    eeprom_data  0000
__Hend_init                                       end_init     0013
__Hfunctab                                        functab      0000
__HidataBANK0                                     idataBANK0   0000
__HidataBANK1                                     idataBANK1   0000
__Hidloc                                          idloc        0000
__Hinit                                           init         0011
__Hintentry                                       intentry     0011
__Hmaintext                                       maintext     0000
__Hpa_nodes                                       pa_nodes     0000
__Hpowerup                                        powerup      0000
__Hram                                            ram          0000
__Hreset_vec                                      reset_vec    0002
__Hsfr0                                           sfr0         0000
__Hsfr1                                           sfr1         0000
__Hsfr2                                           sfr2         0000
__Hsfr3                                           sfr3         0000
__Hstrings                                        strings      0000
__Htext                                           text         0000
__Labs1                                           abs1         0000
__Lbank0                                          bank0        0000
__Lbank1                                          bank1        0000
__Lbank2                                          bank2        0000
__Lbank3                                          bank3        0000
__LbssBANK0                                       bssBANK0     0000
__LbssBANK1                                       bssBANK1     0000
__LbssBANK3                                       bssBANK3     0000
__LbssCOMMON                                      bssCOMMON    0000
__Lcinit                                          cinit        0000
__Lclrtext                                        clrtext      0000
__Lcode                                           code         0000
__Lcommon                                         common       0000
__Lconfig                                         config       2000
__LcstackBANK0                                    cstackBANK0  0000
__LcstackBANK1                                    cstackBANK1  0000
__LcstackCOMMON                                   cstackCOMMON 0000
__LdataBANK0                                      dataBANK0    0000
__LdataBANK1                                      dataBANK1    0000
__Leeprom_data                                    eeprom_data  0000
__Lend_init                                       end_init     0011
__Lfunctab                                        functab      0000
__LidataBANK0                                     idataBANK0   0000
__LidataBANK1                                     idataBANK1   0000
__Lidloc                                          idloc        0000
__Linit                                           init         0011
__Lintentry                                       intentry     0004
__Lmaintext                                       maintext     0000
__Lpa_nodes                                       pa_nodes     0000
__Lpowerup                                        powerup      0000
__Lram                                            ram          0000
__Lreset_vec                                      reset_vec    0000
__Lsfr0                                           sfr0         0000
__Lsfr1                                           sfr1         0000
__Lsfr2                                           sfr2         0000
__Lsfr3                                           sfr3         0000
__Lstrings                                        strings      0000
__Ltext                                           text         0000
__S0                                              (abs)        2003
__S1                                              (abs)        01B8
__end_of_AD_Sample                                text1232     04B2
__end_of_Filter                                   text1231     0467
__end_of_ISR                                      text1267     007C
__end_of_adc_get                                  text1267     0088
__end_of_adc_start                                text1232     04D1
__end_of_adc_test_init                            text1232     04CD
__end_of_clearThreeHoursTimer                     text1265     05E3
__end_of_clearTwelveHoursTimer                    text1266     05E8
__end_of_clearTwentyMinTimer                      text1245     05D9
__end_of_clock_config                             text1254     05D4
__end_of_clrSampeTime                             text1247     05F1
__end_of_getAD_ConvertFlag                        text1232     0498
__end_of_getAdOriginalCh13Value                   text1231     03D0
__end_of_initPB2_AsHighResistence                 text1234     0512
__end_of_initPB3                                  text1234     050D
__end_of_initPB4                                  text1234     051A
__end_of_initPB5                                  text1234     0522
__end_of_initPin                                  text1234     0504
__end_of_isFinishedOneHoursTimer                  text1239     05BA
__end_of_isFinishedThreeHoursTimer                text1241     059A
__end_of_isFinishedTwelveHoursTimer               text1243     05A5
__end_of_isFinishedTwentyMinTimer                 text1246     05B0
__end_of_isPermitSampleTime                       text1248     05DE
__end_of_main                                     maintext     03C6
__end_of_process_AD_Converter_Value               text1232     0494
__end_of_pwm_start                                text1257     0557
__end_of_reset                                    text1256     05E8
__end_of_selectAdChannel                          text1256     05EC
__end_of_setAD_ConvertFlag                        text1232     049D
__end_of_setPB3                                   text1233     04E4
__end_of_setPB4                                   text1233     04EF
__end_of_setPB5                                   text1233     04FA
__end_of_setPWM_Width                             text1267     01EF
__end_of_setPinInitVaule                          text1233     04D9
__end_of_startOneHoursTimer                       text1240     0565
__end_of_startThreeHoursTimer                     text1242     0573
__end_of_startTwelveHourTimer                     text1244     0581
__end_of_startTwentyMinTimer                      text1250     058F
__end_of_timer1_config                            text1253     05C4
__end_of_timer1_interrupt_config                  text1252     05EF
__end_of_vPutSampleDataIntoTable                  text1267     014D
__end_ofi1_Filter                                 text1267     01E6
__end_ofi1_setAD_ConvertFlag                      text1267     008B
__pbssBANK0                                       bssBANK0     0048
__pbssBANK1                                       bssBANK1     00C9
__pbssBANK3                                       bssBANK3     0190
__pbssCOMMON                                      bssCOMMON    007B
__pcstackBANK0                                    cstackBANK0  0020
__pcstackBANK1                                    cstackBANK1  00A0
__pcstackCOMMON                                   cstackCOMMON 0070
__pdataBANK0                                      dataBANK0    006E
__pdataBANK1                                      dataBANK1    00E2
__pidataBANK0                                     idataBANK0   0000
__pidataBANK1                                     idataBANK1   0000
__pintentry                                       intentry     0004
__pmaintext                                       maintext     021E
__ptext1231                                       text1231     03C6
__ptext1232                                       text1232     047D
__ptext1233                                       text1233     04D1
__ptext1234                                       text1234     04FA
__ptext1235                                       text1232     049D
__ptext1236                                       text1232     0498
__ptext1237                                       text1232     0494
__ptext1238                                       text1231     03D0
__ptext1239                                       text1239     05B0
__ptext1240                                       text1240     0557
__ptext1241                                       text1241     058F
__ptext1242                                       text1242     0565
__ptext1243                                       text1243     059A
__ptext1244                                       text1244     0573
__ptext1245                                       text1245     05D4
__ptext1246                                       text1246     05A5
__ptext1247                                       text1247     05EF
__ptext1248                                       text1248     05D9
__ptext1249                                       text1232     04CD
__ptext1250                                       text1250     0581
__ptext1251                                       text1232     04B2
__ptext1252                                       text1252     05EC
__ptext1253                                       text1253     05BA
__ptext1254                                       text1254     05CC
__ptext1255                                       text1255     05F1
__ptext1256                                       text1256     05E8
__ptext1257                                       text1257     0541
__ptext1258                                       text1234     050D
__ptext1259                                       text1233     04EF
__ptext1260                                       text1234     051A
__ptext1261                                       text1233     04E4
__ptext1262                                       text1234     0512
__ptext1263                                       text1233     04D9
__ptext1264                                       text1234     0504
__ptext1265                                       text1265     05DE
__ptext1266                                       text1266     05E3
__ptext1267                                       text1267     0013
__ptext1268                                       text1267     008B
__ptext1269                                       text1267     0088
__ptext1270                                       text1267     014D
__ptext1271                                       text1267     007C
__ptext1272                                       text1267     01E6
__ptext1273                                       text1273     0000
__size_of_AD_Sample                               (abs)        0000
__size_of_Filter                                  (abs)        0000
__size_of_ISR                                     (abs)        0000
__size_of_adc_get                                 (abs)        0000
__size_of_adc_start                               (abs)        0000
__size_of_adc_test_init                           (abs)        0000
__size_of_clearThreeHoursTimer                    (abs)        0000
__size_of_clearTwelveHoursTimer                   (abs)        0000
__size_of_clearTwentyMinTimer                     (abs)        0000
__size_of_clock_config                            (abs)        0000
__size_of_clrSampeTime                            (abs)        0000
__size_of_getAD_ConvertFlag                       (abs)        0000
__size_of_getAdOriginalCh13Value                  (abs)        0000
__size_of_initPB2_AsHighResistence                (abs)        0000
__size_of_initPB3                                 (abs)        0000
__size_of_initPB4                                 (abs)        0000
__size_of_initPB5                                 (abs)        0000
__size_of_initPin                                 (abs)        0000
__size_of_isFinishedOneHoursTimer                 (abs)        0000
__size_of_isFinishedThreeHoursTimer               (abs)        0000
__size_of_isFinishedTwelveHoursTimer              (abs)        0000
__size_of_isFinishedTwentyMinTimer                (abs)        0000
__size_of_isPermitSampleTime                      (abs)        0000
__size_of_main                                    (abs)        0000
__size_of_process_AD_Converter_Value              (abs)        0000
__size_of_pwm_start                               (abs)        0000
__size_of_reset                                   (abs)        0000
__size_of_selectAdChannel                         (abs)        0000
__size_of_setAD_ConvertFlag                       (abs)        0000
__size_of_setPB3                                  (abs)        0000
__size_of_setPB4                                  (abs)        0000
__size_of_setPB5                                  (abs)        0000
__size_of_setPWM_Width                            (abs)        0000
__size_of_setPinInitVaule                         (abs)        0000
__size_of_startOneHoursTimer                      (abs)        0000
__size_of_startThreeHoursTimer                    (abs)        0000
__size_of_startTwelveHourTimer                    (abs)        0000
__size_of_startTwentyMinTimer                     (abs)        0000
__size_of_timer1_config                           (abs)        0000
__size_of_timer1_interrupt_config                 (abs)        0000
__size_of_vPutSampleDataIntoTable                 (abs)        0000
__size_ofi1_Filter                                (abs)        0000
__size_ofi1_setAD_ConvertFlag                     (abs)        0000
_adc_convert_flag                                 bssBANK0     0055
_adc_get                                          text1267     007C
_adc_start                                        text1232     04CD
_adc_test_init                                    text1232     04B2
_bBigTimerStartFlag                               bssBANK1     00D9
_bOneHourTimerStartFlag                           bssBANK1     00DA
_bSmallTimerStartFlag                             bssBANK1     00DB
_bTwentyMinStartFlag                              bssBANK1     00DC
_clearThreeHoursTimer                             text1265     05DE
_clearTwelveHoursTimer                            text1266     05E3
_clearTwentyMinTimer                              text1245     05D4
_clock_config                                     text1254     05CC
_clrSampeTime                                     text1247     05EF
_exit                                             init         0011
_getAD_ConvertFlag                                text1232     0494
_getAdOriginalCh13Value                           text1231     03C6
_initPB2_AsHighResistence                         text1234     050D
_initPB3                                          text1234     0504
_initPB4                                          text1234     0512
_initPB5                                          text1234     051A
_initPin                                          text1234     04FA
_isFinishedOneHoursTimer                          text1239     05B0
_isFinishedThreeHoursTimer                        text1241     058F
_isFinishedTwelveHoursTimer                       text1243     059A
_isFinishedTwentyMinTimer                         text1246     05A5
_isPermitSampleTime                               text1248     05D9
_main                                             maintext     021E
_process_AD_Converter_Value                       text1232     047D
_pwm_start                                        text1257     0541
_reset                                            text1255     05F1
_sampleChannelSelect                              dataBANK1    00E2
_sampleTimes                                      bssBANK0     0056
_selectAdChannel                                  text1256     05E8
_setAD_ConvertFlag                                text1232     0498
_setPB3                                           text1233     04D9
_setPB4                                           text1233     04E4
_setPB5                                           text1233     04EF
_setPWM_Width                                     text1267     01E6
_setPinInitVaule                                  text1233     04D1
_startOneHoursTimer                               text1240     0557
_startThreeHoursTimer                             text1242     0565
_startTwelveHourTimer                             text1244     0573
_startTwentyMinTimer                              text1250     0581
_timer                                            bssBANK0     0057
_timer1_config                                    text1253     05BA
_timer1_interrupt_config                          text1252     05EC
_uiBigTimer                                       bssBANK1     00C9
_uiOneHourTimer                                   bssBANK1     00CB
_uiSampleChannelFirst                             bssBANK3     0190
_uiSampleChannelFourteenth                        bssBANK3     01A4
_uiSampleChannelFourth                            bssBANK0     005A
_uiSmallTimer                                     bssBANK1     00CD
_uiTwentyMinTimer                                 bssBANK1     00CF
_uiTwentySecondsTimer                             bssBANK0     0050
_vPutSampleDataIntoTable                          text1267     008B
adc_get@val                                       cstackCOMMON 0072
adc_test_init@channel                             cstackBANK1  00A2
adc_test_init@ref                                 cstackBANK1  00A0
btemp                                             (abs)        007E
clear_ram                                         clrtext      05C4
end_of_initialization                             cinit        053E
i1Filter@cir                                      cstackBANK0  0039
i1Filter@filter_buf                               cstackBANK0  0020
i1Filter@filter_sum                               cstackBANK0  0037
i1Filter@filter_temp                              cstackBANK0  0035
i1Filter@i                                        cstackBANK0  003C
i1Filter@j                                        cstackBANK0  003B
i1Filter@tmpValue                                 cstackBANK0  0034
i1_Filter                                         text1267     014D
i1_setAD_ConvertFlag                              text1267     0088
i1l1510                                                            
i1l1573                                                            
i1l2353                                                            
i1l3618                                                            
i1l3672                                                            
i1l3678                                                            
i1l3680                                                            
i1l3684                                                            
i1l3686                                                            
i1l3690                                                            
i1l3700                                                            
i1l3702                                                            
i1l3706                                                            
i1l3708                                                            
i1l3726                                                            
i1l3734                                                            
i1l3738                                                            
i1l3746                                                            
i1l3750                                                            
i1l3760                                                            
i1l3762                                                            
i1l3784                                                            
i1l3788                                                            
i1l3790                                                            
i1l3794                                                            
i1l3810                                                            
i1l3812                                                            
i1l3818                                                            
i1l3822                                                            
i1l3830                                                            
i1l3832                                                            
i1l3834                                                            
i1l3854                                                            
i1l3862                                                            
i1l3864                                                            
i1l3868                                                            
i1l3872                                                            
i1setAD_ConvertFlag@flag                          cstackCOMMON 0070
initPB3@bValue                                    cstackBANK1  00A0
initPB4@bValue                                    cstackBANK1  00A0
initPB5@bValue                                    cstackBANK1  00A0
interrupt_function                                intentry     0004
intlevel0                                         functab      0000
intlevel1                                         functab      0000
intlevel2                                         functab      0000
intlevel3                                         functab      0000
intlevel4                                         functab      0000
intlevel5                                         functab      0000
l1510                                                              
l1561                                                              
l1564                                                              
l1567                                                              
l1570                                                              
l1573                                                              
l1579                                                              
l1605                                                              
l1608                                                              
l1617                                                              
l1666                                                              
l2344                                                              
l2350                                                              
l3492                                                              
l3494                                                              
l3496                                                              
l3498                                                              
l3500                                                              
l3502                                                              
l3622                                                              
l3630                                                              
l3632                                                              
l3634                                                              
l3654                                                              
l3662                                                              
l3664                                                              
l3668                                                              
l4074                                                              
l4076                                                              
l4078                                                              
l4080                                                              
l4082                                                              
l4084                                                              
l4086                                                              
l4088                                                              
l4090                                                              
l4092                                                              
l4094                                                              
l4096                                                              
l4098                                                              
l4100                                                              
l4102                                                              
l4104                                                              
l4106                                                              
l4108                                                              
l4110                                                              
l4112                                                              
l4114                                                              
l4116                                                              
l4118                                                              
l4120                                                              
l4122                                                              
l4124                                                              
l4126                                                              
l4128                                                              
l4130                                                              
l4132                                                              
l4138                                                              
l4142                                                              
l4154                                                              
l4156                                                              
l4160                                                              
l4162                                                              
l4172                                                              
l4174                                                              
l4180                                                              
l4182                                                              
l4186                                                              
l4188                                                              
l4198                                                              
l4204                                                              
l4206                                                              
l4210                                                              
l4212                                                              
l4222                                                              
l4228                                                              
l4230                                                              
l4234                                                              
l4236                                                              
l4246                                                              
l4250                                                              
l4252                                                              
l4256                                                              
l4260                                                              
l4266                                                              
l4268                                                              
l4270                                                              
l4272                                                              
l4274                                                              
l4276                                                              
l4280                                                              
l4288                                                              
l4292                                                              
l4294                                                              
l4296                                                              
l4298                                                              
l4300                                                              
l4302                                                              
l4306                                                              
l4308                                                              
l4316                                                              
l4328                                                              
l4332                                                              
l4334                                                              
l4336                                                              
l4352                                                              
l4356                                                              
l4372                                                              
l4376                                                              
l4378                                                              
l4380                                                              
l4382                                                              
l4384                                                              
l4388                                                              
l4400                                                              
l4408                                                              
l4410                                                              
l4424                                                              
l4436                                                              
l4444                                                              
l4448                                                              
l712                                                               
l715                                                               
l718                                                               
l721                                                               
l724                                                               
main@cTimerP5s_791                                bssBANK1     00DD
main@cTimerP5s_797                                bssBANK1     00DE
main@ucChValue                                    cstackBANK1  00C5
main@ucDelay1s                                    bssBANK1     00D1
main@ucStep                                       bssBANK1     00DF
main@ucTimerP3s                                   bssBANK1     00E0
main@ucTimerP5s                                   bssBANK1     00E1
main@uiCh13Value                                  cstackBANK1  00C7
main@uiTimerOneP5s                                bssBANK1     00D3
main@uiTimerThreeP5s                              bssBANK1     00D5
main@uiTimerTwoP5s                                bssBANK1     00D7
pwm_start@ucPulseFrequency                        cstackBANK1  00A0
pwm_start@ucPulseWidth                            cstackBANK1  00A1
reset_vec                                         reset_vec    0000
saved_w                                           (abs)        007E
setAD_ConvertFlag@flag                            cstackBANK1  00A0
setPB3@bValue                                     cstackBANK1  00A0
setPB4@bValue                                     cstackBANK1  00A0
setPB5@bValue                                     cstackBANK1  00A0
setPWM_Width@ucOldWidth                           bssBANK0     0058
setPWM_Width@ucWidth                              cstackCOMMON 0070
start                                             init         0011
startOneHoursTimer@uiSetTime                      cstackBANK1  00A0
startThreeHoursTimer@uiSetTime                    cstackBANK1  00A0
startTwelveHourTimer@uiSetTime                    cstackBANK1  00A0
startTwentyMinTimer@uiSetValue                    cstackBANK1  00A0
start_initialization                              cinit        0522
vPutSampleDataIntoTable@bInitArrayFlag            bssBANK0     0059
vPutSampleDataIntoTable@channel                   cstackCOMMON 0078
vPutSampleDataIntoTable@i                         cstackBANK0  0042
vPutSampleDataIntoTable@ucChannelFirstLength      bssCOMMON    007B
vPutSampleDataIntoTable@ucChannelFourteenthLength bssCOMMON    007C
vPutSampleDataIntoTable@ucChannelFourthLength     bssCOMMON    007D
vPutSampleDataIntoTable@ucIndex                   cstackBANK0  0041
vPutSampleDataIntoTable@uiCalWidth                cstackBANK0  003F
vPutSampleDataIntoTable@uiCalWidthArray           bssBANK0     0048
vPutSampleDataIntoTable@uiCalWidthCnt             bssBANK0     0052
vPutSampleDataIntoTable@uiInitWidth               dataBANK0    006E
vPutSampleDataIntoTable@uiSampleData              cstackCOMMON 0076
vPutSampleDataIntoTable@uiSum                     cstackBANK0  003D
wtemp0                                            (abs)        007E
