HI-TECH Software C Compiler 

Linker command line:

--edf=C:\Program Files (x86)\HI-TECH Software\PICC\9.83\dat\en_msgs.txt -cs \
  -h+ProjTest.sym -z -Q16C77 -ol.obj -MProjTest.map -E1 -ACONST=00h-0FFhx16 \
  -ACODE=00h-07FFhx2 -ASTRCODE=00h-0FFFh -AENTRY=00h-0FFhx16 \
  -ASTRING=00h-0FFhx16 -ABANK0=020h-06Fh -ABANK1=0A0h-0EFh \
  -ABANK2=0110h-016Fh -ABANK3=0190h-01EFh \
  -ARAM=020h-06Fh,0A0h-0EFh,0110h-016Fh,0190h-01EFh \
  -AABS1=020h-07Fh,0A0h-0EFh,0110h-016Fh,0190h-01EFh -ACOMMON=070h-07Fh \
  -ASFR0=00h-01Fh -ASFR1=080h-09Fh -ASFR2=0100h-010Fh -ASFR3=0180h-018Fh \
  -preset_vec=00h,intentry=04h,init,end_init -ppowerup=CODE -pfunctab=CODE \
  -ACONFIG=02000h-02007h -pconfig=CONFIG -DCONFIG=2 -AIDLOC=02008h-0200Bh \
  -pidloc=IDLOC -DIDLOC=2 -DCODE=2 -DSTRCODE=2 -DSTRING=2 -DCONST=2 \
  -DENTRY=2 -k startup.obj ProjTest.obj 

Object code version is 3.10

Machine type is 16C77



                Name                               Link     Load   Length Selector   Space Scale
startup.obj     end_init                             11       11        2        8       0
                reset_vec                             0        0        2        0       0
ProjTest.obj    intentry                              4        4        D        8       0
                config                             2000     2000        3     4000       0
                text312                              13       13       D7        8       0
                text311                             12E      12E       13        8       0
                text310                             170      170        8        8       0
                text309                             15E      15E        A        8       0
                text308                             187      187        3        8       0
                text307                             119      119       15        8       0
                text306                             17F      17F        5        8       0
                text305                             153      153        B        8       0
                text304                             178      178        7        8       0
                text303                             184      184        3        8       0
                maintext                             EA       EA       2F        8       0
                cstackBANK0                          59       59        3       20       1
                cstackCOMMON                         70       70        D       70       1
                clrtext                             168      168        8        8       0
                bssBANK1                             A0       A0       18       A0       1
                dataBANK0                            5C       5C        1       20       1
                bssBANK0                             20       20       39       20       1
                bssCOMMON                            7D       7D        1       70       1
                cinit                               141      141       12        8       0

TOTAL           Name                               Link     Load   Length     Space
        CLASS   CONST          

        CLASS   CODE           
                end_init                             11       11        2         0
                intentry                              4        4        D         0
                reset_vec                             0        0        2         0
                text312                              13       13       D7         0
                text311                             12E      12E       13         0
                text310                             170      170        8         0
                text309                             15E      15E        A         0
                text308                             187      187        3         0
                text307                             119      119       15         0
                text306                             17F      17F        5         0
                text305                             153      153        B         0
                text304                             178      178        7         0
                text303                             184      184        3         0
                maintext                             EA       EA       2F         0
                clrtext                             168      168        8         0
                cinit                               141      141       12         0

        CLASS   STRCODE        

        CLASS   ENTRY          

        CLASS   STRING         

        CLASS   BANK0          
                cstackBANK0                          59       59        3         1
                dataBANK0                            5C       5C        1         1
                bssBANK0                             20       20       39         1

        CLASS   BANK1          
                bssBANK1                             A0       A0       18         1

        CLASS   BANK2          

        CLASS   BANK3          

        CLASS   RAM            

        CLASS   ABS1           
                abs_s1                               7E       7E        2         1

        CLASS   COMMON         
                cstackCOMMON                         70       70        D         1
                bssCOMMON                            7D       7D        1         1

        CLASS   SFR0           

        CLASS   SFR1           

        CLASS   SFR2           

        CLASS   SFR3           

        CLASS   CONFIG         
                config                             2000     2000        3         0

        CLASS   IDLOC          

        CLASS   EEDATA         



SEGMENTS        Name                           Load    Length   Top    Selector   Space  Class     Delta

                reset_vec                      000000  000002  000002         0       0  CODE        2
                intentry                       000004  000186  00018A         8       0  CODE        2
                bssBANK0                       000020  00003D  00005D        20       1  BANK0       1
                cstackCOMMON                   000070  00000E  00007E        70       1  COMMON      1
                bssBANK1                       0000A0  000018  0000B8        A0       1  BANK1       1
                config                         002000  000003  002003      4000       0  CONFIG      2


UNUSED ADDRESS RANGES

        Name                Unused          Largest block    Delta
        BANK0            005D-006F             13           1
        BANK1            00B8-00EF             38           1
        BANK2            0110-016F             60           1
        BANK3            0190-01EF             60           1
        CODE             0002-0003              2           2
                         018A-0FFF            676
        CONFIG           2003-2007              5           2
        CONST            0002-0003              2           2
                         018A-0FFF            100
        ENTRY            0002-0003              2           2
                         018A-0FFF            100
        IDLOC            2008-200B              4           2
        RAM              005D-006F             13           1
                         00B8-00EF             38
                         0110-016F             60
                         0190-01EF             60
        SFR0             0000-001F             20           1
        SFR1             0080-009F             20           1
        SFR2             0100-010F             10           1
        SFR3             0180-018F             10           1
        STRCODE          0002-0003              2           2
                         018A-0FFF            E76
        STRING           0002-0003              2           2
                         018A-0FFF            100

                                  Symbol Table

??_ISR                                            cstackCOMMON 0079
??_adc_get                                        cstackCOMMON 0072
??_adc_start                                      cstackBANK0  0059
??_adc_test_init                                  cstackBANK0  005A
??_clock_config                                   cstackBANK0  0059
??_dac_init                                       cstackBANK0  0059
??_initPin                                        cstackBANK0  0059
??_main                                           cstackBANK0  005C
??_op1_init                                       cstackBANK0  0059
??_op2_init                                       cstackBANK0  0059
??_setAD_ConvertFlag                              cstackCOMMON 0070
??_timer1_config                                  cstackBANK0  0059
??_timer1_interrupt_config                        cstackBANK0  0059
??_vPutSampleDataIntoTable                        cstackCOMMON 0077
?_ISR                                             cstackCOMMON 0070
?_adc_get                                         cstackCOMMON 0070
?_adc_start                                       cstackCOMMON 0070
?_adc_test_init                                   cstackBANK0  0059
?_clock_config                                    cstackCOMMON 0070
?_dac_init                                        cstackCOMMON 0070
?_initPin                                         cstackCOMMON 0070
?_main                                            cstackCOMMON 0070
?_op1_init                                        cstackCOMMON 0070
?_op2_init                                        cstackCOMMON 0070
?_setAD_ConvertFlag                               cstackCOMMON 0070
?_timer1_config                                   cstackCOMMON 0070
?_timer1_interrupt_config                         cstackCOMMON 0070
?_vPutSampleDataIntoTable                         cstackCOMMON 0074
ISR@ucTimer1sCnt                                  bssBANK0     0026
_ADCON0                                           (abs)        001F
_ADCON1                                           (abs)        009F
_ADIE                                             (abs)        046A
_ADIF                                             (abs)        006A
_ADON                                             (abs)        00F8
_ADRESH                                           (abs)        001E
_ADRESL                                           (abs)        009E
_CLKPCE                                           (abs)        0847
_CLKPR                                            (abs)        0108
_DACCON                                           (abs)        0087
_DACR0                                            (abs)        0088
_GIE                                              (abs)        005F
_GO                                               (abs)        00F9
_ISR                                              text312      0013
_OP1CON0                                          (abs)        001B
_OP1CON1                                          (abs)        001C
_OP1CON2                                          (abs)        001D
_OP2CON0                                          (abs)        009B
_OP2CON1                                          (abs)        009C
_OP2CON2                                          (abs)        009D
_PA0                                              (abs)        0028
_PA1                                              (abs)        0029
_PA2                                              (abs)        002A
_PA3                                              (abs)        002B
_PA6                                              (abs)        002E
_PB0                                              (abs)        0030
_PB1                                              (abs)        0031
_PB6                                              (abs)        0036
_PB7                                              (abs)        0037
_PBOD6                                            (abs)        0C46
_PBOD7                                            (abs)        0C47
_PEIE                                             (abs)        005E
_T1CON                                            (abs)        0010
_TMR1H                                            (abs)        000F
_TMR1IE                                           (abs)        0460
_TMR1IF                                           (abs)        0060
_TMR1L                                            (abs)        000E
_TRISA0                                           (abs)        0428
_TRISA1                                           (abs)        0429
_TRISA2                                           (abs)        042A
_TRISA3                                           (abs)        042B
_TRISA6                                           (abs)        042E
_TRISA7                                           (abs)        042F
_TRISB0                                           (abs)        0430
_TRISB1                                           (abs)        0431
_TRISB2                                           (abs)        0432
_TRISB3                                           (abs)        0433
_TRISB4                                           (abs)        0434
_TRISB5                                           (abs)        0435
_TRISB6                                           (abs)        0436
_TRISB7                                           (abs)        0437
__Habs1                                           abs1         0000
__Hbank0                                          bank0        0000
__Hbank1                                          bank1        0000
__Hbank2                                          bank2        0000
__Hbank3                                          bank3        0000
__HbssBANK0                                       bssBANK0     0000
__HbssBANK1                                       bssBANK1     0000
__HbssCOMMON                                      bssCOMMON    0000
__Hcinit                                          cinit        0000
__Hclrtext                                        clrtext      0000
__Hcode                                           code         0000
__Hcommon                                         common       0000
__Hconfig                                         config       2003
__HcstackBANK0                                    cstackBANK0  0000
__HcstackCOMMON                                   cstackCOMMON 0000
__HdataBANK0                                      dataBANK0    0000
__Heeprom_data                                    eeprom_data  0000
__Hend_init                                       end_init     0013
__Hfunctab                                        functab      0000
__HidataBANK0                                     idataBANK0   0000
__Hidloc                                          idloc        0000
__Hinit                                           init         0011
__Hintentry                                       intentry     0011
__Hmaintext                                       maintext     0000
__Hpa_nodes                                       pa_nodes     0000
__Hpowerup                                        powerup      0000
__Hram                                            ram          0000
__Hreset_vec                                      reset_vec    0002
__Hsfr0                                           sfr0         0000
__Hsfr1                                           sfr1         0000
__Hsfr2                                           sfr2         0000
__Hsfr3                                           sfr3         0000
__Hstrings                                        strings      0000
__Htext                                           text         0000
__Labs1                                           abs1         0000
__Lbank0                                          bank0        0000
__Lbank1                                          bank1        0000
__Lbank2                                          bank2        0000
__Lbank3                                          bank3        0000
__LbssBANK0                                       bssBANK0     0000
__LbssBANK1                                       bssBANK1     0000
__LbssCOMMON                                      bssCOMMON    0000
__Lcinit                                          cinit        0000
__Lclrtext                                        clrtext      0000
__Lcode                                           code         0000
__Lcommon                                         common       0000
__Lconfig                                         config       2000
__LcstackBANK0                                    cstackBANK0  0000
__LcstackCOMMON                                   cstackCOMMON 0000
__LdataBANK0                                      dataBANK0    0000
__Leeprom_data                                    eeprom_data  0000
__Lend_init                                       end_init     0011
__Lfunctab                                        functab      0000
__LidataBANK0                                     idataBANK0   0000
__Lidloc                                          idloc        0000
__Linit                                           init         0011
__Lintentry                                       intentry     0004
__Lmaintext                                       maintext     0000
__Lpa_nodes                                       pa_nodes     0000
__Lpowerup                                        powerup      0000
__Lram                                            ram          0000
__Lreset_vec                                      reset_vec    0000
__Lsfr0                                           sfr0         0000
__Lsfr1                                           sfr1         0000
__Lsfr2                                           sfr2         0000
__Lsfr3                                           sfr3         0000
__Lstrings                                        strings      0000
__Ltext                                           text         0000
__S0                                              (abs)        2003
__S1                                              (abs)        00B8
__end_of_ISR                                      text312      006B
__end_of_adc_get                                  text312      0076
__end_of_adc_start                                text303      0187
__end_of_adc_test_init                            text307      012E
__end_of_clock_config                             text310      0178
__end_of_dac_init                                 text306      0184
__end_of_initPin                                  text311      0141
__end_of_main                                     maintext     0119
__end_of_op1_init                                 text305      015E
__end_of_op2_init                                 text304      017F
__end_of_setAD_ConvertFlag                        text312      00DA
__end_of_timer1_config                            text309      0168
__end_of_timer1_interrupt_config                  text308      018A
__end_of_vPutSampleDataIntoTable                  text312      00D9
__pbssBANK0                                       bssBANK0     0020
__pbssBANK1                                       bssBANK1     00A0
__pbssCOMMON                                      bssCOMMON    007D
__pcstackBANK0                                    cstackBANK0  0059
__pcstackCOMMON                                   cstackCOMMON 0070
__pdataBANK0                                      dataBANK0    005C
__pidataBANK0                                     idataBANK0   0000
__pintentry                                       intentry     0004
__pmaintext                                       maintext     00EA
__ptext303                                        text303      0184
__ptext304                                        text304      0178
__ptext305                                        text305      0153
__ptext306                                        text306      017F
__ptext307                                        text307      0119
__ptext308                                        text308      0187
__ptext309                                        text309      015E
__ptext310                                        text310      0170
__ptext311                                        text311      012E
__ptext312                                        text312      0013
__ptext313                                        text312      006B
__ptext314                                        text312      00D9
__ptext315                                        text312      0076
__ptext316                                        text316      0000
__size_of_ISR                                     (abs)        0000
__size_of_adc_get                                 (abs)        0000
__size_of_adc_start                               (abs)        0000
__size_of_adc_test_init                           (abs)        0000
__size_of_clock_config                            (abs)        0000
__size_of_dac_init                                (abs)        0000
__size_of_initPin                                 (abs)        0000
__size_of_main                                    (abs)        0000
__size_of_op1_init                                (abs)        0000
__size_of_op2_init                                (abs)        0000
__size_of_setAD_ConvertFlag                       (abs)        0000
__size_of_timer1_config                           (abs)        0000
__size_of_timer1_interrupt_config                 (abs)        0000
__size_of_vPutSampleDataIntoTable                 (abs)        0000
_adc_get                                          text312      006B
_adc_start                                        text303      0184
_adc_test_init                                    text307      0119
_clock_config                                     text310      0170
_dac_init                                         text306      017F
_exit                                             init         0011
_initPin                                          text311      012E
_main                                             maintext     00EA
_op1_init                                         text305      0153
_op2_init                                         text304      0178
_sampleChannelSelect                              dataBANK0    005C
_setAD_ConvertFlag                                text312      00D9
_timer1_config                                    text309      015E
_timer1_interrupt_config                          text308      0187
_uiBigTimer                                       bssBANK0     0020
_uiSampleChannelFirst                             bssBANK0     0029
_uiSampleChannelFourteenth                        bssBANK1     00A0
_uiSampleChannelFourth                            bssBANK0     0041
_uiSmallTimer                                     bssBANK0     0022
_uiTwentySecondsTimer                             bssBANK0     0024
_vPutSampleDataIntoTable                          text312      0076
adc_get@val                                       cstackCOMMON 0072
adc_test_init@channel                             cstackBANK0  005B
adc_test_init@ref                                 cstackBANK0  0059
btemp                                             (abs)        007E
clear_ram                                         clrtext      0168
end_of_initialization                             cinit        0150
i1l1395                                                            
i1l2140                                                            
i1l2699                                                            
i1l2701                                                            
i1l2705                                                            
i1l2709                                                            
i1l2717                                                            
i1l2721                                                            
i1l2729                                                            
i1l2733                                                            
i1l2743                                                            
i1l2745                                                            
i1l2747                                                            
i1l2751                                                            
i1l2753                                                            
i1l2757                                                            
i1l2769                                                            
i1l2771                                                            
i1l2777                                                            
i1l2781                                                            
interrupt_function                                intentry     0004
intlevel0                                         functab      0000
intlevel1                                         functab      0000
intlevel2                                         functab      0000
intlevel3                                         functab      0000
intlevel4                                         functab      0000
intlevel5                                         functab      0000
l1383                                                              
l1386                                                              
l1389                                                              
l2117                                                              
l2120                                                              
l2123                                                              
l2131                                                              
l2137                                                              
l2661                                                              
l2663                                                              
l2665                                                              
l2667                                                              
l2669                                                              
l2671                                                              
l2673                                                              
l2675                                                              
l2677                                                              
l2679                                                              
l2681                                                              
l2683                                                              
l2685                                                              
l2687                                                              
l2689                                                              
l2691                                                              
l2693                                                              
l2695                                                              
l2697                                                              
l2785                                                              
l2787                                                              
l2789                                                              
l2791                                                              
l2793                                                              
l2795                                                              
l2797                                                              
l2799                                                              
l2801                                                              
l2803                                                              
l2805                                                              
l661                                                               
reset_vec                                         reset_vec    0000
saved_w                                           (abs)        007E
setAD_ConvertFlag@flag                            cstackCOMMON 0070
start                                             init         0011
start_initialization                              cinit        0141
vPutSampleDataIntoTable@channel                   cstackCOMMON 0076
vPutSampleDataIntoTable@i                         cstackCOMMON 0077
vPutSampleDataIntoTable@ucChannelFirstLength      bssCOMMON    007D
vPutSampleDataIntoTable@ucChannelFourteenthLength bssBANK0     0027
vPutSampleDataIntoTable@ucChannelFourthLength     bssBANK0     0028
vPutSampleDataIntoTable@uiSampleData              cstackCOMMON 0074
wtemp0                                            (abs)        007E
