HI-TECH Software C Compiler 

Linker command line:

--edf=C:\Program Files (x86)\HI-TECH Software\PICC\9.83\dat\en_msgs.txt -cs \
  -h+ProjTest.sym -z -Q16C77 -ol.obj -MProjTest.map -E1 -ACONST=00h-0FFhx16 \
  -ACODE=00h-07FFhx2 -ASTRCODE=00h-0FFFh -AENTRY=00h-0FFhx16 \
  -ASTRING=00h-0FFhx16 -ABANK0=020h-06Fh -ABANK1=0A0h-0EFh \
  -ABANK2=0110h-016Fh -ABANK3=0190h-01EFh \
  -ARAM=020h-06Fh,0A0h-0EFh,0110h-016Fh,0190h-01EFh \
  -AABS1=020h-07Fh,0A0h-0EFh,0110h-016Fh,0190h-01EFh -ACOMMON=070h-07Fh \
  -ASFR0=00h-01Fh -ASFR1=080h-09Fh -ASFR2=0100h-010Fh -ASFR3=0180h-018Fh \
  -preset_vec=00h,intentry=04h,init,end_init -ppowerup=CODE -pfunctab=CODE \
  -ACONFIG=02000h-02007h -pconfig=CONFIG -DCONFIG=2 -AIDLOC=02008h-0200Bh \
  -pidloc=IDLOC -DIDLOC=2 -DCODE=2 -DSTRCODE=2 -DSTRING=2 -DCONST=2 \
  -DENTRY=2 -k startup.obj ProjTest.obj 

Object code version is 3.10

Machine type is 16C77



                Name                               Link     Load   Length Selector   Space Scale
startup.obj     end_init                             11       11        2        8       0
                reset_vec                             0        0        2        0       0
ProjTest.obj    intentry                              4        4        D        8       0
                config                             2000     2000        3     4000       0
                text734                             326      326       D8        8       0
                text730                             52C      52C       13        8       0
                text729                             5B0      5B0        8      AF2       0
                text728                             584      584        A      AF2       0
                text727                             5D7      5D7        3      AF2       0
                text725                             5D2      5D2        5      AF2       0
                text724                             579      579        B      AF2       0
                text723                             5A8      5A8        8      AF2       0
                text721                             5CD      5CD        5      AF2       0
                text720                             5DA      5DA        2      AF2       0
                text719                             597      597        9      AF2       0
                text718                             5C8      5C8        5      AF2       0
                text717                             5C3      5C3        5      AF2       0
                text716                             5B8      5B8        6      AF2       0
                text715                             58E      58E        9      AF2       0
                text714                             5BE      5BE        5      AF2       0
                text708                             4B7      4B7       5A        8       0
                text705                             3FE      3FE       B9        8       0
                text704                             511      511       1B        8       0
                swtext3                             56D      56D        C      AA2       0
                swtext2                             55F      55F        E      AA2       0
                swtext1                             551      551        E      AA2       0
                maintext                             13       13      313        8       0
                cstackBANK0                          20       20       29       20       1
                cstackCOMMON                         70       70        D       70       1
                clrtext                             5A0      5A0        8      AF2       0
                bssBANK1                             A0       A0       4A       A0       1
                dataBANK0                            6E       6E        1       20       1
                bssBANK0                             49       49       25       20       1
                bssCOMMON                            7D       7D        1       70       1
                cinit                               53F      53F       12        8       0

TOTAL           Name                               Link     Load   Length     Space
        CLASS   CONST          
                swtext3                             56D      56D        C         0
                swtext2                             55F      55F        E         0
                swtext1                             551      551        E         0

        CLASS   CODE           
                end_init                             11       11        2         0
                intentry                              4        4        D         0
                reset_vec                             0        0        2         0
                text734                             326      326       D8         0
                text730                             52C      52C       13         0
                text729                             5B0      5B0        8         0
                text728                             584      584        A         0
                text727                             5D7      5D7        3         0
                text725                             5D2      5D2        5         0
                text724                             579      579        B         0
                text723                             5A8      5A8        8         0
                text721                             5CD      5CD        5         0
                text720                             5DA      5DA        2         0
                text719                             597      597        9         0
                text718                             5C8      5C8        5         0
                text717                             5C3      5C3        5         0
                text716                             5B8      5B8        6         0
                text715                             58E      58E        9         0
                text714                             5BE      5BE        5         0
                text708                             4B7      4B7       5A         0
                text705                             3FE      3FE       B9         0
                text704                             511      511       1B         0
                maintext                             13       13      313         0
                clrtext                             5A0      5A0        8         0
                cinit                               53F      53F       12         0

        CLASS   STRCODE        

        CLASS   ENTRY          

        CLASS   STRING         

        CLASS   BANK0          
                cstackBANK0                          20       20       29         1
                dataBANK0                            6E       6E        1         1
                bssBANK0                             49       49       25         1

        CLASS   BANK1          
                bssBANK1                             A0       A0       4A         1

        CLASS   BANK2          

        CLASS   BANK3          

        CLASS   RAM            

        CLASS   ABS1           
                abs_s1                               7E       7E        2         1

        CLASS   COMMON         
                cstackCOMMON                         70       70        D         1
                bssCOMMON                            7D       7D        1         1

        CLASS   SFR0           

        CLASS   SFR1           

        CLASS   SFR2           

        CLASS   SFR3           

        CLASS   CONFIG         
                config                             2000     2000        3         0

        CLASS   IDLOC          

        CLASS   EEDATA         



SEGMENTS        Name                           Load    Length   Top    Selector   Space  Class     Delta

                reset_vec                      000000  000002  000002         0       0  CODE        2
                intentry                       000004  00054D  000551         8       0  CODE        2
                cstackBANK0                    000020  00004F  00006F        20       1  BANK0       1
                cstackCOMMON                   000070  00000E  00007E        70       1  COMMON      1
                bssBANK1                       0000A0  00004A  0000EA        A0       1  BANK1       1
                swtext1                        000551  000028  000579       AA2       0  CONST       2
                text724                        000579  000063  0005DC       AF2       0  CODE        2
                config                         002000  000003  002003      4000       0  CONFIG      2


UNUSED ADDRESS RANGES

        Name                Unused          Largest block    Delta
        BANK0            006F-006F              1           1
        BANK1            00EA-00EF              6           1
        BANK2            0110-016F             60           1
        BANK3            0190-01EF             60           1
        CODE             0002-0003              2           2
                         05DC-0FFF            224
        CONFIG           2003-2007              5           2
        CONST            0002-0003              2           2
                         05DC-0FFF            100
        ENTRY            0002-0003              2           2
                         05DC-0FFF            100
        IDLOC            2008-200B              4           2
        RAM              006F-006F              1           1
                         00EA-00EF              6
                         0110-016F             60
                         0190-01EF             60
        SFR0             0000-001F             20           1
        SFR1             0080-009F             20           1
        SFR2             0100-010F             10           1
        SFR3             0180-018F             10           1
        STRCODE          0002-0003              2           2
                         05DC-0FFF            A24
        STRING           0002-0003              2           2
                         05DC-0FFF            100

                                  Symbol Table

??_AD_Sample                                      cstackBANK0  0020
??_Filter                                         cstackBANK0  0022
??_ISR                                            cstackCOMMON 0079
??_adc_get                                        cstackCOMMON 0072
??_adc_start                                      cstackBANK0  0020
??_adc_test_init                                  cstackBANK0  0021
??_clearAllTimer                                  cstackBANK0  0020
??_clearPinPortAndTimer                           cstackBANK0  0020
??_clearThreeHoursTimer                           cstackBANK0  0020
??_clearTwelveHoursTimer                          cstackBANK0  0020
??_clearTwentySecondsTimer                        cstackBANK0  0020
??_clock_config                                   cstackBANK0  0020
??_clrSampeTime                                   cstackBANK0  0020
??_dac_init                                       cstackBANK0  0020
??_getAD_ConvertFlag                              cstackBANK0  0020
??_getAdOriginaCh4Value                           cstackBANK0  0049
??_getAdOriginalCh14Value                         cstackBANK0  0049
??_getAdOriginalCh1Value                          cstackBANK0  0049
??_initPin                                        cstackBANK0  0020
??_isFinishedThreeHoursTimer                      cstackBANK0  0020
??_isFinishedTwelveHoursTimer                     cstackBANK0  0020
??_isFinishedTwentySecondsTimer                   cstackBANK0  0020
??_isPermitSampleTime                             cstackBANK0  0020
??_main                                           cstackBANK0  0049
??_op1_init                                       cstackBANK0  0020
??_op2_init                                       cstackBANK0  0020
??_process_AD_Converter_Value                     cstackBANK0  0023
??_setAD_ConvertFlag                              cstackBANK0  0020
??_startThreeHoursTimer                           cstackBANK0  0022
??_startTwelveHourTimer                           cstackBANK0  0022
??_startTwentySecondsTimer                        cstackBANK0  0020
??_timer1_config                                  cstackBANK0  0020
??_timer1_interrupt_config                        cstackBANK0  0020
??_vPutSampleDataIntoTable                        cstackCOMMON 0077
??i1_setAD_ConvertFlag                            cstackCOMMON 0070
?_AD_Sample                                       cstackCOMMON 0070
?_Filter                                          cstackBANK0  0020
?_ISR                                             cstackCOMMON 0070
?_adc_get                                         cstackCOMMON 0070
?_adc_start                                       cstackCOMMON 0070
?_adc_test_init                                   cstackBANK0  0020
?_clearAllTimer                                   cstackCOMMON 0070
?_clearPinPortAndTimer                            cstackCOMMON 0070
?_clearThreeHoursTimer                            cstackCOMMON 0070
?_clearTwelveHoursTimer                           cstackCOMMON 0070
?_clearTwentySecondsTimer                         cstackCOMMON 0070
?_clock_config                                    cstackCOMMON 0070
?_clrSampeTime                                    cstackCOMMON 0070
?_dac_init                                        cstackCOMMON 0070
?_getAD_ConvertFlag                               cstackCOMMON 0070
?_getAdOriginaCh4Value                            cstackBANK0  0047
?_getAdOriginalCh14Value                          cstackBANK0  0047
?_getAdOriginalCh1Value                           cstackBANK0  0047
?_initPin                                         cstackCOMMON 0070
?_isFinishedThreeHoursTimer                       cstackCOMMON 0070
?_isFinishedTwelveHoursTimer                      cstackCOMMON 0070
?_isFinishedTwentySecondsTimer                    cstackCOMMON 0070
?_isPermitSampleTime                              cstackCOMMON 0070
?_main                                            cstackCOMMON 0070
?_op1_init                                        cstackCOMMON 0070
?_op2_init                                        cstackCOMMON 0070
?_process_AD_Converter_Value                      cstackCOMMON 0070
?_setAD_ConvertFlag                               cstackCOMMON 0070
?_startThreeHoursTimer                            cstackBANK0  0020
?_startTwelveHourTimer                            cstackBANK0  0020
?_startTwentySecondsTimer                         cstackCOMMON 0070
?_timer1_config                                   cstackCOMMON 0070
?_timer1_interrupt_config                         cstackCOMMON 0070
?_vPutSampleDataIntoTable                         cstackCOMMON 0074
?i1_setAD_ConvertFlag                             cstackCOMMON 0070
Filter@cir                                        cstackBANK0  0043
Filter@filter_buf                                 cstackBANK0  0026
Filter@filter_sum                                 cstackBANK0  0040
Filter@filter_temp                                cstackBANK0  003E
Filter@i                                          cstackBANK0  0046
Filter@j                                          cstackBANK0  0045
Filter@tmpValue                                   cstackBANK0  0042
ISR@ucTimer1sCnt                                  bssBANK0     004D
_ADCON0                                           (abs)        001F
_ADCON1                                           (abs)        009F
_ADIE                                             (abs)        046A
_ADIF                                             (abs)        006A
_ADON                                             (abs)        00F8
_ADRESH                                           (abs)        001E
_ADRESL                                           (abs)        009E
_AD_Sample                                        text708      04DC
_CLKPCE                                           (abs)        0847
_CLKPR                                            (abs)        0108
_DACCON                                           (abs)        0087
_DACR0                                            (abs)        0088
_Filter                                           text705      0413
_GIE                                              (abs)        005F
_GO                                               (abs)        00F9
_ISR                                              text734      0326
_OP1CON0                                          (abs)        001B
_OP1CON1                                          (abs)        001C
_OP1CON2                                          (abs)        001D
_OP2CON0                                          (abs)        009B
_OP2CON1                                          (abs)        009C
_OP2CON2                                          (abs)        009D
_PA0                                              (abs)        0028
_PA1                                              (abs)        0029
_PA2                                              (abs)        002A
_PA3                                              (abs)        002B
_PA6                                              (abs)        002E
_PA7                                              (abs)        002F
_PAOD7                                            (abs)        0C3F
_PB0                                              (abs)        0030
_PB1                                              (abs)        0031
_PB6                                              (abs)        0036
_PBOD6                                            (abs)        0C46
_PEIE                                             (abs)        005E
_T1CON                                            (abs)        0010
_TMR1H                                            (abs)        000F
_TMR1IE                                           (abs)        0460
_TMR1IF                                           (abs)        0060
_TMR1L                                            (abs)        000E
_TRISA0                                           (abs)        0428
_TRISA1                                           (abs)        0429
_TRISA2                                           (abs)        042A
_TRISA3                                           (abs)        042B
_TRISA6                                           (abs)        042E
_TRISA7                                           (abs)        042F
_TRISB0                                           (abs)        0430
_TRISB1                                           (abs)        0431
_TRISB2                                           (abs)        0432
_TRISB3                                           (abs)        0433
_TRISB4                                           (abs)        0434
_TRISB5                                           (abs)        0435
_TRISB6                                           (abs)        0436
_TRISB7                                           (abs)        0437
__Habs1                                           abs1         0000
__Hbank0                                          bank0        0000
__Hbank1                                          bank1        0000
__Hbank2                                          bank2        0000
__Hbank3                                          bank3        0000
__HbssBANK0                                       bssBANK0     0000
__HbssBANK1                                       bssBANK1     0000
__HbssCOMMON                                      bssCOMMON    0000
__Hcinit                                          cinit        0000
__Hclrtext                                        clrtext      0000
__Hcode                                           code         0000
__Hcommon                                         common       0000
__Hconfig                                         config       2003
__HcstackBANK0                                    cstackBANK0  0000
__HcstackCOMMON                                   cstackCOMMON 0000
__HdataBANK0                                      dataBANK0    0000
__Heeprom_data                                    eeprom_data  0000
__Hend_init                                       end_init     0013
__Hfunctab                                        functab      0000
__HidataBANK0                                     idataBANK0   0000
__Hidloc                                          idloc        0000
__Hinit                                           init         0011
__Hintentry                                       intentry     0011
__Hmaintext                                       maintext     0000
__Hpa_nodes                                       pa_nodes     0000
__Hpowerup                                        powerup      0000
__Hram                                            ram          0000
__Hreset_vec                                      reset_vec    0002
__Hsfr0                                           sfr0         0000
__Hsfr1                                           sfr1         0000
__Hsfr2                                           sfr2         0000
__Hsfr3                                           sfr3         0000
__Hstrings                                        strings      0000
__Htext                                           text         0000
__Labs1                                           abs1         0000
__Lbank0                                          bank0        0000
__Lbank1                                          bank1        0000
__Lbank2                                          bank2        0000
__Lbank3                                          bank3        0000
__LbssBANK0                                       bssBANK0     0000
__LbssBANK1                                       bssBANK1     0000
__LbssCOMMON                                      bssCOMMON    0000
__Lcinit                                          cinit        0000
__Lclrtext                                        clrtext      0000
__Lcode                                           code         0000
__Lcommon                                         common       0000
__Lconfig                                         config       2000
__LcstackBANK0                                    cstackBANK0  0000
__LcstackCOMMON                                   cstackCOMMON 0000
__LdataBANK0                                      dataBANK0    0000
__Leeprom_data                                    eeprom_data  0000
__Lend_init                                       end_init     0011
__Lfunctab                                        functab      0000
__LidataBANK0                                     idataBANK0   0000
__Lidloc                                          idloc        0000
__Linit                                           init         0011
__Lintentry                                       intentry     0004
__Lmaintext                                       maintext     0000
__Lpa_nodes                                       pa_nodes     0000
__Lpowerup                                        powerup      0000
__Lram                                            ram          0000
__Lreset_vec                                      reset_vec    0000
__Lsfr0                                           sfr0         0000
__Lsfr1                                           sfr1         0000
__Lsfr2                                           sfr2         0000
__Lsfr3                                           sfr3         0000
__Lstrings                                        strings      0000
__Ltext                                           text         0000
__S0                                              (abs)        2003
__S1                                              (abs)        00EA
__end_of_AD_Sample                                text708      04F9
__end_of_Filter                                   text705      04A1
__end_of_ISR                                      text734      0383
__end_of_adc_get                                  text734      038E
__end_of_adc_start                                text708      0511
__end_of_adc_test_init                            text708      050E
__end_of_clearAllTimer                            text704      0522
__end_of_clearPinPortAndTimer                     text704      051D
__end_of_clearThreeHoursTimer                     text704      0528
__end_of_clearTwelveHoursTimer                    text704      0525
__end_of_clearTwentySecondsTimer                  text704      052C
__end_of_clock_config                             text729      05B8
__end_of_clrSampeTime                             text720      05DC
__end_of_dac_init                                 text725      05D7
__end_of_getAD_ConvertFlag                        text708      04D9
__end_of_getAdOriginaCh4Value                     text705      0405
__end_of_getAdOriginalCh14Value                   text705      0413
__end_of_getAdOriginalCh1Value                    text705      040C
__end_of_initPin                                  text730      053F
__end_of_isFinishedThreeHoursTimer                text714      05C3
__end_of_isFinishedTwelveHoursTimer               text718      05CD
__end_of_isFinishedTwentySecondsTimer             text716      05BE
__end_of_isPermitSampleTime                       text721      05D2
__end_of_main                                     maintext     0326
__end_of_op1_init                                 text724      0584
__end_of_op2_init                                 text723      05B0
__end_of_process_AD_Converter_Value               text708      04D5
__end_of_setAD_ConvertFlag                        text708      04DC
__end_of_startThreeHoursTimer                     text715      0597
__end_of_startTwelveHourTimer                     text719      05A0
__end_of_startTwentySecondsTimer                  text717      05C8
__end_of_timer1_config                            text728      058E
__end_of_timer1_interrupt_config                  text727      05DA
__end_of_vPutSampleDataIntoTable                  text734      03EB
__end_ofi1_setAD_ConvertFlag                      text734      03EE
__pbssBANK0                                       bssBANK0     0049
__pbssBANK1                                       bssBANK1     00A0
__pbssCOMMON                                      bssCOMMON    007D
__pcstackBANK0                                    cstackBANK0  0020
__pcstackCOMMON                                   cstackCOMMON 0070
__pdataBANK0                                      dataBANK0    006E
__pidataBANK0                                     idataBANK0   0000
__pintentry                                       intentry     0004
__pmaintext                                       maintext     0013
__pswtext1                                        swtext1      0551
__pswtext2                                        swtext2      055F
__pswtext3                                        swtext3      056D
__ptext704                                        text704      0511
__ptext705                                        text705      03FE
__ptext706                                        text705      0405
__ptext707                                        text705      040C
__ptext708                                        text708      04B7
__ptext709                                        text704      051D
__ptext710                                        text708      04DC
__ptext711                                        text708      04D9
__ptext712                                        text708      04D5
__ptext713                                        text705      0413
__ptext714                                        text714      05BE
__ptext715                                        text715      058E
__ptext716                                        text716      05B8
__ptext717                                        text717      05C3
__ptext718                                        text718      05C8
__ptext719                                        text719      0597
__ptext720                                        text720      05DA
__ptext721                                        text721      05CD
__ptext722                                        text708      050E
__ptext723                                        text723      05A8
__ptext724                                        text724      0579
__ptext725                                        text725      05D2
__ptext726                                        text708      04F9
__ptext727                                        text727      05D7
__ptext728                                        text728      0584
__ptext729                                        text729      05B0
__ptext730                                        text730      052C
__ptext731                                        text704      0528
__ptext732                                        text704      0525
__ptext733                                        text704      0522
__ptext734                                        text734      0326
__ptext735                                        text734      03EB
__ptext736                                        text734      0383
__ptext737                                        text734      038E
__ptext738                                        text738      0000
__size_of_AD_Sample                               (abs)        0000
__size_of_Filter                                  (abs)        0000
__size_of_ISR                                     (abs)        0000
__size_of_adc_get                                 (abs)        0000
__size_of_adc_start                               (abs)        0000
__size_of_adc_test_init                           (abs)        0000
__size_of_clearAllTimer                           (abs)        0000
__size_of_clearPinPortAndTimer                    (abs)        0000
__size_of_clearThreeHoursTimer                    (abs)        0000
__size_of_clearTwelveHoursTimer                   (abs)        0000
__size_of_clearTwentySecondsTimer                 (abs)        0000
__size_of_clock_config                            (abs)        0000
__size_of_clrSampeTime                            (abs)        0000
__size_of_dac_init                                (abs)        0000
__size_of_getAD_ConvertFlag                       (abs)        0000
__size_of_getAdOriginaCh4Value                    (abs)        0000
__size_of_getAdOriginalCh14Value                  (abs)        0000
__size_of_getAdOriginalCh1Value                   (abs)        0000
__size_of_initPin                                 (abs)        0000
__size_of_isFinishedThreeHoursTimer               (abs)        0000
__size_of_isFinishedTwelveHoursTimer              (abs)        0000
__size_of_isFinishedTwentySecondsTimer            (abs)        0000
__size_of_isPermitSampleTime                      (abs)        0000
__size_of_main                                    (abs)        0000
__size_of_op1_init                                (abs)        0000
__size_of_op2_init                                (abs)        0000
__size_of_process_AD_Converter_Value              (abs)        0000
__size_of_setAD_ConvertFlag                       (abs)        0000
__size_of_startThreeHoursTimer                    (abs)        0000
__size_of_startTwelveHourTimer                    (abs)        0000
__size_of_startTwentySecondsTimer                 (abs)        0000
__size_of_timer1_config                           (abs)        0000
__size_of_timer1_interrupt_config                 (abs)        0000
__size_of_vPutSampleDataIntoTable                 (abs)        0000
__size_ofi1_setAD_ConvertFlag                     (abs)        0000
_adc_convert_flag                                 bssBANK0     004E
_adc_get                                          text734      0383
_adc_start                                        text708      050E
_adc_test_init                                    text708      04F9
_clearAllTimer                                    text704      051D
_clearPinPortAndTimer                             text704      0511
_clearThreeHoursTimer                             text704      0525
_clearTwelveHoursTimer                            text704      0522
_clearTwentySecondsTimer                          text704      0528
_clock_config                                     text729      05B0
_clrSampeTime                                     text720      05DA
_dac_init                                         text725      05D2
_exit                                             init         0011
_getAD_ConvertFlag                                text708      04D5
_getAdOriginaCh4Value                             text705      03FE
_getAdOriginalCh14Value                           text705      040C
_getAdOriginalCh1Value                            text705      0405
_initPin                                          text730      052C
_isFinishedThreeHoursTimer                        text714      05BE
_isFinishedTwelveHoursTimer                       text718      05C8
_isFinishedTwentySecondsTimer                     text716      05B8
_isPermitSampleTime                               text721      05CD
_main                                             maintext     0013
_op1_init                                         text724      0579
_op2_init                                         text723      05A8
_process_AD_Converter_Value                       text708      04B7
_sampleChannelSelect                              dataBANK0    006E
_sampleTimes                                      bssBANK0     004F
_setAD_ConvertFlag                                text708      04D9
_startThreeHoursTimer                             text715      058E
_startTwelveHourTimer                             text719      0597
_startTwentySecondsTimer                          text717      05C3
_timer                                            bssBANK0     0050
_timer1_config                                    text728      0584
_timer1_interrupt_config                          text727      05D7
_uiBigTimer                                       bssBANK0     0049
_uiSampleChannelFirst                             bssBANK1     00A2
_uiSampleChannelFourteenth                        bssBANK1     00BA
_uiSampleChannelFourth                            bssBANK1     00D2
_uiSmallTimer                                     bssBANK0     004B
_uiTwentySecondsTimer                             bssBANK1     00A0
_vPutSampleDataIntoTable                          text734      038E
adc_get@val                                       cstackCOMMON 0072
adc_test_init@channel                             cstackBANK0  0022
adc_test_init@ref                                 cstackBANK0  0020
btemp                                             (abs)        007E
clear_ram                                         clrtext      05A0
end_of_initialization                             cinit        054E
i1_setAD_ConvertFlag                              text734      03EB
i1l1646                                                            
i1l2389                                                            
i1l3950                                                            
i1l3952                                                            
i1l3956                                                            
i1l3960                                                            
i1l3968                                                            
i1l3972                                                            
i1l3980                                                            
i1l3984                                                            
i1l3994                                                            
i1l3996                                                            
i1l4026                                                            
i1l4030                                                            
i1l4032                                                            
i1l4036                                                            
i1l4048                                                            
i1l4050                                                            
i1l4056                                                            
i1l4060                                                            
i1l4064                                                            
i1setAD_ConvertFlag@flag                          cstackCOMMON 0070
interrupt_function                                intentry     0004
intlevel0                                         functab      0000
intlevel1                                         functab      0000
intlevel2                                         functab      0000
intlevel3                                         functab      0000
intlevel4                                         functab      0000
intlevel5                                         functab      0000
l1605                                                              
l1634                                                              
l1637                                                              
l1640                                                              
l1643                                                              
l1646                                                              
l1649                                                              
l1652                                                              
l1655                                                              
l1684                                                              
l1687                                                              
l1690                                                              
l1697                                                              
l1720                                                              
l2366                                                              
l2369                                                              
l2372                                                              
l2380                                                              
l2386                                                              
l3792                                                              
l3794                                                              
l3798                                                              
l3800                                                              
l3802                                                              
l3804                                                              
l3806                                                              
l3808                                                              
l3810                                                              
l3812                                                              
l3814                                                              
l3816                                                              
l3818                                                              
l3820                                                              
l3822                                                              
l3824                                                              
l3826                                                              
l3828                                                              
l3830                                                              
l3832                                                              
l3834                                                              
l3836                                                              
l3840                                                              
l3852                                                              
l3854                                                              
l3858                                                              
l3870                                                              
l3872                                                              
l3884                                                              
l3888                                                              
l3900                                                              
l3908                                                              
l3910                                                              
l3912                                                              
l3932                                                              
l3940                                                              
l3942                                                              
l3946                                                              
l3998                                                              
l4002                                                              
l4004                                                              
l4008                                                              
l4012                                                              
l4022                                                              
l4068                                                              
l4072                                                              
l4078                                                              
l4084                                                              
l4088                                                              
l4092                                                              
l4096                                                              
l4098                                                              
l4100                                                              
l4102                                                              
l4104                                                              
l4106                                                              
l4108                                                              
l4110                                                              
l4112                                                              
l4114                                                              
l4116                                                              
l4118                                                              
l4120                                                              
l4124                                                              
l4126                                                              
l4138                                                              
l4148                                                              
l4154                                                              
l4160                                                              
l4170                                                              
l4172                                                              
l4182                                                              
l4184                                                              
l4188                                                              
l4484                                                              
l4490                                                              
l4502                                                              
l4504                                                              
l4506                                                              
l4512                                                              
l4514                                                              
l4520                                                              
l4522                                                              
l4524                                                              
l4526                                                              
l4528                                                              
l4532                                                              
l4534                                                              
l4548                                                              
l4550                                                              
l4552                                                              
l4554                                                              
l4556                                                              
l4568                                                              
l4588                                                              
l4600                                                              
l4602                                                              
l4604                                                              
l4606                                                              
l677                                                               
l680                                                               
l683                                                               
main@cTimer1s_811                                 bssBANK0     0051
main@enumBranchStep                               bssBANK0     0052
main@enumInteralStep                              bssBANK0     0053
main@enumMainLoopStep                             bssBANK0     0054
main@ucADC4_Step                                  bssBANK0     0055
main@ucChannel4Type                               bssBANK0     0056
main@ucLoaderStep                                 bssBANK0     0057
main@ucLoaderStep1                                bssBANK0     0058
main@ucLoaderStep2                                bssBANK0     0059
main@ucLoaderStep3                                bssBANK0     005A
main@ucLoaderStep4                                bssBANK0     005B
main@ucTimer1s                                    bssBANK0     005C
main@ucTimer20s                                   bssBANK0     005D
main@ucTimerADC1ZeroP5s                           bssBANK0     005E
main@ucTimerDelay                                 bssBANK0     005F
main@ucTimerDelay1                                bssBANK0     0060
main@ucTimerDelay2                                bssBANK0     0061
main@ucTimerDelay3                                bssBANK0     0062
main@ucTimerDelay4                                bssBANK0     0063
main@ucTimerDelayP5s                              bssBANK0     0064
main@ucTimerP3s                                   bssBANK0     0065
main@ucTimerP5s                                   bssBANK0     0066
main@ucTimerRightP5s                              bssBANK0     0067
main@ucTimerX1P5s                                 bssBANK0     0068
main@ucTimerX2P5s                                 bssBANK0     0069
main@ucTimerZeroPoint3s                           bssBANK0     006A
main@ucTimerZeroPoint5s                           bssBANK0     006B
reset_vec                                         reset_vec    0000
saved_w                                           (abs)        007E
setAD_ConvertFlag@flag                            cstackBANK0  0020
start                                             init         0011
startThreeHoursTimer@uiSetTime                    cstackBANK0  0020
startTwelveHourTimer@uiSetTime                    cstackBANK0  0020
start_initialization                              cinit        053F
vPutSampleDataIntoTable@channel                   cstackCOMMON 0076
vPutSampleDataIntoTable@i                         cstackCOMMON 0077
vPutSampleDataIntoTable@ucChannelFirstLength      bssCOMMON    007D
vPutSampleDataIntoTable@ucChannelFourteenthLength bssBANK0     006C
vPutSampleDataIntoTable@ucChannelFourthLength     bssBANK0     006D
vPutSampleDataIntoTable@uiSampleData              cstackCOMMON 0074
wtemp0                                            (abs)        007E
