HI-TECH Software C Compiler 

Linker command line:

--edf=C:\Program Files (x86)\HI-TECH Software\PICC\9.83\dat\en_msgs.txt -cs \
  -h+ProjTest.sym -z -Q16C77 -ol.obj -MProjTest.map -E1 -ACONST=00h-0FFhx16 \
  -ACODE=00h-07FFhx2 -ASTRCODE=00h-0FFFh -AENTRY=00h-0FFhx16 \
  -ASTRING=00h-0FFhx16 -ABANK0=020h-06Fh -ABANK1=0A0h-0EFh \
  -ABANK2=0110h-016Fh -ABANK3=0190h-01EFh \
  -ARAM=020h-06Fh,0A0h-0EFh,0110h-016Fh,0190h-01EFh \
  -AABS1=020h-07Fh,0A0h-0EFh,0110h-016Fh,0190h-01EFh -ACOMMON=070h-07Fh \
  -ASFR0=00h-01Fh -ASFR1=080h-09Fh -ASFR2=0100h-010Fh -ASFR3=0180h-018Fh \
  -preset_vec=00h,intentry=04h,init,end_init -ppowerup=CODE -pfunctab=CODE \
  -ACONFIG=02000h-02007h -pconfig=CONFIG -DCONFIG=2 -AIDLOC=02008h-0200Bh \
  -pidloc=IDLOC -DIDLOC=2 -DCODE=2 -DSTRCODE=2 -DSTRING=2 -DCONST=2 \
  -DENTRY=2 -k startup.obj ProjTest.obj 

Object code version is 3.10

Machine type is 16C77



                Name                               Link     Load   Length Selector   Space Scale
startup.obj     end_init                             11       11        2        8       0
                reset_vec                             0        0        2        0       0
ProjTest.obj    intentry                              4        4        D        8       0
                config                             2000     2000        3     4000       0
                text872                             2B6      2B6       E3        8       0
                text871                             4E6      4E6        4        8       0
                text870                             4E2      4E2        4        8       0
                text862                             434      434       15        8       0
                text861                             4DE      4DE        4        8       0
                text860                             4EF      4EF        1        8       0
                text859                             4CD      4CD        8        8       0
                text858                             4BB      4BB        A        8       0
                text857                             4EA      4EA        3        8       0
                text854                             485      485        E        8       0
                text853                             4D5      4D5        5        8       0
                text852                             4ED      4ED        2        8       0
                text851                             4B1      4B1        A        8       0
                text850                             4DA      4DA        4        8       0
                text849                             477      477        E        8       0
                text848                             4A7      4A7        A        8       0
                text847                             469      469        E        8       0
                text846                             49D      49D        A        8       0
                text845                             45B      45B        E        8       0
                text844                             493      493        A        8       0
                text839                             3E2      3E2       31        8       0
                text838                             413      413       21        8       0
                text836                             399      399       49        8       0
                text835                             1CD      1CD       E9        8       0
                maintext                             13       13      1BA        8       0
                cstackBANK0                          20       20       36       20       1
                cstackCOMMON                         70       70        D       70       1
                clrtext                             4C5      4C5        8        8       0
                bssBANK1                             A0       A0       50       A0       1
                dataBANK0                            6F       6F        1       20       1
                bssBANK0                             56       56       19       20       1
                bssCOMMON                            7D       7D        1       70       1
                cinit                               449      449       12        8       0

TOTAL           Name                               Link     Load   Length     Space
        CLASS   CONST          

        CLASS   CODE           
                end_init                             11       11        2         0
                intentry                              4        4        D         0
                reset_vec                             0        0        2         0
                text872                             2B6      2B6       E3         0
                text871                             4E6      4E6        4         0
                text870                             4E2      4E2        4         0
                text862                             434      434       15         0
                text861                             4DE      4DE        4         0
                text860                             4EF      4EF        1         0
                text859                             4CD      4CD        8         0
                text858                             4BB      4BB        A         0
                text857                             4EA      4EA        3         0
                text854                             485      485        E         0
                text853                             4D5      4D5        5         0
                text852                             4ED      4ED        2         0
                text851                             4B1      4B1        A         0
                text850                             4DA      4DA        4         0
                text849                             477      477        E         0
                text848                             4A7      4A7        A         0
                text847                             469      469        E         0
                text846                             49D      49D        A         0
                text845                             45B      45B        E         0
                text844                             493      493        A         0
                text839                             3E2      3E2       31         0
                text838                             413      413       21         0
                text836                             399      399       49         0
                text835                             1CD      1CD       E9         0
                maintext                             13       13      1BA         0
                clrtext                             4C5      4C5        8         0
                cinit                               449      449       12         0

        CLASS   STRCODE        

        CLASS   ENTRY          

        CLASS   STRING         

        CLASS   BANK0          
                cstackBANK0                          20       20       36         1
                dataBANK0                            6F       6F        1         1
                bssBANK0                             56       56       19         1

        CLASS   BANK1          
                bssBANK1                             A0       A0       50         1

        CLASS   BANK2          

        CLASS   BANK3          

        CLASS   RAM            

        CLASS   ABS1           
                abs_s1                               7E       7E        2         1

        CLASS   COMMON         
                cstackCOMMON                         70       70        D         1
                bssCOMMON                            7D       7D        1         1

        CLASS   SFR0           

        CLASS   SFR1           

        CLASS   SFR2           

        CLASS   SFR3           

        CLASS   CONFIG         
                config                             2000     2000        3         0

        CLASS   IDLOC          

        CLASS   EEDATA         



SEGMENTS        Name                           Load    Length   Top    Selector   Space  Class     Delta

                reset_vec                      000000  000002  000002         0       0  CODE        2
                intentry                       000004  0004EC  0004F0         8       0  CODE        2
                cstackBANK0                    000020  000050  000070        20       1  BANK0       1
                cstackCOMMON                   000070  00000E  00007E        70       1  COMMON      1
                bssBANK1                       0000A0  000050  0000F0        A0       1  BANK1       1
                config                         002000  000003  002003      4000       0  CONFIG      2


UNUSED ADDRESS RANGES

        Name                Unused          Largest block    Delta
        BANK2            0110-016F             60           1
        BANK3            0190-01EF             60           1
        CODE             0002-0003              2           2
                         04F0-0FFF            310
        CONFIG           2003-2007              5           2
        CONST            0002-0003              2           2
                         04F0-0FFF            100
        ENTRY            0002-0003              2           2
                         04F0-0FFF            100
        IDLOC            2008-200B              4           2
        RAM              0110-016F             60           1
                         0190-01EF             60
        SFR0             0000-001F             20           1
        SFR1             0080-009F             20           1
        SFR2             0100-010F             10           1
        SFR3             0180-018F             10           1
        STRCODE          0002-0003              2           2
                         04F0-0FFF            B10
        STRING           0002-0003              2           2
                         04F0-0FFF            100

                                  Symbol Table

??_AD_Sample                                      cstackBANK0  0020
??_Filter                                         cstackBANK0  0022
??_ISR                                            cstackCOMMON 0079
??_adc_get                                        cstackCOMMON 0072
??_adc_start                                      cstackBANK0  0020
??_adc_test_init                                  cstackBANK0  0021
??_calPulseWidth                                  cstackBANK0  0049
??_clearThreeHoursTimer                           cstackBANK0  0020
??_clearTwelveHoursTimer                          cstackBANK0  0020
??_clearTwentyMinTimer                            cstackBANK0  0020
??_clock_config                                   cstackBANK0  0020
??_clrSampeTime                                   cstackBANK0  0020
??_getAD_ConvertFlag                              cstackBANK0  0020
??_getAdOriginalCh12Value                         cstackBANK0  0049
??_getAdOriginalCh13Value                         cstackBANK0  0049
??_initPB2_AsHighResistence                       cstackBANK0  0020
??_initPB3                                        cstackBANK0  0020
??_initPB4                                        cstackBANK0  0020
??_initPB5                                        cstackBANK0  0020
??_initPin                                        cstackBANK0  0021
??_isFinishedOneHoursTimer                        cstackBANK0  0020
??_isFinishedThreeHoursTimer                      cstackBANK0  0020
??_isFinishedTwelveHoursTimer                     cstackBANK0  0020
??_isFinishedTwentyMinTimer                       cstackBANK0  0020
??_isPermitSampleTime                             cstackBANK0  0020
??_main                                           cstackBANK0  0051
??_process_AD_Converter_Value                     cstackBANK0  0023
??_pwm_start                                      cstackBANK0  0020
??_reset                                          cstackBANK0  0020
??_selectAdChannel                                cstackBANK0  0020
??_setAD_ConvertFlag                              cstackBANK0  0020
??_setPB3                                         cstackBANK0  0020
??_setPB4                                         cstackBANK0  0020
??_setPB5                                         cstackBANK0  0020
??_setPinInitVaule                                cstackBANK0  0021
??_startOneHoursTimer                             cstackBANK0  0022
??_startThreeHoursTimer                           cstackBANK0  0022
??_startTwelveHourTimer                           cstackBANK0  0022
??_startTwentyMinTimer                            cstackBANK0  0022
??_timer1_config                                  cstackBANK0  0020
??_timer1_interrupt_config                        cstackBANK0  0020
??_vPutSampleDataIntoTable                        cstackCOMMON 0077
??i1_setAD_ConvertFlag                            cstackCOMMON 0070
?_AD_Sample                                       cstackCOMMON 0070
?_Filter                                          cstackBANK0  0020
?_ISR                                             cstackCOMMON 0070
?_adc_get                                         cstackCOMMON 0070
?_adc_start                                       cstackCOMMON 0070
?_adc_test_init                                   cstackBANK0  0020
?_calPulseWidth                                   cstackCOMMON 0070
?_clearThreeHoursTimer                            cstackCOMMON 0070
?_clearTwelveHoursTimer                           cstackCOMMON 0070
?_clearTwentyMinTimer                             cstackCOMMON 0070
?_clock_config                                    cstackCOMMON 0070
?_clrSampeTime                                    cstackCOMMON 0070
?_getAD_ConvertFlag                               cstackCOMMON 0070
?_getAdOriginalCh12Value                          cstackBANK0  0047
?_getAdOriginalCh13Value                          cstackBANK0  0047
?_initPB2_AsHighResistence                        cstackCOMMON 0070
?_initPB3                                         cstackCOMMON 0070
?_initPB4                                         cstackCOMMON 0070
?_initPB5                                         cstackCOMMON 0070
?_initPin                                         cstackCOMMON 0070
?_isFinishedOneHoursTimer                         cstackCOMMON 0070
?_isFinishedThreeHoursTimer                       cstackCOMMON 0070
?_isFinishedTwelveHoursTimer                      cstackCOMMON 0070
?_isFinishedTwentyMinTimer                        cstackCOMMON 0070
?_isPermitSampleTime                              cstackCOMMON 0070
?_main                                            cstackCOMMON 0070
?_process_AD_Converter_Value                      cstackCOMMON 0070
?_pwm_start                                       cstackCOMMON 0070
?_reset                                           cstackCOMMON 0070
?_selectAdChannel                                 cstackCOMMON 0070
?_setAD_ConvertFlag                               cstackCOMMON 0070
?_setPB3                                          cstackCOMMON 0070
?_setPB4                                          cstackCOMMON 0070
?_setPB5                                          cstackCOMMON 0070
?_setPinInitVaule                                 cstackCOMMON 0070
?_startOneHoursTimer                              cstackBANK0  0020
?_startThreeHoursTimer                            cstackBANK0  0020
?_startTwelveHourTimer                            cstackBANK0  0020
?_startTwentyMinTimer                             cstackBANK0  0020
?_timer1_config                                   cstackCOMMON 0070
?_timer1_interrupt_config                         cstackCOMMON 0070
?_vPutSampleDataIntoTable                         cstackCOMMON 0074
?i1_setAD_ConvertFlag                             cstackCOMMON 0070
Filter@cir                                        cstackBANK0  0043
Filter@filter_buf                                 cstackBANK0  0026
Filter@filter_sum                                 cstackBANK0  0040
Filter@filter_temp                                cstackBANK0  003E
Filter@i                                          cstackBANK0  0046
Filter@j                                          cstackBANK0  0045
Filter@tmpValue                                   cstackBANK0  0042
ISR@ucTimer1sCnt                                  bssBANK0     0060
_ADCON0                                           (abs)        001F
_ADCON1                                           (abs)        009F
_ADIE                                             (abs)        046A
_ADIF                                             (abs)        006A
_ADON                                             (abs)        00F8
_ADRESH                                           (abs)        001E
_ADRESL                                           (abs)        009E
_AD_Sample                                        text836      03B6
_CCP1CON                                          (abs)        0017
_CCPR1L                                           (abs)        0015
_CLKPCE                                           (abs)        0847
_CLKPR                                            (abs)        0108
_Filter                                           text835      0212
_GIE                                              (abs)        005F
_GO                                               (abs)        00F9
_ISR                                              text872      02B6
_PB2                                              (abs)        0032
_PB3                                              (abs)        0033
_PB4                                              (abs)        0034
_PB5                                              (abs)        0035
_PBOD2                                            (abs)        0C42
_PEIE                                             (abs)        005E
_PR2                                              (abs)        0092
_T1CON                                            (abs)        0010
_T2CON                                            (abs)        0012
_TMR1H                                            (abs)        000F
_TMR1IE                                           (abs)        0460
_TMR1IF                                           (abs)        0060
_TMR1L                                            (abs)        000E
_TRISB0                                           (abs)        0430
_TRISB1                                           (abs)        0431
_TRISB2                                           (abs)        0432
_TRISB3                                           (abs)        0433
_TRISB4                                           (abs)        0434
_TRISB5                                           (abs)        0435
__Habs1                                           abs1         0000
__Hbank0                                          bank0        0000
__Hbank1                                          bank1        0000
__Hbank2                                          bank2        0000
__Hbank3                                          bank3        0000
__HbssBANK0                                       bssBANK0     0000
__HbssBANK1                                       bssBANK1     0000
__HbssCOMMON                                      bssCOMMON    0000
__Hcinit                                          cinit        0000
__Hclrtext                                        clrtext      0000
__Hcode                                           code         0000
__Hcommon                                         common       0000
__Hconfig                                         config       2003
__HcstackBANK0                                    cstackBANK0  0000
__HcstackCOMMON                                   cstackCOMMON 0000
__HdataBANK0                                      dataBANK0    0000
__Heeprom_data                                    eeprom_data  0000
__Hend_init                                       end_init     0013
__Hfunctab                                        functab      0000
__HidataBANK0                                     idataBANK0   0000
__Hidloc                                          idloc        0000
__Hinit                                           init         0011
__Hintentry                                       intentry     0011
__Hmaintext                                       maintext     0000
__Hpa_nodes                                       pa_nodes     0000
__Hpowerup                                        powerup      0000
__Hram                                            ram          0000
__Hreset_vec                                      reset_vec    0002
__Hsfr0                                           sfr0         0000
__Hsfr1                                           sfr1         0000
__Hsfr2                                           sfr2         0000
__Hsfr3                                           sfr3         0000
__Hstrings                                        strings      0000
__Htext                                           text         0000
__Labs1                                           abs1         0000
__Lbank0                                          bank0        0000
__Lbank1                                          bank1        0000
__Lbank2                                          bank2        0000
__Lbank3                                          bank3        0000
__LbssBANK0                                       bssBANK0     0000
__LbssBANK1                                       bssBANK1     0000
__LbssCOMMON                                      bssCOMMON    0000
__Lcinit                                          cinit        0000
__Lclrtext                                        clrtext      0000
__Lcode                                           code         0000
__Lcommon                                         common       0000
__Lconfig                                         config       2000
__LcstackBANK0                                    cstackBANK0  0000
__LcstackCOMMON                                   cstackCOMMON 0000
__LdataBANK0                                      dataBANK0    0000
__Leeprom_data                                    eeprom_data  0000
__Lend_init                                       end_init     0011
__Lfunctab                                        functab      0000
__LidataBANK0                                     idataBANK0   0000
__Lidloc                                          idloc        0000
__Linit                                           init         0011
__Lintentry                                       intentry     0004
__Lmaintext                                       maintext     0000
__Lpa_nodes                                       pa_nodes     0000
__Lpowerup                                        powerup      0000
__Lram                                            ram          0000
__Lreset_vec                                      reset_vec    0000
__Lsfr0                                           sfr0         0000
__Lsfr1                                           sfr1         0000
__Lsfr2                                           sfr2         0000
__Lsfr3                                           sfr3         0000
__Lstrings                                        strings      0000
__Ltext                                           text         0000
__S0                                              (abs)        2003
__S1                                              (abs)        00F0
__end_of_AD_Sample                                text836      03CA
__end_of_Filter                                   text835      02A0
__end_of_ISR                                      text872      031C
__end_of_adc_get                                  text872      0327
__end_of_adc_start                                text836      03E2
__end_of_adc_test_init                            text836      03DF
__end_of_calPulseWidth                            text835      020B
__end_of_clearThreeHoursTimer                     text870      04E6
__end_of_clearTwelveHoursTimer                    text871      04EA
__end_of_clearTwentyMinTimer                      text850      04DE
__end_of_clock_config                             text859      04D5
__end_of_clrSampeTime                             text852      04EF
__end_of_getAD_ConvertFlag                        text836      03B3
__end_of_getAdOriginalCh12Value                   text835      0212
__end_of_getAdOriginalCh13Value                   text835      01D4
__end_of_initPB2_AsHighResistence                 text839      03FD
__end_of_initPB3                                  text839      03F8
__end_of_initPB4                                  text839      0408
__end_of_initPB5                                  text839      0413
__end_of_initPin                                  text839      03EC
__end_of_isFinishedOneHoursTimer                  text844      049D
__end_of_isFinishedThreeHoursTimer                text846      04A7
__end_of_isFinishedTwelveHoursTimer               text848      04B1
__end_of_isFinishedTwentyMinTimer                 text851      04BB
__end_of_isPermitSampleTime                       text853      04DA
__end_of_main                                     maintext     01CD
__end_of_process_AD_Converter_Value               text836      03AF
__end_of_pwm_start                                text862      0449
__end_of_reset                                    text861      04DE
__end_of_selectAdChannel                          text861      04E2
__end_of_setAD_ConvertFlag                        text836      03B6
__end_of_setPB3                                   text838      0424
__end_of_setPB4                                   text838      042C
__end_of_setPB5                                   text838      0434
__end_of_setPinInitVaule                          text838      041B
__end_of_startOneHoursTimer                       text845      0469
__end_of_startThreeHoursTimer                     text847      0477
__end_of_startTwelveHourTimer                     text849      0485
__end_of_startTwentyMinTimer                      text854      0493
__end_of_timer1_config                            text858      04C5
__end_of_timer1_interrupt_config                  text857      04ED
__end_of_vPutSampleDataIntoTable                  text872      0386
__end_ofi1_setAD_ConvertFlag                      text872      0389
__pbssBANK0                                       bssBANK0     0056
__pbssBANK1                                       bssBANK1     00A0
__pbssCOMMON                                      bssCOMMON    007D
__pcstackBANK0                                    cstackBANK0  0020
__pcstackCOMMON                                   cstackCOMMON 0070
__pdataBANK0                                      dataBANK0    006F
__pidataBANK0                                     idataBANK0   0000
__pintentry                                       intentry     0004
__pmaintext                                       maintext     0013
__ptext834                                        text835      01D4
__ptext835                                        text835      01CD
__ptext836                                        text836      0399
__ptext837                                        text835      020B
__ptext838                                        text838      0413
__ptext839                                        text839      03E2
__ptext840                                        text836      03B6
__ptext841                                        text836      03B3
__ptext842                                        text836      03AF
__ptext843                                        text835      0212
__ptext844                                        text844      0493
__ptext845                                        text845      045B
__ptext846                                        text846      049D
__ptext847                                        text847      0469
__ptext848                                        text848      04A7
__ptext849                                        text849      0477
__ptext850                                        text850      04DA
__ptext851                                        text851      04B1
__ptext852                                        text852      04ED
__ptext853                                        text853      04D5
__ptext854                                        text854      0485
__ptext855                                        text836      03DF
__ptext856                                        text836      03CA
__ptext857                                        text857      04EA
__ptext858                                        text858      04BB
__ptext859                                        text859      04CD
__ptext860                                        text860      04EF
__ptext861                                        text861      04DE
__ptext862                                        text862      0434
__ptext863                                        text839      03F8
__ptext864                                        text838      042C
__ptext865                                        text839      0408
__ptext866                                        text838      0424
__ptext867                                        text839      03FD
__ptext868                                        text838      041B
__ptext869                                        text839      03EC
__ptext870                                        text870      04E2
__ptext871                                        text871      04E6
__ptext872                                        text872      02B6
__ptext873                                        text872      0386
__ptext874                                        text872      031C
__ptext875                                        text872      0327
__ptext876                                        text876      0000
__size_of_AD_Sample                               (abs)        0000
__size_of_Filter                                  (abs)        0000
__size_of_ISR                                     (abs)        0000
__size_of_adc_get                                 (abs)        0000
__size_of_adc_start                               (abs)        0000
__size_of_adc_test_init                           (abs)        0000
__size_of_calPulseWidth                           (abs)        0000
__size_of_clearThreeHoursTimer                    (abs)        0000
__size_of_clearTwelveHoursTimer                   (abs)        0000
__size_of_clearTwentyMinTimer                     (abs)        0000
__size_of_clock_config                            (abs)        0000
__size_of_clrSampeTime                            (abs)        0000
__size_of_getAD_ConvertFlag                       (abs)        0000
__size_of_getAdOriginalCh12Value                  (abs)        0000
__size_of_getAdOriginalCh13Value                  (abs)        0000
__size_of_initPB2_AsHighResistence                (abs)        0000
__size_of_initPB3                                 (abs)        0000
__size_of_initPB4                                 (abs)        0000
__size_of_initPB5                                 (abs)        0000
__size_of_initPin                                 (abs)        0000
__size_of_isFinishedOneHoursTimer                 (abs)        0000
__size_of_isFinishedThreeHoursTimer               (abs)        0000
__size_of_isFinishedTwelveHoursTimer              (abs)        0000
__size_of_isFinishedTwentyMinTimer                (abs)        0000
__size_of_isPermitSampleTime                      (abs)        0000
__size_of_main                                    (abs)        0000
__size_of_process_AD_Converter_Value              (abs)        0000
__size_of_pwm_start                               (abs)        0000
__size_of_reset                                   (abs)        0000
__size_of_selectAdChannel                         (abs)        0000
__size_of_setAD_ConvertFlag                       (abs)        0000
__size_of_setPB3                                  (abs)        0000
__size_of_setPB4                                  (abs)        0000
__size_of_setPB5                                  (abs)        0000
__size_of_setPinInitVaule                         (abs)        0000
__size_of_startOneHoursTimer                      (abs)        0000
__size_of_startThreeHoursTimer                    (abs)        0000
__size_of_startTwelveHourTimer                    (abs)        0000
__size_of_startTwentyMinTimer                     (abs)        0000
__size_of_timer1_config                           (abs)        0000
__size_of_timer1_interrupt_config                 (abs)        0000
__size_of_vPutSampleDataIntoTable                 (abs)        0000
__size_ofi1_setAD_ConvertFlag                     (abs)        0000
_adc_convert_flag                                 bssBANK0     0061
_adc_get                                          text872      031C
_adc_start                                        text836      03DF
_adc_test_init                                    text836      03CA
_bBigTimerStartFlag                               bssBANK0     0062
_bOneHourTimerStartFlag                           bssBANK0     0063
_bSmallTimerStartFlag                             bssBANK0     0064
_bTwentyMinStartFlag                              bssBANK0     0065
_calPulseWidth                                    text835      01D4
_clearThreeHoursTimer                             text870      04E2
_clearTwelveHoursTimer                            text871      04E6
_clearTwentyMinTimer                              text850      04DA
_clock_config                                     text859      04CD
_clrSampeTime                                     text852      04ED
_exit                                             init         0011
_getAD_ConvertFlag                                text836      03AF
_getAdOriginalCh12Value                           text835      020B
_getAdOriginalCh13Value                           text835      01CD
_initPB2_AsHighResistence                         text839      03F8
_initPB3                                          text839      03EC
_initPB4                                          text839      03FD
_initPB5                                          text839      0408
_initPin                                          text839      03E2
_isFinishedOneHoursTimer                          text844      0493
_isFinishedThreeHoursTimer                        text846      049D
_isFinishedTwelveHoursTimer                       text848      04A7
_isFinishedTwentyMinTimer                         text851      04B1
_isPermitSampleTime                               text853      04D5
_main                                             maintext     0013
_process_AD_Converter_Value                       text836      0399
_pwm_start                                        text862      0434
_reset                                            text860      04EF
_sampleChannelSelect                              dataBANK0    006F
_sampleTimes                                      bssBANK0     0066
_selectAdChannel                                  text861      04DE
_setAD_ConvertFlag                                text836      03B3
_setPB3                                           text838      041B
_setPB4                                           text838      0424
_setPB5                                           text838      042C
_setPinInitVaule                                  text838      0413
_startOneHoursTimer                               text845      045B
_startThreeHoursTimer                             text847      0469
_startTwelveHourTimer                             text849      0477
_startTwentyMinTimer                              text854      0485
_timer                                            bssBANK0     0067
_timer1_config                                    text858      04BB
_timer1_interrupt_config                          text857      04EA
_uiBigTimer                                       bssBANK0     0056
_uiOneHourTimer                                   bssBANK0     0058
_uiSampleChannelFirst                             bssBANK1     00A8
_uiSampleChannelFourteenth                        bssBANK1     00C0
_uiSampleChannelFourth                            bssBANK1     00D8
_uiSmallTimer                                     bssBANK0     005A
_uiTwentyMinTimer                                 bssBANK0     005C
_uiTwentySecondsTimer                             bssBANK1     00A0
_vPutSampleDataIntoTable                          text872      0327
adc_get@val                                       cstackCOMMON 0072
adc_test_init@channel                             cstackBANK0  0022
adc_test_init@ref                                 cstackBANK0  0020
btemp                                             (abs)        007E
calPulseWidth@ucGapValue                          cstackBANK0  004D
calPulseWidth@ucHalfValue                         cstackBANK0  004C
calPulseWidth@ucPulseWidth                        cstackBANK0  0050
calPulseWidth@ucThreeTimesValue                   cstackBANK0  004B
calPulseWidth@uiChannel2Value                     cstackBANK0  004E
calPulseWidth@uiGapValue                          cstackBANK0  0049
clear_ram                                         clrtext      04C5
end_of_initialization                             cinit        0458
i1_setAD_ConvertFlag                              text872      0386
i1l1536                                                            
i1l2300                                                            
i1l3501                                                            
i1l3507                                                            
i1l3511                                                            
i1l3519                                                            
i1l3523                                                            
i1l3531                                                            
i1l3535                                                            
i1l3545                                                            
i1l3547                                                            
i1l3569                                                            
i1l3573                                                            
i1l3575                                                            
i1l3579                                                            
i1l3595                                                            
i1l3597                                                            
i1l3603                                                            
i1l3607                                                            
i1setAD_ConvertFlag@flag                          cstackCOMMON 0070
initPB3@bValue                                    cstackBANK0  0020
initPB4@bValue                                    cstackBANK0  0020
initPB5@bValue                                    cstackBANK0  0020
interrupt_function                                intentry     0004
intlevel0                                         functab      0000
intlevel1                                         functab      0000
intlevel2                                         functab      0000
intlevel3                                         functab      0000
intlevel4                                         functab      0000
intlevel5                                         functab      0000
l1495                                                              
l1524                                                              
l1527                                                              
l1530                                                              
l1533                                                              
l1536                                                              
l1539                                                              
l1542                                                              
l1568                                                              
l1571                                                              
l1580                                                              
l1629                                                              
l2291                                                              
l2297                                                              
l3269                                                              
l3271                                                              
l3273                                                              
l3275                                                              
l3277                                                              
l3279                                                              
l3281                                                              
l3283                                                              
l3285                                                              
l3287                                                              
l3289                                                              
l3291                                                              
l3293                                                              
l3295                                                              
l3297                                                              
l3299                                                              
l3301                                                              
l3303                                                              
l3305                                                              
l3307                                                              
l3309                                                              
l3311                                                              
l3313                                                              
l3315                                                              
l3317                                                              
l3319                                                              
l3321                                                              
l3323                                                              
l3325                                                              
l3327                                                              
l3329                                                              
l3331                                                              
l3333                                                              
l3335                                                              
l3339                                                              
l3345                                                              
l3347                                                              
l3359                                                              
l3361                                                              
l3365                                                              
l3367                                                              
l3377                                                              
l3379                                                              
l3385                                                              
l3387                                                              
l3391                                                              
l3393                                                              
l3403                                                              
l3409                                                              
l3411                                                              
l3415                                                              
l3417                                                              
l3427                                                              
l3433                                                              
l3435                                                              
l3439                                                              
l3441                                                              
l3451                                                              
l3459                                                              
l3461                                                              
l3463                                                              
l3483                                                              
l3491                                                              
l3493                                                              
l3497                                                              
l3549                                                              
l3553                                                              
l3555                                                              
l3559                                                              
l3563                                                              
l3609                                                              
l3611                                                              
l3613                                                              
l3615                                                              
l3617                                                              
l3619                                                              
l3623                                                              
l3627                                                              
l3635                                                              
l3639                                                              
l3641                                                              
l3643                                                              
l3653                                                              
l3655                                                              
l3657                                                              
l3659                                                              
l3661                                                              
l3663                                                              
l3665                                                              
l3671                                                              
l3673                                                              
l3675                                                              
l3677                                                              
l3679                                                              
l3681                                                              
l3683                                                              
l3687                                                              
l3689                                                              
l3693                                                              
l3703                                                              
l3715                                                              
l3719                                                              
l3721                                                              
l3723                                                              
l3725                                                              
l3727                                                              
l3729                                                              
l3731                                                              
l3733                                                              
l3749                                                              
l3753                                                              
l3769                                                              
l3773                                                              
l3775                                                              
l3777                                                              
l3779                                                              
l3781                                                              
l3785                                                              
l3797                                                              
l3805                                                              
l3807                                                              
l3821                                                              
l3833                                                              
l3841                                                              
l3845                                                              
l710                                                               
l713                                                               
l716                                                               
l719                                                               
l722                                                               
l736                                                               
main@cTimerP5s_787                                bssBANK0     0068
main@cTimerP5s_793                                bssBANK0     0069
main@ucChValue                                    cstackBANK0  0051
main@ucDelay1s                                    bssBANK1     00A2
main@ucPulseWidth                                 cstackBANK0  0053
main@ucStep                                       bssBANK0     006A
main@ucTimerP3s                                   bssBANK0     006B
main@ucTimerP5s                                   bssBANK0     006C
main@uiCh13Value                                  cstackBANK0  0054
main@uiTimerOneP5s                                bssBANK0     005E
main@uiTimerThreeP5s                              bssBANK1     00A4
main@uiTimerTwoP5s                                bssBANK1     00A6
pwm_start@ucPulseWidth                            cstackBANK0  0020
reset_vec                                         reset_vec    0000
saved_w                                           (abs)        007E
setAD_ConvertFlag@flag                            cstackBANK0  0020
setPB3@bValue                                     cstackBANK0  0020
setPB4@bValue                                     cstackBANK0  0020
setPB5@bValue                                     cstackBANK0  0020
start                                             init         0011
startOneHoursTimer@uiSetTime                      cstackBANK0  0020
startThreeHoursTimer@uiSetTime                    cstackBANK0  0020
startTwelveHourTimer@uiSetTime                    cstackBANK0  0020
startTwentyMinTimer@uiSetValue                    cstackBANK0  0020
start_initialization                              cinit        0449
vPutSampleDataIntoTable@channel                   cstackCOMMON 0076
vPutSampleDataIntoTable@i                         cstackCOMMON 0077
vPutSampleDataIntoTable@ucChannelFirstLength      bssCOMMON    007D
vPutSampleDataIntoTable@ucChannelFourteenthLength bssBANK0     006D
vPutSampleDataIntoTable@ucChannelFourthLength     bssBANK0     006E
vPutSampleDataIntoTable@uiSampleData              cstackCOMMON 0074
wtemp0                                            (abs)        007E
