HI-TECH Software C Compiler 

Linker command line:

--edf=C:\Program Files (x86)\HI-TECH Software\PICC\9.83\dat\en_msgs.txt -cs \
  -h+ProjTest.sym -z -Q16C77 -ol.obj -MProjTest.map -E1 -ACONST=00h-0FFhx16 \
  -ACODE=00h-07FFhx2 -ASTRCODE=00h-0FFFh -AENTRY=00h-0FFhx16 \
  -ASTRING=00h-0FFhx16 -ABANK0=020h-06Fh -ABANK1=0A0h-0EFh \
  -ABANK2=0110h-016Fh -ABANK3=0190h-01EFh \
  -ARAM=020h-06Fh,0A0h-0EFh,0110h-016Fh,0190h-01EFh \
  -AABS1=020h-07Fh,0A0h-0EFh,0110h-016Fh,0190h-01EFh -ACOMMON=070h-07Fh \
  -ASFR0=00h-01Fh -ASFR1=080h-09Fh -ASFR2=0100h-010Fh -ASFR3=0180h-018Fh \
  -preset_vec=00h,intentry=04h,init,end_init -ppowerup=CODE -pfunctab=CODE \
  -ACONFIG=02000h-02007h -pconfig=CONFIG -DCONFIG=2 -AIDLOC=02008h-0200Bh \
  -pidloc=IDLOC -DIDLOC=2 -DCODE=2 -DSTRCODE=2 -DSTRING=2 -DCONST=2 \
  -DENTRY=2 -k startup.obj ProjTest.obj 

Object code version is 3.10

Machine type is 16C77



                Name                               Link     Load   Length Selector   Space Scale
startup.obj     end_init                              B        B        2        8       0
                reset_vec                             0        0        2        0       0
ProjTest.obj    intentry                              4        4        7        8       0
                config                             2000     2000        3     4000       0
                text516                             1DC      1DC       4F        8       0
                text515                             28A      28A        8      47E       0
                text514                             26F      26F        A      47E       0
                text513                             2BF      2BF        3      47E       0
                text512                             23F      23F       14      47E       0
                text511                             2B0      2B0        5      47E       0
                text510                             263      263        C      47E       0
                text509                             279      279        9      47E       0
                text507                             2AB      2AB        5      47E       0
                text506                             2C2      2C2        2      47E       0
                text505                             2BC      2BC        3      47E       0
                text504                             2B9      2B9        3      47E       0
                text503                             2A6      2A6        5      47E       0
                text502                             2A1      2A1        5      47E       0
                text501                             2B5      2B5        4      47E       0
                text500                             29C      29C        5      47E       0
                text499                             297      297        5      47E       0
                text498                             292      292        5      47E       0
                text493                             161      161       7B        8       0
                swtext1                             22B      22B       14      456       0
                maintext                              D        D      154        8       0
                cstackBANK0                          42       42        5       20       1
                cstackCOMMON                         70       70        6       70       1
                clrtext                             282      282        8      47E       0
                dataBANK0                            47       47        1       20       1
                bssBANK0                             20       20       22       20       1
                bssCOMMON                            76       76        5       70       1
                cinit                               253      253       10      47E       0

TOTAL           Name                               Link     Load   Length     Space
        CLASS   CONST          
                swtext1                             22B      22B       14         0

        CLASS   CODE           
                end_init                              B        B        2         0
                intentry                              4        4        7         0
                reset_vec                             0        0        2         0
                text516                             1DC      1DC       4F         0
                text515                             28A      28A        8         0
                text514                             26F      26F        A         0
                text513                             2BF      2BF        3         0
                text512                             23F      23F       14         0
                text511                             2B0      2B0        5         0
                text510                             263      263        C         0
                text509                             279      279        9         0
                text507                             2AB      2AB        5         0
                text506                             2C2      2C2        2         0
                text505                             2BC      2BC        3         0
                text504                             2B9      2B9        3         0
                text503                             2A6      2A6        5         0
                text502                             2A1      2A1        5         0
                text501                             2B5      2B5        4         0
                text500                             29C      29C        5         0
                text499                             297      297        5         0
                text498                             292      292        5         0
                text493                             161      161       7B         0
                maintext                              D        D      154         0
                clrtext                             282      282        8         0
                cinit                               253      253       10         0

        CLASS   STRCODE        

        CLASS   ENTRY          

        CLASS   STRING         

        CLASS   BANK0          
                cstackBANK0                          42       42        5         1
                dataBANK0                            47       47        1         1
                bssBANK0                             20       20       22         1

        CLASS   BANK1          

        CLASS   BANK2          

        CLASS   BANK3          

        CLASS   RAM            

        CLASS   ABS1           
                abs_s1                               7E       7E        2         1

        CLASS   COMMON         
                cstackCOMMON                         70       70        6         1
                bssCOMMON                            76       76        5         1

        CLASS   SFR0           

        CLASS   SFR1           

        CLASS   SFR2           

        CLASS   SFR3           

        CLASS   CONFIG         
                config                             2000     2000        3         0

        CLASS   IDLOC          

        CLASS   EEDATA         



SEGMENTS        Name                           Load    Length   Top    Selector   Space  Class     Delta

                reset_vec                      000000  000002  000002         0       0  CODE        2
                intentry                       000004  000227  00022B         8       0  CODE        2
                bssBANK0                       000020  000028  000048        20       1  BANK0       1
                cstackCOMMON                   000070  00000B  00007B        70       1  COMMON      1
                swtext1                        00022B  000014  00023F       456       0  CONST       2
                text512                        00023F  000085  0002C4       47E       0  CODE        2
                config                         002000  000003  002003      4000       0  CONFIG      2


UNUSED ADDRESS RANGES

        Name                Unused          Largest block    Delta
        BANK0            0048-006F             28           1
        BANK1            00A0-00EF             50           1
        BANK2            0110-016F             60           1
        BANK3            0190-01EF             60           1
        CODE             0002-0003              2           2
                         02C4-0FFF            53C
        COMMON           007B-007D              3           1
        CONFIG           2003-2007              5           2
        CONST            0002-0003              2           2
                         02C4-0FFF            100
        ENTRY            0002-0003              2           2
                         02C4-0FFF            100
        IDLOC            2008-200B              4           2
        RAM              0048-006F             28           1
                         00A0-00EF             50
                         0110-016F             60
                         0190-01EF             60
        SFR0             0000-001F             20           1
        SFR1             0080-009F             20           1
        SFR2             0100-010F             10           1
        SFR3             0180-018F             10           1
        STRCODE          0002-0003              2           2
                         02C4-0FFF            D3C
        STRING           0002-0003              2           2
                         02C4-0FFF            100

                                  Symbol Table

??_AD_Sample                         cstackBANK0  0044
??_ISR                               cstackCOMMON 0074
??_adc_get                           cstackCOMMON 0072
??_adc_start                         cstackBANK0  0042
??_adc_test_init                     cstackBANK0  0043
??_clearBigTimer                     cstackBANK0  0042
??_clearSmallTimer                   cstackBANK0  0042
??_clock_config                      cstackBANK0  0042
??_clrSampeTime                      cstackBANK0  0042
??_dac_init                          cstackBANK0  0042
??_getAD_ConvertFlag                 cstackBANK0  0042
??_getAdOriginalCh13Value            cstackBANK0  0044
??_getAdOriginalValue                cstackBANK0  0044
??_isFinishedBigTimer                cstackBANK0  0042
??_isFinishedSmallTimer              cstackBANK0  0042
??_isPermitSampleTime                cstackBANK0  0042
??_main                              cstackBANK0  0047
??_op1_init                          cstackBANK0  0042
??_op2_init                          cstackBANK0  0042
??_process_AD_Converter_Value        cstackBANK0  0047
??_setAD_ConvertFlag                 cstackBANK0  0042
??_setDAC0_ChannelValue              cstackBANK0  0042
??_startBigTimer                     cstackBANK0  0042
??_startSmallTimer                   cstackBANK0  0042
??_timer1_config                     cstackBANK0  0042
??_timer1_interrupt_config           cstackBANK0  0042
??i1_setAD_ConvertFlag               cstackCOMMON 0070
?_AD_Sample                          cstackCOMMON 0070
?_ISR                                cstackCOMMON 0070
?_adc_get                            cstackCOMMON 0070
?_adc_start                          cstackCOMMON 0070
?_adc_test_init                      cstackBANK0  0042
?_clearBigTimer                      cstackCOMMON 0070
?_clearSmallTimer                    cstackCOMMON 0070
?_clock_config                       cstackCOMMON 0070
?_clrSampeTime                       cstackCOMMON 0070
?_dac_init                           cstackCOMMON 0070
?_getAD_ConvertFlag                  cstackCOMMON 0070
?_getAdOriginalCh13Value             cstackBANK0  0042
?_getAdOriginalValue                 cstackBANK0  0042
?_isFinishedBigTimer                 cstackCOMMON 0070
?_isFinishedSmallTimer               cstackCOMMON 0070
?_isPermitSampleTime                 cstackCOMMON 0070
?_main                               cstackCOMMON 0070
?_op1_init                           cstackCOMMON 0070
?_op2_init                           cstackCOMMON 0070
?_process_AD_Converter_Value         cstackCOMMON 0070
?_setAD_ConvertFlag                  cstackCOMMON 0070
?_setDAC0_ChannelValue               cstackCOMMON 0070
?_startBigTimer                      cstackCOMMON 0070
?_startSmallTimer                    cstackCOMMON 0070
?_timer1_config                      cstackCOMMON 0070
?_timer1_interrupt_config            cstackCOMMON 0070
?i1_setAD_ConvertFlag                cstackCOMMON 0070
AD_Sample@index                      cstackBANK0  0046
ISR@ucTimer1sCnt                     bssCOMMON    0078
_ADCON0                              (abs)        001F
_ADCON1                              (abs)        009F
_ADIE                                (abs)        046A
_ADIF                                (abs)        006A
_ADON                                (abs)        00F8
_ADRESH                              (abs)        001E
_ADRESL                              (abs)        009E
_AD_Sample                           text493      0175
_CLKPCE                              (abs)        0847
_CLKPR                               (abs)        0108
_DACCON                              (abs)        0087
_DACR0                               (abs)        0088
_GIE                                 (abs)        005F
_GO                                  (abs)        00F9
_ISR                                 text516      01DC
_OP1CON0                             (abs)        001B
_OP1CON1                             (abs)        001C
_OP1CON2                             (abs)        001D
_OP2CON0                             (abs)        009B
_OP2CON1                             (abs)        009C
_OP2CON2                             (abs)        009D
_PA0                                 (abs)        0028
_PA1                                 (abs)        0029
_PA2                                 (abs)        002A
_PA3                                 (abs)        002B
_PB2                                 (abs)        0032
_PEIE                                (abs)        005E
_T1CON                               (abs)        0010
_TMR1H                               (abs)        000F
_TMR1IE                              (abs)        0460
_TMR1IF                              (abs)        0060
_TMR1L                               (abs)        000E
_TRISA0                              (abs)        0428
_TRISA1                              (abs)        0429
_TRISA2                              (abs)        042A
_TRISA3                              (abs)        042B
_TRISA7                              (abs)        042F
_TRISB0                              (abs)        0430
_TRISB1                              (abs)        0431
_TRISB2                              (abs)        0432
_TRISB3                              (abs)        0433
_TRISB4                              (abs)        0434
_TRISB5                              (abs)        0435
_TRISB6                              (abs)        0436
_TRISB7                              (abs)        0437
__Habs1                              abs1         0000
__Hbank0                             bank0        0000
__Hbank1                             bank1        0000
__Hbank2                             bank2        0000
__Hbank3                             bank3        0000
__HbssBANK0                          bssBANK0     0000
__HbssCOMMON                         bssCOMMON    0000
__Hcinit                             cinit        0000
__Hclrtext                           clrtext      0000
__Hcode                              code         0000
__Hcommon                            common       0000
__Hconfig                            config       2003
__HcstackBANK0                       cstackBANK0  0000
__HcstackCOMMON                      cstackCOMMON 0000
__HdataBANK0                         dataBANK0    0000
__Heeprom_data                       eeprom_data  0000
__Hend_init                          end_init     000D
__Hfunctab                           functab      0000
__HidataBANK0                        idataBANK0   0000
__Hidloc                             idloc        0000
__Hinit                              init         000B
__Hintentry                          intentry     000B
__Hmaintext                          maintext     0000
__Hpa_nodes                          pa_nodes     0000
__Hpowerup                           powerup      0000
__Hram                               ram          0000
__Hreset_vec                         reset_vec    0002
__Hsfr0                              sfr0         0000
__Hsfr1                              sfr1         0000
__Hsfr2                              sfr2         0000
__Hsfr3                              sfr3         0000
__Hstrings                           strings      0000
__Htext                              text         0000
__Labs1                              abs1         0000
__Lbank0                             bank0        0000
__Lbank1                             bank1        0000
__Lbank2                             bank2        0000
__Lbank3                             bank3        0000
__LbssBANK0                          bssBANK0     0000
__LbssCOMMON                         bssCOMMON    0000
__Lcinit                             cinit        0000
__Lclrtext                           clrtext      0000
__Lcode                              code         0000
__Lcommon                            common       0000
__Lconfig                            config       2000
__LcstackBANK0                       cstackBANK0  0000
__LcstackCOMMON                      cstackCOMMON 0000
__LdataBANK0                         dataBANK0    0000
__Leeprom_data                       eeprom_data  0000
__Lend_init                          end_init     000B
__Lfunctab                           functab      0000
__LidataBANK0                        idataBANK0   0000
__Lidloc                             idloc        0000
__Linit                              init         000B
__Lintentry                          intentry     0004
__Lmaintext                          maintext     0000
__Lpa_nodes                          pa_nodes     0000
__Lpowerup                           powerup      0000
__Lram                               ram          0000
__Lreset_vec                         reset_vec    0000
__Lsfr0                              sfr0         0000
__Lsfr1                              sfr1         0000
__Lsfr2                              sfr2         0000
__Lsfr3                              sfr3         0000
__Lstrings                           strings      0000
__Ltext                              text         0000
__S0                                 (abs)        2003
__S1                                 (abs)        007B
__end_of_AD_Sample                   text493      01CD
__end_of_ISR                         text516      021D
__end_of_adc_get                     text516      0228
__end_of_adc_start                   text493      0175
__end_of_adc_test_init               text512      0253
__end_of_clearBigTimer               text505      02BF
__end_of_clearSmallTimer             text504      02BC
__end_of_clock_config                text515      0292
__end_of_clrSampeTime                text506      02C4
__end_of_dac_init                    text511      02B5
__end_of_getAD_ConvertFlag           text493      016D
__end_of_getAdOriginalCh13Value      text503      02AB
__end_of_getAdOriginalValue          text493      01D2
__end_of_isFinishedBigTimer          text499      029C
__end_of_isFinishedSmallTimer        text498      0297
__end_of_isPermitSampleTime          text507      02B0
__end_of_main                        maintext     0161
__end_of_op1_init                    text510      026F
__end_of_op2_init                    text509      0282
__end_of_process_AD_Converter_Value  text493      016B
__end_of_setAD_ConvertFlag           text493      0172
__end_of_setDAC0_ChannelValue        text501      02B9
__end_of_startBigTimer               text502      02A6
__end_of_startSmallTimer             text500      02A1
__end_of_timer1_config               text514      0279
__end_of_timer1_interrupt_config     text513      02C2
__end_ofi1_setAD_ConvertFlag         text516      022B
__pbssBANK0                          bssBANK0     0020
__pbssCOMMON                         bssCOMMON    0076
__pcstackBANK0                       cstackBANK0  0042
__pcstackCOMMON                      cstackCOMMON 0070
__pdataBANK0                         dataBANK0    0047
__pidataBANK0                        idataBANK0   0000
__pintentry                          intentry     0004
__pmaintext                          maintext     000D
__pswtext1                           swtext1      022B
__ptext493                           text493      0161
__ptext494                           text493      0175
__ptext495                           text493      01CD
__ptext496                           text493      016D
__ptext497                           text493      016B
__ptext498                           text498      0292
__ptext499                           text499      0297
__ptext500                           text500      029C
__ptext501                           text501      02B5
__ptext502                           text502      02A1
__ptext503                           text503      02A6
__ptext504                           text504      02B9
__ptext505                           text505      02BC
__ptext506                           text506      02C2
__ptext507                           text507      02AB
__ptext508                           text493      0172
__ptext509                           text509      0279
__ptext510                           text510      0263
__ptext511                           text511      02B0
__ptext512                           text512      023F
__ptext513                           text513      02BF
__ptext514                           text514      026F
__ptext515                           text515      028A
__ptext516                           text516      01DC
__ptext517                           text516      0228
__ptext518                           text516      021D
__ptext519                           text519      0000
__size_of_AD_Sample                  (abs)        0000
__size_of_ISR                        (abs)        0000
__size_of_adc_get                    (abs)        0000
__size_of_adc_start                  (abs)        0000
__size_of_adc_test_init              (abs)        0000
__size_of_clearBigTimer              (abs)        0000
__size_of_clearSmallTimer            (abs)        0000
__size_of_clock_config               (abs)        0000
__size_of_clrSampeTime               (abs)        0000
__size_of_dac_init                   (abs)        0000
__size_of_getAD_ConvertFlag          (abs)        0000
__size_of_getAdOriginalCh13Value     (abs)        0000
__size_of_getAdOriginalValue         (abs)        0000
__size_of_isFinishedBigTimer         (abs)        0000
__size_of_isFinishedSmallTimer       (abs)        0000
__size_of_isPermitSampleTime         (abs)        0000
__size_of_main                       (abs)        0000
__size_of_op1_init                   (abs)        0000
__size_of_op2_init                   (abs)        0000
__size_of_process_AD_Converter_Value (abs)        0000
__size_of_setAD_ConvertFlag          (abs)        0000
__size_of_setDAC0_ChannelValue       (abs)        0000
__size_of_startBigTimer              (abs)        0000
__size_of_startSmallTimer            (abs)        0000
__size_of_timer1_config              (abs)        0000
__size_of_timer1_interrupt_config    (abs)        0000
__size_ofi1_setAD_ConvertFlag        (abs)        0000
_adc_convert_flag                    bssCOMMON    0079
_adc_get                             text516      021D
_adc_original_CH13_value             bssBANK0     002C
_adc_original_value                  bssBANK0     002E
_adc_start                           text493      0172
_adc_test_init                       text512      023F
_buffer_Sample_AD_Value              bssBANK0     0020
_clearBigTimer                       text505      02BC
_clearSmallTimer                     text504      02B9
_clock_config                        text515      028A
_clrSampeTime                        text506      02C2
_dac_init                            text511      02B0
_exit                                init         000B
_getAD_ConvertFlag                   text493      016B
_getAdOriginalCh13Value              text503      02A6
_getAdOriginalValue                  text493      01CD
_isFinishedBigTimer                  text499      0297
_isFinishedSmallTimer                text498      0292
_isPermitSampleTime                  text507      02AB
_main                                maintext     000D
_multiFilterMaxValue                 bssBANK0     0030
_multiFilterMinValue                 bssBANK0     0032
_op1_init                            text510      0263
_op2_init                            text509      0279
_process_AD_Converter_Value          text493      0161
_sampleChannelSelect                 dataBANK0    0047
_sampleTimes                         bssBANK0     0036
_setAD_ConvertFlag                   text493      016D
_setDAC0_ChannelValue                text501      02B5
_startBigTimer                       text502      02A1
_startSmallTimer                     text500      029C
_timer                               bssCOMMON    007A
_timer1_config                       text514      026F
_timer1_interrupt_config             text513      02BF
_uiBigTimer                          bssCOMMON    0076
_uiSmallTimer                        bssBANK0     0034
adc_get@val                          cstackCOMMON 0072
adc_test_init@channel                cstackBANK0  0044
adc_test_init@ref                    cstackBANK0  0042
btemp                                (abs)        007E
clear_ram                            clrtext      0282
end_of_initialization                cinit        0260
i1_setAD_ConvertFlag                 text516      0228
i1l1443                                               
i1l2169                                               
i1l3126                                               
i1l3130                                               
i1l3132                                               
i1l3136                                               
i1l3146                                               
i1l3148                                               
i1l3150                                               
i1l3156                                               
i1l3160                                               
i1setAD_ConvertFlag@flag             cstackCOMMON 0070
interrupt_function                   intentry     0004
intlevel0                            functab      0000
intlevel1                            functab      0000
intlevel2                            functab      0000
intlevel3                            functab      0000
intlevel4                            functab      0000
intlevel5                            functab      0000
l1431                                                 
l1434                                                 
l1437                                                 
l1440                                                 
l1443                                                 
l1446                                                 
l1452                                                 
l1479                                                 
l1482                                                 
l1485                                                 
l1488                                                 
l1491                                                 
l1509                                                 
l2146                                                 
l2149                                                 
l2152                                                 
l2160                                                 
l2166                                                 
l3020                                                 
l3022                                                 
l3024                                                 
l3026                                                 
l3028                                                 
l3030                                                 
l3032                                                 
l3034                                                 
l3036                                                 
l3038                                                 
l3040                                                 
l3042                                                 
l3044                                                 
l3046                                                 
l3048                                                 
l3050                                                 
l3052                                                 
l3054                                                 
l3056                                                 
l3058                                                 
l3060                                                 
l3064                                                 
l3076                                                 
l3078                                                 
l3080                                                 
l3082                                                 
l3086                                                 
l3088                                                 
l3090                                                 
l3092                                                 
l3104                                                 
l3116                                                 
l3120                                                 
l3122                                                 
l3162                                                 
l3166                                                 
l3178                                                 
l3182                                                 
l3200                                                 
l3202                                                 
l3204                                                 
l3208                                                 
l3210                                                 
l3212                                                 
l3214                                                 
l3216                                                 
l3218                                                 
l3220                                                 
l3222                                                 
l3224                                                 
l3226                                                 
l3230                                                 
l3234                                                 
l3238                                                 
l3240                                                 
l3242                                                 
l3274                                                 
l3276                                                 
l3280                                                 
l3286                                                 
l3298                                                 
l3310                                                 
l3312                                                 
l3314                                                 
l3330                                                 
l3332                                                 
l3334                                                 
l3346                                                 
l3350                                                 
l3364                                                 
l3382                                                 
l3398                                                 
l3416                                                 
l3418                                                 
main@ampStep                         bssBANK0     0037
main@bigTimerOutputStep              bssBANK0     0038
main@smallTimerOutputStep            bssBANK0     0039
main@tDA_timer                       bssBANK0     003A
main@ucBigTimerActionFlag            bssBANK0     003B
main@ucCheckBatteryCnt               bssBANK0     003C
main@ucConfirmTimer1S                bssBANK0     003D
main@ucConfirmTimerZptS              bssBANK0     003E
main@ucInit                          bssBANK0     003F
main@ucInstalledBatteryCnt           bssBANK0     0040
main@ucWaitTime1S                    bssBANK0     0041
reset_vec                            reset_vec    0000
saved_w                              (abs)        007E
setAD_ConvertFlag@flag               cstackBANK0  0042
setDAC0_ChannelValue@ucValue         cstackBANK0  0042
start                                init         000B
start_initialization                 cinit        0253
wtemp0                               (abs)        007E
