HI-TECH Software C Compiler 

Linker command line:

--edf=C:\Program Files (x86)\HI-TECH Software\PICC\9.83\dat\en_msgs.txt -cs \
  -h+ProjTest.sym -z -Q16C77 -ol.obj -MProjTest.map -E1 -ACONST=00h-0FFhx16 \
  -ACODE=00h-07FFhx2 -ASTRCODE=00h-0FFFh -AENTRY=00h-0FFhx16 \
  -ASTRING=00h-0FFhx16 -ABANK0=020h-06Fh -ABANK1=0A0h-0EFh \
  -ABANK2=0110h-016Fh -ABANK3=0190h-01EFh \
  -ARAM=020h-06Fh,0A0h-0EFh,0110h-016Fh,0190h-01EFh \
  -AABS1=020h-07Fh,0A0h-0EFh,0110h-016Fh,0190h-01EFh -ACOMMON=070h-07Fh \
  -ASFR0=00h-01Fh -ASFR1=080h-09Fh -ASFR2=0100h-010Fh -ASFR3=0180h-018Fh \
  -preset_vec=00h,intentry=04h,init,end_init -ppowerup=CODE -pfunctab=CODE \
  -ACONFIG=02000h-02007h -pconfig=CONFIG -DCONFIG=2 -AIDLOC=02008h-0200Bh \
  -pidloc=IDLOC -DIDLOC=2 -DCODE=2 -DSTRCODE=2 -DSTRING=2 -DCONST=2 \
  -DENTRY=2 -k startup.obj ProjTest.obj 

Object code version is 3.10

Machine type is 16C77



                Name                               Link     Load   Length Selector   Space Scale
startup.obj     end_init                             11       11        2        8       0
                reset_vec                             0        0        2        0       0
ProjTest.obj    intentry                              4        4        D        8       0
                config                             2000     2000        3     4000       0
                text867                             4AF      4AF       E0        8       0
                text863                             737      737       13      DEC       0
                text862                             7C5      7C5        9      F06       0
                text861                             FF8      FF8        8     1FF0       0
                text860                             7F6      7F6        8      F06       0
                text859                             7EE      7EE        8      F06       0
                text858                             7E6      7E6        8      F06       0
                text857                             7DE      7DE        8      F06       0
                text856                             7BC      7BC        9      F06       0
                text855                             7D6      7D6        8      F06       0
                text854                             7B2      7B2        A      F06       0
                text853                             FE3      FE3        3     1FC6       0
                text851                             FE6      FE6        5     1FCC       0
                text850                             7A7      7A7        B      F06       0
                text849                             FF1      FF1        7     1FE2       0
                text847                             FEB      FEB        6     1FD6       0
                text846                             7FE      7FE        2      F06       0
                text845                             723      723       14      DEC       0
                text844                             79B      79B        C      F06       0
                text843                             74A      74A       11      DEC       0
                text842                             78F      78F        C      F06       0
                text841                             70F      70F       14      DEC       0
                text840                             783      783        C      F06       0
                text834                             65B      65B       5D        8       0
                text831                             58F      58F       CC        8       0
                text830                             6B8      6B8       24        8       0
                swtext4                             6DC      6DC       1A      DB8       0
                swtext3                             777      777        C      EB6       0
                swtext2                             769      769        E      EB6       0
                swtext1                             75B      75B        E      EB6       0
                maintext                             13       13      49C        8       0
                cstackBANK0                          20       20       28       20       1
                cstackCOMMON                         70       70        D       70       1
                clrtext                             7CE      7CE        8      F06       0
                bssBANK3                            190      190       18      190       1
                bssBANK1                             A0       A0       48       A0       1
                dataBANK0                            6E       6E        1       20       1
                bssBANK0                             48       48       26       20       1
                bssCOMMON                            7D       7D        1       70       1
                cinit                               6F6      6F6       19      DEC       0

TOTAL           Name                               Link     Load   Length     Space
        CLASS   CONST          
                swtext4                             6DC      6DC       1A         0
                swtext3                             777      777        C         0
                swtext2                             769      769        E         0
                swtext1                             75B      75B        E         0

        CLASS   CODE           
                end_init                             11       11        2         0
                intentry                              4        4        D         0
                reset_vec                             0        0        2         0
                text867                             4AF      4AF       E0         0
                text863                             737      737       13         0
                text862                             7C5      7C5        9         0
                text861                             FF8      FF8        8         0
                text860                             7F6      7F6        8         0
                text859                             7EE      7EE        8         0
                text858                             7E6      7E6        8         0
                text857                             7DE      7DE        8         0
                text856                             7BC      7BC        9         0
                text855                             7D6      7D6        8         0
                text854                             7B2      7B2        A         0
                text853                             FE3      FE3        3         0
                text851                             FE6      FE6        5         0
                text850                             7A7      7A7        B         0
                text849                             FF1      FF1        7         0
                text847                             FEB      FEB        6         0
                text846                             7FE      7FE        2         0
                text845                             723      723       14         0
                text844                             79B      79B        C         0
                text843                             74A      74A       11         0
                text842                             78F      78F        C         0
                text841                             70F      70F       14         0
                text840                             783      783        C         0
                text834                             65B      65B       5D         0
                text831                             58F      58F       CC         0
                text830                             6B8      6B8       24         0
                maintext                             13       13      49C         0
                clrtext                             7CE      7CE        8         0
                cinit                               6F6      6F6       19         0

        CLASS   STRCODE        

        CLASS   ENTRY          

        CLASS   STRING         

        CLASS   BANK0          
                cstackBANK0                          20       20       28         1
                dataBANK0                            6E       6E        1         1
                bssBANK0                             48       48       26         1

        CLASS   BANK1          
                bssBANK1                             A0       A0       48         1

        CLASS   BANK2          

        CLASS   BANK3          
                bssBANK3                            190      190       18         1

        CLASS   RAM            

        CLASS   ABS1           
                abs_s1                               7E       7E        2         1

        CLASS   COMMON         
                cstackCOMMON                         70       70        D         1
                bssCOMMON                            7D       7D        1         1

        CLASS   SFR0           

        CLASS   SFR1           

        CLASS   SFR2           

        CLASS   SFR3           

        CLASS   CONFIG         
                config                             2000     2000        3         0

        CLASS   IDLOC          

        CLASS   EEDATA         



SEGMENTS        Name                           Load    Length   Top    Selector   Space  Class     Delta

                reset_vec                      000000  000002  000002         0       0  CODE        2
                intentry                       000004  0006D8  0006DC         8       0  CODE        2
                cstackBANK0                    000020  00004F  00006F        20       1  BANK0       1
                cstackCOMMON                   000070  00000E  00007E        70       1  COMMON      1
                bssBANK1                       0000A0  000048  0000E8        A0       1  BANK1       1
                bssBANK3                       000190  000018  0001A8       190       1  BANK3       1
                swtext4                        0006DC  00001A  0006F6       DB8       0  CONST       2
                cinit                          0006F6  000065  00075B       DEC       0  CODE        2
                swtext1                        00075B  000028  000783       EB6       0  CONST       2
                text840                        000783  00007D  000800       F06       0  CODE        2
                text853                        000FE3  000003  000FE6      1FC6       0  CODE        2
                text851                        000FE6  000005  000FEB      1FCC       0  CODE        2
                text847                        000FEB  000006  000FF1      1FD6       0  CODE        2
                text849                        000FF1  000007  000FF8      1FE2       0  CODE        2
                text861                        000FF8  000008  001000      1FF0       0  CODE        2
                config                         002000  000003  002003      4000       0  CONFIG      2


UNUSED ADDRESS RANGES

        Name                Unused          Largest block    Delta
        BANK0            006F-006F              1           1
        BANK1            00E8-00EF              8           1
        BANK2            0110-016F             60           1
        BANK3            01A8-01EF             48           1
        CODE             0002-0003              2           2
                         0800-0FE2            7E3
        CONFIG           2003-2007              5           2
        CONST            0002-0003              2           2
                         0800-0FE2            100
        ENTRY            0002-0003              2           2
                         0800-0FE2            100
        IDLOC            2008-200B              4           2
        RAM              006F-006F              1           1
                         00E8-00EF              8
                         0110-016F             60
                         01A8-01EF             48
        SFR0             0000-001F             20           1
        SFR1             0080-009F             20           1
        SFR2             0100-010F             10           1
        SFR3             0180-018F             10           1
        STRCODE          0002-0003              2           2
                         0800-0FE2            7E3
        STRING           0002-0003              2           2
                         0800-0FE2            100

                                  Symbol Table

??_AD_Sample                                      cstackBANK0  0020
??_Filter                                         cstackBANK0  0022
??_ISR                                            cstackCOMMON 0079
??_adc_get                                        cstackCOMMON 0072
??_adc_start                                      cstackBANK0  0020
??_adc_test_init                                  cstackBANK0  0021
??_clearAllTimer                                  cstackBANK0  0020
??_clearPinPortAndTimer                           cstackBANK0  0020
??_clearThreeHoursTimer                           cstackBANK0  0020
??_clearTwelveHoursTimer                          cstackBANK0  0020
??_clearTwentySecondsTimer                        cstackBANK0  0020
??_clock_config                                   cstackBANK0  0020
??_clrSampeTime                                   cstackBANK0  0020
??_dac_init                                       cstackBANK0  0020
??_getAD_ConvertFlag                              cstackBANK0  0020
??_getAdOriginaCh4Value                           cstackBANK0  0048
??_getAdOriginalCh14Value                         cstackBANK0  0048
??_getAdOriginalCh1Value                          cstackBANK0  0048
??_initPin                                        cstackBANK0  0020
??_isFinishedThreeHoursTimer                      cstackBANK0  0020
??_isFinishedTwelveHoursTimer                     cstackBANK0  0020
??_isFinishedTwentySecondsTimer                   cstackBANK0  0020
??_isPermitSampleTime                             cstackBANK0  0020
??_main                                           cstackBANK0  0048
??_op1_init                                       cstackBANK0  0020
??_op2_init                                       cstackBANK0  0020
??_process_AD_Converter_Value                     cstackBANK0  0023
??_setAD_ConvertFlag                              cstackBANK0  0020
??_setPA0                                         cstackBANK0  0020
??_setPA1                                         cstackBANK0  0020
??_setPA2                                         cstackBANK0  0020
??_setPA3                                         cstackBANK0  0020
??_setPA6                                         cstackBANK0  0020
??_setPB0                                         cstackBANK0  0020
??_setPB1                                         cstackBANK0  0020
??_startThreeHoursTimer                           cstackBANK0  0022
??_startTwelveHourTimer                           cstackBANK0  0022
??_startTwentySecondsTimer                        cstackBANK0  0020
??_timer1_config                                  cstackBANK0  0020
??_timer1_interrupt_config                        cstackBANK0  0020
??_vPutSampleDataIntoTable                        cstackCOMMON 0077
??i1_setAD_ConvertFlag                            cstackCOMMON 0070
?_AD_Sample                                       cstackCOMMON 0070
?_Filter                                          cstackBANK0  0020
?_ISR                                             cstackCOMMON 0070
?_adc_get                                         cstackCOMMON 0070
?_adc_start                                       cstackCOMMON 0070
?_adc_test_init                                   cstackBANK0  0020
?_clearAllTimer                                   cstackCOMMON 0070
?_clearPinPortAndTimer                            cstackCOMMON 0070
?_clearThreeHoursTimer                            cstackCOMMON 0070
?_clearTwelveHoursTimer                           cstackCOMMON 0070
?_clearTwentySecondsTimer                         cstackCOMMON 0070
?_clock_config                                    cstackCOMMON 0070
?_clrSampeTime                                    cstackCOMMON 0070
?_dac_init                                        cstackCOMMON 0070
?_getAD_ConvertFlag                               cstackCOMMON 0070
?_getAdOriginaCh4Value                            cstackBANK0  0046
?_getAdOriginalCh14Value                          cstackBANK0  0046
?_getAdOriginalCh1Value                           cstackBANK0  0046
?_initPin                                         cstackCOMMON 0070
?_isFinishedThreeHoursTimer                       cstackCOMMON 0070
?_isFinishedTwelveHoursTimer                      cstackCOMMON 0070
?_isFinishedTwentySecondsTimer                    cstackCOMMON 0070
?_isPermitSampleTime                              cstackCOMMON 0070
?_main                                            cstackCOMMON 0070
?_op1_init                                        cstackCOMMON 0070
?_op2_init                                        cstackCOMMON 0070
?_process_AD_Converter_Value                      cstackCOMMON 0070
?_setAD_ConvertFlag                               cstackCOMMON 0070
?_setPA0                                          cstackCOMMON 0070
?_setPA1                                          cstackCOMMON 0070
?_setPA2                                          cstackCOMMON 0070
?_setPA3                                          cstackCOMMON 0070
?_setPA6                                          cstackCOMMON 0070
?_setPB0                                          cstackCOMMON 0070
?_setPB1                                          cstackCOMMON 0070
?_startThreeHoursTimer                            cstackBANK0  0020
?_startTwelveHourTimer                            cstackBANK0  0020
?_startTwentySecondsTimer                         cstackCOMMON 0070
?_timer1_config                                   cstackCOMMON 0070
?_timer1_interrupt_config                         cstackCOMMON 0070
?_vPutSampleDataIntoTable                         cstackCOMMON 0074
?i1_setAD_ConvertFlag                             cstackCOMMON 0070
Filter@cir                                        cstackBANK0  0042
Filter@filter_buf                                 cstackBANK0  0026
Filter@filter_sum                                 cstackBANK0  0040
Filter@filter_temp                                cstackBANK0  003E
Filter@i                                          cstackBANK0  0045
Filter@j                                          cstackBANK0  0044
Filter@tmpValue                                   cstackBANK0  0020
ISR@ucTimer1sCnt                                  bssBANK1     00AA
_ADCON0                                           (abs)        001F
_ADCON1                                           (abs)        009F
_ADIE                                             (abs)        046A
_ADIF                                             (abs)        006A
_ADON                                             (abs)        00F8
_ADRESH                                           (abs)        001E
_ADRESL                                           (abs)        009E
_AD_Sample                                        text834      0682
_CLKPCE                                           (abs)        0847
_CLKPR                                            (abs)        0108
_DACCON                                           (abs)        0087
_DACR0                                            (abs)        0088
_Filter                                           text831      05AE
_GIE                                              (abs)        005F
_GO                                               (abs)        00F9
_ISR                                              text867      04AF
_OP1CON0                                          (abs)        001B
_OP1CON1                                          (abs)        001C
_OP1CON2                                          (abs)        001D
_OP2CON0                                          (abs)        009B
_OP2CON1                                          (abs)        009C
_OP2CON2                                          (abs)        009D
_PA0                                              (abs)        0028
_PA1                                              (abs)        0029
_PA2                                              (abs)        002A
_PA3                                              (abs)        002B
_PA6                                              (abs)        002E
_PB0                                              (abs)        0030
_PB1                                              (abs)        0031
_PB6                                              (abs)        0036
_PB7                                              (abs)        0037
_PBOD6                                            (abs)        0C46
_PBOD7                                            (abs)        0C47
_PEIE                                             (abs)        005E
_T1CON                                            (abs)        0010
_TMR1H                                            (abs)        000F
_TMR1IE                                           (abs)        0460
_TMR1IF                                           (abs)        0060
_TMR1L                                            (abs)        000E
_TRISA0                                           (abs)        0428
_TRISA1                                           (abs)        0429
_TRISA2                                           (abs)        042A
_TRISA3                                           (abs)        042B
_TRISA6                                           (abs)        042E
_TRISA7                                           (abs)        042F
_TRISB0                                           (abs)        0430
_TRISB1                                           (abs)        0431
_TRISB2                                           (abs)        0432
_TRISB3                                           (abs)        0433
_TRISB4                                           (abs)        0434
_TRISB5                                           (abs)        0435
_TRISB6                                           (abs)        0436
_TRISB7                                           (abs)        0437
__Habs1                                           abs1         0000
__Hbank0                                          bank0        0000
__Hbank1                                          bank1        0000
__Hbank2                                          bank2        0000
__Hbank3                                          bank3        0000
__HbssBANK0                                       bssBANK0     0000
__HbssBANK1                                       bssBANK1     0000
__HbssBANK3                                       bssBANK3     0000
__HbssCOMMON                                      bssCOMMON    0000
__Hcinit                                          cinit        0000
__Hclrtext                                        clrtext      0000
__Hcode                                           code         0000
__Hcommon                                         common       0000
__Hconfig                                         config       2003
__HcstackBANK0                                    cstackBANK0  0000
__HcstackCOMMON                                   cstackCOMMON 0000
__HdataBANK0                                      dataBANK0    0000
__Heeprom_data                                    eeprom_data  0000
__Hend_init                                       end_init     0013
__Hfunctab                                        functab      0000
__HidataBANK0                                     idataBANK0   0000
__Hidloc                                          idloc        0000
__Hinit                                           init         0011
__Hintentry                                       intentry     0011
__Hmaintext                                       maintext     0000
__Hpa_nodes                                       pa_nodes     0000
__Hpowerup                                        powerup      0000
__Hram                                            ram          0000
__Hreset_vec                                      reset_vec    0002
__Hsfr0                                           sfr0         0000
__Hsfr1                                           sfr1         0000
__Hsfr2                                           sfr2         0000
__Hsfr3                                           sfr3         0000
__Hstrings                                        strings      0000
__Htext                                           text         0000
__Labs1                                           abs1         0000
__Lbank0                                          bank0        0000
__Lbank1                                          bank1        0000
__Lbank2                                          bank2        0000
__Lbank3                                          bank3        0000
__LbssBANK0                                       bssBANK0     0000
__LbssBANK1                                       bssBANK1     0000
__LbssBANK3                                       bssBANK3     0000
__LbssCOMMON                                      bssCOMMON    0000
__Lcinit                                          cinit        0000
__Lclrtext                                        clrtext      0000
__Lcode                                           code         0000
__Lcommon                                         common       0000
__Lconfig                                         config       2000
__LcstackBANK0                                    cstackBANK0  0000
__LcstackCOMMON                                   cstackCOMMON 0000
__LdataBANK0                                      dataBANK0    0000
__Leeprom_data                                    eeprom_data  0000
__Lend_init                                       end_init     0011
__Lfunctab                                        functab      0000
__LidataBANK0                                     idataBANK0   0000
__Lidloc                                          idloc        0000
__Linit                                           init         0011
__Lintentry                                       intentry     0004
__Lmaintext                                       maintext     0000
__Lpa_nodes                                       pa_nodes     0000
__Lpowerup                                        powerup      0000
__Lram                                            ram          0000
__Lreset_vec                                      reset_vec    0000
__Lsfr0                                           sfr0         0000
__Lsfr1                                           sfr1         0000
__Lsfr2                                           sfr2         0000
__Lsfr3                                           sfr3         0000
__Lstrings                                        strings      0000
__Ltext                                           text         0000
__S0                                              (abs)        2003
__S1                                              (abs)        01A8
__end_of_AD_Sample                                text834      06A0
__end_of_Filter                                   text831      0645
__end_of_ISR                                      text867      050D
__end_of_adc_get                                  text867      0518
__end_of_adc_start                                text834      06B8
__end_of_adc_test_init                            text834      06B5
__end_of_clearAllTimer                            text830      06CA
__end_of_clearPinPortAndTimer                     text830      06C5
__end_of_clearThreeHoursTimer                     text830      06D6
__end_of_clearTwelveHoursTimer                    text830      06D0
__end_of_clearTwentySecondsTimer                  text830      06DC
__end_of_clock_config                             text855      07DE
__end_of_clrSampeTime                             text846      0800
__end_of_dac_init                                 text851      0FEB
__end_of_getAD_ConvertFlag                        text834      067D
__end_of_getAdOriginaCh4Value                     text831      0599
__end_of_getAdOriginalCh14Value                   text831      05AE
__end_of_getAdOriginalCh1Value                    text831      05A3
__end_of_initPin                                  text863      074A
__end_of_isFinishedThreeHoursTimer                text840      078F
__end_of_isFinishedTwelveHoursTimer               text844      07A7
__end_of_isFinishedTwentySecondsTimer             text842      079B
__end_of_isPermitSampleTime                       text847      0FF1
__end_of_main                                     maintext     04AF
__end_of_op1_init                                 text850      07B2
__end_of_op2_init                                 text849      0FF8
__end_of_process_AD_Converter_Value               text834      0679
__end_of_setAD_ConvertFlag                        text834      0682
__end_of_setPA0                                   text860      07FE
__end_of_setPA1                                   text859      07F6
__end_of_setPA2                                   text858      07EE
__end_of_setPA3                                   text857      07E6
__end_of_setPA6                                   text856      07C5
__end_of_setPB0                                   text862      07CE
__end_of_setPB1                                   text861      1000
__end_of_startThreeHoursTimer                     text841      0723
__end_of_startTwelveHourTimer                     text845      0737
__end_of_startTwentySecondsTimer                  text843      075B
__end_of_timer1_config                            text854      07BC
__end_of_timer1_interrupt_config                  text853      0FE6
__end_of_vPutSampleDataIntoTable                  text867      057B
__end_ofi1_setAD_ConvertFlag                      text867      057F
__pbssBANK0                                       bssBANK0     0048
__pbssBANK1                                       bssBANK1     00A0
__pbssBANK3                                       bssBANK3     0190
__pbssCOMMON                                      bssCOMMON    007D
__pcstackBANK0                                    cstackBANK0  0020
__pcstackCOMMON                                   cstackCOMMON 0070
__pdataBANK0                                      dataBANK0    006E
__pidataBANK0                                     idataBANK0   0000
__pintentry                                       intentry     0004
__pmaintext                                       maintext     0013
__pswtext1                                        swtext1      075B
__pswtext2                                        swtext2      0769
__pswtext3                                        swtext3      0777
__pswtext4                                        swtext4      06DC
__ptext830                                        text830      06B8
__ptext831                                        text831      058F
__ptext832                                        text831      0599
__ptext833                                        text831      05A3
__ptext834                                        text834      065B
__ptext835                                        text830      06C5
__ptext836                                        text834      0682
__ptext837                                        text834      067D
__ptext838                                        text834      0679
__ptext839                                        text831      05AE
__ptext840                                        text840      0783
__ptext841                                        text841      070F
__ptext842                                        text842      078F
__ptext843                                        text843      074A
__ptext844                                        text844      079B
__ptext845                                        text845      0723
__ptext846                                        text846      07FE
__ptext847                                        text847      0FEB
__ptext848                                        text834      06B5
__ptext849                                        text849      0FF1
__ptext850                                        text850      07A7
__ptext851                                        text851      0FE6
__ptext852                                        text834      06A0
__ptext853                                        text853      0FE3
__ptext854                                        text854      07B2
__ptext855                                        text855      07D6
__ptext856                                        text856      07BC
__ptext857                                        text857      07DE
__ptext858                                        text858      07E6
__ptext859                                        text859      07EE
__ptext860                                        text860      07F6
__ptext861                                        text861      0FF8
__ptext862                                        text862      07C5
__ptext863                                        text863      0737
__ptext864                                        text830      06D6
__ptext865                                        text830      06D0
__ptext866                                        text830      06CA
__ptext867                                        text867      04AF
__ptext868                                        text867      057B
__ptext869                                        text867      050D
__ptext870                                        text867      0518
__ptext871                                        text871      0000
__size_of_AD_Sample                               (abs)        0000
__size_of_Filter                                  (abs)        0000
__size_of_ISR                                     (abs)        0000
__size_of_adc_get                                 (abs)        0000
__size_of_adc_start                               (abs)        0000
__size_of_adc_test_init                           (abs)        0000
__size_of_clearAllTimer                           (abs)        0000
__size_of_clearPinPortAndTimer                    (abs)        0000
__size_of_clearThreeHoursTimer                    (abs)        0000
__size_of_clearTwelveHoursTimer                   (abs)        0000
__size_of_clearTwentySecondsTimer                 (abs)        0000
__size_of_clock_config                            (abs)        0000
__size_of_clrSampeTime                            (abs)        0000
__size_of_dac_init                                (abs)        0000
__size_of_getAD_ConvertFlag                       (abs)        0000
__size_of_getAdOriginaCh4Value                    (abs)        0000
__size_of_getAdOriginalCh14Value                  (abs)        0000
__size_of_getAdOriginalCh1Value                   (abs)        0000
__size_of_initPin                                 (abs)        0000
__size_of_isFinishedThreeHoursTimer               (abs)        0000
__size_of_isFinishedTwelveHoursTimer              (abs)        0000
__size_of_isFinishedTwentySecondsTimer            (abs)        0000
__size_of_isPermitSampleTime                      (abs)        0000
__size_of_main                                    (abs)        0000
__size_of_op1_init                                (abs)        0000
__size_of_op2_init                                (abs)        0000
__size_of_process_AD_Converter_Value              (abs)        0000
__size_of_setAD_ConvertFlag                       (abs)        0000
__size_of_setPA0                                  (abs)        0000
__size_of_setPA1                                  (abs)        0000
__size_of_setPA2                                  (abs)        0000
__size_of_setPA3                                  (abs)        0000
__size_of_setPA6                                  (abs)        0000
__size_of_setPB0                                  (abs)        0000
__size_of_setPB1                                  (abs)        0000
__size_of_startThreeHoursTimer                    (abs)        0000
__size_of_startTwelveHourTimer                    (abs)        0000
__size_of_startTwentySecondsTimer                 (abs)        0000
__size_of_timer1_config                           (abs)        0000
__size_of_timer1_interrupt_config                 (abs)        0000
__size_of_vPutSampleDataIntoTable                 (abs)        0000
__size_ofi1_setAD_ConvertFlag                     (abs)        0000
_adc_convert_flag                                 bssBANK1     00AB
_adc_get                                          text867      050D
_adc_start                                        text834      06B5
_adc_test_init                                    text834      06A0
_bBigTimerStartFlag                               bssBANK0     004A
_bSmallTimerStartFlag                             bssBANK0     004B
_bTwentySecStartFlag                              bssBANK0     004C
_clearAllTimer                                    text830      06C5
_clearPinPortAndTimer                             text830      06B8
_clearThreeHoursTimer                             text830      06D0
_clearTwelveHoursTimer                            text830      06CA
_clearTwentySecondsTimer                          text830      06D6
_clock_config                                     text855      07D6
_clrSampeTime                                     text846      07FE
_dac_init                                         text851      0FE6
_exit                                             init         0011
_getAD_ConvertFlag                                text834      0679
_getAdOriginaCh4Value                             text831      058F
_getAdOriginalCh14Value                           text831      05A3
_getAdOriginalCh1Value                            text831      0599
_initPin                                          text863      0737
_isFinishedThreeHoursTimer                        text840      0783
_isFinishedTwelveHoursTimer                       text844      079B
_isFinishedTwentySecondsTimer                     text842      078F
_isPermitSampleTime                               text847      0FEB
_main                                             maintext     0013
_op1_init                                         text850      07A7
_op2_init                                         text849      0FF1
_process_AD_Converter_Value                       text834      065B
_sampleChannelSelect                              dataBANK0    006E
_sampleTimes                                      bssBANK0     004D
_setAD_ConvertFlag                                text834      067D
_setPA0                                           text860      07F6
_setPA1                                           text859      07EE
_setPA2                                           text858      07E6
_setPA3                                           text857      07DE
_setPA6                                           text856      07BC
_setPB0                                           text862      07C5
_setPB1                                           text861      0FF8
_startThreeHoursTimer                             text841      070F
_startTwelveHourTimer                             text845      0723
_startTwentySecondsTimer                          text843      074A
_timer                                            bssBANK1     00AC
_timer1_config                                    text854      07B2
_timer1_interrupt_config                          text853      0FE3
_uiBigTimer                                       bssBANK1     00A0
_uiSampleChannelFirst                             bssBANK1     00B8
_uiSampleChannelFourteenth                        bssBANK3     0190
_uiSampleChannelFourth                            bssBANK1     00D0
_uiSmallTimer                                     bssBANK1     00A2
_uiTwentySecondsTimer                             bssBANK1     00A4
_vPutSampleDataIntoTable                          text867      0518
adc_get@val                                       cstackCOMMON 0072
adc_test_init@channel                             cstackBANK0  0022
adc_test_init@ref                                 cstackBANK0  0020
btemp                                             (abs)        007E
clear_ram                                         clrtext      07CE
end_of_initialization                             cinit        070C
i1_setAD_ConvertFlag                              text867      057B
i1l1779                                                            
i1l2525                                                            
i1l4420                                                            
i1l4422                                                            
i1l4426                                                            
i1l4430                                                            
i1l4438                                                            
i1l4442                                                            
i1l4450                                                            
i1l4454                                                            
i1l4464                                                            
i1l4466                                                            
i1l4496                                                            
i1l4500                                                            
i1l4502                                                            
i1l4506                                                            
i1l4518                                                            
i1l4520                                                            
i1l4526                                                            
i1l4530                                                            
i1l4534                                                            
i1setAD_ConvertFlag@flag                          cstackCOMMON 0070
interrupt_function                                intentry     0004
intlevel0                                         functab      0000
intlevel1                                         functab      0000
intlevel2                                         functab      0000
intlevel3                                         functab      0000
intlevel4                                         functab      0000
intlevel5                                         functab      0000
l1738                                                              
l1767                                                              
l1770                                                              
l1773                                                              
l1776                                                              
l1779                                                              
l1782                                                              
l1785                                                              
l1788                                                              
l1817                                                              
l1820                                                              
l1823                                                              
l1854                                                              
l2502                                                              
l2505                                                              
l2508                                                              
l2516                                                              
l2522                                                              
l4212                                                              
l4214                                                              
l4218                                                              
l4220                                                              
l4222                                                              
l4224                                                              
l4226                                                              
l4228                                                              
l4230                                                              
l4232                                                              
l4234                                                              
l4236                                                              
l4238                                                              
l4240                                                              
l4242                                                              
l4244                                                              
l4246                                                              
l4248                                                              
l4250                                                              
l4252                                                              
l4254                                                              
l4256                                                              
l4258                                                              
l4260                                                              
l4262                                                              
l4264                                                              
l4266                                                              
l4268                                                              
l4270                                                              
l4272                                                              
l4274                                                              
l4276                                                              
l4278                                                              
l4280                                                              
l4284                                                              
l4296                                                              
l4298                                                              
l4304                                                              
l4306                                                              
l4310                                                              
l4312                                                              
l4322                                                              
l4328                                                              
l4330                                                              
l4334                                                              
l4336                                                              
l4346                                                              
l4352                                                              
l4354                                                              
l4358                                                              
l4360                                                              
l4370                                                              
l4378                                                              
l4380                                                              
l4382                                                              
l4402                                                              
l4410                                                              
l4412                                                              
l4416                                                              
l4468                                                              
l4472                                                              
l4474                                                              
l4478                                                              
l4482                                                              
l4492                                                              
l4538                                                              
l4542                                                              
l4548                                                              
l4554                                                              
l4558                                                              
l4562                                                              
l4566                                                              
l4568                                                              
l4570                                                              
l4572                                                              
l4574                                                              
l4576                                                              
l4578                                                              
l4580                                                              
l4582                                                              
l4584                                                              
l4586                                                              
l4588                                                              
l4590                                                              
l4594                                                              
l4596                                                              
l4616                                                              
l4620                                                              
l4624                                                              
l4628                                                              
l4634                                                              
l4640                                                              
l4644                                                              
l4650                                                              
l4664                                                              
l4674                                                              
l4676                                                              
l4684                                                              
l4690                                                              
l4696                                                              
l4700                                                              
l4790                                                              
l4854                                                              
l4910                                                              
l4956                                                              
l4992                                                              
l5010                                                              
l5014                                                              
l5020                                                              
l5022                                                              
l5040                                                              
l5044                                                              
l5056                                                              
l5060                                                              
l5068                                                              
l5070                                                              
l5072                                                              
l5076                                                              
l5080                                                              
l5082                                                              
l5086                                                              
l5096                                                              
l5100                                                              
l5106                                                              
l5112                                                              
l5116                                                              
l5120                                                              
l5124                                                              
l5134                                                              
l5136                                                              
l5144                                                              
l5146                                                              
l5152                                                              
l5158                                                              
l5162                                                              
l5168                                                              
l5170                                                              
l5172                                                              
l5174                                                              
l5176                                                              
l5184                                                              
l5188                                                              
l5198                                                              
l5200                                                              
l5208                                                              
l5210                                                              
l5212                                                              
l5224                                                              
l5236                                                              
l5238                                                              
l5240                                                              
l5242                                                              
l679                                                               
l682                                                               
l685                                                               
main@bCheckTweHour                                bssBANK0     004E
main@bInitFlag                                    bssBANK0     004F
main@enumBranchStep                               bssBANK1     00AD
main@enumInteralStep                              bssBANK1     00AE
main@enumMainLoopStep                             bssBANK0     0050
main@ucADC4_Step                                  bssBANK0     0051
main@ucChannel4Type                               bssBANK0     0052
main@ucCheckTimerP2sLess                          bssBANK0     0053
main@ucCheckTimerP2sMore                          bssBANK1     00AF
main@ucDelayPrefix4TimerP5s                       bssBANK0     0054
main@ucDelayPrefix6TimerP2s                       bssBANK0     0055
main@ucFourthSuffix1TimerP3s                      bssBANK1     00B0
main@ucLoaderStep                                 bssBANK0     0056
main@ucLoaderStep1                                bssBANK0     0057
main@ucLoaderStep2                                bssBANK0     0058
main@ucLoaderStep3                                bssBANK0     0059
main@ucLoaderStep4                                bssBANK0     005A
main@ucTimer1s                                    bssBANK1     00B1
main@ucTimer20s                                   bssBANK1     00B2
main@ucTimerADC1ZeroP5s                           bssBANK0     005B
main@ucTimerDelay                                 bssBANK0     005C
main@ucTimerDelay1                                bssBANK0     005D
main@ucTimerDelay2                                bssBANK0     005E
main@ucTimerDelay3                                bssBANK0     005F
main@ucTimerDelay4                                bssBANK0     0060
main@ucTimerDelayP2sLess                          bssBANK0     0061
main@ucTimerDelayP2sMore                          bssBANK0     0062
main@ucTimerForDACR0_CNT1                         bssBANK0     0063
main@ucTimerForDACR0_CNT1_f                       bssBANK0     0064
main@ucTimerForDACR0_CNT2                         bssBANK0     0065
main@ucTimerForDACR0_CNT2_f                       bssBANK0     0066
main@ucTimerLessADC1ZeroP5s                       bssBANK0     0067
main@ucTimerLessX1P5s                             bssBANK1     00B3
main@ucTimerLessX2P5s                             bssBANK1     00B4
main@ucTimerP3s                                   bssBANK1     00B5
main@ucTimerP5s                                   bssBANK0     0068
main@ucTimerRightP5s                              bssBANK0     0069
main@ucTimerX1P5s                                 bssBANK1     00B6
main@ucTimerX2P5s                                 bssBANK1     00B7
main@ucTimerZeroPoint3s                           bssBANK0     006A
main@ucTimerZeroPoint5s                           bssBANK0     006B
main@uiMaxValue                                   bssBANK1     00A6
main@uiMinValue                                   bssBANK1     00A8
main@uiOldValue                                   bssBANK0     0048
reset_vec                                         reset_vec    0000
saved_w                                           (abs)        007E
setAD_ConvertFlag@flag                            cstackBANK0  0020
setPA0@bValue                                     cstackBANK0  0020
setPA1@bValue                                     cstackBANK0  0020
setPA2@bValue                                     cstackBANK0  0020
setPA3@bValue                                     cstackBANK0  0020
setPA6@bValue                                     cstackBANK0  0020
setPB0@bValue                                     cstackBANK0  0020
setPB1@bValue                                     cstackBANK0  0020
start                                             init         0011
startThreeHoursTimer@uiSetTime                    cstackBANK0  0020
startTwelveHourTimer@uiSetTime                    cstackBANK0  0020
start_initialization                              cinit        06F6
vPutSampleDataIntoTable@channel                   cstackCOMMON 0076
vPutSampleDataIntoTable@i                         cstackCOMMON 0077
vPutSampleDataIntoTable@ucChannelFirstLength      bssCOMMON    007D
vPutSampleDataIntoTable@ucChannelFourteenthLength bssBANK0     006C
vPutSampleDataIntoTable@ucChannelFourthLength     bssBANK0     006D
vPutSampleDataIntoTable@uiSampleData              cstackCOMMON 0074
wtemp0                                            (abs)        007E
