HI-TECH Software C Compiler 

Linker command line:

--edf=C:\Program Files (x86)\HI-TECH Software\PICC\9.83\dat\en_msgs.txt -cs \
  -h+ProjTest.sym -z -Q16C77 -ol.obj -MProjTest.map -E1 -ACONST=00h-0FFhx16 \
  -ACODE=00h-07FFhx2 -ASTRCODE=00h-0FFFh -AENTRY=00h-0FFhx16 \
  -ASTRING=00h-0FFhx16 -ABANK0=020h-06Fh -ABANK1=0A0h-0EFh \
  -ABANK2=0110h-016Fh -ABANK3=0190h-01EFh \
  -ARAM=020h-06Fh,0A0h-0EFh,0110h-016Fh,0190h-01EFh \
  -AABS1=020h-07Fh,0A0h-0EFh,0110h-016Fh,0190h-01EFh -ACOMMON=070h-07Fh \
  -ASFR0=00h-01Fh -ASFR1=080h-09Fh -ASFR2=0100h-010Fh -ASFR3=0180h-018Fh \
  -preset_vec=00h,intentry=04h,init,end_init -ppowerup=CODE -pfunctab=CODE \
  -ACONFIG=02000h-02007h -pconfig=CONFIG -DCONFIG=2 -AIDLOC=02008h-0200Bh \
  -pidloc=IDLOC -DIDLOC=2 -DCODE=2 -DSTRCODE=2 -DSTRING=2 -DCONST=2 \
  -DENTRY=2 -k startup.obj ProjTest.obj 

Object code version is 3.10

Machine type is 16C77



                Name                               Link     Load   Length Selector   Space Scale
startup.obj     end_init                             11       11        2        8       0
                reset_vec                             0        0        2        0       0
ProjTest.obj    intentry                              4        4        D        8       0
                config                             2000     2000        3     4000       0
                text862                             1BE      1BE       E1        8       0
                text861                             4A4      4A4        4        8       0
                text860                             4A0      4A0        4        8       0
                text852                             3FE      3FE        F        8       0
                text851                             445      445        C        8       0
                text850                             49C      49C        4        8       0
                text849                             4AE      4AE        1        8       0
                text848                             4AD      4AD        1        8       0
                text847                             48B      48B        8        8       0
                text846                             479      479        A        8       0
                text845                             4A8      4A8        3        8       0
                text842                             437      437        E        8       0
                text841                             493      493        5        8       0
                text840                             4AB      4AB        2        8       0
                text839                             46F      46F        A        8       0
                text838                             498      498        4        8       0
                text837                             429      429        E        8       0
                text836                             465      465        A        8       0
                text835                             41B      41B        E        8       0
                text834                             45B      45B        A        8       0
                text833                             40D      40D        E        8       0
                text832                             451      451        A        8       0
                text827                             39A      39A       31        8       0
                text826                             3CB      3CB       21        8       0
                text825                             351      351       49        8       0
                text823                             29F      29F       B2        8       0
                maintext                             13       13      1AB        8       0
                cstackBANK0                          20       20       29       20       1
                cstackCOMMON                         70       70        D       70       1
                clrtext                             483      483        8        8       0
                bssBANK1                             A0       A0       48       A0       1
                dataBANK0                            69       69        1       20       1
                bssBANK0                             49       49       20       20       1
                bssCOMMON                            7D       7D        1       70       1
                cinit                               3EC      3EC       12        8       0

TOTAL           Name                               Link     Load   Length     Space
        CLASS   CONST          

        CLASS   CODE           
                end_init                             11       11        2         0
                intentry                              4        4        D         0
                reset_vec                             0        0        2         0
                text862                             1BE      1BE       E1         0
                text861                             4A4      4A4        4         0
                text860                             4A0      4A0        4         0
                text852                             3FE      3FE        F         0
                text851                             445      445        C         0
                text850                             49C      49C        4         0
                text849                             4AE      4AE        1         0
                text848                             4AD      4AD        1         0
                text847                             48B      48B        8         0
                text846                             479      479        A         0
                text845                             4A8      4A8        3         0
                text842                             437      437        E         0
                text841                             493      493        5         0
                text840                             4AB      4AB        2         0
                text839                             46F      46F        A         0
                text838                             498      498        4         0
                text837                             429      429        E         0
                text836                             465      465        A         0
                text835                             41B      41B        E         0
                text834                             45B      45B        A         0
                text833                             40D      40D        E         0
                text832                             451      451        A         0
                text827                             39A      39A       31         0
                text826                             3CB      3CB       21         0
                text825                             351      351       49         0
                text823                             29F      29F       B2         0
                maintext                             13       13      1AB         0
                clrtext                             483      483        8         0
                cinit                               3EC      3EC       12         0

        CLASS   STRCODE        

        CLASS   ENTRY          

        CLASS   STRING         

        CLASS   BANK0          
                cstackBANK0                          20       20       29         1
                dataBANK0                            69       69        1         1
                bssBANK0                             49       49       20         1

        CLASS   BANK1          
                bssBANK1                             A0       A0       48         1

        CLASS   BANK2          

        CLASS   BANK3          

        CLASS   RAM            

        CLASS   ABS1           
                abs_s1                               7E       7E        2         1

        CLASS   COMMON         
                cstackCOMMON                         70       70        D         1
                bssCOMMON                            7D       7D        1         1

        CLASS   SFR0           

        CLASS   SFR1           

        CLASS   SFR2           

        CLASS   SFR3           

        CLASS   CONFIG         
                config                             2000     2000        3         0

        CLASS   IDLOC          

        CLASS   EEDATA         



SEGMENTS        Name                           Load    Length   Top    Selector   Space  Class     Delta

                reset_vec                      000000  000002  000002         0       0  CODE        2
                intentry                       000004  0004AB  0004AF         8       0  CODE        2
                cstackBANK0                    000020  00004A  00006A        20       1  BANK0       1
                cstackCOMMON                   000070  00000E  00007E        70       1  COMMON      1
                bssBANK1                       0000A0  000048  0000E8        A0       1  BANK1       1
                config                         002000  000003  002003      4000       0  CONFIG      2


UNUSED ADDRESS RANGES

        Name                Unused          Largest block    Delta
        BANK0            006A-006F              6           1
        BANK1            00E8-00EF              8           1
        BANK2            0110-016F             60           1
        BANK3            0190-01EF             60           1
        CODE             0002-0003              2           2
                         04AF-0FFF            351
        CONFIG           2003-2007              5           2
        CONST            0002-0003              2           2
                         04AF-0FFF            100
        ENTRY            0002-0003              2           2
                         04AF-0FFF            100
        IDLOC            2008-200B              4           2
        RAM              006A-006F              6           1
                         00E8-00EF              8
                         0110-016F             60
                         0190-01EF             60
        SFR0             0000-001F             20           1
        SFR1             0080-009F             20           1
        SFR2             0100-010F             10           1
        SFR3             0180-018F             10           1
        STRCODE          0002-0003              2           2
                         04AF-0FFF            B51
        STRING           0002-0003              2           2
                         04AF-0FFF            100

                                  Symbol Table

??_AD_Sample                                      cstackBANK0  0020
??_Filter                                         cstackBANK0  0022
??_ISR                                            cstackCOMMON 0079
??_adc_get                                        cstackCOMMON 0072
??_adc_start                                      cstackBANK0  0020
??_adc_test_init                                  cstackBANK0  0021
??_clearThreeHoursTimer                           cstackBANK0  0020
??_clearTwelveHoursTimer                          cstackBANK0  0020
??_clearTwentyMinTimer                            cstackBANK0  0020
??_clock_config                                   cstackBANK0  0020
??_clrSampeTime                                   cstackBANK0  0020
??_getAD_ConvertFlag                              cstackBANK0  0020
??_getAdOriginalCh12Value                         cstackBANK0  0049
??_getAdOriginalCh13Value                         cstackBANK0  0049
??_initPB2_AsHighResistence                       cstackBANK0  0020
??_initPB3                                        cstackBANK0  0020
??_initPB4                                        cstackBANK0  0020
??_initPB5                                        cstackBANK0  0020
??_initPin                                        cstackBANK0  0021
??_isFinishedOneHoursTimer                        cstackBANK0  0020
??_isFinishedThreeHoursTimer                      cstackBANK0  0020
??_isFinishedTwelveHoursTimer                     cstackBANK0  0020
??_isFinishedTwentyMinTimer                       cstackBANK0  0020
??_isPermitSampleTime                             cstackBANK0  0020
??_main                                           cstackBANK0  0049
??_process_AD_Converter_Value                     cstackBANK0  0023
??_pwm_config                                     cstackBANK0  0020
??_pwm_start                                      cstackBANK0  0020
??_reset                                          cstackBANK0  0020
??_selectAdChannel                                cstackBANK0  0020
??_setAD_ConvertFlag                              cstackBANK0  0020
??_setPB3                                         cstackBANK0  0020
??_setPB4                                         cstackBANK0  0020
??_setPB5                                         cstackBANK0  0020
??_setPinInitVaule                                cstackBANK0  0021
??_setPulseWidth                                  cstackBANK0  0020
??_startOneHoursTimer                             cstackBANK0  0022
??_startThreeHoursTimer                           cstackBANK0  0022
??_startTwelveHourTimer                           cstackBANK0  0022
??_startTwentyMinTimer                            cstackBANK0  0022
??_timer1_config                                  cstackBANK0  0020
??_timer1_interrupt_config                        cstackBANK0  0020
??_vPutSampleDataIntoTable                        cstackCOMMON 0077
??i1_setAD_ConvertFlag                            cstackCOMMON 0070
?_AD_Sample                                       cstackCOMMON 0070
?_Filter                                          cstackBANK0  0020
?_ISR                                             cstackCOMMON 0070
?_adc_get                                         cstackCOMMON 0070
?_adc_start                                       cstackCOMMON 0070
?_adc_test_init                                   cstackBANK0  0020
?_clearThreeHoursTimer                            cstackCOMMON 0070
?_clearTwelveHoursTimer                           cstackCOMMON 0070
?_clearTwentyMinTimer                             cstackCOMMON 0070
?_clock_config                                    cstackCOMMON 0070
?_clrSampeTime                                    cstackCOMMON 0070
?_getAD_ConvertFlag                               cstackCOMMON 0070
?_getAdOriginalCh12Value                          cstackBANK0  0047
?_getAdOriginalCh13Value                          cstackBANK0  0047
?_initPB2_AsHighResistence                        cstackCOMMON 0070
?_initPB3                                         cstackCOMMON 0070
?_initPB4                                         cstackCOMMON 0070
?_initPB5                                         cstackCOMMON 0070
?_initPin                                         cstackCOMMON 0070
?_isFinishedOneHoursTimer                         cstackCOMMON 0070
?_isFinishedThreeHoursTimer                       cstackCOMMON 0070
?_isFinishedTwelveHoursTimer                      cstackCOMMON 0070
?_isFinishedTwentyMinTimer                        cstackCOMMON 0070
?_isPermitSampleTime                              cstackCOMMON 0070
?_main                                            cstackCOMMON 0070
?_process_AD_Converter_Value                      cstackCOMMON 0070
?_pwm_config                                      cstackCOMMON 0070
?_pwm_start                                       cstackCOMMON 0070
?_reset                                           cstackCOMMON 0070
?_selectAdChannel                                 cstackCOMMON 0070
?_setAD_ConvertFlag                               cstackCOMMON 0070
?_setPB3                                          cstackCOMMON 0070
?_setPB4                                          cstackCOMMON 0070
?_setPB5                                          cstackCOMMON 0070
?_setPinInitVaule                                 cstackCOMMON 0070
?_setPulseWidth                                   cstackCOMMON 0070
?_startOneHoursTimer                              cstackBANK0  0020
?_startThreeHoursTimer                            cstackBANK0  0020
?_startTwelveHourTimer                            cstackBANK0  0020
?_startTwentyMinTimer                             cstackBANK0  0020
?_timer1_config                                   cstackCOMMON 0070
?_timer1_interrupt_config                         cstackCOMMON 0070
?_vPutSampleDataIntoTable                         cstackCOMMON 0074
?i1_setAD_ConvertFlag                             cstackCOMMON 0070
Filter@cir                                        cstackBANK0  0043
Filter@filter_buf                                 cstackBANK0  0026
Filter@filter_sum                                 cstackBANK0  0040
Filter@filter_temp                                cstackBANK0  003E
Filter@i                                          cstackBANK0  0046
Filter@j                                          cstackBANK0  0045
Filter@tmpValue                                   cstackBANK0  0042
ISR@ucTimer1sCnt                                  bssBANK0     0059
_ADCON0                                           (abs)        001F
_ADCON1                                           (abs)        009F
_ADIE                                             (abs)        046A
_ADIF                                             (abs)        006A
_ADON                                             (abs)        00F8
_ADRESH                                           (abs)        001E
_ADRESL                                           (abs)        009E
_AD_Sample                                        text825      036E
_CCP1CON                                          (abs)        0017
_CCPR1L                                           (abs)        0015
_CLKPCE                                           (abs)        0847
_CLKPR                                            (abs)        0108
_Filter                                           text823      02AD
_GIE                                              (abs)        005F
_GO                                               (abs)        00F9
_ISR                                              text862      01BE
_PB2                                              (abs)        0032
_PB3                                              (abs)        0033
_PB4                                              (abs)        0034
_PB5                                              (abs)        0035
_PBOD2                                            (abs)        0C42
_PEIE                                             (abs)        005E
_PR2                                              (abs)        0092
_T1CON                                            (abs)        0010
_T2CON                                            (abs)        0012
_TMR1H                                            (abs)        000F
_TMR1IE                                           (abs)        0460
_TMR1IF                                           (abs)        0060
_TMR1L                                            (abs)        000E
_TRISB0                                           (abs)        0430
_TRISB1                                           (abs)        0431
_TRISB2                                           (abs)        0432
_TRISB3                                           (abs)        0433
_TRISB4                                           (abs)        0434
_TRISB5                                           (abs)        0435
__Habs1                                           abs1         0000
__Hbank0                                          bank0        0000
__Hbank1                                          bank1        0000
__Hbank2                                          bank2        0000
__Hbank3                                          bank3        0000
__HbssBANK0                                       bssBANK0     0000
__HbssBANK1                                       bssBANK1     0000
__HbssCOMMON                                      bssCOMMON    0000
__Hcinit                                          cinit        0000
__Hclrtext                                        clrtext      0000
__Hcode                                           code         0000
__Hcommon                                         common       0000
__Hconfig                                         config       2003
__HcstackBANK0                                    cstackBANK0  0000
__HcstackCOMMON                                   cstackCOMMON 0000
__HdataBANK0                                      dataBANK0    0000
__Heeprom_data                                    eeprom_data  0000
__Hend_init                                       end_init     0013
__Hfunctab                                        functab      0000
__HidataBANK0                                     idataBANK0   0000
__Hidloc                                          idloc        0000
__Hinit                                           init         0011
__Hintentry                                       intentry     0011
__Hmaintext                                       maintext     0000
__Hpa_nodes                                       pa_nodes     0000
__Hpowerup                                        powerup      0000
__Hram                                            ram          0000
__Hreset_vec                                      reset_vec    0002
__Hsfr0                                           sfr0         0000
__Hsfr1                                           sfr1         0000
__Hsfr2                                           sfr2         0000
__Hsfr3                                           sfr3         0000
__Hstrings                                        strings      0000
__Htext                                           text         0000
__Labs1                                           abs1         0000
__Lbank0                                          bank0        0000
__Lbank1                                          bank1        0000
__Lbank2                                          bank2        0000
__Lbank3                                          bank3        0000
__LbssBANK0                                       bssBANK0     0000
__LbssBANK1                                       bssBANK1     0000
__LbssCOMMON                                      bssCOMMON    0000
__Lcinit                                          cinit        0000
__Lclrtext                                        clrtext      0000
__Lcode                                           code         0000
__Lcommon                                         common       0000
__Lconfig                                         config       2000
__LcstackBANK0                                    cstackBANK0  0000
__LcstackCOMMON                                   cstackCOMMON 0000
__LdataBANK0                                      dataBANK0    0000
__Leeprom_data                                    eeprom_data  0000
__Lend_init                                       end_init     0011
__Lfunctab                                        functab      0000
__LidataBANK0                                     idataBANK0   0000
__Lidloc                                          idloc        0000
__Linit                                           init         0011
__Lintentry                                       intentry     0004
__Lmaintext                                       maintext     0000
__Lpa_nodes                                       pa_nodes     0000
__Lpowerup                                        powerup      0000
__Lram                                            ram          0000
__Lreset_vec                                      reset_vec    0000
__Lsfr0                                           sfr0         0000
__Lsfr1                                           sfr1         0000
__Lsfr2                                           sfr2         0000
__Lsfr3                                           sfr3         0000
__Lstrings                                        strings      0000
__Ltext                                           text         0000
__S0                                              (abs)        2003
__S1                                              (abs)        00E8
__end_of_AD_Sample                                text825      0382
__end_of_Filter                                   text823      033B
__end_of_ISR                                      text862      0222
__end_of_adc_get                                  text862      022D
__end_of_adc_start                                text825      039A
__end_of_adc_test_init                            text825      0397
__end_of_clearThreeHoursTimer                     text860      04A4
__end_of_clearTwelveHoursTimer                    text861      04A8
__end_of_clearTwentyMinTimer                      text838      049C
__end_of_clock_config                             text847      0493
__end_of_clrSampeTime                             text840      04AD
__end_of_getAD_ConvertFlag                        text825      036B
__end_of_getAdOriginalCh12Value                   text823      02A6
__end_of_getAdOriginalCh13Value                   text823      02AD
__end_of_initPB2_AsHighResistence                 text827      03B5
__end_of_initPB3                                  text827      03B0
__end_of_initPB4                                  text827      03C0
__end_of_initPB5                                  text827      03CB
__end_of_initPin                                  text827      03A4
__end_of_isFinishedOneHoursTimer                  text832      045B
__end_of_isFinishedThreeHoursTimer                text834      0465
__end_of_isFinishedTwelveHoursTimer               text836      046F
__end_of_isFinishedTwentyMinTimer                 text839      0479
__end_of_isPermitSampleTime                       text841      0498
__end_of_main                                     maintext     01BE
__end_of_process_AD_Converter_Value               text825      0367
__end_of_pwm_config                               text851      0451
__end_of_pwm_start                                text852      040D
__end_of_reset                                    text849      04AE
__end_of_selectAdChannel                          text850      04A0
__end_of_setAD_ConvertFlag                        text825      036E
__end_of_setPB3                                   text826      03DC
__end_of_setPB4                                   text826      03E4
__end_of_setPB5                                   text826      03EC
__end_of_setPinInitVaule                          text826      03D3
__end_of_setPulseWidth                            text849      04AF
__end_of_startOneHoursTimer                       text833      041B
__end_of_startThreeHoursTimer                     text835      0429
__end_of_startTwelveHourTimer                     text837      0437
__end_of_startTwentyMinTimer                      text842      0445
__end_of_timer1_config                            text846      0483
__end_of_timer1_interrupt_config                  text845      04AB
__end_of_vPutSampleDataIntoTable                  text862      028C
__end_ofi1_setAD_ConvertFlag                      text862      028F
__pbssBANK0                                       bssBANK0     0049
__pbssBANK1                                       bssBANK1     00A0
__pbssCOMMON                                      bssCOMMON    007D
__pcstackBANK0                                    cstackBANK0  0020
__pcstackCOMMON                                   cstackCOMMON 0070
__pdataBANK0                                      dataBANK0    0069
__pidataBANK0                                     idataBANK0   0000
__pintentry                                       intentry     0004
__pmaintext                                       maintext     0013
__ptext823                                        text823      029F
__ptext824                                        text823      02A6
__ptext825                                        text825      0351
__ptext826                                        text826      03CB
__ptext827                                        text827      039A
__ptext828                                        text825      036E
__ptext829                                        text825      036B
__ptext830                                        text825      0367
__ptext831                                        text823      02AD
__ptext832                                        text832      0451
__ptext833                                        text833      040D
__ptext834                                        text834      045B
__ptext835                                        text835      041B
__ptext836                                        text836      0465
__ptext837                                        text837      0429
__ptext838                                        text838      0498
__ptext839                                        text839      046F
__ptext840                                        text840      04AB
__ptext841                                        text841      0493
__ptext842                                        text842      0437
__ptext843                                        text825      0397
__ptext844                                        text825      0382
__ptext845                                        text845      04A8
__ptext846                                        text846      0479
__ptext847                                        text847      048B
__ptext848                                        text848      04AD
__ptext849                                        text849      04AE
__ptext850                                        text850      049C
__ptext851                                        text851      0445
__ptext852                                        text852      03FE
__ptext853                                        text827      03B0
__ptext854                                        text826      03E4
__ptext855                                        text827      03C0
__ptext856                                        text826      03DC
__ptext857                                        text827      03B5
__ptext858                                        text826      03D3
__ptext859                                        text827      03A4
__ptext860                                        text860      04A0
__ptext861                                        text861      04A4
__ptext862                                        text862      01BE
__ptext863                                        text862      028C
__ptext864                                        text862      0222
__ptext865                                        text862      022D
__ptext866                                        text866      0000
__size_of_AD_Sample                               (abs)        0000
__size_of_Filter                                  (abs)        0000
__size_of_ISR                                     (abs)        0000
__size_of_adc_get                                 (abs)        0000
__size_of_adc_start                               (abs)        0000
__size_of_adc_test_init                           (abs)        0000
__size_of_clearThreeHoursTimer                    (abs)        0000
__size_of_clearTwelveHoursTimer                   (abs)        0000
__size_of_clearTwentyMinTimer                     (abs)        0000
__size_of_clock_config                            (abs)        0000
__size_of_clrSampeTime                            (abs)        0000
__size_of_getAD_ConvertFlag                       (abs)        0000
__size_of_getAdOriginalCh12Value                  (abs)        0000
__size_of_getAdOriginalCh13Value                  (abs)        0000
__size_of_initPB2_AsHighResistence                (abs)        0000
__size_of_initPB3                                 (abs)        0000
__size_of_initPB4                                 (abs)        0000
__size_of_initPB5                                 (abs)        0000
__size_of_initPin                                 (abs)        0000
__size_of_isFinishedOneHoursTimer                 (abs)        0000
__size_of_isFinishedThreeHoursTimer               (abs)        0000
__size_of_isFinishedTwelveHoursTimer              (abs)        0000
__size_of_isFinishedTwentyMinTimer                (abs)        0000
__size_of_isPermitSampleTime                      (abs)        0000
__size_of_main                                    (abs)        0000
__size_of_process_AD_Converter_Value              (abs)        0000
__size_of_pwm_config                              (abs)        0000
__size_of_pwm_start                               (abs)        0000
__size_of_reset                                   (abs)        0000
__size_of_selectAdChannel                         (abs)        0000
__size_of_setAD_ConvertFlag                       (abs)        0000
__size_of_setPB3                                  (abs)        0000
__size_of_setPB4                                  (abs)        0000
__size_of_setPB5                                  (abs)        0000
__size_of_setPinInitVaule                         (abs)        0000
__size_of_setPulseWidth                           (abs)        0000
__size_of_startOneHoursTimer                      (abs)        0000
__size_of_startThreeHoursTimer                    (abs)        0000
__size_of_startTwelveHourTimer                    (abs)        0000
__size_of_startTwentyMinTimer                     (abs)        0000
__size_of_timer1_config                           (abs)        0000
__size_of_timer1_interrupt_config                 (abs)        0000
__size_of_vPutSampleDataIntoTable                 (abs)        0000
__size_ofi1_setAD_ConvertFlag                     (abs)        0000
_adc_convert_flag                                 bssBANK0     005A
_adc_get                                          text862      0222
_adc_start                                        text825      0397
_adc_test_init                                    text825      0382
_bBigTimerStartFlag                               bssBANK0     005B
_bOneHourTimerStartFlag                           bssBANK0     005C
_bSmallTimerStartFlag                             bssBANK0     005D
_bTwentyMinStartFlag                              bssBANK0     005E
_clearThreeHoursTimer                             text860      04A0
_clearTwelveHoursTimer                            text861      04A4
_clearTwentyMinTimer                              text838      0498
_clock_config                                     text847      048B
_clrSampeTime                                     text840      04AB
_exit                                             init         0011
_getAD_ConvertFlag                                text825      0367
_getAdOriginalCh12Value                           text823      029F
_getAdOriginalCh13Value                           text823      02A6
_initPB2_AsHighResistence                         text827      03B0
_initPB3                                          text827      03A4
_initPB4                                          text827      03B5
_initPB5                                          text827      03C0
_initPin                                          text827      039A
_isFinishedOneHoursTimer                          text832      0451
_isFinishedThreeHoursTimer                        text834      045B
_isFinishedTwelveHoursTimer                       text836      0465
_isFinishedTwentyMinTimer                         text839      046F
_isPermitSampleTime                               text841      0493
_main                                             maintext     0013
_process_AD_Converter_Value                       text825      0351
_pwm_config                                       text851      0445
_pwm_start                                        text852      03FE
_reset                                            text848      04AD
_sampleChannelSelect                              dataBANK0    0069
_sampleTimes                                      bssBANK0     005F
_selectAdChannel                                  text850      049C
_setAD_ConvertFlag                                text825      036B
_setPB3                                           text826      03D3
_setPB4                                           text826      03DC
_setPB5                                           text826      03E4
_setPinInitVaule                                  text826      03CB
_setPulseWidth                                    text849      04AE
_startOneHoursTimer                               text833      040D
_startThreeHoursTimer                             text835      041B
_startTwelveHourTimer                             text837      0429
_startTwentyMinTimer                              text842      0437
_timer                                            bssBANK0     0060
_timer1_config                                    text846      0479
_timer1_interrupt_config                          text845      04A8
_uiBigTimer                                       bssBANK0     0049
_uiOneHourTimer                                   bssBANK0     004B
_uiSampleChannelFirst                             bssBANK1     00A0
_uiSampleChannelFourteenth                        bssBANK1     00B8
_uiSampleChannelFourth                            bssBANK1     00D0
_uiSmallTimer                                     bssBANK0     004D
_uiTwentyMinTimer                                 bssBANK0     004F
_uiTwentySecondsTimer                             bssBANK0     0051
_vPutSampleDataIntoTable                          text862      022D
adc_get@val                                       cstackCOMMON 0072
adc_test_init@channel                             cstackBANK0  0022
adc_test_init@ref                                 cstackBANK0  0020
btemp                                             (abs)        007E
clear_ram                                         clrtext      0483
end_of_initialization                             cinit        03FB
i1_setAD_ConvertFlag                              text862      028C
i1l1558                                                            
i1l2322                                                            
i1l3485                                                            
i1l3491                                                            
i1l3495                                                            
i1l3503                                                            
i1l3507                                                            
i1l3515                                                            
i1l3519                                                            
i1l3529                                                            
i1l3531                                                            
i1l3553                                                            
i1l3557                                                            
i1l3559                                                            
i1l3563                                                            
i1l3579                                                            
i1l3581                                                            
i1l3587                                                            
i1l3591                                                            
i1setAD_ConvertFlag@flag                          cstackCOMMON 0070
initPB3@bValue                                    cstackBANK0  0020
initPB4@bValue                                    cstackBANK0  0020
initPB5@bValue                                    cstackBANK0  0020
interrupt_function                                intentry     0004
intlevel0                                         functab      0000
intlevel1                                         functab      0000
intlevel2                                         functab      0000
intlevel3                                         functab      0000
intlevel4                                         functab      0000
intlevel5                                         functab      0000
l1517                                                              
l1546                                                              
l1549                                                              
l1552                                                              
l1555                                                              
l1558                                                              
l1561                                                              
l1564                                                              
l1590                                                              
l1593                                                              
l1602                                                              
l1651                                                              
l2313                                                              
l2319                                                              
l3255                                                              
l3257                                                              
l3259                                                              
l3261                                                              
l3263                                                              
l3265                                                              
l3267                                                              
l3269                                                              
l3271                                                              
l3273                                                              
l3275                                                              
l3277                                                              
l3279                                                              
l3281                                                              
l3283                                                              
l3285                                                              
l3287                                                              
l3289                                                              
l3291                                                              
l3293                                                              
l3295                                                              
l3299                                                              
l3301                                                              
l3303                                                              
l3305                                                              
l3307                                                              
l3309                                                              
l3311                                                              
l3313                                                              
l3315                                                              
l3317                                                              
l3319                                                              
l3323                                                              
l3329                                                              
l3331                                                              
l3343                                                              
l3345                                                              
l3349                                                              
l3351                                                              
l3361                                                              
l3363                                                              
l3369                                                              
l3371                                                              
l3375                                                              
l3377                                                              
l3387                                                              
l3393                                                              
l3395                                                              
l3399                                                              
l3401                                                              
l3411                                                              
l3417                                                              
l3419                                                              
l3423                                                              
l3425                                                              
l3435                                                              
l3443                                                              
l3445                                                              
l3447                                                              
l3467                                                              
l3475                                                              
l3477                                                              
l3481                                                              
l3533                                                              
l3537                                                              
l3539                                                              
l3543                                                              
l3547                                                              
l3593                                                              
l3595                                                              
l3597                                                              
l3599                                                              
l3601                                                              
l3603                                                              
l3607                                                              
l3615                                                              
l3619                                                              
l3623                                                              
l3625                                                              
l3627                                                              
l3629                                                              
l3631                                                              
l3633                                                              
l3635                                                              
l3639                                                              
l3641                                                              
l3663                                                              
l3677                                                              
l3687                                                              
l3689                                                              
l3709                                                              
l3731                                                              
l3733                                                              
l3735                                                              
l3737                                                              
l3749                                                              
l3757                                                              
l3759                                                              
l3783                                                              
l3785                                                              
l3787                                                              
l3793                                                              
l712                                                               
l718                                                               
l726                                                               
l729                                                               
l732                                                               
l735                                                               
main@cTimerP5s_783                                bssBANK0     0061
main@cTimerP5s_787                                bssBANK0     0062
main@ucDebug1                                     bssBANK0     0063
main@ucDebug2                                     bssBANK0     0064
main@ucStep                                       bssBANK0     0065
main@ucTimerP5s                                   bssBANK0     0066
main@uiTimerOneP5s                                bssBANK0     0053
main@uiTimerP5s                                   bssBANK0     0055
main@uiTimerTwoP5s                                bssBANK0     0057
pwm_config@state                                  cstackBANK0  0020
pwm_start@ucPulseWidth                            cstackBANK0  0020
reset_vec                                         reset_vec    0000
saved_w                                           (abs)        007E
setAD_ConvertFlag@flag                            cstackBANK0  0020
setPB3@bValue                                     cstackBANK0  0020
setPB4@bValue                                     cstackBANK0  0020
setPB5@bValue                                     cstackBANK0  0020
start                                             init         0011
startOneHoursTimer@uiSetTime                      cstackBANK0  0020
startThreeHoursTimer@uiSetTime                    cstackBANK0  0020
startTwelveHourTimer@uiSetTime                    cstackBANK0  0020
startTwentyMinTimer@uiSetValue                    cstackBANK0  0020
start_initialization                              cinit        03EC
vPutSampleDataIntoTable@channel                   cstackCOMMON 0076
vPutSampleDataIntoTable@i                         cstackCOMMON 0077
vPutSampleDataIntoTable@ucChannelFirstLength      bssCOMMON    007D
vPutSampleDataIntoTable@ucChannelFourteenthLength bssBANK0     0067
vPutSampleDataIntoTable@ucChannelFourthLength     bssBANK0     0068
vPutSampleDataIntoTable@uiSampleData              cstackCOMMON 0074
wtemp0                                            (abs)        007E
