HI-TECH Software C Compiler 

Linker command line:

--edf=C:\Program Files (x86)\HI-TECH Software\PICC\9.83\dat\en_msgs.txt -cs \
  -h+ProjTest.sym -z -Q16C77 -ol.obj -MProjTest.map -E1 -ACONST=00h-0FFhx16 \
  -ACODE=00h-07FFhx2 -ASTRCODE=00h-0FFFh -AENTRY=00h-0FFhx16 \
  -ASTRING=00h-0FFhx16 -ABANK0=020h-06Fh -ABANK1=0A0h-0EFh \
  -ABANK2=0110h-016Fh -ABANK3=0190h-01EFh \
  -ARAM=020h-06Fh,0A0h-0EFh,0110h-016Fh,0190h-01EFh \
  -AABS1=020h-07Fh,0A0h-0EFh,0110h-016Fh,0190h-01EFh -ACOMMON=070h-07Fh \
  -ASFR0=00h-01Fh -ASFR1=080h-09Fh -ASFR2=0100h-010Fh -ASFR3=0180h-018Fh \
  -preset_vec=00h,intentry=04h,init,end_init -ppowerup=CODE -pfunctab=CODE \
  -ACONFIG=02000h-02007h -pconfig=CONFIG -DCONFIG=2 -AIDLOC=02008h-0200Bh \
  -pidloc=IDLOC -DIDLOC=2 -DCODE=2 -DSTRCODE=2 -DSTRING=2 -DCONST=2 \
  -DENTRY=2 -k startup.obj ProjTest.obj 

Object code version is 3.10

Machine type is 16C77



                Name                               Link     Load   Length Selector   Space Scale
startup.obj     end_init                             11       11        2        8       0
                reset_vec                             0        0        2        0       0
ProjTest.obj    intentry                              4        4        D        8       0
                config                             2000     2000        3     4000       0
                text1408                             13       13      221        8       0
                text1400                            55B      55B       15        8       0
                text1399                            611      611        4        8       0
                text1398                            61D      61D        1        8       0
                text1393                            605      605        8        8       0
                text1392                            5EA      5EA        A        8       0
                text1391                            618      618        3        8       0
                text1390                            584      584       11        8       0
                text1389                            5F4      5F4        9        8       0
                text1387                            570      570       14        8       0
                text1385                            60D      60D        4        8       0
                text1384                            61B      61B        2        8       0
                text1383                            5BF      5BF        C        8       0
                text1382                            5B1      5B1        E        8       0
                text1381                            5E0      5E0        A        8       0
                text1380                            5A3      5A3        E        8       0
                text1379                            5D6      5D6        A        8       0
                text1378                            595      595        E        8       0
                text1377                            5CB      5CB        B        8       0
                text1376                            615      615        3        8       0
                text1371                            4D9      4D9       31        8       0
                text1370                            50A      50A       21        8       0
                text1369                            52B      52B       1A        8       0
                text1368                            48A      48A       4F        8       0
                text1367                            3E2      3E2       A8        8       0
                maintext                            234      234      1AE        8       0
                cstackBANK0                          20       20       1D       20       1
                cstackCOMMON                         70       70        B       70       1
                cstackBANK1                          C0       C0       18       A0       1
                clrtext                             5FD      5FD        8        8       0
                bssBANK1                             A0       A0       20       A0       1
                dataBANK0                            55       55        2       20       1
                bssBANK0                             3D       3D       18       20       1
                bssCOMMON                            7B       7B        3       70       1
                cinit                               545      545       16        8       0

TOTAL           Name                               Link     Load   Length     Space
        CLASS   CONST          

        CLASS   CODE           
                end_init                             11       11        2         0
                intentry                              4        4        D         0
                reset_vec                             0        0        2         0
                text1408                             13       13      221         0
                text1400                            55B      55B       15         0
                text1399                            611      611        4         0
                text1398                            61D      61D        1         0
                text1393                            605      605        8         0
                text1392                            5EA      5EA        A         0
                text1391                            618      618        3         0
                text1390                            584      584       11         0
                text1389                            5F4      5F4        9         0
                text1387                            570      570       14         0
                text1385                            60D      60D        4         0
                text1384                            61B      61B        2         0
                text1383                            5BF      5BF        C         0
                text1382                            5B1      5B1        E         0
                text1381                            5E0      5E0        A         0
                text1380                            5A3      5A3        E         0
                text1379                            5D6      5D6        A         0
                text1378                            595      595        E         0
                text1377                            5CB      5CB        B         0
                text1376                            615      615        3         0
                text1371                            4D9      4D9       31         0
                text1370                            50A      50A       21         0
                text1369                            52B      52B       1A         0
                text1368                            48A      48A       4F         0
                text1367                            3E2      3E2       A8         0
                maintext                            234      234      1AE         0
                clrtext                             5FD      5FD        8         0
                cinit                               545      545       16         0

        CLASS   STRCODE        

        CLASS   ENTRY          

        CLASS   STRING         

        CLASS   BANK0          
                cstackBANK0                          20       20       1D         1
                dataBANK0                            55       55        2         1
                bssBANK0                             3D       3D       18         1

        CLASS   BANK1          
                cstackBANK1                          C0       C0       18         1
                bssBANK1                             A0       A0       20         1

        CLASS   BANK2          

        CLASS   BANK3          

        CLASS   RAM            

        CLASS   ABS1           
                abs_s1                               7E       7E        2         1
                abs_s1                              1E0      1E0       10         1

        CLASS   COMMON         
                cstackCOMMON                         70       70        B         1
                bssCOMMON                            7B       7B        3         1

        CLASS   SFR0           

        CLASS   SFR1           

        CLASS   SFR2           

        CLASS   SFR3           

        CLASS   CONFIG         
                config                             2000     2000        3         0

        CLASS   IDLOC          

        CLASS   EEDATA         



SEGMENTS        Name                           Load    Length   Top    Selector   Space  Class     Delta

                reset_vec                      000000  000002  000002         0       0  CODE        2
                intentry                       000004  00061A  00061E         8       0  CODE        2
                cstackBANK0                    000020  000037  000057        20       1  BANK0       1
                cstackCOMMON                   000070  00000E  00007E        70       1  COMMON      1
                bssBANK1                       0000A0  000038  0000D8        A0       1  BANK1       1
                config                         002000  000003  002003      4000       0  CONFIG      2


UNUSED ADDRESS RANGES

        Name                Unused          Largest block    Delta
        BANK0            0057-006F             19           1
        BANK1            00D8-00EF             18           1
        BANK2            0110-016F             60           1
        BANK3            0190-01DF             50           1
        CODE             0002-0003              2           2
                         061E-0FFF            1E2
        CONFIG           2003-2007              5           2
        CONST            0002-0003              2           2
                         061E-0FFF            100
        ENTRY            0002-0003              2           2
                         061E-0FFF            100
        IDLOC            2008-200B              4           2
        RAM              0057-006F             19           1
                         00D8-00EF             18
                         0110-016F             60
                         0190-01DF             50
        SFR0             0000-001F             20           1
        SFR1             0080-009F             20           1
        SFR2             0100-010F             10           1
        SFR3             0180-018F             10           1
        STRCODE          0002-0003              2           2
                         061E-0FFF            9E2
        STRING           0002-0003              2           2
                         061E-0FFF            100

                                  Symbol Table

??_AD_Sample                                      cstackBANK0  0039
??_Filter                                         cstackCOMMON 0072
??_FilterCh13                                     cstackBANK1  00C0
??_ISR                                            cstackBANK0  0035
??_adc_get                                        cstackCOMMON 0072
??_adc_start                                      cstackBANK0  0039
??_adc_test_init                                  cstackBANK0  003A
??_clearOneHoursTimer                             cstackBANK0  0039
??_clearThreeHoursTimer                           cstackBANK0  0039
??_clearTwelveHoursTimer                          cstackBANK0  0039
??_clearTwentyMinTimer                            cstackBANK0  0039
??_clock_config                                   cstackBANK0  0039
??_clrSampeTime                                   cstackBANK0  0039
??_getAD_ConvertFlag                              cstackBANK0  0039
??_getAdOriginalCh13Value                         cstackBANK0  003D
??_getWaitResetFlag                               cstackCOMMON 0070
??_initPB2_AsHighResistence                       cstackBANK0  0039
??_initPB3                                        cstackBANK0  0039
??_initPB4                                        cstackBANK0  0039
??_initPB5                                        cstackBANK0  0039
??_initPin                                        cstackBANK0  003A
??_isFinishedOneHoursTimer                        cstackBANK0  0039
??_isFinishedThreeHoursTimer                      cstackBANK0  0039
??_isFinishedTwelveHoursTimer                     cstackBANK0  0039
??_isFinishedTwentyMinTimer                       cstackBANK0  0039
??_isPermitSampleTime                             cstackBANK0  0039
??_main                                           cstackBANK1  00D3
??_op1_init                                       cstackBANK0  0039
??_process_AD_Converter_Value                     cstackBANK0  003C
??_pwm_start                                      cstackBANK0  003A
??_reset                                          cstackBANK0  0039
??_resetAllTimer                                  cstackBANK0  0039
??_selectAdChannel                                cstackBANK0  0039
??_setAD_ConvertFlag                              cstackBANK0  0039
??_setPB3                                         cstackBANK0  0039
??_setPB4                                         cstackBANK0  0039
??_setPB5                                         cstackBANK0  0039
??_setPWM_Width                                   cstackCOMMON 0070
??_setPinInitVaule                                cstackBANK0  003A
??_setWaitResetFlag                               cstackBANK0  0039
??_startOneHoursTimer                             cstackBANK0  003B
??_startThreeHoursTimer                           cstackBANK0  003B
??_startTwelveHourTimer                           cstackBANK0  003B
??_startTwentyMinTimer                            cstackBANK0  003B
??_timer1_config                                  cstackBANK0  0039
??_timer1_interrupt_config                        cstackBANK0  0039
??_uid_get                                        cstackBANK0  0039
??_vPutSampleDataIntoTable                        cstackCOMMON 0079
??i1_setAD_ConvertFlag                            cstackCOMMON 0070
?_AD_Sample                                       cstackCOMMON 0070
?_Filter                                          cstackCOMMON 0070
?_FilterCh13                                      cstackBANK0  0039
?_ISR                                             cstackCOMMON 0070
?_adc_get                                         cstackCOMMON 0070
?_adc_start                                       cstackCOMMON 0070
?_adc_test_init                                   cstackBANK0  0039
?_clearOneHoursTimer                              cstackCOMMON 0070
?_clearThreeHoursTimer                            cstackCOMMON 0070
?_clearTwelveHoursTimer                           cstackCOMMON 0070
?_clearTwentyMinTimer                             cstackCOMMON 0070
?_clock_config                                    cstackCOMMON 0070
?_clrSampeTime                                    cstackCOMMON 0070
?_getAD_ConvertFlag                               cstackCOMMON 0070
?_getAdOriginalCh13Value                          cstackBANK0  003B
?_getWaitResetFlag                                cstackCOMMON 0070
?_initPB2_AsHighResistence                        cstackCOMMON 0070
?_initPB3                                         cstackCOMMON 0070
?_initPB4                                         cstackCOMMON 0070
?_initPB5                                         cstackCOMMON 0070
?_initPin                                         cstackCOMMON 0070
?_isFinishedOneHoursTimer                         cstackCOMMON 0070
?_isFinishedThreeHoursTimer                       cstackCOMMON 0070
?_isFinishedTwelveHoursTimer                      cstackCOMMON 0070
?_isFinishedTwentyMinTimer                        cstackCOMMON 0070
?_isPermitSampleTime                              cstackCOMMON 0070
?_main                                            cstackCOMMON 0070
?_op1_init                                        cstackCOMMON 0070
?_process_AD_Converter_Value                      cstackCOMMON 0070
?_pwm_start                                       cstackBANK0  0039
?_reset                                           cstackCOMMON 0070
?_resetAllTimer                                   cstackCOMMON 0070
?_selectAdChannel                                 cstackCOMMON 0070
?_setAD_ConvertFlag                               cstackCOMMON 0070
?_setPB3                                          cstackCOMMON 0070
?_setPB4                                          cstackCOMMON 0070
?_setPB5                                          cstackCOMMON 0070
?_setPWM_Width                                    cstackCOMMON 0070
?_setPinInitVaule                                 cstackCOMMON 0070
?_setWaitResetFlag                                cstackCOMMON 0070
?_startOneHoursTimer                              cstackBANK0  0039
?_startThreeHoursTimer                            cstackBANK0  0039
?_startTwelveHourTimer                            cstackBANK0  0039
?_startTwentyMinTimer                             cstackBANK0  0039
?_timer1_config                                   cstackCOMMON 0070
?_timer1_interrupt_config                         cstackCOMMON 0070
?_uid_get                                         cstackCOMMON 0070
?_vPutSampleDataIntoTable                         cstackCOMMON 0076
?i1_setAD_ConvertFlag                             cstackCOMMON 0070
Filter@cir                                        cstackBANK0  002B
Filter@filter_buf                                 cstackBANK0  0025
Filter@filter_sum                                 cstackBANK0  0022
Filter@filter_temp                                cstackBANK0  0020
Filter@i                                          cstackBANK0  002E
Filter@j                                          cstackBANK0  002D
Filter@tmpValue                                   cstackBANK0  0024
FilterCh13@cir                                    cstackBANK1  00CF
FilterCh13@filter_buf                             cstackBANK1  00C9
FilterCh13@filter_sum                             cstackBANK1  00C7
FilterCh13@filter_temp                            cstackBANK1  00C5
FilterCh13@i                                      cstackBANK1  00D2
FilterCh13@j                                      cstackBANK1  00D1
FilterCh13@tmpValue                               cstackBANK1  00C4
ISR@ucTimer1sCnt                                  bssBANK0     0045
_ADCON0                                           (abs)        001F
_ADCON1                                           (abs)        009F
_ADIE                                             (abs)        046A
_ADIF                                             (abs)        006A
_ADON                                             (abs)        00F8
_ADRESH                                           (abs)        001E
_ADRESL                                           (abs)        009E
_AD_Sample                                        text1368     04A6
_CCP1CON                                          (abs)        0017
_CCPR1L                                           (abs)        0015
_CLKPCE                                           (abs)        0847
_CLKPR                                            (abs)        0108
_Filter                                           text1408     0172
_FilterCh13                                       text1367     03E9
_GIE                                              (abs)        005F
_GO                                               (abs)        00F9
_ISR                                              text1408     0013
_OP1CON0                                          (abs)        001B
_OP1CON1                                          (abs)        001C
_OP1CON2                                          (abs)        001D
_PB0                                              (abs)        0030
_PB1                                              (abs)        0031
_PB2                                              (abs)        0032
_PB3                                              (abs)        0033
_PBOD2                                            (abs)        0C42
_PEIE                                             (abs)        005E
_PR2                                              (abs)        0092
_SRAM_MAP                                         (abs)        0C78
_T1CON                                            (abs)        0010
_T2CON                                            (abs)        0012
_TMR1H                                            (abs)        000F
_TMR1IE                                           (abs)        0460
_TMR1IF                                           (abs)        0060
_TMR1L                                            (abs)        000E
_TRISB0                                           (abs)        0430
_TRISB1                                           (abs)        0431
_TRISB2                                           (abs)        0432
_TRISB3                                           (abs)        0433
_TRISB4                                           (abs)        0434
_TRISB5                                           (abs)        0435
__Habs1                                           abs1         0000
__Hbank0                                          bank0        0000
__Hbank1                                          bank1        0000
__Hbank2                                          bank2        0000
__Hbank3                                          bank3        0000
__HbssBANK0                                       bssBANK0     0000
__HbssBANK1                                       bssBANK1     0000
__HbssCOMMON                                      bssCOMMON    0000
__Hcinit                                          cinit        0000
__Hclrtext                                        clrtext      0000
__Hcode                                           code         0000
__Hcommon                                         common       0000
__Hconfig                                         config       2003
__HcstackBANK0                                    cstackBANK0  0000
__HcstackBANK1                                    cstackBANK1  0000
__HcstackCOMMON                                   cstackCOMMON 0000
__HdataBANK0                                      dataBANK0    0000
__Heeprom_data                                    eeprom_data  0000
__Hend_init                                       end_init     0013
__Hfunctab                                        functab      0000
__HidataBANK0                                     idataBANK0   0000
__Hidloc                                          idloc        0000
__Hinit                                           init         0011
__Hintentry                                       intentry     0011
__Hmaintext                                       maintext     0000
__Hpa_nodes                                       pa_nodes     0000
__Hpowerup                                        powerup      0000
__Hram                                            ram          0000
__Hreset_vec                                      reset_vec    0002
__Hsfr0                                           sfr0         0000
__Hsfr1                                           sfr1         0000
__Hsfr2                                           sfr2         0000
__Hsfr3                                           sfr3         0000
__Hstrings                                        strings      0000
__Htext                                           text         0000
__Labs1                                           abs1         0000
__Lbank0                                          bank0        0000
__Lbank1                                          bank1        0000
__Lbank2                                          bank2        0000
__Lbank3                                          bank3        0000
__LbssBANK0                                       bssBANK0     0000
__LbssBANK1                                       bssBANK1     0000
__LbssCOMMON                                      bssCOMMON    0000
__Lcinit                                          cinit        0000
__Lclrtext                                        clrtext      0000
__Lcode                                           code         0000
__Lcommon                                         common       0000
__Lconfig                                         config       2000
__LcstackBANK0                                    cstackBANK0  0000
__LcstackBANK1                                    cstackBANK1  0000
__LcstackCOMMON                                   cstackCOMMON 0000
__LdataBANK0                                      dataBANK0    0000
__Leeprom_data                                    eeprom_data  0000
__Lend_init                                       end_init     0011
__Lfunctab                                        functab      0000
__LidataBANK0                                     idataBANK0   0000
__Lidloc                                          idloc        0000
__Linit                                           init         0011
__Lintentry                                       intentry     0004
__Lmaintext                                       maintext     0000
__Lpa_nodes                                       pa_nodes     0000
__Lpowerup                                        powerup      0000
__Lram                                            ram          0000
__Lreset_vec                                      reset_vec    0000
__Lsfr0                                           sfr0         0000
__Lsfr1                                           sfr1         0000
__Lsfr2                                           sfr2         0000
__Lsfr3                                           sfr3         0000
__Lstrings                                        strings      0000
__Ltext                                           text         0000
__S0                                              (abs)        2003
__S1                                              (abs)        00D8
__end_of_AD_Sample                                text1368     04BA
__end_of_Filter                                   text1408     01F8
__end_of_FilterCh13                               text1367     046B
__end_of_ISR                                      text1408     007A
__end_of_adc_get                                  text1408     008B
__end_of_adc_start                                text1368     04D9
__end_of_adc_test_init                            text1368     04D5
__end_of_clearOneHoursTimer                       text1369     053F
__end_of_clearThreeHoursTimer                     text1369     053B
__end_of_clearTwelveHoursTimer                    text1369     0537
__end_of_clearTwentyMinTimer                      text1369     0545
__end_of_clock_config                             text1393     060D
__end_of_clrSampeTime                             text1384     061D
__end_of_getAD_ConvertFlag                        text1368     04A3
__end_of_getAdOriginalCh13Value                   text1367     03E9
__end_of_getWaitResetFlag                         text1408     0172
__end_of_initPB2_AsHighResistence                 text1371     04F4
__end_of_initPB3                                  text1371     04EF
__end_of_initPB4                                  text1371     04FF
__end_of_initPB5                                  text1371     050A
__end_of_initPin                                  text1371     04E3
__end_of_isFinishedOneHoursTimer                  text1377     05D6
__end_of_isFinishedThreeHoursTimer                text1379     05E0
__end_of_isFinishedTwelveHoursTimer               text1381     05EA
__end_of_isFinishedTwentyMinTimer                 text1383     05CB
__end_of_isPermitSampleTime                       text1385     0611
__end_of_main                                     maintext     03E2
__end_of_op1_init                                 text1389     05FD
__end_of_process_AD_Converter_Value               text1368     049F
__end_of_pwm_start                                text1400     0570
__end_of_reset                                    text1399     0611
__end_of_resetAllTimer                            text1369     0532
__end_of_selectAdChannel                          text1399     0615
__end_of_setAD_ConvertFlag                        text1368     04A6
__end_of_setPB3                                   text1370     051B
__end_of_setPB4                                   text1370     0523
__end_of_setPB5                                   text1370     052B
__end_of_setPWM_Width                             text1408     01FB
__end_of_setPinInitVaule                          text1370     0512
__end_of_setWaitResetFlag                         text1376     0618
__end_of_startOneHoursTimer                       text1378     05A3
__end_of_startThreeHoursTimer                     text1380     05B1
__end_of_startTwelveHourTimer                     text1382     05BF
__end_of_startTwentyMinTimer                      text1387     0584
__end_of_timer1_config                            text1392     05F4
__end_of_timer1_interrupt_config                  text1391     061B
__end_of_uid_get                                  text1390     0595
__end_of_vPutSampleDataIntoTable                  text1408     0170
__end_ofi1_setAD_ConvertFlag                      text1408     008E
__pbssBANK0                                       bssBANK0     003D
__pbssBANK1                                       bssBANK1     00A0
__pbssCOMMON                                      bssCOMMON    007B
__pcstackBANK0                                    cstackBANK0  0020
__pcstackBANK1                                    cstackBANK1  00C0
__pcstackCOMMON                                   cstackCOMMON 0070
__pdataBANK0                                      dataBANK0    0055
__pidataBANK0                                     idataBANK0   0000
__pintentry                                       intentry     0004
__pmaintext                                       maintext     0234
__ptext1367                                       text1367     03E2
__ptext1368                                       text1368     048A
__ptext1369                                       text1369     052B
__ptext1370                                       text1370     050A
__ptext1371                                       text1371     04D9
__ptext1372                                       text1368     04A6
__ptext1373                                       text1368     04A3
__ptext1374                                       text1368     049F
__ptext1375                                       text1367     03E9
__ptext1376                                       text1376     0615
__ptext1377                                       text1377     05CB
__ptext1378                                       text1378     0595
__ptext1379                                       text1379     05D6
__ptext1380                                       text1380     05A3
__ptext1381                                       text1381     05E0
__ptext1382                                       text1382     05B1
__ptext1383                                       text1383     05BF
__ptext1384                                       text1384     061B
__ptext1385                                       text1385     060D
__ptext1386                                       text1368     04D5
__ptext1387                                       text1387     0570
__ptext1388                                       text1368     04BA
__ptext1389                                       text1389     05F4
__ptext1390                                       text1390     0584
__ptext1391                                       text1391     0618
__ptext1392                                       text1392     05EA
__ptext1393                                       text1393     0605
__ptext1394                                       text1369     053F
__ptext1395                                       text1369     053B
__ptext1396                                       text1369     0537
__ptext1397                                       text1369     0532
__ptext1398                                       text1398     061D
__ptext1399                                       text1399     0611
__ptext1400                                       text1400     055B
__ptext1401                                       text1371     04EF
__ptext1402                                       text1370     0523
__ptext1403                                       text1371     04FF
__ptext1404                                       text1370     051B
__ptext1405                                       text1371     04F4
__ptext1406                                       text1370     0512
__ptext1407                                       text1371     04E3
__ptext1408                                       text1408     0013
__ptext1409                                       text1408     008E
__ptext1410                                       text1408     008B
__ptext1411                                       text1408     007A
__ptext1412                                       text1408     0172
__ptext1413                                       text1408     01F8
__ptext1414                                       text1408     0170
__ptext1415                                       text1415     0000
__size_of_AD_Sample                               (abs)        0000
__size_of_Filter                                  (abs)        0000
__size_of_FilterCh13                              (abs)        0000
__size_of_ISR                                     (abs)        0000
__size_of_adc_get                                 (abs)        0000
__size_of_adc_start                               (abs)        0000
__size_of_adc_test_init                           (abs)        0000
__size_of_clearOneHoursTimer                      (abs)        0000
__size_of_clearThreeHoursTimer                    (abs)        0000
__size_of_clearTwelveHoursTimer                   (abs)        0000
__size_of_clearTwentyMinTimer                     (abs)        0000
__size_of_clock_config                            (abs)        0000
__size_of_clrSampeTime                            (abs)        0000
__size_of_getAD_ConvertFlag                       (abs)        0000
__size_of_getAdOriginalCh13Value                  (abs)        0000
__size_of_getWaitResetFlag                        (abs)        0000
__size_of_initPB2_AsHighResistence                (abs)        0000
__size_of_initPB3                                 (abs)        0000
__size_of_initPB4                                 (abs)        0000
__size_of_initPB5                                 (abs)        0000
__size_of_initPin                                 (abs)        0000
__size_of_isFinishedOneHoursTimer                 (abs)        0000
__size_of_isFinishedThreeHoursTimer               (abs)        0000
__size_of_isFinishedTwelveHoursTimer              (abs)        0000
__size_of_isFinishedTwentyMinTimer                (abs)        0000
__size_of_isPermitSampleTime                      (abs)        0000
__size_of_main                                    (abs)        0000
__size_of_op1_init                                (abs)        0000
__size_of_process_AD_Converter_Value              (abs)        0000
__size_of_pwm_start                               (abs)        0000
__size_of_reset                                   (abs)        0000
__size_of_resetAllTimer                           (abs)        0000
__size_of_selectAdChannel                         (abs)        0000
__size_of_setAD_ConvertFlag                       (abs)        0000
__size_of_setPB3                                  (abs)        0000
__size_of_setPB4                                  (abs)        0000
__size_of_setPB5                                  (abs)        0000
__size_of_setPWM_Width                            (abs)        0000
__size_of_setPinInitVaule                         (abs)        0000
__size_of_setWaitResetFlag                        (abs)        0000
__size_of_startOneHoursTimer                      (abs)        0000
__size_of_startThreeHoursTimer                    (abs)        0000
__size_of_startTwelveHourTimer                    (abs)        0000
__size_of_startTwentyMinTimer                     (abs)        0000
__size_of_timer1_config                           (abs)        0000
__size_of_timer1_interrupt_config                 (abs)        0000
__size_of_uid_get                                 (abs)        0000
__size_of_vPutSampleDataIntoTable                 (abs)        0000
__size_ofi1_setAD_ConvertFlag                     (abs)        0000
_ad_offset                                        bssBANK1     00A0
_adc_convert_flag                                 bssBANK0     0046
_adc_get                                          text1408     007A
_adc_start                                        text1368     04D5
_adc_test_init                                    text1368     04BA
_bBigTimerStartFlag                               bssBANK0     0047
_bOneHourTimerStartFlag                           bssBANK0     0048
_bSmallTimerStartFlag                             bssBANK0     0049
_bTwentyMinStartFlag                              bssBANK0     004A
_bWaitResetFlag                                   bssBANK0     004B
_clearOneHoursTimer                               text1369     053B
_clearThreeHoursTimer                             text1369     0537
_clearTwelveHoursTimer                            text1369     0532
_clearTwentyMinTimer                              text1369     053F
_clock_config                                     text1393     0605
_clrSampeTime                                     text1384     061B
_exit                                             init         0011
_getAD_ConvertFlag                                text1368     049F
_getAdOriginalCh13Value                           text1367     03E2
_getWaitResetFlag                                 text1408     0170
_initPB2_AsHighResistence                         text1371     04EF
_initPB3                                          text1371     04E3
_initPB4                                          text1371     04F4
_initPB5                                          text1371     04FF
_initPin                                          text1371     04D9
_isFinishedOneHoursTimer                          text1377     05CB
_isFinishedThreeHoursTimer                        text1379     05D6
_isFinishedTwelveHoursTimer                       text1381     05E0
_isFinishedTwentyMinTimer                         text1383     05BF
_isPermitSampleTime                               text1385     060D
_key                                              (abs)        01E0
_main                                             maintext     0234
_op1_init                                         text1389     05F4
_process_AD_Converter_Value                       text1368     048A
_pwm_start                                        text1400     055B
_reset                                            text1398     061D
_resetAllTimer                                    text1369     052B
_sampleChannelSelect                              dataBANK0    0055
_sampleTimes                                      bssBANK0     004C
_selectAdChannel                                  text1399     0611
_setAD_ConvertFlag                                text1368     04A3
_setPB3                                           text1370     0512
_setPB4                                           text1370     051B
_setPB5                                           text1370     0523
_setPWM_Width                                     text1408     01F8
_setPinInitVaule                                  text1370     050A
_setWaitResetFlag                                 text1376     0615
_startOneHoursTimer                               text1378     0595
_startThreeHoursTimer                             text1380     05A3
_startTwelveHourTimer                             text1382     05B1
_startTwentyMinTimer                              text1387     0570
_timer                                            bssBANK0     004D
_timer1_config                                    text1392     05EA
_timer1_interrupt_config                          text1391     0618
_uiBigTimer                                       bssBANK0     003D
_uiOneHourTimer                                   bssBANK0     003F
_uiSampleCh12                                     bssBANK1     00AE
_uiSampleCh13                                     bssBANK1     00B4
_uiSampleChannelFourteenth                        bssBANK1     00BA
_uiSmallTimer                                     bssBANK0     0041
_uiTwentyMinTimer                                 bssBANK1     00A2
_uiTwentySecondsTimer                             bssBANK1     00A4
_uid_get                                          text1390     0584
_vPutSampleDataIntoTable                          text1408     008E
adc_get@val                                       cstackCOMMON 0072
adc_test_init@channel                             cstackBANK0  003B
adc_test_init@ref                                 cstackBANK0  0039
btemp                                             (abs)        007E
clear_ram                                         clrtext      05FD
end_of_initialization                             cinit        0558
i1_setAD_ConvertFlag                              text1408     008B
i1l1486                                                            
i1l1492                                                            
i1l1518                                                            
i1l1589                                                            
i1l2352                                                            
i1l3569                                                            
i1l3573                                                            
i1l3623                                                            
i1l3631                                                            
i1l3633                                                            
i1l3635                                                            
i1l3655                                                            
i1l3663                                                            
i1l3665                                                            
i1l3671                                                            
i1l3677                                                            
i1l3679                                                            
i1l3683                                                            
i1l3685                                                            
i1l3687                                                            
i1l3689                                                            
i1l3693                                                            
i1l3697                                                            
i1l3731                                                            
i1l3735                                                            
i1l3739                                                            
i1l3743                                                            
i1l3751                                                            
i1l3755                                                            
i1l3765                                                            
i1l3767                                                            
i1l3789                                                            
i1l3793                                                            
i1l3795                                                            
i1l3799                                                            
i1l3815                                                            
i1l3817                                                            
i1l3823                                                            
i1l3827                                                            
i1setAD_ConvertFlag@flag                          cstackCOMMON 0070
initPB3@bValue                                    cstackBANK0  0039
initPB4@bValue                                    cstackBANK0  0039
initPB5@bValue                                    cstackBANK0  0039
interrupt_function                                intentry     0004
intlevel0                                         functab      0000
intlevel1                                         functab      0000
intlevel2                                         functab      0000
intlevel3                                         functab      0000
intlevel4                                         functab      0000
intlevel5                                         functab      0000
l1483                                                              
l1505                                                              
l1577                                                              
l1580                                                              
l1583                                                              
l1586                                                              
l1589                                                              
l1595                                                              
l1621                                                              
l1624                                                              
l1627                                                              
l1630                                                              
l1670                                                              
l2326                                                              
l2332                                                              
l2343                                                              
l2349                                                              
l4023                                                              
l4025                                                              
l4027                                                              
l4029                                                              
l4031                                                              
l4033                                                              
l4035                                                              
l4037                                                              
l4039                                                              
l4041                                                              
l4043                                                              
l4045                                                              
l4047                                                              
l4049                                                              
l4051                                                              
l4053                                                              
l4055                                                              
l4057                                                              
l4059                                                              
l4061                                                              
l4063                                                              
l4065                                                              
l4067                                                              
l4069                                                              
l4071                                                              
l4075                                                              
l4077                                                              
l4079                                                              
l4081                                                              
l4083                                                              
l4085                                                              
l4087                                                              
l4089                                                              
l4091                                                              
l4093                                                              
l4095                                                              
l4097                                                              
l4099                                                              
l4101                                                              
l4103                                                              
l4109                                                              
l4113                                                              
l4115                                                              
l4125                                                              
l4127                                                              
l4131                                                              
l4133                                                              
l4143                                                              
l4149                                                              
l4151                                                              
l4155                                                              
l4157                                                              
l4167                                                              
l4173                                                              
l4175                                                              
l4179                                                              
l4181                                                              
l4191                                                              
l4197                                                              
l4199                                                              
l4203                                                              
l4205                                                              
l4215                                                              
l4217                                                              
l4225                                                              
l4227                                                              
l4229                                                              
l4249                                                              
l4257                                                              
l4259                                                              
l4265                                                              
l4269                                                              
l4271                                                              
l4275                                                              
l4279                                                              
l4285                                                              
l4287                                                              
l4289                                                              
l4291                                                              
l4293                                                              
l4295                                                              
l4297                                                              
l4301                                                              
l4309                                                              
l4313                                                              
l4315                                                              
l4317                                                              
l4319                                                              
l4321                                                              
l4323                                                              
l4327                                                              
l4329                                                              
l4337                                                              
l4353                                                              
l4355                                                              
l4357                                                              
l4373                                                              
l4377                                                              
l4393                                                              
l4397                                                              
l4399                                                              
l4401                                                              
l4403                                                              
l4405                                                              
l4409                                                              
l4427                                                              
l4429                                                              
l4431                                                              
l4449                                                              
l4457                                                              
l4461                                                              
l4473                                                              
l715                                                               
l718                                                               
l721                                                               
l724                                                               
l727                                                               
l736                                                               
main@cTimerP5s_795                                bssBANK0     004E
main@cTimerP5s_801                                bssBANK0     004F
main@ucChValue                                    cstackBANK1  00D4
main@ucDelay1s                                    bssBANK1     00A6
main@ucStep                                       bssBANK0     0050
main@ucTimerP3s                                   bssBANK0     0051
main@ucTimerP5s                                   bssBANK0     0052
main@uiCh13Value                                  cstackBANK1  00D6
main@uiTimerOneP5s                                bssBANK1     00A8
main@uiTimerTwoP5s                                bssBANK1     00AA
pwm_start@ucPulseFrequency                        cstackBANK0  0039
pwm_start@ucPulseWidth                            cstackBANK0  003A
reset_vec                                         reset_vec    0000
saved_w                                           (abs)        007E
setAD_ConvertFlag@flag                            cstackBANK0  0039
setPB3@bValue                                     cstackBANK0  0039
setPB4@bValue                                     cstackBANK0  0039
setPB5@bValue                                     cstackBANK0  0039
setPWM_Width@ucWidth                              cstackCOMMON 0070
setWaitResetFlag@bValue                           cstackBANK0  0039
start                                             init         0011
startOneHoursTimer@uiSetTime                      cstackBANK0  0039
startThreeHoursTimer@uiSetTime                    cstackBANK0  0039
startTwelveHourTimer@uiSetTime                    cstackBANK0  0039
startTwentyMinTimer@uiSetValue                    cstackBANK0  0039
start_initialization                              cinit        0545
vPutSampleDataIntoTable@channel                   cstackCOMMON 0078
vPutSampleDataIntoTable@i                         cstackBANK0  0031
vPutSampleDataIntoTable@ucCh12Length              bssCOMMON    007D
vPutSampleDataIntoTable@ucCh13Length              bssBANK0     0053
vPutSampleDataIntoTable@ucChannelFourteenthLength bssBANK0     0054
vPutSampleDataIntoTable@uiAbstractValue           cstackBANK0  002F
vPutSampleDataIntoTable@uiCalWidthArrayNew        bssCOMMON    007B
vPutSampleDataIntoTable@uiCalWidthArrayOld        bssBANK0     0043
vPutSampleDataIntoTable@uiCalWidthCnt             bssBANK1     00AC
vPutSampleDataIntoTable@uiDeviationValue          cstackBANK0  0033
vPutSampleDataIntoTable@uiInitWidth               dataBANK0    0056
vPutSampleDataIntoTable@uiSampleData              cstackCOMMON 0076
wtemp0                                            (abs)        007E
