HI-TECH Software C Compiler 

Linker command line:

--edf=C:\Program Files (x86)\HI-TECH Software\PICC\9.83\dat\en_msgs.txt -cs \
  -h+ProjTest.sym -z -Q16C77 -ol.obj -MProjTest.map -E1 -ACONST=00h-0FFhx16 \
  -ACODE=00h-07FFhx2 -ASTRCODE=00h-0FFFh -AENTRY=00h-0FFhx16 \
  -ASTRING=00h-0FFhx16 -ABANK0=020h-06Fh -ABANK1=0A0h-0EFh \
  -ABANK2=0110h-016Fh -ABANK3=0190h-01EFh \
  -ARAM=020h-06Fh,0A0h-0EFh,0110h-016Fh,0190h-01EFh \
  -AABS1=020h-07Fh,0A0h-0EFh,0110h-016Fh,0190h-01EFh -ACOMMON=070h-07Fh \
  -ASFR0=00h-01Fh -ASFR1=080h-09Fh -ASFR2=0100h-010Fh -ASFR3=0180h-018Fh \
  -preset_vec=00h,intentry=04h,init,end_init -ppowerup=CODE -pfunctab=CODE \
  -ACONFIG=02000h-02007h -pconfig=CONFIG -DCONFIG=2 -AIDLOC=02008h-0200Bh \
  -pidloc=IDLOC -DIDLOC=2 -DCODE=2 -DSTRCODE=2 -DSTRING=2 -DCONST=2 \
  -DENTRY=2 -k startup.obj ProjTest.obj 

Object code version is 3.10

Machine type is 16C77



                Name                               Link     Load   Length Selector   Space Scale
startup.obj     end_init                              B        B        2        8       0
                reset_vec                             0        0        2        0       0
ProjTest.obj    intentry                              4        4        7        8       0
                config                             2000     2000        3     4000       0
                text631                             3C3      3C3       68        8       0
                text627                             445      445       13        8       0
                text626                             4C7      4C7        8      920       0
                text625                             49B      49B        A      920       0
                text624                             4FB      4FB        3      920       0
                text622                             4F2      4F2        5      920       0
                text621                             490      490        B      920       0
                text620                             4BF      4BF        8      920       0
                text618                             4ED      4ED        5      920       0
                text617                             4FE      4FE        2      920       0
                text616                             4E8      4E8        5      920       0
                text615                             4E3      4E3        5      920       0
                text614                             4AE      4AE        9      920       0
                text613                             4DE      4DE        5      920       0
                text612                             4F7      4F7        4      920       0
                text611                             4D9      4D9        5      920       0
                text610                             4D4      4D4        5      920       0
                text609                             4A5      4A5        9      920       0
                text608                             4CF      4CF        5      920       0
                text602                             42B      42B       1A        8       0
                text601                             315      315       AE        8       0
                swtext3                             484      484        C      8D0       0
                swtext2                             476      476        E      8D0       0
                swtext1                             468      468        E      8D0       0
                maintext                              D        D      308        8       0
                cstackBANK0                          56       56        5       20       1
                cstackCOMMON                         70       70        6       70       1
                clrtext                             4B7      4B7        8      920       0
                dataBANK0                            5B       5B        1       20       1
                bssBANK0                             20       20       36       20       1
                bssCOMMON                            76       76        5       70       1
                cinit                               458      458       10        8       0

TOTAL           Name                               Link     Load   Length     Space
        CLASS   CONST          
                swtext3                             484      484        C         0
                swtext2                             476      476        E         0
                swtext1                             468      468        E         0

        CLASS   CODE           
                end_init                              B        B        2         0
                intentry                              4        4        7         0
                reset_vec                             0        0        2         0
                text631                             3C3      3C3       68         0
                text627                             445      445       13         0
                text626                             4C7      4C7        8         0
                text625                             49B      49B        A         0
                text624                             4FB      4FB        3         0
                text622                             4F2      4F2        5         0
                text621                             490      490        B         0
                text620                             4BF      4BF        8         0
                text618                             4ED      4ED        5         0
                text617                             4FE      4FE        2         0
                text616                             4E8      4E8        5         0
                text615                             4E3      4E3        5         0
                text614                             4AE      4AE        9         0
                text613                             4DE      4DE        5         0
                text612                             4F7      4F7        4         0
                text611                             4D9      4D9        5         0
                text610                             4D4      4D4        5         0
                text609                             4A5      4A5        9         0
                text608                             4CF      4CF        5         0
                text602                             42B      42B       1A         0
                text601                             315      315       AE         0
                maintext                              D        D      308         0
                clrtext                             4B7      4B7        8         0
                cinit                               458      458       10         0

        CLASS   STRCODE        

        CLASS   ENTRY          

        CLASS   STRING         

        CLASS   BANK0          
                cstackBANK0                          56       56        5         1
                dataBANK0                            5B       5B        1         1
                bssBANK0                             20       20       36         1

        CLASS   BANK1          

        CLASS   BANK2          

        CLASS   BANK3          

        CLASS   RAM            

        CLASS   ABS1           
                abs_s1                               7E       7E        2         1

        CLASS   COMMON         
                cstackCOMMON                         70       70        6         1
                bssCOMMON                            76       76        5         1

        CLASS   SFR0           

        CLASS   SFR1           

        CLASS   SFR2           

        CLASS   SFR3           

        CLASS   CONFIG         
                config                             2000     2000        3         0

        CLASS   IDLOC          

        CLASS   EEDATA         



SEGMENTS        Name                           Load    Length   Top    Selector   Space  Class     Delta

                reset_vec                      000000  000002  000002         0       0  CODE        2
                intentry                       000004  000464  000468         8       0  CODE        2
                bssBANK0                       000020  00003C  00005C        20       1  BANK0       1
                cstackCOMMON                   000070  00000B  00007B        70       1  COMMON      1
                swtext1                        000468  000028  000490       8D0       0  CONST       2
                text621                        000490  000070  000500       920       0  CODE        2
                config                         002000  000003  002003      4000       0  CONFIG      2


UNUSED ADDRESS RANGES

        Name                Unused          Largest block    Delta
        BANK0            005C-006F             14           1
        BANK1            00A0-00EF             50           1
        BANK2            0110-016F             60           1
        BANK3            0190-01EF             60           1
        CODE             0002-0003              2           2
                         0500-0FFF            300
        COMMON           007B-007D              3           1
        CONFIG           2003-2007              5           2
        CONST            0002-0003              2           2
                         0500-0FFF            100
        ENTRY            0002-0003              2           2
                         0500-0FFF            100
        IDLOC            2008-200B              4           2
        RAM              005C-006F             14           1
                         00A0-00EF             50
                         0110-016F             60
                         0190-01EF             60
        SFR0             0000-001F             20           1
        SFR1             0080-009F             20           1
        SFR2             0100-010F             10           1
        SFR3             0180-018F             10           1
        STRCODE          0002-0003              2           2
                         0500-0FFF            B00
        STRING           0002-0003              2           2
                         0500-0FFF            100

                                  Symbol Table

??_AD_Sample                           cstackBANK0  0058
??_ISR                                 cstackCOMMON 0074
??_adc_get                             cstackCOMMON 0072
??_adc_start                           cstackBANK0  0056
??_adc_test_init                       cstackBANK0  0057
??_clearAllTimer                       cstackBANK0  0056
??_clearPinPortAndTimer                cstackBANK0  0056
??_clearThreeHoursTimer                cstackBANK0  0056
??_clearTwelveHoursTimer               cstackBANK0  0056
??_clearTwentySecondsTimer             cstackBANK0  0056
??_clock_config                        cstackBANK0  0056
??_clrSampeTime                        cstackBANK0  0056
??_dac_init                            cstackBANK0  0056
??_getAD_ConvertFlag                   cstackBANK0  0056
??_getAdOriginaCh4Value                cstackBANK0  0058
??_getAdOriginalCh14Value              cstackBANK0  0058
??_getAdOriginalCh1Value               cstackBANK0  0058
??_getAdOriginalValue                  cstackBANK0  0058
??_initPin                             cstackBANK0  0056
??_isFinishedThreeHoursTimer           cstackBANK0  0056
??_isFinishedTwelveHoursTimer          cstackBANK0  0056
??_isFinishedTwentySecondsTimer        cstackBANK0  0056
??_isPermitSampleTime                  cstackBANK0  0056
??_main                                cstackBANK0  005B
??_op1_init                            cstackBANK0  0056
??_op2_init                            cstackBANK0  0056
??_process_AD_Converter_Value          cstackBANK0  005B
??_setAD_ConvertFlag                   cstackBANK0  0056
??_startThreeHoursTimer                cstackBANK0  0058
??_startTwelveHourTimer                cstackBANK0  0058
??_startTwentySecondsTimer             cstackBANK0  0056
??_timer1_config                       cstackBANK0  0056
??_timer1_interrupt_config             cstackBANK0  0056
??i1_setAD_ConvertFlag                 cstackCOMMON 0070
?_AD_Sample                            cstackCOMMON 0070
?_ISR                                  cstackCOMMON 0070
?_adc_get                              cstackCOMMON 0070
?_adc_start                            cstackCOMMON 0070
?_adc_test_init                        cstackBANK0  0056
?_clearAllTimer                        cstackCOMMON 0070
?_clearPinPortAndTimer                 cstackCOMMON 0070
?_clearThreeHoursTimer                 cstackCOMMON 0070
?_clearTwelveHoursTimer                cstackCOMMON 0070
?_clearTwentySecondsTimer              cstackCOMMON 0070
?_clock_config                         cstackCOMMON 0070
?_clrSampeTime                         cstackCOMMON 0070
?_dac_init                             cstackCOMMON 0070
?_getAD_ConvertFlag                    cstackCOMMON 0070
?_getAdOriginaCh4Value                 cstackBANK0  0056
?_getAdOriginalCh14Value               cstackBANK0  0056
?_getAdOriginalCh1Value                cstackBANK0  0056
?_getAdOriginalValue                   cstackBANK0  0056
?_initPin                              cstackCOMMON 0070
?_isFinishedThreeHoursTimer            cstackCOMMON 0070
?_isFinishedTwelveHoursTimer           cstackCOMMON 0070
?_isFinishedTwentySecondsTimer         cstackCOMMON 0070
?_isPermitSampleTime                   cstackCOMMON 0070
?_main                                 cstackCOMMON 0070
?_op1_init                             cstackCOMMON 0070
?_op2_init                             cstackCOMMON 0070
?_process_AD_Converter_Value           cstackCOMMON 0070
?_setAD_ConvertFlag                    cstackCOMMON 0070
?_startThreeHoursTimer                 cstackBANK0  0056
?_startTwelveHourTimer                 cstackBANK0  0056
?_startTwentySecondsTimer              cstackCOMMON 0070
?_timer1_config                        cstackCOMMON 0070
?_timer1_interrupt_config              cstackCOMMON 0070
?i1_setAD_ConvertFlag                  cstackCOMMON 0070
AD_Sample@index                        cstackBANK0  005A
ISR@ucTimer1sCnt                       bssCOMMON    0078
_ADCON0                                (abs)        001F
_ADCON1                                (abs)        009F
_ADIE                                  (abs)        046A
_ADIF                                  (abs)        006A
_ADON                                  (abs)        00F8
_ADRESH                                (abs)        001E
_ADRESL                                (abs)        009E
_AD_Sample                             text601      0339
_CLKPCE                                (abs)        0847
_CLKPR                                 (abs)        0108
_DACCON                                (abs)        0087
_DACR0                                 (abs)        0088
_GIE                                   (abs)        005F
_GO                                    (abs)        00F9
_ISR                                   text631      03C3
_OP1CON0                               (abs)        001B
_OP1CON1                               (abs)        001C
_OP1CON2                               (abs)        001D
_OP2CON0                               (abs)        009B
_OP2CON1                               (abs)        009C
_OP2CON2                               (abs)        009D
_PA0                                   (abs)        0028
_PA1                                   (abs)        0029
_PA2                                   (abs)        002A
_PA3                                   (abs)        002B
_PA6                                   (abs)        002E
_PA7                                   (abs)        002F
_PAOD7                                 (abs)        0C3F
_PB0                                   (abs)        0030
_PB1                                   (abs)        0031
_PB6                                   (abs)        0036
_PBOD6                                 (abs)        0C46
_PEIE                                  (abs)        005E
_T1CON                                 (abs)        0010
_TMR1H                                 (abs)        000F
_TMR1IE                                (abs)        0460
_TMR1IF                                (abs)        0060
_TMR1L                                 (abs)        000E
_TRISA0                                (abs)        0428
_TRISA1                                (abs)        0429
_TRISA2                                (abs)        042A
_TRISA3                                (abs)        042B
_TRISA6                                (abs)        042E
_TRISA7                                (abs)        042F
_TRISB0                                (abs)        0430
_TRISB1                                (abs)        0431
_TRISB2                                (abs)        0432
_TRISB3                                (abs)        0433
_TRISB4                                (abs)        0434
_TRISB5                                (abs)        0435
_TRISB6                                (abs)        0436
_TRISB7                                (abs)        0437
__Habs1                                abs1         0000
__Hbank0                               bank0        0000
__Hbank1                               bank1        0000
__Hbank2                               bank2        0000
__Hbank3                               bank3        0000
__HbssBANK0                            bssBANK0     0000
__HbssCOMMON                           bssCOMMON    0000
__Hcinit                               cinit        0000
__Hclrtext                             clrtext      0000
__Hcode                                code         0000
__Hcommon                              common       0000
__Hconfig                              config       2003
__HcstackBANK0                         cstackBANK0  0000
__HcstackCOMMON                        cstackCOMMON 0000
__HdataBANK0                           dataBANK0    0000
__Heeprom_data                         eeprom_data  0000
__Hend_init                            end_init     000D
__Hfunctab                             functab      0000
__HidataBANK0                          idataBANK0   0000
__Hidloc                               idloc        0000
__Hinit                                init         000B
__Hintentry                            intentry     000B
__Hmaintext                            maintext     0000
__Hpa_nodes                            pa_nodes     0000
__Hpowerup                             powerup      0000
__Hram                                 ram          0000
__Hreset_vec                           reset_vec    0002
__Hsfr0                                sfr0         0000
__Hsfr1                                sfr1         0000
__Hsfr2                                sfr2         0000
__Hsfr3                                sfr3         0000
__Hstrings                             strings      0000
__Htext                                text         0000
__Labs1                                abs1         0000
__Lbank0                               bank0        0000
__Lbank1                               bank1        0000
__Lbank2                               bank2        0000
__Lbank3                               bank3        0000
__LbssBANK0                            bssBANK0     0000
__LbssCOMMON                           bssCOMMON    0000
__Lcinit                               cinit        0000
__Lclrtext                             clrtext      0000
__Lcode                                code         0000
__Lcommon                              common       0000
__Lconfig                              config       2000
__LcstackBANK0                         cstackBANK0  0000
__LcstackCOMMON                        cstackCOMMON 0000
__LdataBANK0                           dataBANK0    0000
__Leeprom_data                         eeprom_data  0000
__Lend_init                            end_init     000B
__Lfunctab                             functab      0000
__LidataBANK0                          idataBANK0   0000
__Lidloc                               idloc        0000
__Linit                                init         000B
__Lintentry                            intentry     0004
__Lmaintext                            maintext     0000
__Lpa_nodes                            pa_nodes     0000
__Lpowerup                             powerup      0000
__Lram                                 ram          0000
__Lreset_vec                           reset_vec    0000
__Lsfr0                                sfr0         0000
__Lsfr1                                sfr1         0000
__Lsfr2                                sfr2         0000
__Lsfr3                                sfr3         0000
__Lstrings                             strings      0000
__Ltext                                text         0000
__S0                                   (abs)        2003
__S1                                   (abs)        007B
__end_of_AD_Sample                     text601      039C
__end_of_ISR                           text631      041D
__end_of_adc_get                       text631      0428
__end_of_adc_start                     text601      03B9
__end_of_adc_test_init                 text601      03B6
__end_of_clearAllTimer                 text602      043C
__end_of_clearPinPortAndTimer          text602      0437
__end_of_clearThreeHoursTimer          text602      0442
__end_of_clearTwelveHoursTimer         text602      043F
__end_of_clearTwentySecondsTimer       text602      0445
__end_of_clock_config                  text626      04CF
__end_of_clrSampeTime                  text617      0500
__end_of_dac_init                      text622      04F7
__end_of_getAD_ConvertFlag             text601      0334
__end_of_getAdOriginaCh4Value          text611      04DE
__end_of_getAdOriginalCh14Value        text616      04ED
__end_of_getAdOriginalCh1Value         text615      04E8
__end_of_getAdOriginalValue            text601      03A1
__end_of_initPin                       text627      0458
__end_of_isFinishedThreeHoursTimer     text608      04D4
__end_of_isFinishedTwelveHoursTimer    text613      04E3
__end_of_isFinishedTwentySecondsTimer  text610      04D9
__end_of_isPermitSampleTime            text618      04F2
__end_of_main                          maintext     0315
__end_of_op1_init                      text621      049B
__end_of_op2_init                      text620      04C7
__end_of_process_AD_Converter_Value    text601      0332
__end_of_setAD_ConvertFlag             text601      0339
__end_of_startThreeHoursTimer          text609      04AE
__end_of_startTwelveHourTimer          text614      04B7
__end_of_startTwentySecondsTimer       text612      04FB
__end_of_timer1_config                 text625      04A5
__end_of_timer1_interrupt_config       text624      04FE
__end_ofi1_setAD_ConvertFlag           text631      042B
__pbssBANK0                            bssBANK0     0020
__pbssCOMMON                           bssCOMMON    0076
__pcstackBANK0                         cstackBANK0  0056
__pcstackCOMMON                        cstackCOMMON 0070
__pdataBANK0                           dataBANK0    005B
__pidataBANK0                          idataBANK0   0000
__pintentry                            intentry     0004
__pmaintext                            maintext     000D
__pswtext1                             swtext1      0468
__pswtext2                             swtext2      0476
__pswtext3                             swtext3      0484
__ptext601                             text601      0315
__ptext602                             text602      042B
__ptext603                             text601      0339
__ptext604                             text602      0437
__ptext605                             text601      039C
__ptext606                             text601      0334
__ptext607                             text601      0332
__ptext608                             text608      04CF
__ptext609                             text609      04A5
__ptext610                             text610      04D4
__ptext611                             text611      04D9
__ptext612                             text612      04F7
__ptext613                             text613      04DE
__ptext614                             text614      04AE
__ptext615                             text615      04E3
__ptext616                             text616      04E8
__ptext617                             text617      04FE
__ptext618                             text618      04ED
__ptext619                             text601      03B6
__ptext620                             text620      04BF
__ptext621                             text621      0490
__ptext622                             text622      04F2
__ptext623                             text601      03A1
__ptext624                             text624      04FB
__ptext625                             text625      049B
__ptext626                             text626      04C7
__ptext627                             text627      0445
__ptext628                             text602      0442
__ptext629                             text602      043F
__ptext630                             text602      043C
__ptext631                             text631      03C3
__ptext632                             text631      0428
__ptext633                             text631      041D
__ptext634                             text634      0000
__size_of_AD_Sample                    (abs)        0000
__size_of_ISR                          (abs)        0000
__size_of_adc_get                      (abs)        0000
__size_of_adc_start                    (abs)        0000
__size_of_adc_test_init                (abs)        0000
__size_of_clearAllTimer                (abs)        0000
__size_of_clearPinPortAndTimer         (abs)        0000
__size_of_clearThreeHoursTimer         (abs)        0000
__size_of_clearTwelveHoursTimer        (abs)        0000
__size_of_clearTwentySecondsTimer      (abs)        0000
__size_of_clock_config                 (abs)        0000
__size_of_clrSampeTime                 (abs)        0000
__size_of_dac_init                     (abs)        0000
__size_of_getAD_ConvertFlag            (abs)        0000
__size_of_getAdOriginaCh4Value         (abs)        0000
__size_of_getAdOriginalCh14Value       (abs)        0000
__size_of_getAdOriginalCh1Value        (abs)        0000
__size_of_getAdOriginalValue           (abs)        0000
__size_of_initPin                      (abs)        0000
__size_of_isFinishedThreeHoursTimer    (abs)        0000
__size_of_isFinishedTwelveHoursTimer   (abs)        0000
__size_of_isFinishedTwentySecondsTimer (abs)        0000
__size_of_isPermitSampleTime           (abs)        0000
__size_of_main                         (abs)        0000
__size_of_op1_init                     (abs)        0000
__size_of_op2_init                     (abs)        0000
__size_of_process_AD_Converter_Value   (abs)        0000
__size_of_setAD_ConvertFlag            (abs)        0000
__size_of_startThreeHoursTimer         (abs)        0000
__size_of_startTwelveHourTimer         (abs)        0000
__size_of_startTwentySecondsTimer      (abs)        0000
__size_of_timer1_config                (abs)        0000
__size_of_timer1_interrupt_config      (abs)        0000
__size_ofi1_setAD_ConvertFlag          (abs)        0000
_adc_convert_flag                      bssCOMMON    0079
_adc_get                               text631      041D
_adc_original_CH14_value               bssBANK0     002C
_adc_original_CH1_value                bssBANK0     002E
_adc_original_CH4_value                bssBANK0     0030
_adc_original_value                    bssBANK0     0032
_adc_start                             text601      03B6
_adc_test_init                         text601      03A1
_buffer_Sample_AD_Value                bssBANK0     0020
_clearAllTimer                         text602      0437
_clearPinPortAndTimer                  text602      042B
_clearThreeHoursTimer                  text602      043F
_clearTwelveHoursTimer                 text602      043C
_clearTwentySecondsTimer               text602      0442
_clock_config                          text626      04C7
_clrSampeTime                          text617      04FE
_dac_init                              text622      04F2
_exit                                  init         000B
_getAD_ConvertFlag                     text601      0332
_getAdOriginaCh4Value                  text611      04D9
_getAdOriginalCh14Value                text616      04E8
_getAdOriginalCh1Value                 text615      04E3
_getAdOriginalValue                    text601      039C
_initPin                               text627      0445
_isFinishedThreeHoursTimer             text608      04CF
_isFinishedTwelveHoursTimer            text613      04DE
_isFinishedTwentySecondsTimer          text610      04D4
_isPermitSampleTime                    text618      04ED
_main                                  maintext     000D
_multiFilterMaxValue                   bssBANK0     0034
_multiFilterMinValue                   bssBANK0     0036
_op1_init                              text621      0490
_op2_init                              text620      04BF
_process_AD_Converter_Value            text601      0315
_sampleChannelSelect                   dataBANK0    005B
_sampleTimes                           bssBANK0     003C
_setAD_ConvertFlag                     text601      0334
_startThreeHoursTimer                  text609      04A5
_startTwelveHourTimer                  text614      04AE
_startTwentySecondsTimer               text612      04F7
_timer                                 bssCOMMON    007A
_timer1_config                         text625      049B
_timer1_interrupt_config               text624      04FB
_uiBigTimer                            bssBANK0     0038
_uiSmallTimer                          bssBANK0     003A
_uiTwentySecondsTimer                  bssCOMMON    0076
adc_get@val                            cstackCOMMON 0072
adc_test_init@channel                  cstackBANK0  0058
adc_test_init@ref                      cstackBANK0  0056
btemp                                  (abs)        007E
clear_ram                              clrtext      04B7
end_of_initialization                  cinit        0465
i1_setAD_ConvertFlag                   text631      0428
i1l1618                                                 
i1l2375                                                 
i1l3826                                                 
i1l3830                                                 
i1l3832                                                 
i1l3836                                                 
i1l3848                                                 
i1l3850                                                 
i1l3852                                                 
i1l3858                                                 
i1l3862                                                 
i1l3866                                                 
i1setAD_ConvertFlag@flag               cstackCOMMON 0070
interrupt_function                     intentry     0004
intlevel0                              functab      0000
intlevel1                              functab      0000
intlevel2                              functab      0000
intlevel3                              functab      0000
intlevel4                              functab      0000
intlevel5                              functab      0000
l1606                                                   
l1609                                                   
l1612                                                   
l1615                                                   
l1618                                                   
l1621                                                   
l1624                                                   
l1627                                                   
l1630                                                   
l1670                                                   
l1673                                                   
l1676                                                   
l1683                                                   
l1706                                                   
l2352                                                   
l2355                                                   
l2358                                                   
l2366                                                   
l2372                                                   
l3696                                                   
l3698                                                   
l3702                                                   
l3704                                                   
l3706                                                   
l3708                                                   
l3710                                                   
l3712                                                   
l3714                                                   
l3716                                                   
l3718                                                   
l3720                                                   
l3722                                                   
l3724                                                   
l3726                                                   
l3728                                                   
l3730                                                   
l3732                                                   
l3734                                                   
l3736                                                   
l3738                                                   
l3740                                                   
l3744                                                   
l3756                                                   
l3758                                                   
l3762                                                   
l3766                                                   
l3770                                                   
l3782                                                   
l3784                                                   
l3788                                                   
l3800                                                   
l3804                                                   
l3816                                                   
l3820                                                   
l3822                                                   
l3870                                                   
l3874                                                   
l3886                                                   
l3890                                                   
l3912                                                   
l3914                                                   
l3916                                                   
l3918                                                   
l3920                                                   
l3924                                                   
l3926                                                   
l3932                                                   
l3938                                                   
l3940                                                   
l3942                                                   
l3944                                                   
l3946                                                   
l3948                                                   
l3950                                                   
l3952                                                   
l3954                                                   
l3956                                                   
l3958                                                   
l3962                                                   
l3966                                                   
l3986                                                   
l3992                                                   
l4002                                                   
l4004                                                   
l4014                                                   
l4016                                                   
l4020                                                   
l4316                                                   
l4328                                                   
l4330                                                   
l4332                                                   
l4338                                                   
l4340                                                   
l4346                                                   
l4348                                                   
l4350                                                   
l4352                                                   
l4354                                                   
l4358                                                   
l4360                                                   
l4374                                                   
l4376                                                   
l4378                                                   
l4380                                                   
l4382                                                   
l4394                                                   
l4414                                                   
l4426                                                   
l4428                                                   
l4430                                                   
l4432                                                   
l677                                                    
l680                                                    
l683                                                    
main@cTimer1s_809                      bssBANK0     003D
main@enumBranchStep                    bssBANK0     003E
main@enumInteralStep                   bssBANK0     003F
main@enumMainLoopStep                  bssBANK0     0040
main@ucADC4_Step                       bssBANK0     0041
main@ucChannel4Type                    bssBANK0     0042
main@ucLoaderStep                      bssBANK0     0043
main@ucLoaderStep1                     bssBANK0     0044
main@ucLoaderStep2                     bssBANK0     0045
main@ucLoaderStep3                     bssBANK0     0046
main@ucLoaderStep4                     bssBANK0     0047
main@ucTimer1s                         bssBANK0     0048
main@ucTimer20s                        bssBANK0     0049
main@ucTimerADC1ZeroP5s                bssBANK0     004A
main@ucTimerDelay                      bssBANK0     004B
main@ucTimerDelay1                     bssBANK0     004C
main@ucTimerDelay2                     bssBANK0     004D
main@ucTimerDelay3                     bssBANK0     004E
main@ucTimerDelay4                     bssBANK0     004F
main@ucTimerP3s                        bssBANK0     0050
main@ucTimerRightP5s                   bssBANK0     0051
main@ucTimerX1P5s                      bssBANK0     0052
main@ucTimerX2P5s                      bssBANK0     0053
main@ucTimerZeroPoint3s                bssBANK0     0054
main@ucTimerZeroPoint5s                bssBANK0     0055
reset_vec                              reset_vec    0000
saved_w                                (abs)        007E
setAD_ConvertFlag@flag                 cstackBANK0  0056
start                                  init         000B
startThreeHoursTimer@uiSetTime         cstackBANK0  0056
startTwelveHourTimer@uiSetTime         cstackBANK0  0056
start_initialization                   cinit        0458
wtemp0                                 (abs)        007E
