HI-TECH Software C Compiler 

Linker command line:

--edf=C:\Program Files (x86)\HI-TECH Software\PICC\9.83\dat\en_msgs.txt -cs \
  -h+ProjTest.sym -z -Q16C77 -ol.obj -MProjTest.map -E1 -ACONST=00h-0FFhx16 \
  -ACODE=00h-07FFhx2 -ASTRCODE=00h-0FFFh -AENTRY=00h-0FFhx16 \
  -ASTRING=00h-0FFhx16 -ABANK0=020h-06Fh -ABANK1=0A0h-0EFh \
  -ABANK2=0110h-016Fh -ABANK3=0190h-01EFh \
  -ARAM=020h-06Fh,0A0h-0EFh,0110h-016Fh,0190h-01EFh \
  -AABS1=020h-07Fh,0A0h-0EFh,0110h-016Fh,0190h-01EFh -ACOMMON=070h-07Fh \
  -ASFR0=00h-01Fh -ASFR1=080h-09Fh -ASFR2=0100h-010Fh -ASFR3=0180h-018Fh \
  -preset_vec=00h,intentry=04h,init,end_init -ppowerup=CODE -pfunctab=CODE \
  -ACONFIG=02000h-02007h -pconfig=CONFIG -DCONFIG=2 -AIDLOC=02008h-0200Bh \
  -pidloc=IDLOC -DIDLOC=2 -DCODE=2 -DSTRCODE=2 -DSTRING=2 -DCONST=2 \
  -DENTRY=2 -k startup.obj ProjTest.obj 

Object code version is 3.10

Machine type is 16C77



                Name                               Link     Load   Length Selector   Space Scale
startup.obj     end_init                             11       11        2        8       0
                reset_vec                             0        0        2        0       0
ProjTest.obj    intentry                              4        4        D        8       0
                config                             2000     2000        3     4000       0
                text925                             4F5      4F5       EA        8       0
                text914                             F9A      F9A        8     1F34       0
                text913                             FAA      FAA        A     1F54       0
                text912                             F7F      F7F        3     1EFE       0
                text910                             F82      F82        5     1F04       0
                text909                             FB4      FB4        B     1F68       0
                text908                             F93      F93        7     1F26       0
                text906                             F87      F87        6     1F0E       0
                text905                             7FE      7FE        2      F52       0
                text904                             7EA      7EA       14      F52       0
                text903                             F8D      F8D        6     1F1A       0
                text902                             FBF      FBF        C     1F7E       0
                text901                             7D6      7D6       14      F52       0
                text900                             FCB      FCB        C     1F96       0
                text899                             FEF      FEF       11     1FDE       0
                text898                             FD7      FD7        C     1FAE       0
                text897                             7C2      7C2       14      F52       0
                text896                             FE3      FE3        C     1FC6       0
                text889                             732      732       5D        8       0
                text886                             5DF      5DF       CC        8       0
                text885                             6AB      6AB       87        8       0
                swtext4                             78F      78F       1A      F1E       0
                swtext3                             81C      81C        C     1000       0
                swtext2                             80E      80E        E     1000       0
                swtext1                             800      800        E     1000       0
                maintext                             13       13      4E2        8       0
                cstackBANK0                          20       20       28       20       1
                cstackCOMMON                         70       70        D       70       1
                clrtext                             FA2      FA2        8     1F44       0
                bssBANK3                            190      190       18      190       1
                bssBANK1                             A0       A0       4C       A0       1
                dataBANK0                            6E       6E        1       20       1
                bssBANK0                             48       48       26       20       1
                bssCOMMON                            7D       7D        1       70       1
                cinit                               7A9      7A9       19      F52       0

TOTAL           Name                               Link     Load   Length     Space
        CLASS   CONST          
                swtext4                             78F      78F       1A         0
                swtext3                             81C      81C        C         0
                swtext2                             80E      80E        E         0
                swtext1                             800      800        E         0

        CLASS   CODE           
                end_init                             11       11        2         0
                intentry                              4        4        D         0
                reset_vec                             0        0        2         0
                text925                             4F5      4F5       EA         0
                text914                             F9A      F9A        8         0
                text913                             FAA      FAA        A         0
                text912                             F7F      F7F        3         0
                text910                             F82      F82        5         0
                text909                             FB4      FB4        B         0
                text908                             F93      F93        7         0
                text906                             F87      F87        6         0
                text905                             7FE      7FE        2         0
                text904                             7EA      7EA       14         0
                text903                             F8D      F8D        6         0
                text902                             FBF      FBF        C         0
                text901                             7D6      7D6       14         0
                text900                             FCB      FCB        C         0
                text899                             FEF      FEF       11         0
                text898                             FD7      FD7        C         0
                text897                             7C2      7C2       14         0
                text896                             FE3      FE3        C         0
                text889                             732      732       5D         0
                text886                             5DF      5DF       CC         0
                text885                             6AB      6AB       87         0
                maintext                             13       13      4E2         0
                clrtext                             FA2      FA2        8         0
                cinit                               7A9      7A9       19         0

        CLASS   STRCODE        

        CLASS   ENTRY          

        CLASS   STRING         

        CLASS   BANK0          
                cstackBANK0                          20       20       28         1
                dataBANK0                            6E       6E        1         1
                bssBANK0                             48       48       26         1

        CLASS   BANK1          
                bssBANK1                             A0       A0       4C         1

        CLASS   BANK2          

        CLASS   BANK3          
                bssBANK3                            190      190       18         1

        CLASS   RAM            

        CLASS   ABS1           
                abs_s1                               7E       7E        2         1

        CLASS   COMMON         
                cstackCOMMON                         70       70        D         1
                bssCOMMON                            7D       7D        1         1

        CLASS   SFR0           

        CLASS   SFR1           

        CLASS   SFR2           

        CLASS   SFR3           

        CLASS   CONFIG         
                config                             2000     2000        3         0

        CLASS   IDLOC          

        CLASS   EEDATA         



SEGMENTS        Name                           Load    Length   Top    Selector   Space  Class     Delta

                reset_vec                      000000  000002  000002         0       0  CODE        2
                intentry                       000004  00078B  00078F         8       0  CODE        2
                cstackBANK0                    000020  00004F  00006F        20       1  BANK0       1
                cstackCOMMON                   000070  00000E  00007E        70       1  COMMON      1
                bssBANK1                       0000A0  00004C  0000EC        A0       1  BANK1       1
                bssBANK3                       000190  000018  0001A8       190       1  BANK3       1
                swtext4                        00078F  00001A  0007A9       F1E       0  CONST       2
                cinit                          0007A9  000057  000800       F52       0  CODE        2
                swtext1                        000800  000028  000828      1000       0  CONST       2
                text912                        000F7F  000003  000F82      1EFE       0  CODE        2
                text910                        000F82  000005  000F87      1F04       0  CODE        2
                text906                        000F87  000006  000F8D      1F0E       0  CODE        2
                text903                        000F8D  000006  000F93      1F1A       0  CODE        2
                text908                        000F93  000007  000F9A      1F26       0  CODE        2
                text914                        000F9A  000008  000FA2      1F34       0  CODE        2
                clrtext                        000FA2  000008  000FAA      1F44       0  CODE        2
                text913                        000FAA  00000A  000FB4      1F54       0  CODE        2
                text909                        000FB4  00000B  000FBF      1F68       0  CODE        2
                text902                        000FBF  00000C  000FCB      1F7E       0  CODE        2
                text900                        000FCB  00000C  000FD7      1F96       0  CODE        2
                text898                        000FD7  00000C  000FE3      1FAE       0  CODE        2
                text896                        000FE3  00000C  000FEF      1FC6       0  CODE        2
                text899                        000FEF  000011  001000      1FDE       0  CODE        2
                config                         002000  000003  002003      4000       0  CONFIG      2


UNUSED ADDRESS RANGES

        Name                Unused          Largest block    Delta
        BANK0            006F-006F              1           1
        BANK1            00EC-00EF              4           1
        BANK2            0110-016F             60           1
        BANK3            01A8-01EF             48           1
        CODE             0002-0003              2           2
                         0828-0F7E            757
        CONFIG           2003-2007              5           2
        CONST            0002-0003              2           2
                         0828-0F7E            100
        ENTRY            0002-0003              2           2
                         0828-0F7E            100
        IDLOC            2008-200B              4           2
        RAM              006F-006F              1           1
                         00EC-00EF              4
                         0110-016F             60
                         01A8-01EF             48
        SFR0             0000-001F             20           1
        SFR1             0080-009F             20           1
        SFR2             0100-010F             10           1
        SFR3             0180-018F             10           1
        STRCODE          0002-0003              2           2
                         0828-0F7E            757
        STRING           0002-0003              2           2
                         0828-0F7E            100

                                  Symbol Table

??_AD_Sample                                      cstackBANK0  0020
??_Filter                                         cstackBANK0  0022
??_ISR                                            cstackCOMMON 0079
??_adc_get                                        cstackCOMMON 0072
??_adc_start                                      cstackBANK0  0020
??_adc_test_init                                  cstackBANK0  0021
??_clearAllTimer                                  cstackBANK0  0020
??_clearPinPortAndTimer                           cstackBANK0  0021
??_clearThreeHoursTimer                           cstackBANK0  0020
??_clearTwelveHoursTimer                          cstackBANK0  0020
??_clearTwentyMinTimer                            cstackBANK0  0020
??_clearTwentySecondsTimer                        cstackBANK0  0020
??_clock_config                                   cstackBANK0  0020
??_clrSampeTime                                   cstackBANK0  0020
??_dac_init                                       cstackBANK0  0020
??_getAD_ConvertFlag                              cstackBANK0  0020
??_getAdOriginaCh4Value                           cstackBANK0  0048
??_getAdOriginalCh14Value                         cstackBANK0  0048
??_getAdOriginalCh1Value                          cstackBANK0  0048
??_initPin                                        cstackBANK0  0021
??_isFinishedThreeHoursTimer                      cstackBANK0  0020
??_isFinishedTwelveHoursTimer                     cstackBANK0  0020
??_isFinishedTwentyMinTimer                       cstackBANK0  0020
??_isFinishedTwentySecondsTimer                   cstackBANK0  0020
??_isPermitSampleTime                             cstackBANK0  0020
??_main                                           cstackBANK0  0048
??_op1_init                                       cstackBANK0  0020
??_op2_init                                       cstackBANK0  0020
??_process_AD_Converter_Value                     cstackBANK0  0023
??_setAD_ConvertFlag                              cstackBANK0  0020
??_setPA0                                         cstackBANK0  0020
??_setPA1                                         cstackBANK0  0020
??_setPA2                                         cstackBANK0  0020
??_setPA3                                         cstackBANK0  0020
??_setPA6                                         cstackBANK0  0020
??_setPB0                                         cstackBANK0  0020
??_setPB1                                         cstackBANK0  0020
??_startThreeHoursTimer                           cstackBANK0  0022
??_startTwelveHourTimer                           cstackBANK0  0022
??_startTwentyMinTimer                            cstackBANK0  0022
??_startTwentySecondsTimer                        cstackBANK0  0020
??_timer1_config                                  cstackBANK0  0020
??_timer1_interrupt_config                        cstackBANK0  0020
??_vPutSampleDataIntoTable                        cstackCOMMON 0077
??i1_setAD_ConvertFlag                            cstackCOMMON 0070
?_AD_Sample                                       cstackCOMMON 0070
?_Filter                                          cstackBANK0  0020
?_ISR                                             cstackCOMMON 0070
?_adc_get                                         cstackCOMMON 0070
?_adc_start                                       cstackCOMMON 0070
?_adc_test_init                                   cstackBANK0  0020
?_clearAllTimer                                   cstackCOMMON 0070
?_clearPinPortAndTimer                            cstackCOMMON 0070
?_clearThreeHoursTimer                            cstackCOMMON 0070
?_clearTwelveHoursTimer                           cstackCOMMON 0070
?_clearTwentyMinTimer                             cstackCOMMON 0070
?_clearTwentySecondsTimer                         cstackCOMMON 0070
?_clock_config                                    cstackCOMMON 0070
?_clrSampeTime                                    cstackCOMMON 0070
?_dac_init                                        cstackCOMMON 0070
?_getAD_ConvertFlag                               cstackCOMMON 0070
?_getAdOriginaCh4Value                            cstackBANK0  0046
?_getAdOriginalCh14Value                          cstackBANK0  0046
?_getAdOriginalCh1Value                           cstackBANK0  0046
?_initPin                                         cstackCOMMON 0070
?_isFinishedThreeHoursTimer                       cstackCOMMON 0070
?_isFinishedTwelveHoursTimer                      cstackCOMMON 0070
?_isFinishedTwentyMinTimer                        cstackCOMMON 0070
?_isFinishedTwentySecondsTimer                    cstackCOMMON 0070
?_isPermitSampleTime                              cstackCOMMON 0070
?_main                                            cstackCOMMON 0070
?_op1_init                                        cstackCOMMON 0070
?_op2_init                                        cstackCOMMON 0070
?_process_AD_Converter_Value                      cstackCOMMON 0070
?_setAD_ConvertFlag                               cstackCOMMON 0070
?_setPA0                                          cstackCOMMON 0070
?_setPA1                                          cstackCOMMON 0070
?_setPA2                                          cstackCOMMON 0070
?_setPA3                                          cstackCOMMON 0070
?_setPA6                                          cstackCOMMON 0070
?_setPB0                                          cstackCOMMON 0070
?_setPB1                                          cstackCOMMON 0070
?_startThreeHoursTimer                            cstackBANK0  0020
?_startTwelveHourTimer                            cstackBANK0  0020
?_startTwentyMinTimer                             cstackBANK0  0020
?_startTwentySecondsTimer                         cstackCOMMON 0070
?_timer1_config                                   cstackCOMMON 0070
?_timer1_interrupt_config                         cstackCOMMON 0070
?_vPutSampleDataIntoTable                         cstackCOMMON 0074
?i1_setAD_ConvertFlag                             cstackCOMMON 0070
Filter@cir                                        cstackBANK0  0042
Filter@filter_buf                                 cstackBANK0  0026
Filter@filter_sum                                 cstackBANK0  0040
Filter@filter_temp                                cstackBANK0  003E
Filter@i                                          cstackBANK0  0045
Filter@j                                          cstackBANK0  0044
Filter@tmpValue                                   cstackBANK0  0020
ISR@ucTimer1sCnt                                  bssBANK1     00AC
_ADCON0                                           (abs)        001F
_ADCON1                                           (abs)        009F
_ADIE                                             (abs)        046A
_ADIF                                             (abs)        006A
_ADON                                             (abs)        00F8
_ADRESH                                           (abs)        001E
_ADRESL                                           (abs)        009E
_AD_Sample                                        text889      0759
_CLKPCE                                           (abs)        0847
_CLKPR                                            (abs)        0108
_DACCON                                           (abs)        0087
_DACR0                                            (abs)        0088
_Filter                                           text886      05FE
_GIE                                              (abs)        005F
_GO                                               (abs)        00F9
_ISR                                              text925      04F5
_OP1CON0                                          (abs)        001B
_OP1CON1                                          (abs)        001C
_OP1CON2                                          (abs)        001D
_OP2CON0                                          (abs)        009B
_OP2CON1                                          (abs)        009C
_OP2CON2                                          (abs)        009D
_PA0                                              (abs)        0028
_PA1                                              (abs)        0029
_PA2                                              (abs)        002A
_PA3                                              (abs)        002B
_PA6                                              (abs)        002E
_PB0                                              (abs)        0030
_PB1                                              (abs)        0031
_PB6                                              (abs)        0036
_PB7                                              (abs)        0037
_PBOD6                                            (abs)        0C46
_PBOD7                                            (abs)        0C47
_PEIE                                             (abs)        005E
_T1CON                                            (abs)        0010
_TMR1H                                            (abs)        000F
_TMR1IE                                           (abs)        0460
_TMR1IF                                           (abs)        0060
_TMR1L                                            (abs)        000E
_TRISA0                                           (abs)        0428
_TRISA1                                           (abs)        0429
_TRISA2                                           (abs)        042A
_TRISA3                                           (abs)        042B
_TRISA6                                           (abs)        042E
_TRISA7                                           (abs)        042F
_TRISB0                                           (abs)        0430
_TRISB1                                           (abs)        0431
_TRISB2                                           (abs)        0432
_TRISB3                                           (abs)        0433
_TRISB4                                           (abs)        0434
_TRISB5                                           (abs)        0435
_TRISB6                                           (abs)        0436
_TRISB7                                           (abs)        0437
__Habs1                                           abs1         0000
__Hbank0                                          bank0        0000
__Hbank1                                          bank1        0000
__Hbank2                                          bank2        0000
__Hbank3                                          bank3        0000
__HbssBANK0                                       bssBANK0     0000
__HbssBANK1                                       bssBANK1     0000
__HbssBANK3                                       bssBANK3     0000
__HbssCOMMON                                      bssCOMMON    0000
__Hcinit                                          cinit        0000
__Hclrtext                                        clrtext      0000
__Hcode                                           code         0000
__Hcommon                                         common       0000
__Hconfig                                         config       2003
__HcstackBANK0                                    cstackBANK0  0000
__HcstackCOMMON                                   cstackCOMMON 0000
__HdataBANK0                                      dataBANK0    0000
__Heeprom_data                                    eeprom_data  0000
__Hend_init                                       end_init     0013
__Hfunctab                                        functab      0000
__HidataBANK0                                     idataBANK0   0000
__Hidloc                                          idloc        0000
__Hinit                                           init         0011
__Hintentry                                       intentry     0011
__Hmaintext                                       maintext     0000
__Hpa_nodes                                       pa_nodes     0000
__Hpowerup                                        powerup      0000
__Hram                                            ram          0000
__Hreset_vec                                      reset_vec    0002
__Hsfr0                                           sfr0         0000
__Hsfr1                                           sfr1         0000
__Hsfr2                                           sfr2         0000
__Hsfr3                                           sfr3         0000
__Hstrings                                        strings      0000
__Htext                                           text         0000
__Labs1                                           abs1         0000
__Lbank0                                          bank0        0000
__Lbank1                                          bank1        0000
__Lbank2                                          bank2        0000
__Lbank3                                          bank3        0000
__LbssBANK0                                       bssBANK0     0000
__LbssBANK1                                       bssBANK1     0000
__LbssBANK3                                       bssBANK3     0000
__LbssCOMMON                                      bssCOMMON    0000
__Lcinit                                          cinit        0000
__Lclrtext                                        clrtext      0000
__Lcode                                           code         0000
__Lcommon                                         common       0000
__Lconfig                                         config       2000
__LcstackBANK0                                    cstackBANK0  0000
__LcstackCOMMON                                   cstackCOMMON 0000
__LdataBANK0                                      dataBANK0    0000
__Leeprom_data                                    eeprom_data  0000
__Lend_init                                       end_init     0011
__Lfunctab                                        functab      0000
__LidataBANK0                                     idataBANK0   0000
__Lidloc                                          idloc        0000
__Linit                                           init         0011
__Lintentry                                       intentry     0004
__Lmaintext                                       maintext     0000
__Lpa_nodes                                       pa_nodes     0000
__Lpowerup                                        powerup      0000
__Lram                                            ram          0000
__Lreset_vec                                      reset_vec    0000
__Lsfr0                                           sfr0         0000
__Lsfr1                                           sfr1         0000
__Lsfr2                                           sfr2         0000
__Lsfr3                                           sfr3         0000
__Lstrings                                        strings      0000
__Ltext                                           text         0000
__S0                                              (abs)        2003
__S1                                              (abs)        01A8
__end_of_AD_Sample                                text889      0777
__end_of_Filter                                   text886      0695
__end_of_ISR                                      text925      055D
__end_of_adc_get                                  text925      0568
__end_of_adc_start                                text889      078F
__end_of_adc_test_init                            text889      078C
__end_of_clearAllTimer                            text885      0720
__end_of_clearPinPortAndTimer                     text885      06C1
__end_of_clearThreeHoursTimer                     text885      072C
__end_of_clearTwelveHoursTimer                    text885      0726
__end_of_clearTwentyMinTimer                      text903      0F93
__end_of_clearTwentySecondsTimer                  text885      0732
__end_of_clock_config                             text914      0FA2
__end_of_clrSampeTime                             text905      0800
__end_of_dac_init                                 text910      0F87
__end_of_getAD_ConvertFlag                        text889      0754
__end_of_getAdOriginaCh4Value                     text886      05E9
__end_of_getAdOriginalCh14Value                   text886      05FE
__end_of_getAdOriginalCh1Value                    text886      05F3
__end_of_initPin                                  text885      06DF
__end_of_isFinishedThreeHoursTimer                text896      0FEF
__end_of_isFinishedTwelveHoursTimer               text900      0FD7
__end_of_isFinishedTwentyMinTimer                 text902      0FCB
__end_of_isFinishedTwentySecondsTimer             text898      0FE3
__end_of_isPermitSampleTime                       text906      0F8D
__end_of_main                                     maintext     04F5
__end_of_op1_init                                 text909      0FBF
__end_of_op2_init                                 text908      0F9A
__end_of_process_AD_Converter_Value               text889      0750
__end_of_setAD_ConvertFlag                        text889      0759
__end_of_setPA0                                   text885      06FA
__end_of_setPA1                                   text885      0702
__end_of_setPA2                                   text885      070A
__end_of_setPA3                                   text885      0712
__end_of_setPA6                                   text885      071B
__end_of_setPB0                                   text885      06E8
__end_of_setPB1                                   text885      06F0
__end_of_startThreeHoursTimer                     text897      07D6
__end_of_startTwelveHourTimer                     text901      07EA
__end_of_startTwentyMinTimer                      text904      07FE
__end_of_startTwentySecondsTimer                  text899      1000
__end_of_timer1_config                            text913      0FB4
__end_of_timer1_interrupt_config                  text912      0F82
__end_of_vPutSampleDataIntoTable                  text925      05CB
__end_ofi1_setAD_ConvertFlag                      text925      05CF
__pbssBANK0                                       bssBANK0     0048
__pbssBANK1                                       bssBANK1     00A0
__pbssBANK3                                       bssBANK3     0190
__pbssCOMMON                                      bssCOMMON    007D
__pcstackBANK0                                    cstackBANK0  0020
__pcstackCOMMON                                   cstackCOMMON 0070
__pdataBANK0                                      dataBANK0    006E
__pidataBANK0                                     idataBANK0   0000
__pintentry                                       intentry     0004
__pmaintext                                       maintext     0013
__pswtext1                                        swtext1      0800
__pswtext2                                        swtext2      080E
__pswtext3                                        swtext3      081C
__pswtext4                                        swtext4      078F
__ptext885                                        text885      06AB
__ptext886                                        text886      05DF
__ptext887                                        text886      05E9
__ptext888                                        text886      05F3
__ptext889                                        text889      0732
__ptext890                                        text885      06C1
__ptext891                                        text885      071B
__ptext892                                        text889      0759
__ptext893                                        text889      0754
__ptext894                                        text889      0750
__ptext895                                        text886      05FE
__ptext896                                        text896      0FE3
__ptext897                                        text897      07C2
__ptext898                                        text898      0FD7
__ptext899                                        text899      0FEF
__ptext900                                        text900      0FCB
__ptext901                                        text901      07D6
__ptext902                                        text902      0FBF
__ptext903                                        text903      0F8D
__ptext904                                        text904      07EA
__ptext905                                        text905      07FE
__ptext906                                        text906      0F87
__ptext907                                        text889      078C
__ptext908                                        text908      0F93
__ptext909                                        text909      0FB4
__ptext910                                        text910      0F82
__ptext911                                        text889      0777
__ptext912                                        text912      0F7F
__ptext913                                        text913      0FAA
__ptext914                                        text914      0F9A
__ptext915                                        text885      0712
__ptext916                                        text885      070A
__ptext917                                        text885      0702
__ptext918                                        text885      06FA
__ptext919                                        text885      06F0
__ptext920                                        text885      06E8
__ptext921                                        text885      06DF
__ptext922                                        text885      072C
__ptext923                                        text885      0726
__ptext924                                        text885      0720
__ptext925                                        text925      04F5
__ptext926                                        text925      05CB
__ptext927                                        text925      055D
__ptext928                                        text925      0568
__ptext929                                        text929      0000
__size_of_AD_Sample                               (abs)        0000
__size_of_Filter                                  (abs)        0000
__size_of_ISR                                     (abs)        0000
__size_of_adc_get                                 (abs)        0000
__size_of_adc_start                               (abs)        0000
__size_of_adc_test_init                           (abs)        0000
__size_of_clearAllTimer                           (abs)        0000
__size_of_clearPinPortAndTimer                    (abs)        0000
__size_of_clearThreeHoursTimer                    (abs)        0000
__size_of_clearTwelveHoursTimer                   (abs)        0000
__size_of_clearTwentyMinTimer                     (abs)        0000
__size_of_clearTwentySecondsTimer                 (abs)        0000
__size_of_clock_config                            (abs)        0000
__size_of_clrSampeTime                            (abs)        0000
__size_of_dac_init                                (abs)        0000
__size_of_getAD_ConvertFlag                       (abs)        0000
__size_of_getAdOriginaCh4Value                    (abs)        0000
__size_of_getAdOriginalCh14Value                  (abs)        0000
__size_of_getAdOriginalCh1Value                   (abs)        0000
__size_of_initPin                                 (abs)        0000
__size_of_isFinishedThreeHoursTimer               (abs)        0000
__size_of_isFinishedTwelveHoursTimer              (abs)        0000
__size_of_isFinishedTwentyMinTimer                (abs)        0000
__size_of_isFinishedTwentySecondsTimer            (abs)        0000
__size_of_isPermitSampleTime                      (abs)        0000
__size_of_main                                    (abs)        0000
__size_of_op1_init                                (abs)        0000
__size_of_op2_init                                (abs)        0000
__size_of_process_AD_Converter_Value              (abs)        0000
__size_of_setAD_ConvertFlag                       (abs)        0000
__size_of_setPA0                                  (abs)        0000
__size_of_setPA1                                  (abs)        0000
__size_of_setPA2                                  (abs)        0000
__size_of_setPA3                                  (abs)        0000
__size_of_setPA6                                  (abs)        0000
__size_of_setPB0                                  (abs)        0000
__size_of_setPB1                                  (abs)        0000
__size_of_startThreeHoursTimer                    (abs)        0000
__size_of_startTwelveHourTimer                    (abs)        0000
__size_of_startTwentyMinTimer                     (abs)        0000
__size_of_startTwentySecondsTimer                 (abs)        0000
__size_of_timer1_config                           (abs)        0000
__size_of_timer1_interrupt_config                 (abs)        0000
__size_of_vPutSampleDataIntoTable                 (abs)        0000
__size_ofi1_setAD_ConvertFlag                     (abs)        0000
_adc_convert_flag                                 bssBANK1     00AD
_adc_get                                          text925      055D
_adc_start                                        text889      078C
_adc_test_init                                    text889      0777
_bBigTimerStartFlag                               bssBANK0     004A
_bSmallTimerStartFlag                             bssBANK0     004B
_bTwentyMinStartFlag                              bssBANK0     004C
_bTwentySecStartFlag                              bssBANK0     004D
_clearAllTimer                                    text885      071B
_clearPinPortAndTimer                             text885      06AB
_clearThreeHoursTimer                             text885      0726
_clearTwelveHoursTimer                            text885      0720
_clearTwentyMinTimer                              text903      0F8D
_clearTwentySecondsTimer                          text885      072C
_clock_config                                     text914      0F9A
_clrSampeTime                                     text905      07FE
_dac_init                                         text910      0F82
_exit                                             init         0011
_getAD_ConvertFlag                                text889      0750
_getAdOriginaCh4Value                             text886      05DF
_getAdOriginalCh14Value                           text886      05F3
_getAdOriginalCh1Value                            text886      05E9
_initPin                                          text885      06C1
_isFinishedThreeHoursTimer                        text896      0FE3
_isFinishedTwelveHoursTimer                       text900      0FCB
_isFinishedTwentyMinTimer                         text902      0FBF
_isFinishedTwentySecondsTimer                     text898      0FD7
_isPermitSampleTime                               text906      0F87
_main                                             maintext     0013
_op1_init                                         text909      0FB4
_op2_init                                         text908      0F93
_process_AD_Converter_Value                       text889      0732
_sampleChannelSelect                              dataBANK0    006E
_sampleTimes                                      bssBANK0     004E
_setAD_ConvertFlag                                text889      0754
_setPA0                                           text885      06F0
_setPA1                                           text885      06FA
_setPA2                                           text885      0702
_setPA3                                           text885      070A
_setPA6                                           text885      0712
_setPB0                                           text885      06DF
_setPB1                                           text885      06E8
_startThreeHoursTimer                             text897      07C2
_startTwelveHourTimer                             text901      07D6
_startTwentyMinTimer                              text904      07EA
_startTwentySecondsTimer                          text899      0FEF
_timer                                            bssBANK1     00AE
_timer1_config                                    text913      0FAA
_timer1_interrupt_config                          text912      0F7F
_uiBigTimer                                       bssBANK1     00A0
_uiSampleChannelFirst                             bssBANK1     00BC
_uiSampleChannelFourteenth                        bssBANK3     0190
_uiSampleChannelFourth                            bssBANK1     00D4
_uiSmallTimer                                     bssBANK1     00A2
_uiTwentyMinTimer                                 bssBANK1     00A4
_uiTwentySecondsTimer                             bssBANK1     00A6
_vPutSampleDataIntoTable                          text925      0568
adc_get@val                                       cstackCOMMON 0072
adc_test_init@channel                             cstackBANK0  0022
adc_test_init@ref                                 cstackBANK0  0020
btemp                                             (abs)        007E
clear_ram                                         clrtext      0FA2
end_of_initialization                             cinit        07BF
i1_setAD_ConvertFlag                              text925      05CB
i1l1795                                                            
i1l2554                                                            
i1l4525                                                            
i1l4527                                                            
i1l4531                                                            
i1l4535                                                            
i1l4543                                                            
i1l4547                                                            
i1l4555                                                            
i1l4559                                                            
i1l4569                                                            
i1l4571                                                            
i1l4601                                                            
i1l4605                                                            
i1l4607                                                            
i1l4611                                                            
i1l4625                                                            
i1l4627                                                            
i1l4633                                                            
i1l4637                                                            
i1l4641                                                            
i1setAD_ConvertFlag@flag                          cstackCOMMON 0070
interrupt_function                                intentry     0004
intlevel0                                         functab      0000
intlevel1                                         functab      0000
intlevel2                                         functab      0000
intlevel3                                         functab      0000
intlevel4                                         functab      0000
intlevel5                                         functab      0000
l1754                                                              
l1783                                                              
l1786                                                              
l1789                                                              
l1792                                                              
l1795                                                              
l1798                                                              
l1801                                                              
l1804                                                              
l1833                                                              
l1836                                                              
l1839                                                              
l1842                                                              
l1882                                                              
l2531                                                              
l2534                                                              
l2537                                                              
l2545                                                              
l2551                                                              
l4293                                                              
l4295                                                              
l4299                                                              
l4301                                                              
l4303                                                              
l4305                                                              
l4307                                                              
l4309                                                              
l4311                                                              
l4313                                                              
l4315                                                              
l4317                                                              
l4319                                                              
l4321                                                              
l4323                                                              
l4325                                                              
l4327                                                              
l4329                                                              
l4331                                                              
l4333                                                              
l4335                                                              
l4337                                                              
l4339                                                              
l4341                                                              
l4343                                                              
l4345                                                              
l4347                                                              
l4349                                                              
l4351                                                              
l4353                                                              
l4355                                                              
l4357                                                              
l4359                                                              
l4363                                                              
l4375                                                              
l4377                                                              
l4383                                                              
l4385                                                              
l4387                                                              
l4391                                                              
l4393                                                              
l4403                                                              
l4409                                                              
l4411                                                              
l4415                                                              
l4417                                                              
l4427                                                              
l4433                                                              
l4435                                                              
l4439                                                              
l4441                                                              
l4451                                                              
l4457                                                              
l4459                                                              
l4463                                                              
l4465                                                              
l4475                                                              
l4483                                                              
l4485                                                              
l4487                                                              
l4507                                                              
l4515                                                              
l4517                                                              
l4521                                                              
l4573                                                              
l4577                                                              
l4579                                                              
l4583                                                              
l4587                                                              
l4597                                                              
l4645                                                              
l4647                                                              
l4649                                                              
l4651                                                              
l4653                                                              
l4657                                                              
l4663                                                              
l4669                                                              
l4673                                                              
l4677                                                              
l4681                                                              
l4683                                                              
l4685                                                              
l4687                                                              
l4689                                                              
l4691                                                              
l4693                                                              
l4695                                                              
l4697                                                              
l4699                                                              
l4701                                                              
l4703                                                              
l4705                                                              
l4707                                                              
l4709                                                              
l4713                                                              
l4725                                                              
l4733                                                              
l4735                                                              
l4741                                                              
l4747                                                              
l4751                                                              
l4755                                                              
l4759                                                              
l4765                                                              
l4771                                                              
l4775                                                              
l4781                                                              
l4795                                                              
l4805                                                              
l4807                                                              
l4815                                                              
l4821                                                              
l4827                                                              
l4831                                                              
l4923                                                              
l4989                                                              
l5045                                                              
l5091                                                              
l5127                                                              
l5145                                                              
l5149                                                              
l5155                                                              
l5157                                                              
l5175                                                              
l5179                                                              
l5191                                                              
l5195                                                              
l5203                                                              
l5205                                                              
l5207                                                              
l5211                                                              
l5215                                                              
l5217                                                              
l5221                                                              
l5231                                                              
l5235                                                              
l5241                                                              
l5247                                                              
l5251                                                              
l5255                                                              
l5259                                                              
l5267                                                              
l5269                                                              
l5277                                                              
l5279                                                              
l5287                                                              
l5293                                                              
l5297                                                              
l5303                                                              
l5305                                                              
l5307                                                              
l5309                                                              
l5311                                                              
l5319                                                              
l5323                                                              
l5333                                                              
l5335                                                              
l5343                                                              
l5345                                                              
l5347                                                              
l5359                                                              
l5371                                                              
l5373                                                              
l5375                                                              
l685                                                               
l728                                                               
l731                                                               
main@bCheckTweHour                                bssBANK0     004F
main@bInit20Min                                   bssBANK0     0050
main@bInitFlag                                    bssBANK0     0051
main@enumBranchStep                               bssBANK1     00AF
main@enumInteralStep                              bssBANK1     00B0
main@enumMainLoopStep                             bssBANK0     0052
main@ucADC4_Step                                  bssBANK0     0053
main@ucChannel4Type                               bssBANK0     0054
main@ucCheckTimerP2sLess                          bssBANK1     00B1
main@ucCheckTimerP2sMore                          bssBANK1     00B2
main@ucDelayPrefix4TimerP5s                       bssBANK0     0055
main@ucDelayPrefix6TimerP2s                       bssBANK1     00B3
main@ucFourthSuffix1TimerP3s                      bssBANK1     00B4
main@ucLoaderStep                                 bssBANK0     0056
main@ucLoaderStep1                                bssBANK0     0057
main@ucLoaderStep2                                bssBANK0     0058
main@ucLoaderStep3                                bssBANK0     0059
main@ucLoaderStep4                                bssBANK0     005A
main@ucTimer1s                                    bssBANK1     00B5
main@ucTimer20s                                   bssBANK1     00B6
main@ucTimerADC1ZeroP5s                           bssBANK0     005B
main@ucTimerDelay                                 bssBANK0     005C
main@ucTimerDelay1                                bssBANK0     005D
main@ucTimerDelay2                                bssBANK0     005E
main@ucTimerDelay3                                bssBANK0     005F
main@ucTimerDelay4                                bssBANK0     0060
main@ucTimerDelayP2sLess                          bssBANK0     0061
main@ucTimerDelayP2sMore                          bssBANK0     0062
main@ucTimerForDACR0_CNT1                         bssBANK0     0063
main@ucTimerForDACR0_CNT1_f                       bssBANK0     0064
main@ucTimerForDACR0_CNT2                         bssBANK0     0065
main@ucTimerForDACR0_CNT2_f                       bssBANK0     0066
main@ucTimerLessADC1ZeroP5s                       bssBANK0     0067
main@ucTimerLessX1P5s                             bssBANK1     00B7
main@ucTimerLessX2P5s                             bssBANK1     00B8
main@ucTimerP3s                                   bssBANK1     00B9
main@ucTimerP5s                                   bssBANK0     0068
main@ucTimerRightP5s                              bssBANK0     0069
main@ucTimerX1P5s                                 bssBANK1     00BA
main@ucTimerX2P5s                                 bssBANK1     00BB
main@ucTimerZeroPoint3s                           bssBANK0     006A
main@ucTimerZeroPoint5s                           bssBANK0     006B
main@uiMaxValue                                   bssBANK1     00A8
main@uiMinValue                                   bssBANK1     00AA
main@uiOldValue                                   bssBANK0     0048
reset_vec                                         reset_vec    0000
saved_w                                           (abs)        007E
setAD_ConvertFlag@flag                            cstackBANK0  0020
setPA0@bValue                                     cstackBANK0  0020
setPA1@bValue                                     cstackBANK0  0020
setPA2@bValue                                     cstackBANK0  0020
setPA3@bValue                                     cstackBANK0  0020
setPA6@bValue                                     cstackBANK0  0020
setPB0@bValue                                     cstackBANK0  0020
setPB1@bValue                                     cstackBANK0  0020
start                                             init         0011
startThreeHoursTimer@uiSetTime                    cstackBANK0  0020
startTwelveHourTimer@uiSetTime                    cstackBANK0  0020
startTwentyMinTimer@uiSetValue                    cstackBANK0  0020
start_initialization                              cinit        07A9
vPutSampleDataIntoTable@channel                   cstackCOMMON 0076
vPutSampleDataIntoTable@i                         cstackCOMMON 0077
vPutSampleDataIntoTable@ucChannelFirstLength      bssCOMMON    007D
vPutSampleDataIntoTable@ucChannelFourteenthLength bssBANK0     006C
vPutSampleDataIntoTable@ucChannelFourthLength     bssBANK0     006D
vPutSampleDataIntoTable@uiSampleData              cstackCOMMON 0074
wtemp0                                            (abs)        007E
