HI-TECH Software C Compiler 

Linker command line:

--edf=C:\Program Files (x86)\HI-TECH Software\PICC\9.83\dat\en_msgs.txt -cs \
  -h+ProjTest.sym -z -Q16C77 -ol.obj -MProjTest.map -E1 -ACONST=00h-0FFhx16 \
  -ACODE=00h-07FFhx2 -ASTRCODE=00h-0FFFh -AENTRY=00h-0FFhx16 \
  -ASTRING=00h-0FFhx16 -ABANK0=020h-06Fh -ABANK1=0A0h-0EFh \
  -ABANK2=0110h-016Fh -ABANK3=0190h-01EFh \
  -ARAM=020h-06Fh,0A0h-0EFh,0110h-016Fh,0190h-01EFh \
  -AABS1=020h-07Fh,0A0h-0EFh,0110h-016Fh,0190h-01EFh -ACOMMON=070h-07Fh \
  -ASFR0=00h-01Fh -ASFR1=080h-09Fh -ASFR2=0100h-010Fh -ASFR3=0180h-018Fh \
  -preset_vec=00h,intentry=04h,init,end_init -ppowerup=CODE -pfunctab=CODE \
  -ACONFIG=02000h-02007h -pconfig=CONFIG -DCONFIG=2 -AIDLOC=02008h-0200Bh \
  -pidloc=IDLOC -DIDLOC=2 -DCODE=2 -DSTRCODE=2 -DSTRING=2 -DCONST=2 \
  -DENTRY=2 -k startup.obj ProjTest.obj 

Object code version is 3.10

Machine type is 16C77



                Name                               Link     Load   Length Selector   Space Scale
startup.obj     end_init                              B        B        2        8       0
                reset_vec                             0        0        2        0       0
ProjTest.obj    intentry                              4        4        7        8       0
                config                             2000     2000        3     4000       0
                text493                             1AD      1AD       52        8       0
                text492                             24D      24D        8      42C       0
                text491                             232      232        A      42C       0
                text490                             283      283        3      42C       0
                text488                             278      278        5      42C       0
                text487                             226      226        C      42C       0
                text486                             23C      23C        9      42C       0
                text484                             273      273        5      42C       0
                text483                             286      286        2      42C       0
                text482                             280      280        3      42C       0
                text481                             27D      27D        3      42C       0
                text480                             26E      26E        5      42C       0
                text479                             269      269        5      42C       0
                text478                             264      264        5      42C       0
                text477                             25F      25F        5      42C       0
                text476                             25A      25A        5      42C       0
                text475                             255      255        5      42C       0
                text470                             10D      10D       A0        8       0
                swtext1                             200      200       16      400       0
                maintext                              D        D      100        8       0
                cstackBANK0                          42       42        5       20       1
                cstackCOMMON                         70       70        6       70       1
                clrtext                             245      245        8      42C       0
                dataBANK0                            47       47        1       20       1
                bssBANK0                             20       20       22       20       1
                bssCOMMON                            76       76        5       70       1
                cinit                               216      216       10      42C       0

TOTAL           Name                               Link     Load   Length     Space
        CLASS   CONST          
                swtext1                             200      200       16         0

        CLASS   CODE           
                end_init                              B        B        2         0
                intentry                              4        4        7         0
                reset_vec                             0        0        2         0
                text493                             1AD      1AD       52         0
                text492                             24D      24D        8         0
                text491                             232      232        A         0
                text490                             283      283        3         0
                text488                             278      278        5         0
                text487                             226      226        C         0
                text486                             23C      23C        9         0
                text484                             273      273        5         0
                text483                             286      286        2         0
                text482                             280      280        3         0
                text481                             27D      27D        3         0
                text480                             26E      26E        5         0
                text479                             269      269        5         0
                text478                             264      264        5         0
                text477                             25F      25F        5         0
                text476                             25A      25A        5         0
                text475                             255      255        5         0
                text470                             10D      10D       A0         0
                maintext                              D        D      100         0
                clrtext                             245      245        8         0
                cinit                               216      216       10         0

        CLASS   STRCODE        

        CLASS   ENTRY          

        CLASS   STRING         

        CLASS   BANK0          
                cstackBANK0                          42       42        5         1
                dataBANK0                            47       47        1         1
                bssBANK0                             20       20       22         1

        CLASS   BANK1          

        CLASS   BANK2          

        CLASS   BANK3          

        CLASS   RAM            

        CLASS   ABS1           
                abs_s1                               7E       7E        2         1

        CLASS   COMMON         
                cstackCOMMON                         70       70        6         1
                bssCOMMON                            76       76        5         1

        CLASS   SFR0           

        CLASS   SFR1           

        CLASS   SFR2           

        CLASS   SFR3           

        CLASS   CONFIG         
                config                             2000     2000        3         0

        CLASS   IDLOC          

        CLASS   EEDATA         



SEGMENTS        Name                           Load    Length   Top    Selector   Space  Class     Delta

                reset_vec                      000000  000002  000002         0       0  CODE        2
                intentry                       000004  0001FB  0001FF         8       0  CODE        2
                bssBANK0                       000020  000028  000048        20       1  BANK0       1
                cstackCOMMON                   000070  00000B  00007B        70       1  COMMON      1
                swtext1                        000200  000016  000216       400       0  CONST       2
                cinit                          000216  000072  000288       42C       0  CODE        2
                config                         002000  000003  002003      4000       0  CONFIG      2


UNUSED ADDRESS RANGES

        Name                Unused          Largest block    Delta
        BANK0            0048-006F             28           1
        BANK1            00A0-00EF             50           1
        BANK2            0110-016F             60           1
        BANK3            0190-01EF             60           1
        CODE             0002-0003              2           2
                         01FF-01FF              1
                         0288-0FFF            578
        COMMON           007B-007D              3           1
        CONFIG           2003-2007              5           2
        CONST            0002-0003              2           2
                         01FF-01FF              1
                         0288-0FFF            100
        ENTRY            0002-0003              2           2
                         01FF-01FF              1
                         0288-0FFF            100
        IDLOC            2008-200B              4           2
        RAM              0048-006F             28           1
                         00A0-00EF             50
                         0110-016F             60
                         0190-01EF             60
        SFR0             0000-001F             20           1
        SFR1             0080-009F             20           1
        SFR2             0100-010F             10           1
        SFR3             0180-018F             10           1
        STRCODE          0002-0003              2           2
                         01FF-01FF              1
                         0288-0FFF            D78
        STRING           0002-0003              2           2
                         01FF-01FF              1
                         0288-0FFF            100

                                  Symbol Table

??_AD_Sample                         cstackBANK0  0044
??_ISR                               cstackCOMMON 0074
??_adc_get                           cstackCOMMON 0072
??_adc_start                         cstackBANK0  0042
??_adc_test_init                     cstackBANK0  0043
??_clearBigTimer                     cstackBANK0  0042
??_clearSmallTimer                   cstackBANK0  0042
??_clock_config                      cstackBANK0  0042
??_clrSampeTime                      cstackBANK0  0042
??_dac_init                          cstackBANK0  0042
??_getAD_ConvertFlag                 cstackBANK0  0042
??_getAdOriginalCh13Value            cstackBANK0  0044
??_getAdOriginalCh1Value             cstackBANK0  0044
??_getAdOriginalValue                cstackBANK0  0044
??_isFinishedBigTimer                cstackBANK0  0042
??_isFinishedSmallTimer              cstackBANK0  0042
??_isPermitSampleTime                cstackBANK0  0042
??_main                              cstackBANK0  0047
??_op1_init                          cstackBANK0  0042
??_op2_init                          cstackBANK0  0042
??_process_AD_Converter_Value        cstackBANK0  0047
??_setAD_ConvertFlag                 cstackBANK0  0042
??_startBigTimer                     cstackBANK0  0042
??_startSmallTimer                   cstackBANK0  0042
??_timer1_config                     cstackBANK0  0042
??_timer1_interrupt_config           cstackBANK0  0042
??i1_setAD_ConvertFlag               cstackCOMMON 0070
?_AD_Sample                          cstackCOMMON 0070
?_ISR                                cstackCOMMON 0070
?_adc_get                            cstackCOMMON 0070
?_adc_start                          cstackCOMMON 0070
?_adc_test_init                      cstackBANK0  0042
?_clearBigTimer                      cstackCOMMON 0070
?_clearSmallTimer                    cstackCOMMON 0070
?_clock_config                       cstackCOMMON 0070
?_clrSampeTime                       cstackCOMMON 0070
?_dac_init                           cstackCOMMON 0070
?_getAD_ConvertFlag                  cstackCOMMON 0070
?_getAdOriginalCh13Value             cstackBANK0  0042
?_getAdOriginalCh1Value              cstackBANK0  0042
?_getAdOriginalValue                 cstackBANK0  0042
?_isFinishedBigTimer                 cstackCOMMON 0070
?_isFinishedSmallTimer               cstackCOMMON 0070
?_isPermitSampleTime                 cstackCOMMON 0070
?_main                               cstackCOMMON 0070
?_op1_init                           cstackCOMMON 0070
?_op2_init                           cstackCOMMON 0070
?_process_AD_Converter_Value         cstackCOMMON 0070
?_setAD_ConvertFlag                  cstackCOMMON 0070
?_startBigTimer                      cstackCOMMON 0070
?_startSmallTimer                    cstackCOMMON 0070
?_timer1_config                      cstackCOMMON 0070
?_timer1_interrupt_config            cstackCOMMON 0070
?i1_setAD_ConvertFlag                cstackCOMMON 0070
AD_Sample@index                      cstackBANK0  0046
ISR@ucTimer1sCnt                     bssCOMMON    0078
_ADCON0                              (abs)        001F
_ADCON1                              (abs)        009F
_ADIE                                (abs)        046A
_ADIF                                (abs)        006A
_ADON                                (abs)        00F8
_ADRESH                              (abs)        001E
_ADRESL                              (abs)        009E
_AD_Sample                           text470      0129
_CLKPCE                              (abs)        0847
_CLKPR                               (abs)        0108
_DACCON                              (abs)        0087
_DACR0                               (abs)        0088
_GIE                                 (abs)        005F
_GO                                  (abs)        00F9
_ISR                                 text493      01AD
_OP1CON0                             (abs)        001B
_OP1CON1                             (abs)        001C
_OP1CON2                             (abs)        001D
_OP2CON0                             (abs)        009B
_OP2CON1                             (abs)        009C
_OP2CON2                             (abs)        009D
_PA0                                 (abs)        0028
_PA1                                 (abs)        0029
_PA2                                 (abs)        002A
_PA3                                 (abs)        002B
_PA6                                 (abs)        002E
_PAOD6                               (abs)        0C3E
_PB2                                 (abs)        0032
_PEIE                                (abs)        005E
_T1CON                               (abs)        0010
_TMR1H                               (abs)        000F
_TMR1IE                              (abs)        0460
_TMR1IF                              (abs)        0060
_TMR1L                               (abs)        000E
_TRISA0                              (abs)        0428
_TRISA1                              (abs)        0429
_TRISA2                              (abs)        042A
_TRISA3                              (abs)        042B
_TRISA6                              (abs)        042E
_TRISA7                              (abs)        042F
_TRISB1                              (abs)        0431
_TRISB2                              (abs)        0432
_TRISB3                              (abs)        0433
_TRISB4                              (abs)        0434
_TRISB5                              (abs)        0435
_TRISB6                              (abs)        0436
_TRISB7                              (abs)        0437
__Habs1                              abs1         0000
__Hbank0                             bank0        0000
__Hbank1                             bank1        0000
__Hbank2                             bank2        0000
__Hbank3                             bank3        0000
__HbssBANK0                          bssBANK0     0000
__HbssCOMMON                         bssCOMMON    0000
__Hcinit                             cinit        0000
__Hclrtext                           clrtext      0000
__Hcode                              code         0000
__Hcommon                            common       0000
__Hconfig                            config       2003
__HcstackBANK0                       cstackBANK0  0000
__HcstackCOMMON                      cstackCOMMON 0000
__HdataBANK0                         dataBANK0    0000
__Heeprom_data                       eeprom_data  0000
__Hend_init                          end_init     000D
__Hfunctab                           functab      0000
__HidataBANK0                        idataBANK0   0000
__Hidloc                             idloc        0000
__Hinit                              init         000B
__Hintentry                          intentry     000B
__Hmaintext                          maintext     0000
__Hpa_nodes                          pa_nodes     0000
__Hpowerup                           powerup      0000
__Hram                               ram          0000
__Hreset_vec                         reset_vec    0002
__Hsfr0                              sfr0         0000
__Hsfr1                              sfr1         0000
__Hsfr2                              sfr2         0000
__Hsfr3                              sfr3         0000
__Hstrings                           strings      0000
__Htext                              text         0000
__Labs1                              abs1         0000
__Lbank0                             bank0        0000
__Lbank1                             bank1        0000
__Lbank2                             bank2        0000
__Lbank3                             bank3        0000
__LbssBANK0                          bssBANK0     0000
__LbssCOMMON                         bssCOMMON    0000
__Lcinit                             cinit        0000
__Lclrtext                           clrtext      0000
__Lcode                              code         0000
__Lcommon                            common       0000
__Lconfig                            config       2000
__LcstackBANK0                       cstackBANK0  0000
__LcstackCOMMON                      cstackCOMMON 0000
__LdataBANK0                         dataBANK0    0000
__Leeprom_data                       eeprom_data  0000
__Lend_init                          end_init     000B
__Lfunctab                           functab      0000
__LidataBANK0                        idataBANK0   0000
__Lidloc                             idloc        0000
__Linit                              init         000B
__Lintentry                          intentry     0004
__Lmaintext                          maintext     0000
__Lpa_nodes                          pa_nodes     0000
__Lpowerup                           powerup      0000
__Lram                               ram          0000
__Lreset_vec                         reset_vec    0000
__Lsfr0                              sfr0         0000
__Lsfr1                              sfr1         0000
__Lsfr2                              sfr2         0000
__Lsfr3                              sfr3         0000
__Lstrings                           strings      0000
__Ltext                              text         0000
__S0                                 (abs)        2003
__S1                                 (abs)        007B
__end_of_AD_Sample                   text470      0186
__end_of_ISR                         text493      01F1
__end_of_adc_get                     text493      01FC
__end_of_adc_start                   text470      01A3
__end_of_adc_test_init               text470      01A0
__end_of_clearBigTimer               text482      0283
__end_of_clearSmallTimer             text481      0280
__end_of_clock_config                text492      0255
__end_of_clrSampeTime                text483      0288
__end_of_dac_init                    text488      027D
__end_of_getAD_ConvertFlag           text470      0124
__end_of_getAdOriginalCh13Value      text479      026E
__end_of_getAdOriginalCh1Value       text480      0273
__end_of_getAdOriginalValue          text470      018B
__end_of_isFinishedBigTimer          text476      025F
__end_of_isFinishedSmallTimer        text475      025A
__end_of_isPermitSampleTime          text484      0278
__end_of_main                        maintext     010D
__end_of_op1_init                    text487      0232
__end_of_op2_init                    text486      0245
__end_of_process_AD_Converter_Value  text470      0122
__end_of_setAD_ConvertFlag           text470      0129
__end_of_startBigTimer               text478      0269
__end_of_startSmallTimer             text477      0264
__end_of_timer1_config               text491      023C
__end_of_timer1_interrupt_config     text490      0286
__end_ofi1_setAD_ConvertFlag         text493      01FF
__pbssBANK0                          bssBANK0     0020
__pbssCOMMON                         bssCOMMON    0076
__pcstackBANK0                       cstackBANK0  0042
__pcstackCOMMON                      cstackCOMMON 0070
__pdataBANK0                         dataBANK0    0047
__pidataBANK0                        idataBANK0   0000
__pintentry                          intentry     0004
__pmaintext                          maintext     000D
__pswtext1                           swtext1      0200
__ptext470                           text470      010D
__ptext471                           text470      0129
__ptext472                           text470      0186
__ptext473                           text470      0124
__ptext474                           text470      0122
__ptext475                           text475      0255
__ptext476                           text476      025A
__ptext477                           text477      025F
__ptext478                           text478      0264
__ptext479                           text479      0269
__ptext480                           text480      026E
__ptext481                           text481      027D
__ptext482                           text482      0280
__ptext483                           text483      0286
__ptext484                           text484      0273
__ptext485                           text470      01A0
__ptext486                           text486      023C
__ptext487                           text487      0226
__ptext488                           text488      0278
__ptext489                           text470      018B
__ptext490                           text490      0283
__ptext491                           text491      0232
__ptext492                           text492      024D
__ptext493                           text493      01AD
__ptext494                           text493      01FC
__ptext495                           text493      01F1
__ptext496                           text496      0000
__size_of_AD_Sample                  (abs)        0000
__size_of_ISR                        (abs)        0000
__size_of_adc_get                    (abs)        0000
__size_of_adc_start                  (abs)        0000
__size_of_adc_test_init              (abs)        0000
__size_of_clearBigTimer              (abs)        0000
__size_of_clearSmallTimer            (abs)        0000
__size_of_clock_config               (abs)        0000
__size_of_clrSampeTime               (abs)        0000
__size_of_dac_init                   (abs)        0000
__size_of_getAD_ConvertFlag          (abs)        0000
__size_of_getAdOriginalCh13Value     (abs)        0000
__size_of_getAdOriginalCh1Value      (abs)        0000
__size_of_getAdOriginalValue         (abs)        0000
__size_of_isFinishedBigTimer         (abs)        0000
__size_of_isFinishedSmallTimer       (abs)        0000
__size_of_isPermitSampleTime         (abs)        0000
__size_of_main                       (abs)        0000
__size_of_op1_init                   (abs)        0000
__size_of_op2_init                   (abs)        0000
__size_of_process_AD_Converter_Value (abs)        0000
__size_of_setAD_ConvertFlag          (abs)        0000
__size_of_startBigTimer              (abs)        0000
__size_of_startSmallTimer            (abs)        0000
__size_of_timer1_config              (abs)        0000
__size_of_timer1_interrupt_config    (abs)        0000
__size_ofi1_setAD_ConvertFlag        (abs)        0000
_adc_convert_flag                    bssCOMMON    0079
_adc_get                             text493      01F1
_adc_original_CH13_value             bssBANK0     002C
_adc_original_CH1_value              bssBANK0     002E
_adc_original_value                  bssBANK0     0030
_adc_start                           text470      01A0
_adc_test_init                       text470      018B
_buffer_Sample_AD_Value              bssBANK0     0020
_clearBigTimer                       text482      0280
_clearSmallTimer                     text481      027D
_clock_config                        text492      024D
_clrSampeTime                        text483      0286
_dac_init                            text488      0278
_exit                                init         000B
_getAD_ConvertFlag                   text470      0122
_getAdOriginalCh13Value              text479      0269
_getAdOriginalCh1Value               text480      026E
_getAdOriginalValue                  text470      0186
_isFinishedBigTimer                  text476      025A
_isFinishedSmallTimer                text475      0255
_isPermitSampleTime                  text484      0273
_main                                maintext     000D
_multiFilterMaxValue                 bssBANK0     0032
_multiFilterMinValue                 bssBANK0     0034
_op1_init                            text487      0226
_op2_init                            text486      023C
_process_AD_Converter_Value          text470      010D
_sampleChannelSelect                 dataBANK0    0047
_sampleTimes                         bssBANK0     0038
_setAD_ConvertFlag                   text470      0124
_startBigTimer                       text478      0264
_startSmallTimer                     text477      025F
_timer                               bssCOMMON    007A
_timer1_config                       text491      0232
_timer1_interrupt_config             text490      0283
_uiBigTimer                          bssCOMMON    0076
_uiSmallTimer                        bssBANK0     0036
adc_get@val                          cstackCOMMON 0072
adc_test_init@channel                cstackBANK0  0044
adc_test_init@ref                    cstackBANK0  0042
btemp                                (abs)        007E
clear_ram                            clrtext      0245
end_of_initialization                cinit        0223
i1_setAD_ConvertFlag                 text493      01FC
i1l1428                                               
i1l2158                                               
i1l3043                                               
i1l3047                                               
i1l3049                                               
i1l3053                                               
i1l3063                                               
i1l3065                                               
i1l3067                                               
i1l3069                                               
i1l3073                                               
i1l3077                                               
i1setAD_ConvertFlag@flag             cstackCOMMON 0070
interrupt_function                   intentry     0004
intlevel0                            functab      0000
intlevel1                            functab      0000
intlevel2                            functab      0000
intlevel3                            functab      0000
intlevel4                            functab      0000
intlevel5                            functab      0000
l1416                                                 
l1419                                                 
l1422                                                 
l1425                                                 
l1428                                                 
l1431                                                 
l1434                                                 
l1437                                                 
l1469                                                 
l1472                                                 
l1475                                                 
l1478                                                 
l1496                                                 
l2135                                                 
l2138                                                 
l2141                                                 
l2149                                                 
l2155                                                 
l2931                                                 
l2933                                                 
l2935                                                 
l2937                                                 
l2939                                                 
l2941                                                 
l2943                                                 
l2945                                                 
l2947                                                 
l2949                                                 
l2951                                                 
l2953                                                 
l2955                                                 
l2957                                                 
l2959                                                 
l2961                                                 
l2963                                                 
l2965                                                 
l2967                                                 
l2969                                                 
l2971                                                 
l2973                                                 
l2975                                                 
l2979                                                 
l2991                                                 
l2993                                                 
l2995                                                 
l2997                                                 
l3001                                                 
l3005                                                 
l3007                                                 
l3009                                                 
l3021                                                 
l3033                                                 
l3037                                                 
l3039                                                 
l3079                                                 
l3083                                                 
l3095                                                 
l3099                                                 
l3117                                                 
l3119                                                 
l3121                                                 
l3125                                                 
l3127                                                 
l3129                                                 
l3135                                                 
l3137                                                 
l3139                                                 
l3141                                                 
l3143                                                 
l3145                                                 
l3147                                                 
l3149                                                 
l3153                                                 
l3157                                                 
l3161                                                 
l3163                                                 
l3165                                                 
l3201                                                 
l3203                                                 
l3211                                                 
l3213                                                 
l3217                                                 
l3223                                                 
l3229                                                 
l3231                                                 
l3247                                                 
main@ampStep                         bssBANK0     0039
main@tDA_timer                       bssBANK0     003A
main@ucBigTimerActionFlag            bssBANK0     003B
main@ucCheckBatteryCnt               bssBANK0     003C
main@ucConFirmationTime              bssBANK0     003D
main@ucConfirmTimer1S                bssBANK0     003E
main@ucConfirmTimerZptS              bssBANK0     003F
main@ucInit                          bssBANK0     0040
main@ucInstalledBatteryCnt           bssBANK0     0041
reset_vec                            reset_vec    0000
saved_w                              (abs)        007E
setAD_ConvertFlag@flag               cstackBANK0  0042
start                                init         000B
start_initialization                 cinit        0216
wtemp0                               (abs)        007E
