HI-TECH Software C Compiler 

Linker command line:

--edf=C:\Program Files (x86)\HI-TECH Software\PICC\9.83\dat\en_msgs.txt -cs \
  -h+ProjTest.sym -z -Q16C77 -ol.obj -MProjTest.map -E1 -ACONST=00h-0FFhx16 \
  -ACODE=00h-07FFhx2 -ASTRCODE=00h-0FFFh -AENTRY=00h-0FFhx16 \
  -ASTRING=00h-0FFhx16 -ABANK0=020h-06Fh -ABANK1=0A0h-0EFh \
  -ABANK2=0110h-016Fh -ABANK3=0190h-01EFh \
  -ARAM=020h-06Fh,0A0h-0EFh,0110h-016Fh,0190h-01EFh \
  -AABS1=020h-07Fh,0A0h-0EFh,0110h-016Fh,0190h-01EFh -ACOMMON=070h-07Fh \
  -ASFR0=00h-01Fh -ASFR1=080h-09Fh -ASFR2=0100h-010Fh -ASFR3=0180h-018Fh \
  -preset_vec=00h,intentry,init,end_init -ppowerup=CODE -pfunctab=CODE \
  -ACONFIG=02000h-02007h -pconfig=CONFIG -DCONFIG=2 -AIDLOC=02008h-0200Bh \
  -pidloc=IDLOC -DIDLOC=2 -DCODE=2 -DSTRCODE=2 -DSTRING=2 -DCONST=2 \
  -DENTRY=2 -k startup.obj ProjTest.obj 

Object code version is 3.10

Machine type is 16C77



                Name                               Link     Load   Length Selector   Space Scale
startup.obj     end_init                              0        0        2        0       0
ProjTest.obj    config                             2000     2000        3     4000       0
                text65                              7C2      7C2        5      F84       0
                text64                              7C7      7C7        8      F8E       0
                text63                              7CF      7CF        8      F9E       0
                text62                              7D7      7D7        8      FAE       0
                maintext                            7DF      7DF       21      FBE       0
                cstackCOMMON                         70       70        2       70       1
                cinit                               7BF      7BF        3      F7E       0

TOTAL           Name                               Link     Load   Length     Space
        CLASS   CONST          

        CLASS   CODE           
                end_init                              0        0        2         0
                text65                              7C2      7C2        5         0
                text64                              7C7      7C7        8         0
                text63                              7CF      7CF        8         0
                text62                              7D7      7D7        8         0
                maintext                            7DF      7DF       21         0
                cinit                               7BF      7BF        3         0

        CLASS   STRCODE        

        CLASS   ENTRY          

        CLASS   STRING         

        CLASS   BANK0          

        CLASS   BANK1          

        CLASS   BANK2          

        CLASS   BANK3          

        CLASS   RAM            

        CLASS   ABS1           
                abs_s1                               7E       7E        2         1

        CLASS   COMMON         
                cstackCOMMON                         70       70        2         1

        CLASS   SFR0           

        CLASS   SFR1           

        CLASS   SFR2           

        CLASS   SFR3           

        CLASS   CONFIG         
                config                             2000     2000        3         0

        CLASS   IDLOC          

        CLASS   EEDATA         



SEGMENTS        Name                           Load    Length   Top    Selector   Space  Class     Delta

                reset_vec                      000000  000002  000002         0       0  CODE        2
                cstackCOMMON                   000070  000002  000072        70       1  COMMON      1
                cinit                          0007BF  000003  0007C2       F7E       0  CODE        2
                text65                         0007C2  000005  0007C7       F84       0  CODE        2
                text64                         0007C7  000008  0007CF       F8E       0  CODE        2
                text63                         0007CF  000008  0007D7       F9E       0  CODE        2
                text62                         0007D7  000008  0007DF       FAE       0  CODE        2
                maintext                       0007DF  000021  000800       FBE       0  CODE        2
                config                         002000  000003  002003      4000       0  CONFIG      2


UNUSED ADDRESS RANGES

        Name                Unused          Largest block    Delta
        BANK0            0020-006F             50           1
        BANK1            00A0-00EF             50           1
        BANK2            0110-016F             60           1
        BANK3            0190-01EF             60           1
        CODE             0002-07BE            7BD           2
                         0800-0FFF            800
        COMMON           0072-007D              C           1
        CONFIG           2003-2007              5           2
        CONST            0002-07BE            100           2
                         0800-0FFF            100
        ENTRY            0002-07BE            100           2
                         0800-0FFF            100
        IDLOC            2008-200B              4           2
        RAM              0020-006F             50           1
                         00A0-00EF             50
                         0110-016F             60
                         0190-01EF             60
        SFR0             0000-001F             20           1
        SFR1             0080-009F             20           1
        SFR2             0100-010F             10           1
        SFR3             0180-018F             10           1
        STRCODE          0002-07BE            7BD           2
                         0800-0FFF            800
        STRING           0002-07BE            100           2
                         0800-0FFF            100

                                  Symbol Table

??_clock_config        cstackCOMMON 0070
??_dac_init            cstackCOMMON 0070
??_main                cstackCOMMON 0070
??_op1_init            cstackCOMMON 0070
??_op2_init            cstackCOMMON 0070
?_clock_config         cstackCOMMON 0070
?_dac_init             cstackCOMMON 0070
?_main                 cstackCOMMON 0070
?_op1_init             cstackCOMMON 0070
?_op2_init             cstackCOMMON 0070
_CLKPR                 (abs)        0108
_DACCON                (abs)        0087
_DACR0                 (abs)        0088
_DACR1                 (abs)        0089
_OP1CON0               (abs)        001B
_OP1CON1               (abs)        001C
_OP1CON2               (abs)        001D
_OP2CON0               (abs)        009B
_OP2CON1               (abs)        009C
_OP2CON2               (abs)        009D
_PB0                   (abs)        0030
_TRISA7                (abs)        042F
_TRISB0                (abs)        0430
_TRISB3                (abs)        0433
_TRISB4                (abs)        0434
_TRISB5                (abs)        0435
_TRISB6                (abs)        0436
__Habs1                abs1         0000
__Hbank0               bank0        0000
__Hbank1               bank1        0000
__Hbank2               bank2        0000
__Hbank3               bank3        0000
__Hcinit               cinit        0000
__Hclrtext             clrtext      0000
__Hcode                code         0000
__Hcommon              common       0000
__Hconfig              config       2003
__HcstackCOMMON        cstackCOMMON 0000
__Heeprom_data         eeprom_data  0000
__Hend_init            end_init     0002
__Hfunctab             functab      0000
__Hidloc               idloc        0000
__Hinit                init         0000
__Hintentry            intentry     0000
__Hmaintext            maintext     0000
__Hpa_nodes            pa_nodes     0000
__Hpowerup             powerup      0000
__Hram                 ram          0000
__Hreset_vec           reset_vec    0000
__Hsfr0                sfr0         0000
__Hsfr1                sfr1         0000
__Hsfr2                sfr2         0000
__Hsfr3                sfr3         0000
__Hstrings             strings      0000
__Htext                text         0000
__Labs1                abs1         0000
__Lbank0               bank0        0000
__Lbank1               bank1        0000
__Lbank2               bank2        0000
__Lbank3               bank3        0000
__Lcinit               cinit        0000
__Lclrtext             clrtext      0000
__Lcode                code         0000
__Lcommon              common       0000
__Lconfig              config       2000
__LcstackCOMMON        cstackCOMMON 0000
__Leeprom_data         eeprom_data  0000
__Lend_init            end_init     0000
__Lfunctab             functab      0000
__Lidloc               idloc        0000
__Linit                init         0000
__Lintentry            intentry     0000
__Lmaintext            maintext     0000
__Lpa_nodes            pa_nodes     0000
__Lpowerup             powerup      0000
__Lram                 ram          0000
__Lreset_vec           reset_vec    0000
__Lsfr0                sfr0         0000
__Lsfr1                sfr1         0000
__Lsfr2                sfr2         0000
__Lsfr3                sfr3         0000
__Lstrings             strings      0000
__Ltext                text         0000
__S0                   (abs)        2003
__S1                   (abs)        0072
__end_of_clock_config  text65       07C7
__end_of_dac_init      text64       07CF
__end_of_main          maintext     0800
__end_of_op1_init      text63       07D7
__end_of_op2_init      text62       07DF
__pcstackCOMMON        cstackCOMMON 0070
__pmaintext            maintext     07DF
__ptext61              text61       0000
__ptext62              text62       07D7
__ptext63              text63       07CF
__ptext64              text64       07C7
__ptext65              text65       07C2
__ptext66              text66       0000
__size_of_clock_config (abs)        0000
__size_of_dac_init     (abs)        0000
__size_of_main         (abs)        0000
__size_of_op1_init     (abs)        0000
__size_of_op2_init     (abs)        0000
_clock_config          text65       07C2
_dac_init              text64       07C7
_exit                  init         0000
_main                  maintext     07DF
_op1_init              text63       07CF
_op2_init              text62       07D7
btemp                  (abs)        007E
end_of_initialization  cinit        07BF
intlevel0              functab      0000
intlevel1              functab      0000
intlevel2              functab      0000
intlevel3              functab      0000
intlevel4              functab      0000
intlevel5              functab      0000
l1888                                   
l1891                                   
l1894                                   
l2268                                   
l2270                                   
l2272                                   
l2274                                   
l2276                                   
l2278                                   
l2280                                   
l2282                                   
l2284                                   
l2286                                   
l2288                                   
l2290                                   
l2292                                   
l2294                                   
l2296                                   
l2300                                   
l625                                    
reset_vec              reset_vec    0000
start                  init         0000
start_initialization   cinit        07BF
wtemp0                 (abs)        007E
