HI-TECH Software C Compiler 

Linker command line:

--edf=C:\Program Files (x86)\HI-TECH Software\PICC\9.83\dat\en_msgs.txt -cs \
  -h+ProjTest.sym -z -Q16C77 -ol.obj -MProjTest.map -E1 -ACONST=00h-0FFhx16 \
  -ACODE=00h-07FFhx2 -ASTRCODE=00h-0FFFh -AENTRY=00h-0FFhx16 \
  -ASTRING=00h-0FFhx16 -ABANK0=020h-06Fh -ABANK1=0A0h-0EFh \
  -ABANK2=0110h-016Fh -ABANK3=0190h-01EFh \
  -ARAM=020h-06Fh,0A0h-0EFh,0110h-016Fh,0190h-01EFh \
  -AABS1=020h-07Fh,0A0h-0EFh,0110h-016Fh,0190h-01EFh -ACOMMON=070h-07Fh \
  -ASFR0=00h-01Fh -ASFR1=080h-09Fh -ASFR2=0100h-010Fh -ASFR3=0180h-018Fh \
  -preset_vec=00h,intentry=04h,init,end_init -ppowerup=CODE -pfunctab=CODE \
  -ACONFIG=02000h-02007h -pconfig=CONFIG -DCONFIG=2 -AIDLOC=02008h-0200Bh \
  -pidloc=IDLOC -DIDLOC=2 -DCODE=2 -DSTRCODE=2 -DSTRING=2 -DCONST=2 \
  -DENTRY=2 -k startup.obj ProjTest.obj 

Object code version is 3.10

Machine type is 16C77



                Name                               Link     Load   Length Selector   Space Scale
startup.obj     end_init                             11       11        2        8       0
                reset_vec                             0        0        2        0       0
ProjTest.obj    intentry                              4        4        D        8       0
                config                             2000     2000        3     4000       0
                text867                             44F      44F       E0        8       0
                text863                             6D6      6D6       13      D2A       0
                text862                             761      761        9      E50       0
                text861                             7A2      7A2        8      E50       0
                text860                             79A      79A        8      E50       0
                text859                             792      792        8      E50       0
                text858                             78A      78A        8      E50       0
                text857                             782      782        8      E50       0
                text856                             77A      77A        8      E50       0
                text855                             772      772        8      E50       0
                text854                             757      757        A      E50       0
                text853                             7BC      7BC        3      E50       0
                text851                             7B7      7B7        5      E50       0
                text850                             74C      74C        B      E50       0
                text849                             7AA      7AA        7      E50       0
                text847                             7B1      7B1        6      E50       0
                text846                             7BF      7BF        2      E50       0
                text845                             6C2      6C2       14      D2A       0
                text844                             740      740        C      E50       0
                text843                             6E9      6E9       11      D2A       0
                text842                             734      734        C      E50       0
                text841                             6AE      6AE       14      D2A       0
                text840                             728      728        C      E50       0
                text834                             5FA      5FA       5D        8       0
                text831                             52F      52F       CB        8       0
                text830                             657      657       24        8       0
                swtext4                             67B      67B       1A      CF6       0
                swtext3                             71C      71C        C      E00       0
                swtext2                             70E      70E        E      E00       0
                swtext1                             700      700        E      E00       0
                maintext                             13       13      43C        8       0
                cstackBANK0                          20       20       28       20       1
                cstackCOMMON                         70       70        D       70       1
                clrtext                             76A      76A        8      E50       0
                bssBANK3                            190      190       18      190       1
                bssBANK1                             A0       A0       41       A0       1
                dataBANK0                            6E       6E        1       20       1
                bssBANK0                             48       48       26       20       1
                bssCOMMON                            7D       7D        1       70       1
                cinit                               695      695       19      D2A       0

TOTAL           Name                               Link     Load   Length     Space
        CLASS   CONST          
                swtext4                             67B      67B       1A         0
                swtext3                             71C      71C        C         0
                swtext2                             70E      70E        E         0
                swtext1                             700      700        E         0

        CLASS   CODE           
                end_init                             11       11        2         0
                intentry                              4        4        D         0
                reset_vec                             0        0        2         0
                text867                             44F      44F       E0         0
                text863                             6D6      6D6       13         0
                text862                             761      761        9         0
                text861                             7A2      7A2        8         0
                text860                             79A      79A        8         0
                text859                             792      792        8         0
                text858                             78A      78A        8         0
                text857                             782      782        8         0
                text856                             77A      77A        8         0
                text855                             772      772        8         0
                text854                             757      757        A         0
                text853                             7BC      7BC        3         0
                text851                             7B7      7B7        5         0
                text850                             74C      74C        B         0
                text849                             7AA      7AA        7         0
                text847                             7B1      7B1        6         0
                text846                             7BF      7BF        2         0
                text845                             6C2      6C2       14         0
                text844                             740      740        C         0
                text843                             6E9      6E9       11         0
                text842                             734      734        C         0
                text841                             6AE      6AE       14         0
                text840                             728      728        C         0
                text834                             5FA      5FA       5D         0
                text831                             52F      52F       CB         0
                text830                             657      657       24         0
                maintext                             13       13      43C         0
                clrtext                             76A      76A        8         0
                cinit                               695      695       19         0

        CLASS   STRCODE        

        CLASS   ENTRY          

        CLASS   STRING         

        CLASS   BANK0          
                cstackBANK0                          20       20       28         1
                dataBANK0                            6E       6E        1         1
                bssBANK0                             48       48       26         1

        CLASS   BANK1          
                bssBANK1                             A0       A0       41         1

        CLASS   BANK2          

        CLASS   BANK3          
                bssBANK3                            190      190       18         1

        CLASS   RAM            

        CLASS   ABS1           
                abs_s1                               7E       7E        2         1

        CLASS   COMMON         
                cstackCOMMON                         70       70        D         1
                bssCOMMON                            7D       7D        1         1

        CLASS   SFR0           

        CLASS   SFR1           

        CLASS   SFR2           

        CLASS   SFR3           

        CLASS   CONFIG         
                config                             2000     2000        3         0

        CLASS   IDLOC          

        CLASS   EEDATA         



SEGMENTS        Name                           Load    Length   Top    Selector   Space  Class     Delta

                reset_vec                      000000  000002  000002         0       0  CODE        2
                intentry                       000004  000677  00067B         8       0  CODE        2
                cstackBANK0                    000020  00004F  00006F        20       1  BANK0       1
                cstackCOMMON                   000070  00000E  00007E        70       1  COMMON      1
                bssBANK1                       0000A0  000041  0000E1        A0       1  BANK1       1
                bssBANK3                       000190  000018  0001A8       190       1  BANK3       1
                swtext4                        00067B  00001A  000695       CF6       0  CONST       2
                cinit                          000695  000065  0006FA       D2A       0  CODE        2
                swtext1                        000700  000028  000728       E00       0  CONST       2
                text840                        000728  000099  0007C1       E50       0  CODE        2
                config                         002000  000003  002003      4000       0  CONFIG      2


UNUSED ADDRESS RANGES

        Name                Unused          Largest block    Delta
        BANK0            006F-006F              1           1
        BANK1            00E1-00EF              F           1
        BANK2            0110-016F             60           1
        BANK3            01A8-01EF             48           1
        CODE             0002-0003              2           2
                         06FA-06FF              6
                         07C1-0FFF             3F
        CONFIG           2003-2007              5           2
        CONST            0002-0003              2           2
                         06FA-06FF              6
                         07C1-0FFF            100
        ENTRY            0002-0003              2           2
                         06FA-06FF              6
                         07C1-0FFF            100
        IDLOC            2008-200B              4           2
        RAM              006F-006F              1           1
                         00E1-00EF              F
                         0110-016F             60
                         01A8-01EF             48
        SFR0             0000-001F             20           1
        SFR1             0080-009F             20           1
        SFR2             0100-010F             10           1
        SFR3             0180-018F             10           1
        STRCODE          0002-0003              2           2
                         06FA-06FF              6
                         07C1-0FFF            83F
        STRING           0002-0003              2           2
                         06FA-06FF              6
                         07C1-0FFF            100

                                  Symbol Table

??_AD_Sample                                      cstackBANK0  0020
??_Filter                                         cstackBANK0  0022
??_ISR                                            cstackCOMMON 0079
??_adc_get                                        cstackCOMMON 0072
??_adc_start                                      cstackBANK0  0020
??_adc_test_init                                  cstackBANK0  0021
??_clearAllTimer                                  cstackBANK0  0020
??_clearPinPortAndTimer                           cstackBANK0  0020
??_clearThreeHoursTimer                           cstackBANK0  0020
??_clearTwelveHoursTimer                          cstackBANK0  0020
??_clearTwentySecondsTimer                        cstackBANK0  0020
??_clock_config                                   cstackBANK0  0020
??_clrSampeTime                                   cstackBANK0  0020
??_dac_init                                       cstackBANK0  0020
??_getAD_ConvertFlag                              cstackBANK0  0020
??_getAdOriginaCh4Value                           cstackBANK0  0048
??_getAdOriginalCh14Value                         cstackBANK0  0048
??_getAdOriginalCh1Value                          cstackBANK0  0048
??_initPin                                        cstackBANK0  0020
??_isFinishedThreeHoursTimer                      cstackBANK0  0020
??_isFinishedTwelveHoursTimer                     cstackBANK0  0020
??_isFinishedTwentySecondsTimer                   cstackBANK0  0020
??_isPermitSampleTime                             cstackBANK0  0020
??_main                                           cstackBANK0  0048
??_op1_init                                       cstackBANK0  0020
??_op2_init                                       cstackBANK0  0020
??_process_AD_Converter_Value                     cstackBANK0  0023
??_setAD_ConvertFlag                              cstackBANK0  0020
??_setPA0                                         cstackBANK0  0020
??_setPA1                                         cstackBANK0  0020
??_setPA2                                         cstackBANK0  0020
??_setPA3                                         cstackBANK0  0020
??_setPA6                                         cstackBANK0  0020
??_setPB0                                         cstackBANK0  0020
??_setPB1                                         cstackBANK0  0020
??_startThreeHoursTimer                           cstackBANK0  0022
??_startTwelveHourTimer                           cstackBANK0  0022
??_startTwentySecondsTimer                        cstackBANK0  0020
??_timer1_config                                  cstackBANK0  0020
??_timer1_interrupt_config                        cstackBANK0  0020
??_vPutSampleDataIntoTable                        cstackCOMMON 0077
??i1_setAD_ConvertFlag                            cstackCOMMON 0070
?_AD_Sample                                       cstackCOMMON 0070
?_Filter                                          cstackBANK0  0020
?_ISR                                             cstackCOMMON 0070
?_adc_get                                         cstackCOMMON 0070
?_adc_start                                       cstackCOMMON 0070
?_adc_test_init                                   cstackBANK0  0020
?_clearAllTimer                                   cstackCOMMON 0070
?_clearPinPortAndTimer                            cstackCOMMON 0070
?_clearThreeHoursTimer                            cstackCOMMON 0070
?_clearTwelveHoursTimer                           cstackCOMMON 0070
?_clearTwentySecondsTimer                         cstackCOMMON 0070
?_clock_config                                    cstackCOMMON 0070
?_clrSampeTime                                    cstackCOMMON 0070
?_dac_init                                        cstackCOMMON 0070
?_getAD_ConvertFlag                               cstackCOMMON 0070
?_getAdOriginaCh4Value                            cstackBANK0  0046
?_getAdOriginalCh14Value                          cstackBANK0  0046
?_getAdOriginalCh1Value                           cstackBANK0  0046
?_initPin                                         cstackCOMMON 0070
?_isFinishedThreeHoursTimer                       cstackCOMMON 0070
?_isFinishedTwelveHoursTimer                      cstackCOMMON 0070
?_isFinishedTwentySecondsTimer                    cstackCOMMON 0070
?_isPermitSampleTime                              cstackCOMMON 0070
?_main                                            cstackCOMMON 0070
?_op1_init                                        cstackCOMMON 0070
?_op2_init                                        cstackCOMMON 0070
?_process_AD_Converter_Value                      cstackCOMMON 0070
?_setAD_ConvertFlag                               cstackCOMMON 0070
?_setPA0                                          cstackCOMMON 0070
?_setPA1                                          cstackCOMMON 0070
?_setPA2                                          cstackCOMMON 0070
?_setPA3                                          cstackCOMMON 0070
?_setPA6                                          cstackCOMMON 0070
?_setPB0                                          cstackCOMMON 0070
?_setPB1                                          cstackCOMMON 0070
?_startThreeHoursTimer                            cstackBANK0  0020
?_startTwelveHourTimer                            cstackBANK0  0020
?_startTwentySecondsTimer                         cstackCOMMON 0070
?_timer1_config                                   cstackCOMMON 0070
?_timer1_interrupt_config                         cstackCOMMON 0070
?_vPutSampleDataIntoTable                         cstackCOMMON 0074
?i1_setAD_ConvertFlag                             cstackCOMMON 0070
Filter@cir                                        cstackBANK0  0042
Filter@filter_buf                                 cstackBANK0  0026
Filter@filter_sum                                 cstackBANK0  0040
Filter@filter_temp                                cstackBANK0  003E
Filter@i                                          cstackBANK0  0045
Filter@j                                          cstackBANK0  0044
Filter@tmpValue                                   cstackBANK0  0020
ISR@ucTimer1sCnt                                  bssBANK1     00A6
_ADCON0                                           (abs)        001F
_ADCON1                                           (abs)        009F
_ADIE                                             (abs)        046A
_ADIF                                             (abs)        006A
_ADON                                             (abs)        00F8
_ADRESH                                           (abs)        001E
_ADRESL                                           (abs)        009E
_AD_Sample                                        text834      0621
_CLKPCE                                           (abs)        0847
_CLKPR                                            (abs)        0108
_DACCON                                           (abs)        0087
_DACR0                                            (abs)        0088
_Filter                                           text831      054D
_GIE                                              (abs)        005F
_GO                                               (abs)        00F9
_ISR                                              text867      044F
_OP1CON0                                          (abs)        001B
_OP1CON1                                          (abs)        001C
_OP1CON2                                          (abs)        001D
_OP2CON0                                          (abs)        009B
_OP2CON1                                          (abs)        009C
_OP2CON2                                          (abs)        009D
_PA0                                              (abs)        0028
_PA1                                              (abs)        0029
_PA2                                              (abs)        002A
_PA3                                              (abs)        002B
_PA6                                              (abs)        002E
_PB0                                              (abs)        0030
_PB1                                              (abs)        0031
_PB6                                              (abs)        0036
_PB7                                              (abs)        0037
_PBOD6                                            (abs)        0C46
_PBOD7                                            (abs)        0C47
_PEIE                                             (abs)        005E
_T1CON                                            (abs)        0010
_TMR1H                                            (abs)        000F
_TMR1IE                                           (abs)        0460
_TMR1IF                                           (abs)        0060
_TMR1L                                            (abs)        000E
_TRISA0                                           (abs)        0428
_TRISA1                                           (abs)        0429
_TRISA2                                           (abs)        042A
_TRISA3                                           (abs)        042B
_TRISA6                                           (abs)        042E
_TRISA7                                           (abs)        042F
_TRISB0                                           (abs)        0430
_TRISB1                                           (abs)        0431
_TRISB2                                           (abs)        0432
_TRISB3                                           (abs)        0433
_TRISB4                                           (abs)        0434
_TRISB5                                           (abs)        0435
_TRISB6                                           (abs)        0436
_TRISB7                                           (abs)        0437
__Habs1                                           abs1         0000
__Hbank0                                          bank0        0000
__Hbank1                                          bank1        0000
__Hbank2                                          bank2        0000
__Hbank3                                          bank3        0000
__HbssBANK0                                       bssBANK0     0000
__HbssBANK1                                       bssBANK1     0000
__HbssBANK3                                       bssBANK3     0000
__HbssCOMMON                                      bssCOMMON    0000
__Hcinit                                          cinit        0000
__Hclrtext                                        clrtext      0000
__Hcode                                           code         0000
__Hcommon                                         common       0000
__Hconfig                                         config       2003
__HcstackBANK0                                    cstackBANK0  0000
__HcstackCOMMON                                   cstackCOMMON 0000
__HdataBANK0                                      dataBANK0    0000
__Heeprom_data                                    eeprom_data  0000
__Hend_init                                       end_init     0013
__Hfunctab                                        functab      0000
__HidataBANK0                                     idataBANK0   0000
__Hidloc                                          idloc        0000
__Hinit                                           init         0011
__Hintentry                                       intentry     0011
__Hmaintext                                       maintext     0000
__Hpa_nodes                                       pa_nodes     0000
__Hpowerup                                        powerup      0000
__Hram                                            ram          0000
__Hreset_vec                                      reset_vec    0002
__Hsfr0                                           sfr0         0000
__Hsfr1                                           sfr1         0000
__Hsfr2                                           sfr2         0000
__Hsfr3                                           sfr3         0000
__Hstrings                                        strings      0000
__Htext                                           text         0000
__Labs1                                           abs1         0000
__Lbank0                                          bank0        0000
__Lbank1                                          bank1        0000
__Lbank2                                          bank2        0000
__Lbank3                                          bank3        0000
__LbssBANK0                                       bssBANK0     0000
__LbssBANK1                                       bssBANK1     0000
__LbssBANK3                                       bssBANK3     0000
__LbssCOMMON                                      bssCOMMON    0000
__Lcinit                                          cinit        0000
__Lclrtext                                        clrtext      0000
__Lcode                                           code         0000
__Lcommon                                         common       0000
__Lconfig                                         config       2000
__LcstackBANK0                                    cstackBANK0  0000
__LcstackCOMMON                                   cstackCOMMON 0000
__LdataBANK0                                      dataBANK0    0000
__Leeprom_data                                    eeprom_data  0000
__Lend_init                                       end_init     0011
__Lfunctab                                        functab      0000
__LidataBANK0                                     idataBANK0   0000
__Lidloc                                          idloc        0000
__Linit                                           init         0011
__Lintentry                                       intentry     0004
__Lmaintext                                       maintext     0000
__Lpa_nodes                                       pa_nodes     0000
__Lpowerup                                        powerup      0000
__Lram                                            ram          0000
__Lreset_vec                                      reset_vec    0000
__Lsfr0                                           sfr0         0000
__Lsfr1                                           sfr1         0000
__Lsfr2                                           sfr2         0000
__Lsfr3                                           sfr3         0000
__Lstrings                                        strings      0000
__Ltext                                           text         0000
__S0                                              (abs)        2003
__S1                                              (abs)        01A8
__end_of_AD_Sample                                text834      063F
__end_of_Filter                                   text831      05E4
__end_of_ISR                                      text867      04AD
__end_of_adc_get                                  text867      04B8
__end_of_adc_start                                text834      0657
__end_of_adc_test_init                            text834      0654
__end_of_clearAllTimer                            text830      0669
__end_of_clearPinPortAndTimer                     text830      0664
__end_of_clearThreeHoursTimer                     text830      0675
__end_of_clearTwelveHoursTimer                    text830      066F
__end_of_clearTwentySecondsTimer                  text830      067B
__end_of_clock_config                             text855      077A
__end_of_clrSampeTime                             text846      07C1
__end_of_dac_init                                 text851      07BC
__end_of_getAD_ConvertFlag                        text834      061C
__end_of_getAdOriginaCh4Value                     text831      0538
__end_of_getAdOriginalCh14Value                   text831      054D
__end_of_getAdOriginalCh1Value                    text831      0542
__end_of_initPin                                  text863      06E9
__end_of_isFinishedThreeHoursTimer                text840      0734
__end_of_isFinishedTwelveHoursTimer               text844      074C
__end_of_isFinishedTwentySecondsTimer             text842      0740
__end_of_isPermitSampleTime                       text847      07B7
__end_of_main                                     maintext     044F
__end_of_op1_init                                 text850      0757
__end_of_op2_init                                 text849      07B1
__end_of_process_AD_Converter_Value               text834      0618
__end_of_setAD_ConvertFlag                        text834      0621
__end_of_setPA0                                   text860      07A2
__end_of_setPA1                                   text859      079A
__end_of_setPA2                                   text858      0792
__end_of_setPA3                                   text857      078A
__end_of_setPA6                                   text856      0782
__end_of_setPB0                                   text862      076A
__end_of_setPB1                                   text861      07AA
__end_of_startThreeHoursTimer                     text841      06C2
__end_of_startTwelveHourTimer                     text845      06D6
__end_of_startTwentySecondsTimer                  text843      06FA
__end_of_timer1_config                            text854      0761
__end_of_timer1_interrupt_config                  text853      07BF
__end_of_vPutSampleDataIntoTable                  text867      051B
__end_ofi1_setAD_ConvertFlag                      text867      051F
__pbssBANK0                                       bssBANK0     0048
__pbssBANK1                                       bssBANK1     00A0
__pbssBANK3                                       bssBANK3     0190
__pbssCOMMON                                      bssCOMMON    007D
__pcstackBANK0                                    cstackBANK0  0020
__pcstackCOMMON                                   cstackCOMMON 0070
__pdataBANK0                                      dataBANK0    006E
__pidataBANK0                                     idataBANK0   0000
__pintentry                                       intentry     0004
__pmaintext                                       maintext     0013
__pswtext1                                        swtext1      0700
__pswtext2                                        swtext2      070E
__pswtext3                                        swtext3      071C
__pswtext4                                        swtext4      067B
__ptext830                                        text830      0657
__ptext831                                        text831      052F
__ptext832                                        text831      0538
__ptext833                                        text831      0542
__ptext834                                        text834      05FA
__ptext835                                        text830      0664
__ptext836                                        text834      0621
__ptext837                                        text834      061C
__ptext838                                        text834      0618
__ptext839                                        text831      054D
__ptext840                                        text840      0728
__ptext841                                        text841      06AE
__ptext842                                        text842      0734
__ptext843                                        text843      06E9
__ptext844                                        text844      0740
__ptext845                                        text845      06C2
__ptext846                                        text846      07BF
__ptext847                                        text847      07B1
__ptext848                                        text834      0654
__ptext849                                        text849      07AA
__ptext850                                        text850      074C
__ptext851                                        text851      07B7
__ptext852                                        text834      063F
__ptext853                                        text853      07BC
__ptext854                                        text854      0757
__ptext855                                        text855      0772
__ptext856                                        text856      077A
__ptext857                                        text857      0782
__ptext858                                        text858      078A
__ptext859                                        text859      0792
__ptext860                                        text860      079A
__ptext861                                        text861      07A2
__ptext862                                        text862      0761
__ptext863                                        text863      06D6
__ptext864                                        text830      0675
__ptext865                                        text830      066F
__ptext866                                        text830      0669
__ptext867                                        text867      044F
__ptext868                                        text867      051B
__ptext869                                        text867      04AD
__ptext870                                        text867      04B8
__ptext871                                        text871      0000
__size_of_AD_Sample                               (abs)        0000
__size_of_Filter                                  (abs)        0000
__size_of_ISR                                     (abs)        0000
__size_of_adc_get                                 (abs)        0000
__size_of_adc_start                               (abs)        0000
__size_of_adc_test_init                           (abs)        0000
__size_of_clearAllTimer                           (abs)        0000
__size_of_clearPinPortAndTimer                    (abs)        0000
__size_of_clearThreeHoursTimer                    (abs)        0000
__size_of_clearTwelveHoursTimer                   (abs)        0000
__size_of_clearTwentySecondsTimer                 (abs)        0000
__size_of_clock_config                            (abs)        0000
__size_of_clrSampeTime                            (abs)        0000
__size_of_dac_init                                (abs)        0000
__size_of_getAD_ConvertFlag                       (abs)        0000
__size_of_getAdOriginaCh4Value                    (abs)        0000
__size_of_getAdOriginalCh14Value                  (abs)        0000
__size_of_getAdOriginalCh1Value                   (abs)        0000
__size_of_initPin                                 (abs)        0000
__size_of_isFinishedThreeHoursTimer               (abs)        0000
__size_of_isFinishedTwelveHoursTimer              (abs)        0000
__size_of_isFinishedTwentySecondsTimer            (abs)        0000
__size_of_isPermitSampleTime                      (abs)        0000
__size_of_main                                    (abs)        0000
__size_of_op1_init                                (abs)        0000
__size_of_op2_init                                (abs)        0000
__size_of_process_AD_Converter_Value              (abs)        0000
__size_of_setAD_ConvertFlag                       (abs)        0000
__size_of_setPA0                                  (abs)        0000
__size_of_setPA1                                  (abs)        0000
__size_of_setPA2                                  (abs)        0000
__size_of_setPA3                                  (abs)        0000
__size_of_setPA6                                  (abs)        0000
__size_of_setPB0                                  (abs)        0000
__size_of_setPB1                                  (abs)        0000
__size_of_startThreeHoursTimer                    (abs)        0000
__size_of_startTwelveHourTimer                    (abs)        0000
__size_of_startTwentySecondsTimer                 (abs)        0000
__size_of_timer1_config                           (abs)        0000
__size_of_timer1_interrupt_config                 (abs)        0000
__size_of_vPutSampleDataIntoTable                 (abs)        0000
__size_ofi1_setAD_ConvertFlag                     (abs)        0000
_adc_convert_flag                                 bssBANK1     00A7
_adc_get                                          text867      04AD
_adc_start                                        text834      0654
_adc_test_init                                    text834      063F
_bBigTimerStartFlag                               bssBANK0     0048
_bSmallTimerStartFlag                             bssBANK0     0049
_bTwentySecStartFlag                              bssBANK0     004A
_clearAllTimer                                    text830      0664
_clearPinPortAndTimer                             text830      0657
_clearThreeHoursTimer                             text830      066F
_clearTwelveHoursTimer                            text830      0669
_clearTwentySecondsTimer                          text830      0675
_clock_config                                     text855      0772
_clrSampeTime                                     text846      07BF
_dac_init                                         text851      07B7
_exit                                             init         0011
_getAD_ConvertFlag                                text834      0618
_getAdOriginaCh4Value                             text831      052F
_getAdOriginalCh14Value                           text831      0542
_getAdOriginalCh1Value                            text831      0538
_initPin                                          text863      06D6
_isFinishedThreeHoursTimer                        text840      0728
_isFinishedTwelveHoursTimer                       text844      0740
_isFinishedTwentySecondsTimer                     text842      0734
_isPermitSampleTime                               text847      07B1
_main                                             maintext     0013
_op1_init                                         text850      074C
_op2_init                                         text849      07AA
_process_AD_Converter_Value                       text834      05FA
_sampleChannelSelect                              dataBANK0    006E
_sampleTimes                                      bssBANK0     004B
_setAD_ConvertFlag                                text834      061C
_setPA0                                           text860      079A
_setPA1                                           text859      0792
_setPA2                                           text858      078A
_setPA3                                           text857      0782
_setPA6                                           text856      077A
_setPB0                                           text862      0761
_setPB1                                           text861      07A2
_startThreeHoursTimer                             text841      06AE
_startTwelveHourTimer                             text845      06C2
_startTwentySecondsTimer                          text843      06E9
_timer                                            bssBANK1     00A8
_timer1_config                                    text854      0757
_timer1_interrupt_config                          text853      07BC
_uiBigTimer                                       bssBANK1     00A0
_uiSampleChannelFirst                             bssBANK1     00B1
_uiSampleChannelFourteenth                        bssBANK3     0190
_uiSampleChannelFourth                            bssBANK1     00C9
_uiSmallTimer                                     bssBANK1     00A2
_uiTwentySecondsTimer                             bssBANK1     00A4
_vPutSampleDataIntoTable                          text867      04B8
adc_get@val                                       cstackCOMMON 0072
adc_test_init@channel                             cstackBANK0  0022
adc_test_init@ref                                 cstackBANK0  0020
btemp                                             (abs)        007E
clear_ram                                         clrtext      076A
end_of_initialization                             cinit        06AB
i1_setAD_ConvertFlag                              text867      051B
i1l1759                                                            
i1l2505                                                            
i1l4368                                                            
i1l4370                                                            
i1l4374                                                            
i1l4378                                                            
i1l4386                                                            
i1l4390                                                            
i1l4398                                                            
i1l4402                                                            
i1l4412                                                            
i1l4414                                                            
i1l4444                                                            
i1l4448                                                            
i1l4450                                                            
i1l4454                                                            
i1l4466                                                            
i1l4468                                                            
i1l4474                                                            
i1l4478                                                            
i1l4482                                                            
i1setAD_ConvertFlag@flag                          cstackCOMMON 0070
interrupt_function                                intentry     0004
intlevel0                                         functab      0000
intlevel1                                         functab      0000
intlevel2                                         functab      0000
intlevel3                                         functab      0000
intlevel4                                         functab      0000
intlevel5                                         functab      0000
l1718                                                              
l1747                                                              
l1750                                                              
l1753                                                              
l1756                                                              
l1759                                                              
l1762                                                              
l1765                                                              
l1768                                                              
l1797                                                              
l1800                                                              
l1803                                                              
l1834                                                              
l2482                                                              
l2485                                                              
l2488                                                              
l2496                                                              
l2502                                                              
l4160                                                              
l4162                                                              
l4166                                                              
l4168                                                              
l4170                                                              
l4172                                                              
l4174                                                              
l4176                                                              
l4178                                                              
l4180                                                              
l4182                                                              
l4184                                                              
l4186                                                              
l4188                                                              
l4190                                                              
l4192                                                              
l4194                                                              
l4196                                                              
l4198                                                              
l4200                                                              
l4202                                                              
l4204                                                              
l4206                                                              
l4208                                                              
l4210                                                              
l4212                                                              
l4214                                                              
l4216                                                              
l4218                                                              
l4220                                                              
l4222                                                              
l4224                                                              
l4226                                                              
l4228                                                              
l4232                                                              
l4244                                                              
l4246                                                              
l4252                                                              
l4254                                                              
l4258                                                              
l4260                                                              
l4270                                                              
l4276                                                              
l4278                                                              
l4282                                                              
l4284                                                              
l4294                                                              
l4300                                                              
l4302                                                              
l4306                                                              
l4308                                                              
l4318                                                              
l4326                                                              
l4328                                                              
l4330                                                              
l4350                                                              
l4358                                                              
l4360                                                              
l4364                                                              
l4416                                                              
l4420                                                              
l4422                                                              
l4426                                                              
l4430                                                              
l4440                                                              
l4486                                                              
l4490                                                              
l4496                                                              
l4502                                                              
l4506                                                              
l4510                                                              
l4514                                                              
l4516                                                              
l4518                                                              
l4520                                                              
l4522                                                              
l4524                                                              
l4526                                                              
l4528                                                              
l4530                                                              
l4532                                                              
l4534                                                              
l4536                                                              
l4538                                                              
l4542                                                              
l4544                                                              
l4564                                                              
l4568                                                              
l4572                                                              
l4576                                                              
l4582                                                              
l4588                                                              
l4592                                                              
l4598                                                              
l4612                                                              
l4622                                                              
l4624                                                              
l4632                                                              
l4706                                                              
l4770                                                              
l4826                                                              
l4872                                                              
l4908                                                              
l4926                                                              
l4930                                                              
l4936                                                              
l4938                                                              
l4956                                                              
l4960                                                              
l4972                                                              
l4976                                                              
l4984                                                              
l4986                                                              
l4988                                                              
l4992                                                              
l4996                                                              
l4998                                                              
l5002                                                              
l5012                                                              
l5016                                                              
l5022                                                              
l5028                                                              
l5032                                                              
l5036                                                              
l5040                                                              
l5050                                                              
l5052                                                              
l5060                                                              
l5062                                                              
l5068                                                              
l5074                                                              
l5078                                                              
l5084                                                              
l5086                                                              
l5088                                                              
l5090                                                              
l5092                                                              
l5100                                                              
l5104                                                              
l5114                                                              
l5116                                                              
l5124                                                              
l5126                                                              
l5128                                                              
l5140                                                              
l5152                                                              
l5154                                                              
l5156                                                              
l5158                                                              
l679                                                               
l682                                                               
l685                                                               
main@bCheckTweHour                                bssBANK0     004C
main@enumBranchStep                               bssBANK0     004D
main@enumInteralStep                              bssBANK1     00A9
main@enumMainLoopStep                             bssBANK0     004E
main@ucADC4_Step                                  bssBANK0     004F
main@ucChannel4Type                               bssBANK0     0050
main@ucCheckTimerP2sLess                          bssBANK0     0051
main@ucCheckTimerP2sMore                          bssBANK0     0052
main@ucDelayPrefix4TimerP5s                       bssBANK0     0053
main@ucDelayPrefix6TimerP2s                       bssBANK0     0054
main@ucFourthSuffix1TimerP3s                      bssBANK0     0055
main@ucLoaderStep                                 bssBANK0     0056
main@ucLoaderStep1                                bssBANK0     0057
main@ucLoaderStep2                                bssBANK0     0058
main@ucLoaderStep3                                bssBANK0     0059
main@ucLoaderStep4                                bssBANK0     005A
main@ucTimer1s                                    bssBANK1     00AA
main@ucTimer20s                                   bssBANK1     00AB
main@ucTimerADC1ZeroP5s                           bssBANK0     005B
main@ucTimerDelay                                 bssBANK0     005C
main@ucTimerDelay1                                bssBANK0     005D
main@ucTimerDelay2                                bssBANK0     005E
main@ucTimerDelay3                                bssBANK0     005F
main@ucTimerDelay4                                bssBANK0     0060
main@ucTimerDelayP2sLess                          bssBANK0     0061
main@ucTimerDelayP2sMore                          bssBANK0     0062
main@ucTimerForDACR0_CNT1                         bssBANK0     0063
main@ucTimerForDACR0_CNT1_f                       bssBANK0     0064
main@ucTimerForDACR0_CNT2                         bssBANK0     0065
main@ucTimerForDACR0_CNT2_f                       bssBANK0     0066
main@ucTimerLessADC1ZeroP5s                       bssBANK0     0067
main@ucTimerLessX1P5s                             bssBANK1     00AC
main@ucTimerLessX2P5s                             bssBANK1     00AD
main@ucTimerP3s                                   bssBANK1     00AE
main@ucTimerP5s                                   bssBANK0     0068
main@ucTimerRightP5s                              bssBANK0     0069
main@ucTimerX1P5s                                 bssBANK1     00AF
main@ucTimerX2P5s                                 bssBANK1     00B0
main@ucTimerZeroPoint3s                           bssBANK0     006A
main@ucTimerZeroPoint5s                           bssBANK0     006B
reset_vec                                         reset_vec    0000
saved_w                                           (abs)        007E
setAD_ConvertFlag@flag                            cstackBANK0  0020
setPA0@bValue                                     cstackBANK0  0020
setPA1@bValue                                     cstackBANK0  0020
setPA2@bValue                                     cstackBANK0  0020
setPA3@bValue                                     cstackBANK0  0020
setPA6@bValue                                     cstackBANK0  0020
setPB0@bValue                                     cstackBANK0  0020
setPB1@bValue                                     cstackBANK0  0020
start                                             init         0011
startThreeHoursTimer@uiSetTime                    cstackBANK0  0020
startTwelveHourTimer@uiSetTime                    cstackBANK0  0020
start_initialization                              cinit        0695
vPutSampleDataIntoTable@channel                   cstackCOMMON 0076
vPutSampleDataIntoTable@i                         cstackCOMMON 0077
vPutSampleDataIntoTable@ucChannelFirstLength      bssCOMMON    007D
vPutSampleDataIntoTable@ucChannelFourteenthLength bssBANK0     006C
vPutSampleDataIntoTable@ucChannelFourthLength     bssBANK0     006D
vPutSampleDataIntoTable@uiSampleData              cstackCOMMON 0074
wtemp0                                            (abs)        007E
