HI-TECH Software C Compiler 

Linker command line:

--edf=C:\Program Files (x86)\HI-TECH Software\PICC\9.83\dat\en_msgs.txt -cs \
  -h+ProjTest.sym -z -Q16C77 -ol.obj -MProjTest.map -E1 -ACONST=00h-0FFhx16 \
  -ACODE=00h-07FFhx2 -ASTRCODE=00h-0FFFh -AENTRY=00h-0FFhx16 \
  -ASTRING=00h-0FFhx16 -ABANK0=020h-06Fh -ABANK1=0A0h-0EFh \
  -ABANK2=0110h-016Fh -ABANK3=0190h-01EFh \
  -ARAM=020h-06Fh,0A0h-0EFh,0110h-016Fh,0190h-01EFh \
  -AABS1=020h-07Fh,0A0h-0EFh,0110h-016Fh,0190h-01EFh -ACOMMON=070h-07Fh \
  -ASFR0=00h-01Fh -ASFR1=080h-09Fh -ASFR2=0100h-010Fh -ASFR3=0180h-018Fh \
  -preset_vec=00h,intentry=04h,init,end_init -ppowerup=CODE -pfunctab=CODE \
  -ACONFIG=02000h-02007h -pconfig=CONFIG -DCONFIG=2 -AIDLOC=02008h-0200Bh \
  -pidloc=IDLOC -DIDLOC=2 -DCODE=2 -DSTRCODE=2 -DSTRING=2 -DCONST=2 \
  -DENTRY=2 -k startup.obj ProjTest.obj 

Object code version is 3.10

Machine type is 16C77



                Name                               Link     Load   Length Selector   Space Scale
startup.obj     end_init                             11       11        2        8       0
                reset_vec                             0        0        2        0       0
ProjTest.obj    intentry                              4        4        D        8       0
                config                             2000     2000        3     4000       0
                text1215                             13       13      1EB        8       0
                text1207                            510      510       15        8       0
                text1206                            5C5      5C5        4        8       0
                text1205                            5CE      5CE        1        8       0
                text1204                            5AC      5AC        8        8       0
                text1203                            59A      59A        A        8       0
                text1202                            5C9      5C9        3        8       0
                text1200                            563      563        E        8       0
                text1198                            5B4      5B4        5        8       0
                text1197                            5CC      5CC        2        8       0
                text1196                            590      590        A        8       0
                text1195                            5C1      5C1        4        8       0
                text1194                            555      555        E        8       0
                text1193                            586      586        A        8       0
                text1192                            5BD      5BD        4        8       0
                text1191                            547      547        E        8       0
                text1190                            57C      57C        A        8       0
                text1189                            5B9      5B9        4        8       0
                text1188                            539      539        E        8       0
                text1187                            571      571        B        8       0
                text1182                            4BE      4BE       31        8       0
                text1181                            4EF      4EF       21        8       0
                text1180                            46E      46E       50        8       0
                text1179                            3B1      3B1       BD        8       0
                maintext                            1FE      1FE      1B3        8       0
                cstackBANK0                          20       20       1D       20       1
                cstackCOMMON                         70       70        D       70       1
                cstackBANK1                          C0       C0       16       A0       1
                clrtext                             5A4      5A4        8        8       0
                bssBANK1                             A0       A0       20       A0       1
                dataBANK0                            57       57        2       20       1
                bssBANK0                             3D       3D       1A       20       1
                bssCOMMON                            7D       7D        1       70       1
                cinit                               525      525       14        8       0

TOTAL           Name                               Link     Load   Length     Space
        CLASS   CONST          

        CLASS   CODE           
                end_init                             11       11        2         0
                intentry                              4        4        D         0
                reset_vec                             0        0        2         0
                text1215                             13       13      1EB         0
                text1207                            510      510       15         0
                text1206                            5C5      5C5        4         0
                text1205                            5CE      5CE        1         0
                text1204                            5AC      5AC        8         0
                text1203                            59A      59A        A         0
                text1202                            5C9      5C9        3         0
                text1200                            563      563        E         0
                text1198                            5B4      5B4        5         0
                text1197                            5CC      5CC        2         0
                text1196                            590      590        A         0
                text1195                            5C1      5C1        4         0
                text1194                            555      555        E         0
                text1193                            586      586        A         0
                text1192                            5BD      5BD        4         0
                text1191                            547      547        E         0
                text1190                            57C      57C        A         0
                text1189                            5B9      5B9        4         0
                text1188                            539      539        E         0
                text1187                            571      571        B         0
                text1182                            4BE      4BE       31         0
                text1181                            4EF      4EF       21         0
                text1180                            46E      46E       50         0
                text1179                            3B1      3B1       BD         0
                maintext                            1FE      1FE      1B3         0
                clrtext                             5A4      5A4        8         0
                cinit                               525      525       14         0

        CLASS   STRCODE        

        CLASS   ENTRY          

        CLASS   STRING         

        CLASS   BANK0          
                cstackBANK0                          20       20       1D         1
                dataBANK0                            57       57        2         1
                bssBANK0                             3D       3D       1A         1

        CLASS   BANK1          
                cstackBANK1                          C0       C0       16         1
                bssBANK1                             A0       A0       20         1

        CLASS   BANK2          

        CLASS   BANK3          

        CLASS   RAM            

        CLASS   ABS1           
                abs_s1                               7E       7E        2         1

        CLASS   COMMON         
                cstackCOMMON                         70       70        D         1
                bssCOMMON                            7D       7D        1         1

        CLASS   SFR0           

        CLASS   SFR1           

        CLASS   SFR2           

        CLASS   SFR3           

        CLASS   CONFIG         
                config                             2000     2000        3         0

        CLASS   IDLOC          

        CLASS   EEDATA         



SEGMENTS        Name                           Load    Length   Top    Selector   Space  Class     Delta

                reset_vec                      000000  000002  000002         0       0  CODE        2
                intentry                       000004  0005CB  0005CF         8       0  CODE        2
                cstackBANK0                    000020  000039  000059        20       1  BANK0       1
                cstackCOMMON                   000070  00000E  00007E        70       1  COMMON      1
                bssBANK1                       0000A0  000036  0000D6        A0       1  BANK1       1
                config                         002000  000003  002003      4000       0  CONFIG      2


UNUSED ADDRESS RANGES

        Name                Unused          Largest block    Delta
        BANK0            0059-006F             17           1
        BANK1            00D6-00EF             1A           1
        BANK2            0110-016F             60           1
        BANK3            0190-01EF             60           1
        CODE             0002-0003              2           2
                         05CF-0FFF            231
        CONFIG           2003-2007              5           2
        CONST            0002-0003              2           2
                         05CF-0FFF            100
        ENTRY            0002-0003              2           2
                         05CF-0FFF            100
        IDLOC            2008-200B              4           2
        RAM              0059-006F             17           1
                         00D6-00EF             1A
                         0110-016F             60
                         0190-01EF             60
        SFR0             0000-001F             20           1
        SFR1             0080-009F             20           1
        SFR2             0100-010F             10           1
        SFR3             0180-018F             10           1
        STRCODE          0002-0003              2           2
                         05CF-0FFF            A31
        STRING           0002-0003              2           2
                         05CF-0FFF            100

                                  Symbol Table

??_AD_Sample                                      cstackBANK0  0037
??_Filter                                         cstackCOMMON 0072
??_FilterCh13                                     cstackBANK0  0039
??_ISR                                            cstackBANK0  0033
??_adc_get                                        cstackCOMMON 0072
??_adc_start                                      cstackBANK0  0037
??_adc_test_init                                  cstackBANK0  0038
??_clearThreeHoursTimer                           cstackBANK0  0037
??_clearTwelveHoursTimer                          cstackBANK0  0037
??_clearTwentyMinTimer                            cstackBANK0  0037
??_clock_config                                   cstackBANK0  0037
??_clrSampeTime                                   cstackBANK0  0037
??_getAD_ConvertFlag                              cstackBANK0  0037
??_getAdOriginalCh13Value                         cstackBANK0  003D
??_initPB2_AsHighResistence                       cstackBANK0  0037
??_initPB3                                        cstackBANK0  0037
??_initPB4                                        cstackBANK0  0037
??_initPB5                                        cstackBANK0  0037
??_initPin                                        cstackBANK0  0038
??_isFinishedOneHoursTimer                        cstackBANK0  0037
??_isFinishedThreeHoursTimer                      cstackBANK0  0037
??_isFinishedTwelveHoursTimer                     cstackBANK0  0037
??_isFinishedTwentyMinTimer                       cstackBANK0  0037
??_isPermitSampleTime                             cstackBANK0  0037
??_main                                           cstackBANK1  00D1
??_process_AD_Converter_Value                     cstackBANK0  003A
??_pwm_start                                      cstackBANK0  0038
??_reset                                          cstackBANK0  0037
??_selectAdChannel                                cstackBANK0  0037
??_setAD_ConvertFlag                              cstackBANK0  0037
??_setPB3                                         cstackBANK0  0037
??_setPB4                                         cstackBANK0  0037
??_setPB5                                         cstackBANK0  0037
??_setPWM_Width                                   cstackCOMMON 0070
??_setPinInitVaule                                cstackBANK0  0038
??_startOneHoursTimer                             cstackBANK0  0039
??_startThreeHoursTimer                           cstackBANK0  0039
??_startTwelveHourTimer                           cstackBANK0  0039
??_startTwentyMinTimer                            cstackBANK0  0039
??_timer1_config                                  cstackBANK0  0037
??_timer1_interrupt_config                        cstackBANK0  0037
??_vPutSampleDataIntoTable                        cstackCOMMON 0079
??i1_setAD_ConvertFlag                            cstackCOMMON 0070
?_AD_Sample                                       cstackCOMMON 0070
?_Filter                                          cstackCOMMON 0070
?_FilterCh13                                      cstackBANK0  0037
?_ISR                                             cstackCOMMON 0070
?_adc_get                                         cstackCOMMON 0070
?_adc_start                                       cstackCOMMON 0070
?_adc_test_init                                   cstackBANK0  0037
?_clearThreeHoursTimer                            cstackCOMMON 0070
?_clearTwelveHoursTimer                           cstackCOMMON 0070
?_clearTwentyMinTimer                             cstackCOMMON 0070
?_clock_config                                    cstackCOMMON 0070
?_clrSampeTime                                    cstackCOMMON 0070
?_getAD_ConvertFlag                               cstackCOMMON 0070
?_getAdOriginalCh13Value                          cstackBANK1  00CF
?_initPB2_AsHighResistence                        cstackCOMMON 0070
?_initPB3                                         cstackCOMMON 0070
?_initPB4                                         cstackCOMMON 0070
?_initPB5                                         cstackCOMMON 0070
?_initPin                                         cstackCOMMON 0070
?_isFinishedOneHoursTimer                         cstackCOMMON 0070
?_isFinishedThreeHoursTimer                       cstackCOMMON 0070
?_isFinishedTwelveHoursTimer                      cstackCOMMON 0070
?_isFinishedTwentyMinTimer                        cstackCOMMON 0070
?_isPermitSampleTime                              cstackCOMMON 0070
?_main                                            cstackCOMMON 0070
?_process_AD_Converter_Value                      cstackCOMMON 0070
?_pwm_start                                       cstackBANK0  0037
?_reset                                           cstackCOMMON 0070
?_selectAdChannel                                 cstackCOMMON 0070
?_setAD_ConvertFlag                               cstackCOMMON 0070
?_setPB3                                          cstackCOMMON 0070
?_setPB4                                          cstackCOMMON 0070
?_setPB5                                          cstackCOMMON 0070
?_setPWM_Width                                    cstackCOMMON 0070
?_setPinInitVaule                                 cstackCOMMON 0070
?_startOneHoursTimer                              cstackBANK0  0037
?_startThreeHoursTimer                            cstackBANK0  0037
?_startTwelveHourTimer                            cstackBANK0  0037
?_startTwentyMinTimer                             cstackBANK0  0037
?_timer1_config                                   cstackCOMMON 0070
?_timer1_interrupt_config                         cstackCOMMON 0070
?_vPutSampleDataIntoTable                         cstackCOMMON 0076
?i1_setAD_ConvertFlag                             cstackCOMMON 0070
Filter@cir                                        cstackBANK0  002B
Filter@filter_buf                                 cstackBANK0  0025
Filter@filter_sum                                 cstackBANK0  0022
Filter@filter_temp                                cstackBANK0  0020
Filter@i                                          cstackBANK0  002E
Filter@j                                          cstackBANK0  002D
Filter@tmpValue                                   cstackBANK0  0024
FilterCh13@cir                                    cstackBANK1  00CB
FilterCh13@filter_buf                             cstackBANK1  00C5
FilterCh13@filter_sum                             cstackBANK1  00C3
FilterCh13@filter_temp                            cstackBANK1  00C1
FilterCh13@i                                      cstackBANK1  00CE
FilterCh13@j                                      cstackBANK1  00CD
FilterCh13@tmpValue                               cstackBANK1  00C0
ISR@ucTimer1sCnt                                  bssBANK0     0047
_ADCON0                                           (abs)        001F
_ADCON1                                           (abs)        009F
_ADIE                                             (abs)        046A
_ADIF                                             (abs)        006A
_ADON                                             (abs)        00F8
_ADRESH                                           (abs)        001E
_ADRESL                                           (abs)        009E
_AD_Sample                                        text1180     048B
_CCP1CON                                          (abs)        0017
_CCPR1L                                           (abs)        0015
_CLKPCE                                           (abs)        0847
_CLKPR                                            (abs)        0108
_Filter                                           text1215     0149
_FilterCh13                                       text1179     03BB
_GIE                                              (abs)        005F
_GO                                               (abs)        00F9
_ISR                                              text1215     0013
_PB2                                              (abs)        0032
_PB3                                              (abs)        0033
_PB4                                              (abs)        0034
_PB5                                              (abs)        0035
_PBOD2                                            (abs)        0C42
_PEIE                                             (abs)        005E
_PR2                                              (abs)        0092
_T1CON                                            (abs)        0010
_T2CON                                            (abs)        0012
_TMR1H                                            (abs)        000F
_TMR1IE                                           (abs)        0460
_TMR1IF                                           (abs)        0060
_TMR1L                                            (abs)        000E
_TRISB0                                           (abs)        0430
_TRISB1                                           (abs)        0431
_TRISB2                                           (abs)        0432
_TRISB3                                           (abs)        0433
_TRISB4                                           (abs)        0434
_TRISB5                                           (abs)        0435
__Habs1                                           abs1         0000
__Hbank0                                          bank0        0000
__Hbank1                                          bank1        0000
__Hbank2                                          bank2        0000
__Hbank3                                          bank3        0000
__HbssBANK0                                       bssBANK0     0000
__HbssBANK1                                       bssBANK1     0000
__HbssCOMMON                                      bssCOMMON    0000
__Hcinit                                          cinit        0000
__Hclrtext                                        clrtext      0000
__Hcode                                           code         0000
__Hcommon                                         common       0000
__Hconfig                                         config       2003
__HcstackBANK0                                    cstackBANK0  0000
__HcstackBANK1                                    cstackBANK1  0000
__HcstackCOMMON                                   cstackCOMMON 0000
__HdataBANK0                                      dataBANK0    0000
__Heeprom_data                                    eeprom_data  0000
__Hend_init                                       end_init     0013
__Hfunctab                                        functab      0000
__HidataBANK0                                     idataBANK0   0000
__Hidloc                                          idloc        0000
__Hinit                                           init         0011
__Hintentry                                       intentry     0011
__Hmaintext                                       maintext     0000
__Hpa_nodes                                       pa_nodes     0000
__Hpowerup                                        powerup      0000
__Hram                                            ram          0000
__Hreset_vec                                      reset_vec    0002
__Hsfr0                                           sfr0         0000
__Hsfr1                                           sfr1         0000
__Hsfr2                                           sfr2         0000
__Hsfr3                                           sfr3         0000
__Hstrings                                        strings      0000
__Htext                                           text         0000
__Labs1                                           abs1         0000
__Lbank0                                          bank0        0000
__Lbank1                                          bank1        0000
__Lbank2                                          bank2        0000
__Lbank3                                          bank3        0000
__LbssBANK0                                       bssBANK0     0000
__LbssBANK1                                       bssBANK1     0000
__LbssCOMMON                                      bssCOMMON    0000
__Lcinit                                          cinit        0000
__Lclrtext                                        clrtext      0000
__Lcode                                           code         0000
__Lcommon                                         common       0000
__Lconfig                                         config       2000
__LcstackBANK0                                    cstackBANK0  0000
__LcstackBANK1                                    cstackBANK1  0000
__LcstackCOMMON                                   cstackCOMMON 0000
__LdataBANK0                                      dataBANK0    0000
__Leeprom_data                                    eeprom_data  0000
__Lend_init                                       end_init     0011
__Lfunctab                                        functab      0000
__LidataBANK0                                     idataBANK0   0000
__Lidloc                                          idloc        0000
__Linit                                           init         0011
__Lintentry                                       intentry     0004
__Lmaintext                                       maintext     0000
__Lpa_nodes                                       pa_nodes     0000
__Lpowerup                                        powerup      0000
__Lram                                            ram          0000
__Lreset_vec                                      reset_vec    0000
__Lsfr0                                           sfr0         0000
__Lsfr1                                           sfr1         0000
__Lsfr2                                           sfr2         0000
__Lsfr3                                           sfr3         0000
__Lstrings                                        strings      0000
__Ltext                                           text         0000
__S0                                              (abs)        2003
__S1                                              (abs)        00D6
__end_of_AD_Sample                                text1180     049F
__end_of_Filter                                   text1215     01CF
__end_of_FilterCh13                               text1179     0452
__end_of_ISR                                      text1215     0079
__end_of_adc_get                                  text1215     0084
__end_of_adc_start                                text1180     04BE
__end_of_adc_test_init                            text1180     04BA
__end_of_clearThreeHoursTimer                     text1189     05BD
__end_of_clearTwelveHoursTimer                    text1192     05C1
__end_of_clearTwentyMinTimer                      text1195     05C5
__end_of_clock_config                             text1204     05B4
__end_of_clrSampeTime                             text1197     05CE
__end_of_getAD_ConvertFlag                        text1180     0488
__end_of_getAdOriginalCh13Value                   text1179     03BB
__end_of_initPB2_AsHighResistence                 text1182     04D9
__end_of_initPB3                                  text1182     04D4
__end_of_initPB4                                  text1182     04E4
__end_of_initPB5                                  text1182     04EF
__end_of_initPin                                  text1182     04C8
__end_of_isFinishedOneHoursTimer                  text1187     057C
__end_of_isFinishedThreeHoursTimer                text1190     0586
__end_of_isFinishedTwelveHoursTimer               text1193     0590
__end_of_isFinishedTwentyMinTimer                 text1196     059A
__end_of_isPermitSampleTime                       text1198     05B9
__end_of_main                                     maintext     03B1
__end_of_process_AD_Converter_Value               text1180     0484
__end_of_pwm_start                                text1207     0525
__end_of_reset                                    text1206     05C5
__end_of_selectAdChannel                          text1206     05C9
__end_of_setAD_ConvertFlag                        text1180     048B
__end_of_setPB3                                   text1181     0500
__end_of_setPB4                                   text1181     0508
__end_of_setPB5                                   text1181     0510
__end_of_setPWM_Width                             text1215     01D8
__end_of_setPinInitVaule                          text1181     04F7
__end_of_startOneHoursTimer                       text1188     0547
__end_of_startThreeHoursTimer                     text1191     0555
__end_of_startTwelveHourTimer                     text1194     0563
__end_of_startTwentyMinTimer                      text1200     0571
__end_of_timer1_config                            text1203     05A4
__end_of_timer1_interrupt_config                  text1202     05CC
__end_of_vPutSampleDataIntoTable                  text1215     0149
__end_ofi1_setAD_ConvertFlag                      text1215     0087
__pbssBANK0                                       bssBANK0     003D
__pbssBANK1                                       bssBANK1     00A0
__pbssCOMMON                                      bssCOMMON    007D
__pcstackBANK0                                    cstackBANK0  0020
__pcstackBANK1                                    cstackBANK1  00C0
__pcstackCOMMON                                   cstackCOMMON 0070
__pdataBANK0                                      dataBANK0    0057
__pidataBANK0                                     idataBANK0   0000
__pintentry                                       intentry     0004
__pmaintext                                       maintext     01FE
__ptext1179                                       text1179     03B1
__ptext1180                                       text1180     046E
__ptext1181                                       text1181     04EF
__ptext1182                                       text1182     04BE
__ptext1183                                       text1180     048B
__ptext1184                                       text1180     0488
__ptext1185                                       text1180     0484
__ptext1186                                       text1179     03BB
__ptext1187                                       text1187     0571
__ptext1188                                       text1188     0539
__ptext1189                                       text1189     05B9
__ptext1190                                       text1190     057C
__ptext1191                                       text1191     0547
__ptext1192                                       text1192     05BD
__ptext1193                                       text1193     0586
__ptext1194                                       text1194     0555
__ptext1195                                       text1195     05C1
__ptext1196                                       text1196     0590
__ptext1197                                       text1197     05CC
__ptext1198                                       text1198     05B4
__ptext1199                                       text1180     04BA
__ptext1200                                       text1200     0563
__ptext1201                                       text1180     049F
__ptext1202                                       text1202     05C9
__ptext1203                                       text1203     059A
__ptext1204                                       text1204     05AC
__ptext1205                                       text1205     05CE
__ptext1206                                       text1206     05C5
__ptext1207                                       text1207     0510
__ptext1208                                       text1182     04D4
__ptext1209                                       text1181     0508
__ptext1210                                       text1182     04E4
__ptext1211                                       text1181     0500
__ptext1212                                       text1182     04D9
__ptext1213                                       text1181     04F7
__ptext1214                                       text1182     04C8
__ptext1215                                       text1215     0013
__ptext1216                                       text1215     0087
__ptext1217                                       text1215     0084
__ptext1218                                       text1215     0079
__ptext1219                                       text1215     0149
__ptext1220                                       text1215     01CF
__ptext1221                                       text1221     0000
__size_of_AD_Sample                               (abs)        0000
__size_of_Filter                                  (abs)        0000
__size_of_FilterCh13                              (abs)        0000
__size_of_ISR                                     (abs)        0000
__size_of_adc_get                                 (abs)        0000
__size_of_adc_start                               (abs)        0000
__size_of_adc_test_init                           (abs)        0000
__size_of_clearThreeHoursTimer                    (abs)        0000
__size_of_clearTwelveHoursTimer                   (abs)        0000
__size_of_clearTwentyMinTimer                     (abs)        0000
__size_of_clock_config                            (abs)        0000
__size_of_clrSampeTime                            (abs)        0000
__size_of_getAD_ConvertFlag                       (abs)        0000
__size_of_getAdOriginalCh13Value                  (abs)        0000
__size_of_initPB2_AsHighResistence                (abs)        0000
__size_of_initPB3                                 (abs)        0000
__size_of_initPB4                                 (abs)        0000
__size_of_initPB5                                 (abs)        0000
__size_of_initPin                                 (abs)        0000
__size_of_isFinishedOneHoursTimer                 (abs)        0000
__size_of_isFinishedThreeHoursTimer               (abs)        0000
__size_of_isFinishedTwelveHoursTimer              (abs)        0000
__size_of_isFinishedTwentyMinTimer                (abs)        0000
__size_of_isPermitSampleTime                      (abs)        0000
__size_of_main                                    (abs)        0000
__size_of_process_AD_Converter_Value              (abs)        0000
__size_of_pwm_start                               (abs)        0000
__size_of_reset                                   (abs)        0000
__size_of_selectAdChannel                         (abs)        0000
__size_of_setAD_ConvertFlag                       (abs)        0000
__size_of_setPB3                                  (abs)        0000
__size_of_setPB4                                  (abs)        0000
__size_of_setPB5                                  (abs)        0000
__size_of_setPWM_Width                            (abs)        0000
__size_of_setPinInitVaule                         (abs)        0000
__size_of_startOneHoursTimer                      (abs)        0000
__size_of_startThreeHoursTimer                    (abs)        0000
__size_of_startTwelveHourTimer                    (abs)        0000
__size_of_startTwentyMinTimer                     (abs)        0000
__size_of_timer1_config                           (abs)        0000
__size_of_timer1_interrupt_config                 (abs)        0000
__size_of_vPutSampleDataIntoTable                 (abs)        0000
__size_ofi1_setAD_ConvertFlag                     (abs)        0000
_adc_convert_flag                                 bssBANK0     0048
_adc_get                                          text1215     0079
_adc_start                                        text1180     04BA
_adc_test_init                                    text1180     049F
_bBigTimerStartFlag                               bssBANK0     0049
_bOneHourTimerStartFlag                           bssBANK0     004A
_bSmallTimerStartFlag                             bssBANK0     004B
_bTwentyMinStartFlag                              bssBANK0     004C
_clearThreeHoursTimer                             text1189     05B9
_clearTwelveHoursTimer                            text1192     05BD
_clearTwentyMinTimer                              text1195     05C1
_clock_config                                     text1204     05AC
_clrSampeTime                                     text1197     05CC
_exit                                             init         0011
_getAD_ConvertFlag                                text1180     0484
_getAdOriginalCh13Value                           text1179     03B1
_initPB2_AsHighResistence                         text1182     04D4
_initPB3                                          text1182     04C8
_initPB4                                          text1182     04D9
_initPB5                                          text1182     04E4
_initPin                                          text1182     04BE
_isFinishedOneHoursTimer                          text1187     0571
_isFinishedThreeHoursTimer                        text1190     057C
_isFinishedTwelveHoursTimer                       text1193     0586
_isFinishedTwentyMinTimer                         text1196     0590
_isPermitSampleTime                               text1198     05B4
_main                                             maintext     01FE
_process_AD_Converter_Value                       text1180     046E
_pwm_start                                        text1207     0510
_reset                                            text1205     05CE
_sampleChannelSelect                              dataBANK0    0057
_sampleTimes                                      bssBANK0     004D
_selectAdChannel                                  text1206     05C5
_setAD_ConvertFlag                                text1180     0488
_setPB3                                           text1181     04F7
_setPB4                                           text1181     0500
_setPB5                                           text1181     0508
_setPWM_Width                                     text1215     01CF
_setPinInitVaule                                  text1181     04EF
_startOneHoursTimer                               text1188     0539
_startThreeHoursTimer                             text1191     0547
_startTwelveHourTimer                             text1194     0555
_startTwentyMinTimer                              text1200     0563
_timer                                            bssBANK0     004E
_timer1_config                                    text1203     059A
_timer1_interrupt_config                          text1202     05C9
_uiBigTimer                                       bssBANK0     003D
_uiOneHourTimer                                   bssBANK0     003F
_uiSampleChannelFirst                             bssBANK1     00AE
_uiSampleChannelFourteenth                        bssBANK1     00B4
_uiSampleChannelFourth                            bssBANK1     00BA
_uiSmallTimer                                     bssBANK0     0041
_uiTwentyMinTimer                                 bssBANK0     0043
_uiTwentySecondsTimer                             bssBANK1     00A0
_vPutSampleDataIntoTable                          text1215     0087
adc_get@val                                       cstackCOMMON 0072
adc_test_init@channel                             cstackBANK0  0039
adc_test_init@ref                                 cstackBANK0  0037
btemp                                             (abs)        007E
clear_ram                                         clrtext      05A4
end_of_initialization                             cinit        0536
i1_setAD_ConvertFlag                              text1215     0084
i1l1516                                                            
i1l1578                                                            
i1l2330                                                            
i1l3507                                                            
i1l3561                                                            
i1l3569                                                            
i1l3571                                                            
i1l3573                                                            
i1l3593                                                            
i1l3601                                                            
i1l3603                                                            
i1l3609                                                            
i1l3615                                                            
i1l3617                                                            
i1l3621                                                            
i1l3623                                                            
i1l3625                                                            
i1l3627                                                            
i1l3647                                                            
i1l3655                                                            
i1l3659                                                            
i1l3667                                                            
i1l3671                                                            
i1l3681                                                            
i1l3683                                                            
i1l3705                                                            
i1l3709                                                            
i1l3711                                                            
i1l3715                                                            
i1l3731                                                            
i1l3733                                                            
i1l3739                                                            
i1l3743                                                            
i1setAD_ConvertFlag@flag                          cstackCOMMON 0070
initPB3@bValue                                    cstackBANK0  0037
initPB4@bValue                                    cstackBANK0  0037
initPB5@bValue                                    cstackBANK0  0037
interrupt_function                                intentry     0004
intlevel0                                         functab      0000
intlevel1                                         functab      0000
intlevel2                                         functab      0000
intlevel3                                         functab      0000
intlevel4                                         functab      0000
intlevel5                                         functab      0000
l1503                                                              
l1566                                                              
l1569                                                              
l1572                                                              
l1575                                                              
l1578                                                              
l1584                                                              
l1610                                                              
l1613                                                              
l1619                                                              
l1659                                                              
l2321                                                              
l2327                                                              
l3945                                                              
l3947                                                              
l3949                                                              
l3951                                                              
l3953                                                              
l3955                                                              
l3957                                                              
l3959                                                              
l3961                                                              
l3963                                                              
l3965                                                              
l3967                                                              
l3969                                                              
l3971                                                              
l3973                                                              
l3975                                                              
l3977                                                              
l3979                                                              
l3981                                                              
l3983                                                              
l3985                                                              
l3987                                                              
l3989                                                              
l3991                                                              
l3993                                                              
l3995                                                              
l3997                                                              
l3999                                                              
l4001                                                              
l4003                                                              
l4005                                                              
l4007                                                              
l4009                                                              
l4015                                                              
l4019                                                              
l4031                                                              
l4033                                                              
l4037                                                              
l4039                                                              
l4049                                                              
l4051                                                              
l4057                                                              
l4059                                                              
l4063                                                              
l4065                                                              
l4075                                                              
l4077                                                              
l4083                                                              
l4085                                                              
l4089                                                              
l4091                                                              
l4101                                                              
l4103                                                              
l4109                                                              
l4111                                                              
l4115                                                              
l4117                                                              
l4127                                                              
l4135                                                              
l4137                                                              
l4139                                                              
l4159                                                              
l4161                                                              
l4167                                                              
l4169                                                              
l4173                                                              
l4177                                                              
l4181                                                              
l4183                                                              
l4187                                                              
l4191                                                              
l4197                                                              
l4199                                                              
l4201                                                              
l4203                                                              
l4205                                                              
l4207                                                              
l4211                                                              
l4219                                                              
l4223                                                              
l4225                                                              
l4227                                                              
l4229                                                              
l4231                                                              
l4233                                                              
l4237                                                              
l4239                                                              
l4247                                                              
l4259                                                              
l4263                                                              
l4265                                                              
l4267                                                              
l4283                                                              
l4287                                                              
l4303                                                              
l4307                                                              
l4309                                                              
l4311                                                              
l4313                                                              
l4315                                                              
l4319                                                              
l4331                                                              
l4339                                                              
l4341                                                              
l4355                                                              
l4367                                                              
l4375                                                              
l4379                                                              
l707                                                               
l710                                                               
l713                                                               
l716                                                               
l719                                                               
main@cTimerP5s_786                                bssBANK0     004F
main@cTimerP5s_792                                bssBANK0     0050
main@ucChValue                                    cstackBANK1  00D2
main@ucDelay1s                                    bssBANK1     00A2
main@ucStep                                       bssBANK0     0051
main@ucTimerP3s                                   bssBANK0     0052
main@ucTimerP5s                                   bssBANK0     0053
main@uiCh13Value                                  cstackBANK1  00D4
main@uiTimerOneP5s                                bssBANK1     00A4
main@uiTimerThreeP5s                              bssBANK1     00A6
main@uiTimerTwoP5s                                bssBANK1     00A8
pwm_start@ucPulseFrequency                        cstackBANK0  0037
pwm_start@ucPulseWidth                            cstackBANK0  0038
reset_vec                                         reset_vec    0000
saved_w                                           (abs)        007E
setAD_ConvertFlag@flag                            cstackBANK0  0037
setPB3@bValue                                     cstackBANK0  0037
setPB4@bValue                                     cstackBANK0  0037
setPB5@bValue                                     cstackBANK0  0037
setPWM_Width@ucOldWidth                           bssBANK0     0054
setPWM_Width@ucWidth                              cstackCOMMON 0070
start                                             init         0011
startOneHoursTimer@uiSetTime                      cstackBANK0  0037
startThreeHoursTimer@uiSetTime                    cstackBANK0  0037
startTwelveHourTimer@uiSetTime                    cstackBANK0  0037
startTwentyMinTimer@uiSetValue                    cstackBANK0  0037
start_initialization                              cinit        0525
vPutSampleDataIntoTable@channel                   cstackCOMMON 0078
vPutSampleDataIntoTable@i                         cstackBANK0  0031
vPutSampleDataIntoTable@ucChannelFirstLength      bssCOMMON    007D
vPutSampleDataIntoTable@ucChannelFourteenthLength bssBANK0     0055
vPutSampleDataIntoTable@ucChannelFourthLength     bssBANK0     0056
vPutSampleDataIntoTable@uiCalWidthArrayNew        bssBANK0     0045
vPutSampleDataIntoTable@uiCalWidthArrayOld        bssBANK1     00AA
vPutSampleDataIntoTable@uiCalWidthCnt             bssBANK1     00AC
vPutSampleDataIntoTable@uiDeviationValue          cstackBANK0  002F
vPutSampleDataIntoTable@uiInitWidth               dataBANK0    0058
vPutSampleDataIntoTable@uiSampleData              cstackCOMMON 0076
wtemp0                                            (abs)        007E
