HI-TECH Software C Compiler 

Linker command line:

--edf=C:\Program Files (x86)\HI-TECH Software\PICC\9.83\dat\en_msgs.txt -cs \
  -h+ProjTest.sym -z -Q16C77 -ol.obj -MProjTest.map -E1 -ACONST=00h-0FFhx16 \
  -ACODE=00h-07FFhx2 -ASTRCODE=00h-0FFFh -AENTRY=00h-0FFhx16 \
  -ASTRING=00h-0FFhx16 -ABANK0=020h-06Fh -ABANK1=0A0h-0EFh \
  -ABANK2=0110h-016Fh -ABANK3=0190h-01EFh \
  -ARAM=020h-06Fh,0A0h-0EFh,0110h-016Fh,0190h-01EFh \
  -AABS1=020h-07Fh,0A0h-0EFh,0110h-016Fh,0190h-01EFh -ACOMMON=070h-07Fh \
  -ASFR0=00h-01Fh -ASFR1=080h-09Fh -ASFR2=0100h-010Fh -ASFR3=0180h-018Fh \
  -preset_vec=00h,intentry=04h,init,end_init -ppowerup=CODE -pfunctab=CODE \
  -ACONFIG=02000h-02007h -pconfig=CONFIG -DCONFIG=2 -AIDLOC=02008h-0200Bh \
  -pidloc=IDLOC -DIDLOC=2 -DCODE=2 -DSTRCODE=2 -DSTRING=2 -DCONST=2 \
  -DENTRY=2 -k startup.obj ProjTest.obj 

Object code version is 3.10

Machine type is 16C77



                Name                               Link     Load   Length Selector   Space Scale
startup.obj     end_init                             11       11        2        8       0
                reset_vec                             0        0        2        0       0
ProjTest.obj    intentry                              4        4        D        8       0
                config                             2000     2000        3     4000       0
                text287                              13       13       D7        8       0
                text286                             10E      10E       13        8       0
                text285                             157      157        7        8       0
                text284                             13D      13D        A        8       0
                text283                             166      166        3        8       0
                text282                             15E      15E        5        8       0
                text281                             133      133        A        8       0
                text280                             14F      14F        8        8       0
                text279                             163      163        3        8       0
                maintext                             EA       EA       24        8       0
                cstackCOMMON                         70       70        D       70       1
                clrtext                             147      147        8        8       0
                bssBANK1                             A0       A0       18       A0       1
                dataBANK0                            59       59        1       20       1
                bssBANK0                             20       20       39       20       1
                bssCOMMON                            7D       7D        1       70       1
                cinit                               121      121       12        8       0

TOTAL           Name                               Link     Load   Length     Space
        CLASS   CONST          

        CLASS   CODE           
                end_init                             11       11        2         0
                intentry                              4        4        D         0
                reset_vec                             0        0        2         0
                text287                              13       13       D7         0
                text286                             10E      10E       13         0
                text285                             157      157        7         0
                text284                             13D      13D        A         0
                text283                             166      166        3         0
                text282                             15E      15E        5         0
                text281                             133      133        A         0
                text280                             14F      14F        8         0
                text279                             163      163        3         0
                maintext                             EA       EA       24         0
                clrtext                             147      147        8         0
                cinit                               121      121       12         0

        CLASS   STRCODE        

        CLASS   ENTRY          

        CLASS   STRING         

        CLASS   BANK0          
                dataBANK0                            59       59        1         1
                bssBANK0                             20       20       39         1

        CLASS   BANK1          
                bssBANK1                             A0       A0       18         1

        CLASS   BANK2          

        CLASS   BANK3          

        CLASS   RAM            

        CLASS   ABS1           
                abs_s1                               7E       7E        2         1

        CLASS   COMMON         
                cstackCOMMON                         70       70        D         1
                bssCOMMON                            7D       7D        1         1

        CLASS   SFR0           

        CLASS   SFR1           

        CLASS   SFR2           

        CLASS   SFR3           

        CLASS   CONFIG         
                config                             2000     2000        3         0

        CLASS   IDLOC          

        CLASS   EEDATA         



SEGMENTS        Name                           Load    Length   Top    Selector   Space  Class     Delta

                reset_vec                      000000  000002  000002         0       0  CODE        2
                intentry                       000004  000165  000169         8       0  CODE        2
                bssBANK0                       000020  00003A  00005A        20       1  BANK0       1
                cstackCOMMON                   000070  00000E  00007E        70       1  COMMON      1
                bssBANK1                       0000A0  000018  0000B8        A0       1  BANK1       1
                config                         002000  000003  002003      4000       0  CONFIG      2


UNUSED ADDRESS RANGES

        Name                Unused          Largest block    Delta
        BANK0            005A-006F             16           1
        BANK1            00B8-00EF             38           1
        BANK2            0110-016F             60           1
        BANK3            0190-01EF             60           1
        CODE             0002-0003              2           2
                         0169-0FFF            697
        CONFIG           2003-2007              5           2
        CONST            0002-0003              2           2
                         0169-0FFF            100
        ENTRY            0002-0003              2           2
                         0169-0FFF            100
        IDLOC            2008-200B              4           2
        RAM              005A-006F             16           1
                         00B8-00EF             38
                         0110-016F             60
                         0190-01EF             60
        SFR0             0000-001F             20           1
        SFR1             0080-009F             20           1
        SFR2             0100-010F             10           1
        SFR3             0180-018F             10           1
        STRCODE          0002-0003              2           2
                         0169-0FFF            E97
        STRING           0002-0003              2           2
                         0169-0FFF            100

                                  Symbol Table

??_ISR                                            cstackCOMMON 0079
??_adc_get                                        cstackCOMMON 0072
??_adc_start                                      cstackBANK0  0000
??_clock_config                                   cstackBANK0  0000
??_dac_init                                       cstackBANK0  0000
??_initPin                                        cstackBANK0  0000
??_main                                           cstackBANK0  0000
??_op1_init                                       cstackBANK0  0000
??_op2_init                                       cstackBANK0  0000
??_setAD_ConvertFlag                              cstackCOMMON 0070
??_timer1_config                                  cstackBANK0  0000
??_timer1_interrupt_config                        cstackBANK0  0000
??_vPutSampleDataIntoTable                        cstackCOMMON 0077
?_ISR                                             cstackCOMMON 0070
?_adc_get                                         cstackCOMMON 0070
?_adc_start                                       cstackCOMMON 0070
?_clock_config                                    cstackCOMMON 0070
?_dac_init                                        cstackCOMMON 0070
?_initPin                                         cstackCOMMON 0070
?_main                                            cstackCOMMON 0070
?_op1_init                                        cstackCOMMON 0070
?_op2_init                                        cstackCOMMON 0070
?_setAD_ConvertFlag                               cstackCOMMON 0070
?_timer1_config                                   cstackCOMMON 0070
?_timer1_interrupt_config                         cstackCOMMON 0070
?_vPutSampleDataIntoTable                         cstackCOMMON 0074
ISR@ucTimer1sCnt                                  bssBANK0     0026
_ADIF                                             (abs)        006A
_ADRESH                                           (abs)        001E
_ADRESL                                           (abs)        009E
_CLKPCE                                           (abs)        0847
_CLKPR                                            (abs)        0108
_DACCON                                           (abs)        0087
_DACR0                                            (abs)        0088
_GIE                                              (abs)        005F
_GO                                               (abs)        00F9
_ISR                                              text287      0013
_OP1CON0                                          (abs)        001B
_OP1CON1                                          (abs)        001C
_OP1CON2                                          (abs)        001D
_OP2CON0                                          (abs)        009B
_OP2CON1                                          (abs)        009C
_OP2CON2                                          (abs)        009D
_PA0                                              (abs)        0028
_PA1                                              (abs)        0029
_PA2                                              (abs)        002A
_PA3                                              (abs)        002B
_PA6                                              (abs)        002E
_PB0                                              (abs)        0030
_PB1                                              (abs)        0031
_PB6                                              (abs)        0036
_PB7                                              (abs)        0037
_PBOD6                                            (abs)        0C46
_PBOD7                                            (abs)        0C47
_PEIE                                             (abs)        005E
_T1CON                                            (abs)        0010
_TMR1H                                            (abs)        000F
_TMR1IE                                           (abs)        0460
_TMR1IF                                           (abs)        0060
_TMR1L                                            (abs)        000E
_TRISA0                                           (abs)        0428
_TRISA1                                           (abs)        0429
_TRISA2                                           (abs)        042A
_TRISA3                                           (abs)        042B
_TRISA6                                           (abs)        042E
_TRISA7                                           (abs)        042F
_TRISB0                                           (abs)        0430
_TRISB1                                           (abs)        0431
_TRISB5                                           (abs)        0435
_TRISB6                                           (abs)        0436
_TRISB7                                           (abs)        0437
__Habs1                                           abs1         0000
__Hbank0                                          bank0        0000
__Hbank1                                          bank1        0000
__Hbank2                                          bank2        0000
__Hbank3                                          bank3        0000
__HbssBANK0                                       bssBANK0     0000
__HbssBANK1                                       bssBANK1     0000
__HbssCOMMON                                      bssCOMMON    0000
__Hcinit                                          cinit        0000
__Hclrtext                                        clrtext      0000
__Hcode                                           code         0000
__Hcommon                                         common       0000
__Hconfig                                         config       2003
__HcstackBANK0                                    cstackBANK0  0000
__HcstackCOMMON                                   cstackCOMMON 0000
__HdataBANK0                                      dataBANK0    0000
__Heeprom_data                                    eeprom_data  0000
__Hend_init                                       end_init     0013
__Hfunctab                                        functab      0000
__HidataBANK0                                     idataBANK0   0000
__Hidloc                                          idloc        0000
__Hinit                                           init         0011
__Hintentry                                       intentry     0011
__Hmaintext                                       maintext     0000
__Hpa_nodes                                       pa_nodes     0000
__Hpowerup                                        powerup      0000
__Hram                                            ram          0000
__Hreset_vec                                      reset_vec    0002
__Hsfr0                                           sfr0         0000
__Hsfr1                                           sfr1         0000
__Hsfr2                                           sfr2         0000
__Hsfr3                                           sfr3         0000
__Hstrings                                        strings      0000
__Htext                                           text         0000
__Labs1                                           abs1         0000
__Lbank0                                          bank0        0000
__Lbank1                                          bank1        0000
__Lbank2                                          bank2        0000
__Lbank3                                          bank3        0000
__LbssBANK0                                       bssBANK0     0000
__LbssBANK1                                       bssBANK1     0000
__LbssCOMMON                                      bssCOMMON    0000
__Lcinit                                          cinit        0000
__Lclrtext                                        clrtext      0000
__Lcode                                           code         0000
__Lcommon                                         common       0000
__Lconfig                                         config       2000
__LcstackBANK0                                    cstackBANK0  0000
__LcstackCOMMON                                   cstackCOMMON 0000
__LdataBANK0                                      dataBANK0    0000
__Leeprom_data                                    eeprom_data  0000
__Lend_init                                       end_init     0011
__Lfunctab                                        functab      0000
__LidataBANK0                                     idataBANK0   0000
__Lidloc                                          idloc        0000
__Linit                                           init         0011
__Lintentry                                       intentry     0004
__Lmaintext                                       maintext     0000
__Lpa_nodes                                       pa_nodes     0000
__Lpowerup                                        powerup      0000
__Lram                                            ram          0000
__Lreset_vec                                      reset_vec    0000
__Lsfr0                                           sfr0         0000
__Lsfr1                                           sfr1         0000
__Lsfr2                                           sfr2         0000
__Lsfr3                                           sfr3         0000
__Lstrings                                        strings      0000
__Ltext                                           text         0000
__S0                                              (abs)        2003
__S1                                              (abs)        00B8
__end_of_ISR                                      text287      006B
__end_of_adc_get                                  text287      0076
__end_of_adc_start                                text279      0166
__end_of_clock_config                             text285      015E
__end_of_dac_init                                 text282      0163
__end_of_initPin                                  text286      0121
__end_of_main                                     maintext     010E
__end_of_op1_init                                 text281      013D
__end_of_op2_init                                 text280      0157
__end_of_setAD_ConvertFlag                        text287      00DA
__end_of_timer1_config                            text284      0147
__end_of_timer1_interrupt_config                  text283      0169
__end_of_vPutSampleDataIntoTable                  text287      00D9
__pbssBANK0                                       bssBANK0     0020
__pbssBANK1                                       bssBANK1     00A0
__pbssCOMMON                                      bssCOMMON    007D
__pcstackBANK0                                    cstackBANK0  0000
__pcstackCOMMON                                   cstackCOMMON 0070
__pdataBANK0                                      dataBANK0    0059
__pidataBANK0                                     idataBANK0   0000
__pintentry                                       intentry     0004
__pmaintext                                       maintext     00EA
__ptext279                                        text279      0163
__ptext280                                        text280      014F
__ptext281                                        text281      0133
__ptext282                                        text282      015E
__ptext283                                        text283      0166
__ptext284                                        text284      013D
__ptext285                                        text285      0157
__ptext286                                        text286      010E
__ptext287                                        text287      0013
__ptext288                                        text287      006B
__ptext289                                        text287      00D9
__ptext290                                        text287      0076
__ptext291                                        text291      0000
__size_of_ISR                                     (abs)        0000
__size_of_adc_get                                 (abs)        0000
__size_of_adc_start                               (abs)        0000
__size_of_clock_config                            (abs)        0000
__size_of_dac_init                                (abs)        0000
__size_of_initPin                                 (abs)        0000
__size_of_main                                    (abs)        0000
__size_of_op1_init                                (abs)        0000
__size_of_op2_init                                (abs)        0000
__size_of_setAD_ConvertFlag                       (abs)        0000
__size_of_timer1_config                           (abs)        0000
__size_of_timer1_interrupt_config                 (abs)        0000
__size_of_vPutSampleDataIntoTable                 (abs)        0000
_adc_get                                          text287      006B
_adc_start                                        text279      0163
_clock_config                                     text285      0157
_dac_init                                         text282      015E
_exit                                             init         0011
_initPin                                          text286      010E
_main                                             maintext     00EA
_op1_init                                         text281      0133
_op2_init                                         text280      014F
_sampleChannelSelect                              dataBANK0    0059
_setAD_ConvertFlag                                text287      00D9
_timer1_config                                    text284      013D
_timer1_interrupt_config                          text283      0166
_uiBigTimer                                       bssBANK0     0020
_uiSampleChannelFirst                             bssBANK0     0029
_uiSampleChannelFourteenth                        bssBANK1     00A0
_uiSampleChannelFourth                            bssBANK0     0041
_uiSmallTimer                                     bssBANK0     0022
_uiTwentySecondsTimer                             bssBANK0     0024
_vPutSampleDataIntoTable                          text287      0076
adc_get@val                                       cstackCOMMON 0072
btemp                                             (abs)        007E
clear_ram                                         clrtext      0147
end_of_initialization                             cinit        0130
i1l1393                                                            
i1l2138                                                            
i1l2671                                                            
i1l2673                                                            
i1l2677                                                            
i1l2681                                                            
i1l2689                                                            
i1l2693                                                            
i1l2701                                                            
i1l2705                                                            
i1l2715                                                            
i1l2717                                                            
i1l2719                                                            
i1l2723                                                            
i1l2725                                                            
i1l2729                                                            
i1l2741                                                            
i1l2743                                                            
i1l2749                                                            
i1l2753                                                            
interrupt_function                                intentry     0004
intlevel0                                         functab      0000
intlevel1                                         functab      0000
intlevel2                                         functab      0000
intlevel3                                         functab      0000
intlevel4                                         functab      0000
intlevel5                                         functab      0000
l1381                                                              
l1384                                                              
l1387                                                              
l2115                                                              
l2118                                                              
l2121                                                              
l2135                                                              
l2643                                                              
l2645                                                              
l2647                                                              
l2649                                                              
l2651                                                              
l2653                                                              
l2655                                                              
l2657                                                              
l2659                                                              
l2661                                                              
l2663                                                              
l2665                                                              
l2667                                                              
l2669                                                              
l2757                                                              
l2759                                                              
l2761                                                              
l2763                                                              
l2765                                                              
l2767                                                              
l2769                                                              
l2771                                                              
l659                                                               
reset_vec                                         reset_vec    0000
saved_w                                           (abs)        007E
setAD_ConvertFlag@flag                            cstackCOMMON 0070
start                                             init         0011
start_initialization                              cinit        0121
vPutSampleDataIntoTable@channel                   cstackCOMMON 0076
vPutSampleDataIntoTable@i                         cstackCOMMON 0077
vPutSampleDataIntoTable@ucChannelFirstLength      bssCOMMON    007D
vPutSampleDataIntoTable@ucChannelFourteenthLength bssBANK0     0027
vPutSampleDataIntoTable@ucChannelFourthLength     bssBANK0     0028
vPutSampleDataIntoTable@uiSampleData              cstackCOMMON 0074
wtemp0                                            (abs)        007E
