

HI-TECH Software PIC PRO Macro Assembler V9.83 build 10920 
                                                                                               Sat Jun 01 07:13:06 2019

HI-TECH Software Omniscient Code Generator (PRO mode) build 10920
     1                           	processor	16C77
     2                           	opt	pw 120
     3                           	opt	pm
     4                           	psect	config,global,class=CONFIG,delta=2
     5                           	psect	idataCOMMON,global,class=CODE,delta=2
     6                           	psect	cinit,global,class=CODE,delta=2
     7                           	psect	bssCOMMON,global,class=COMMON,space=1,delta=1
     8                           	psect	dataCOMMON,global,class=COMMON,space=1,delta=1
     9                           	psect	cstackCOMMON,global,class=COMMON,space=1,delta=1
    10                           	psect	cstackBANK0,global,class=BANK0,space=1,delta=1
    11                           	psect	maintext,global,class=CODE,delta=2
    12                           	psect	text239,local,class=CODE,delta=2
    13                           	psect	text240,local,class=CODE,delta=2
    14                           	psect	text241,local,class=CODE,delta=2
    15                           	psect	text242,local,class=CODE,delta=2
    16                           	psect	text243,local,class=CODE,delta=2
    17                           	psect	text244,local,class=CODE,delta=2
    18                           	psect	text245,local,class=CODE,delta=2
    19                           	psect	text246,local,class=CODE,delta=2
    20                           	psect	text247,local,class=CODE,delta=2
    21                           	psect	intentry,global,class=CODE,delta=2
    22                           	psect	text250,local,class=CODE,delta=2
    23                           	psect	pa_nodes,global,class=CODE,delta=2
    24                           	dabs	1,0x7E,2
    25  000A                     	;#
    26                           
    27                           	psect	config
    28  2000  2FFF               	dw	12287	;#
    29  2001  3FDE               	dw	16350	;#
    30  2002  3FF8               	dw	16376	;#
    31                           
    32                           	psect	idataCOMMON
    33  0000                     __pidataCOMMON:	
    34  001F                     _ADCON0	set	31
    35  001E                     _ADRESH	set	30
    36  001B                     _OP1CON0	set	27
    37  001C                     _OP1CON1	set	28
    38  001D                     _OP1CON2	set	29
    39  0010                     _T1CON	set	16
    40  000F                     _TMR1H	set	15
    41  000E                     _TMR1L	set	14
    42  006A                     _ADIF	set	106
    43  00F8                     _ADON	set	248
    44  005F                     _GIE	set	95
    45  00F9                     _GO	set	249
    46  0028                     _PA0	set	40
    47  002A                     _PA2	set	42
    48  005E                     _PEIE	set	94
    49  0060                     _TMR1IF	set	96
    50  009F                     _ADCON1	set	159
    51  009E                     _ADRESL	set	158
    52  0087                     _DACCON	set	135
    53  0088                     _DACR0	set	136
    54  009B                     _OP2CON0	set	155
    55  009C                     _OP2CON1	set	156
    56  009D                     _OP2CON2	set	157
    57  046A                     _ADIE	set	1130
    58  0460                     _TMR1IE	set	1120
    59  0428                     _TRISA0	set	1064
    60  0429                     _TRISA1	set	1065
    61  042A                     _TRISA2	set	1066
    62  042B                     _TRISA3	set	1067
    63  042E                     _TRISA6	set	1070
    64  042F                     _TRISA7	set	1071
    65  0431                     _TRISB1	set	1073
    66  0432                     _TRISB2	set	1074
    67  0433                     _TRISB3	set	1075
    68  0434                     _TRISB4	set	1076
    69  0435                     _TRISB5	set	1077
    70  0436                     _TRISB6	set	1078
    71  0437                     _TRISB7	set	1079
    72  0108                     _CLKPR	set	264
    73  0847                     _CLKPCE	set	2119
    74                           
    75                           	psect	cinit
    76  009E                     start_initialization:	
    77  009E  300D               	movlw	13
    78                           
    79                           ; Clear objects allocated to COMMON
    80  009F  01F8               	clrf	__pbssCOMMON& (0+127)
    81  00A0  01F9               	clrf	(__pbssCOMMON+1)& (0+127)
    82  00A1  01FA               	clrf	(__pbssCOMMON+2)& (0+127)
    83  00A2  01FB               	clrf	(__pbssCOMMON+3)& (0+127)
    84  00A3  01FC               	clrf	(__pbssCOMMON+4)& (0+127)
    85                           
    86                           ;initializer for _sampleChannelSelect
    87  00A4  00FD               	movwf	__pdataCOMMON& (0+127)
    88  00A5                     end_of_initialization:	
    89                           ;End of C runtime variable initialization code
    90                           
    91  00A5  0183               	clrf	3
    92  00A6  118A  2852         	ljmp	_main	;jump to C main() function
    93                           
    94                           	psect	bssCOMMON
    95  0078                     __pbssCOMMON:	
    96  0078                     _uiBigTimer:	
    97  0078                     	ds	2
    98  007A                     _uiSmallTimer:	
    99  007A                     	ds	2
   100  007C                     ISR@ucTimer1sCnt:	
   101  007C                     	ds	1
   102                           
   103                           	psect	dataCOMMON
   104  007D                     __pdataCOMMON:	
   105  007D                     _sampleChannelSelect:	
   106  007D                     	ds	1
   107                           
   108                           	psect	cstackCOMMON
   109  0070                     __pcstackCOMMON:	
   110  0070                     ?_clock_config:	
   111  0070                     ?_timer1_config:	
   112                           ; 0 bytes @ 0x0
   113                           
   114  0070                     ?_timer1_interrupt_config:	
   115                           ; 0 bytes @ 0x0
   116                           
   117  0070                     ?_dac_init:	
   118                           ; 0 bytes @ 0x0
   119                           
   120  0070                     ?_op1_init:	
   121                           ; 0 bytes @ 0x0
   122                           
   123  0070                     ?_op2_init:	
   124                           ; 0 bytes @ 0x0
   125                           
   126  0070                     ?_adc_start:	
   127                           ; 0 bytes @ 0x0
   128                           
   129  0070                     ?_main:	
   130                           ; 0 bytes @ 0x0
   131                           
   132  0070                     ?_setAD_ConvertFlag:	
   133                           ; 0 bytes @ 0x0
   134                           
   135  0070                     ??_setAD_ConvertFlag:	
   136                           ; 0 bytes @ 0x0
   137                           
   138  0070                     ?_ISR:	
   139                           ; 0 bytes @ 0x0
   140                           
   141  0070                     ?_adc_get:	
   142                           ; 0 bytes @ 0x0
   143                           
   144  0070                     setAD_ConvertFlag@flag:	
   145                           ; 2 bytes @ 0x0
   146                           
   147                           
   148                           ; 1 bytes @ 0x0
   149  0070                     	ds	2
   150  0072                     ??_adc_get:	
   151  0072                     adc_get@val:	
   152                           ; 0 bytes @ 0x2
   153                           
   154                           
   155                           ; 2 bytes @ 0x2
   156  0072                     	ds	2
   157  0074                     ??_ISR:	
   158                           
   159                           ; 0 bytes @ 0x4
   160  0074                     	ds	4
   161                           
   162                           	psect	cstackBANK0
   163  0020                     __pcstackBANK0:	
   164  0020                     ??_clock_config:	
   165  0020                     ??_timer1_config:	
   166                           ; 0 bytes @ 0x0
   167                           
   168  0020                     ??_timer1_interrupt_config:	
   169                           ; 0 bytes @ 0x0
   170                           
   171  0020                     ?_adc_test_init:	
   172                           ; 0 bytes @ 0x0
   173                           
   174  0020                     ??_dac_init:	
   175                           ; 0 bytes @ 0x0
   176                           
   177  0020                     ??_op1_init:	
   178                           ; 0 bytes @ 0x0
   179                           
   180  0020                     ??_op2_init:	
   181                           ; 0 bytes @ 0x0
   182                           
   183  0020                     ??_adc_start:	
   184                           ; 0 bytes @ 0x0
   185                           
   186  0020                     adc_test_init@ref:	
   187                           ; 0 bytes @ 0x0
   188                           
   189                           
   190                           ; 1 bytes @ 0x0
   191  0020                     	ds	1
   192  0021                     ??_adc_test_init:	
   193                           
   194                           ; 0 bytes @ 0x1
   195  0021                     	ds	1
   196  0022                     adc_test_init@channel:	
   197                           
   198                           ; 1 bytes @ 0x2
   199  0022                     	ds	1
   200  0023                     ??_main:	
   201                           
   202                           	psect	maintext
   203  0052                     __pmaintext:	
   204                           ; 0 bytes @ 0x3
   205 ;;Data sizes: Strings 0, constant 0, data 1, bss 5, persistent 0 stack 0
   206 ;;Auto spaces:   Size  Autos    Used
   207 ;; COMMON          14      8      14
   208 ;; BANK0           80      3       3
   209 ;; BANK1           80      0       0
   210 ;; BANK3           96      0       0
   211 ;; BANK2           96      0       0
   212 ;;
   213 ;; Pointer list with targets:
   214 ;; ?_adc_get	unsigned int  size(1) Largest target is 0
   215 ;;
   216 ;;
   217 ;; Critical Paths under _main in COMMON
   218 ;;
   219 ;;   None.
   220 ;;
   221 ;; Critical Paths under _ISR in COMMON
   222 ;;
   223 ;;   _ISR->_adc_get
   224 ;;
   225 ;; Critical Paths under _main in BANK0
   226 ;;
   227 ;;   _main->_adc_test_init
   228 ;;
   229 ;; Critical Paths under _ISR in BANK0
   230 ;;
   231 ;;   None.
   232 ;;
   233 ;; Critical Paths under _main in BANK1
   234 ;;
   235 ;;   None.
   236 ;;
   237 ;; Critical Paths under _ISR in BANK1
   238 ;;
   239 ;;   None.
   240 ;;
   241 ;; Critical Paths under _main in BANK3
   242 ;;
   243 ;;   None.
   244 ;;
   245 ;; Critical Paths under _ISR in BANK3
   246 ;;
   247 ;;   None.
   248 ;;
   249 ;; Critical Paths under _main in BANK2
   250 ;;
   251 ;;   None.
   252 ;;
   253 ;; Critical Paths under _ISR in BANK2
   254 ;;
   255 ;;   None.
   256 ;;
   257 ;;Main: autosize = 0, tempsize = 0, incstack = 0, save=0
   258 ;;
   259 ;;
   260 ;;Call Graph Tables:
   261 ;;
   262 ;; ---------------------------------------------------------------------------------
   263 ;; (Depth) Function   	        Calls       Base Space   Used Autos Params    Refs
   264 ;; ---------------------------------------------------------------------------------
   265 ;; (0) _main                                                 0     0      0      44
   266 ;;                       _clock_config
   267 ;;                      _timer1_config
   268 ;;            _timer1_interrupt_config
   269 ;;                      _adc_test_init
   270 ;;                           _dac_init
   271 ;;                           _op1_init
   272 ;;                           _op2_init
   273 ;;                          _adc_start
   274 ;; ---------------------------------------------------------------------------------
   275 ;; (1) _adc_start                                            0     0      0       0
   276 ;; ---------------------------------------------------------------------------------
   277 ;; (1) _op2_init                                             0     0      0       0
   278 ;; ---------------------------------------------------------------------------------
   279 ;; (1) _op1_init                                             0     0      0       0
   280 ;; ---------------------------------------------------------------------------------
   281 ;; (1) _dac_init                                             0     0      0       0
   282 ;; ---------------------------------------------------------------------------------
   283 ;; (1) _adc_test_init                                        3     2      1      44
   284 ;;                                              0 BANK0      3     2      1
   285 ;; ---------------------------------------------------------------------------------
   286 ;; (1) _timer1_interrupt_config                              0     0      0       0
   287 ;; ---------------------------------------------------------------------------------
   288 ;; (1) _timer1_config                                        0     0      0       0
   289 ;; ---------------------------------------------------------------------------------
   290 ;; (1) _clock_config                                         0     0      0       0
   291 ;; ---------------------------------------------------------------------------------
   292 ;; Estimated maximum stack depth 1
   293 ;; ---------------------------------------------------------------------------------
   294 ;; (Depth) Function   	        Calls       Base Space   Used Autos Params    Refs
   295 ;; ---------------------------------------------------------------------------------
   296 ;; (2) _ISR                                                  4     4      0      24
   297 ;;                                              4 COMMON     4     4      0
   298 ;;                  _setAD_ConvertFlag
   299 ;;                            _adc_get
   300 ;; ---------------------------------------------------------------------------------
   301 ;; (3) _adc_get                                              4     2      2      15
   302 ;;                                              0 COMMON     4     2      2
   303 ;; ---------------------------------------------------------------------------------
   304 ;; (3) _setAD_ConvertFlag                                    1     1      0       9
   305 ;;                                              0 COMMON     1     1      0
   306 ;; ---------------------------------------------------------------------------------
   307 ;; Estimated maximum stack depth 3
   308 ;; ---------------------------------------------------------------------------------
   309 ;; Call Graph Graphs:
   310 ;; _main (ROOT)
   311 ;;   _clock_config
   312 ;;   _timer1_config
   313 ;;   _timer1_interrupt_config
   314 ;;   _adc_test_init
   315 ;;   _dac_init
   316 ;;   _op1_init
   317 ;;   _op2_init
   318 ;;   _adc_start
   319 ;;
   320 ;; _ISR (ROOT)
   321 ;;   _setAD_ConvertFlag
   322 ;;   _adc_get
   323 ;;
   324 ;; Address spaces:
   325 ;;Name               Size   Autos  Total    Cost      Usage
   326 ;;BANK3               60      0       0      10        0.0%
   327 ;;BITBANK3            60      0       0       9        0.0%
   328 ;;SFR3                 0      0       0       4        0.0%
   329 ;;BITSFR3              0      0       0       4        0.0%
   330 ;;BANK2               60      0       0      12        0.0%
   331 ;;BITBANK2            60      0       0      11        0.0%
   332 ;;SFR2                 0      0       0       5        0.0%
   333 ;;BITSFR2              0      0       0       5        0.0%
   334 ;;SFR1                 0      0       0       2        0.0%
   335 ;;BITSFR1              0      0       0       2        0.0%
   336 ;;BANK1               50      0       0       8        0.0%
   337 ;;BITBANK1            50      0       0       7        0.0%
   338 ;;CODE                 0      0       0       0        0.0%
   339 ;;DATA                 0      0      16       6        0.0%
   340 ;;ABS                  0      0      11       3        0.0%
   341 ;;NULL                 0      0       0       0        0.0%
   342 ;;STACK                0      0       5       2        0.0%
   343 ;;BANK0               50      3       3       5        3.8%
   344 ;;BITBANK0            50      0       0       4        0.0%
   345 ;;SFR0                 0      0       0       1        0.0%
   346 ;;BITSFR0              0      0       0       1        0.0%
   347 ;;COMMON               E      8       E       1      100.0%
   348 ;;BITCOMMON            E      0       0       0        0.0%
   349                           
   350                           
   351 ;; *************** function _main *****************
   352 ;; Defined at:
   353 ;;		line 84 in file "C:\test__190531\AK7030-OTP\main.c"
   354 ;; Parameters:    Size  Location     Type
   355 ;;		None
   356 ;; Auto vars:     Size  Location     Type
   357 ;;		None
   358 ;; Return value:  Size  Location     Type
   359 ;;		None               void
   360 ;; Registers used:
   361 ;;		wreg, status,2, status,0, pclath, cstack
   362 ;; Tracked objects:
   363 ;;		On entry : 17F/0
   364 ;;		On exit  : 0/0
   365 ;;		Unchanged: FFE00/0
   366 ;; Data sizes:     COMMON   BANK0   BANK1   BANK3   BANK2
   367 ;;      Params:         0       0       0       0       0
   368 ;;      Locals:         0       0       0       0       0
   369 ;;      Temps:          0       0       0       0       0
   370 ;;      Totals:         0       0       0       0       0
   371 ;;Total ram usage:        0 bytes
   372 ;; Hardware stack levels required when called:    3
   373 ;; This function calls:
   374 ;;		_clock_config
   375 ;;		_timer1_config
   376 ;;		_timer1_interrupt_config
   377 ;;		_adc_test_init
   378 ;;		_dac_init
   379 ;;		_op1_init
   380 ;;		_op2_init
   381 ;;		_adc_start
   382 ;; This function is called by:
   383 ;;		Startup code after reset
   384 ;; This function uses a non-reentrant model
   385 ;;
   386  0052                     _main:	
   387                           
   388                           ;main.c: 85: enum step
   389                           ;main.c: 86: {
   390                           ;main.c: 87: SENSE_PB2_INPUT_VOLTAGE = 0,
   391                           ;main.c: 88: SENSE_PB2_DURATION_ONE_SECOND,
   392                           ;main.c: 89: SENSE_PB2_INPUT_VOLTAGE__AGAIN,
   393                           ;main.c: 90: SENSE_PB2_DURATION__SECOND,
   394                           ;main.c: 91: SET_PA2_VALUE,
   395                           ;main.c: 92: ADC1_VALUE_MEET_CONDITION,
   396                           ;main.c: 93: PROCESS_AD_VALUE,
   397                           ;main.c: 94: WAIT_SET_TIME_FINISHED,
   398                           ;main.c: 95: SET_TIME_BE_FINISHED,
   399                           ;main.c: 96: CHECKING_PULL_OUT_BATTERY,
   400                           ;main.c: 97: CHECKING_INSTALLED_BATTERY,
   401                           ;main.c: 98: };
   402                           ;main.c: 100: enum workTimerType
   403                           ;main.c: 101: {
   404                           
   405                           ; Regs used in _main: [wreg+status,2+status,0+pclath+cstack]
   406  0052  1683               	bsf	3,5	;RP0=1, select bank1
   407  0053  1005               	bcf	5,0
   408                           
   409                           ;main.c: 119: TRISA1 = 0;
   410  0054  1085               	bcf	5,1
   411                           
   412                           ;main.c: 120: TRISA3 = 0;
   413  0055  1185               	bcf	5,3
   414                           
   415                           ;main.c: 121: TRISA2 = 0;
   416  0056  1105               	bcf	5,2
   417                           
   418                           ;main.c: 122: TRISA6 = 0;
   419  0057  1305               	bcf	5,6
   420                           
   421                           ;main.c: 123: PA2 = 1;
   422  0058  1283               	bcf	3,5	;RP0=0, select bank0
   423  0059  1505               	bsf	5,2
   424                           
   425                           ;main.c: 124: PA0 = 1;
   426  005A  1405               	bsf	5,0
   427                           
   428                           ;main.c: 126: TRISB2 = 1;
   429  005B  1683               	bsf	3,5	;RP0=1, select bank1
   430  005C  1506               	bsf	6,2
   431                           
   432                           ;main.c: 128: TRISB1 = 1;
   433  005D  1486               	bsf	6,1
   434                           
   435                           ;main.c: 129: TRISB4 = 1;
   436  005E  1606               	bsf	6,4
   437                           
   438                           ;main.c: 131: clock_config();
   439  005F  118A  20BC  118A   	fcall	_clock_config
   440                           
   441                           ;main.c: 132: timer1_config();
   442  0062  118A  20B2  118A   	fcall	_timer1_config
   443                           
   444                           ;main.c: 133: timer1_interrupt_config();
   445  0065  118A  20CC  118A   	fcall	_timer1_interrupt_config
   446                           
   447                           ;main.c: 135: adc_test_init(13,3);
   448  0068  3003               	movlw	3
   449  0069  1283               	bcf	3,5	;RP0=0, select bank0
   450  006A  00A0               	movwf	?_adc_test_init
   451  006B  300D               	movlw	13
   452  006C  118A  207D  118A   	fcall	_adc_test_init
   453                           
   454                           ;main.c: 137: dac_init();
   455  006F  118A  20C4  118A   	fcall	_dac_init
   456                           
   457                           ;main.c: 138: op1_init();
   458  0072  118A  2092  118A   	fcall	_op1_init
   459                           
   460                           ;main.c: 139: op2_init();
   461  0075  118A  20A8  118A   	fcall	_op2_init
   462                           
   463                           ;main.c: 142: adc_start();
   464  0078  118A  20C9  118A   	fcall	_adc_start
   465  007B                     l2599:	
   466  007B  0064               	clrwdt	;#
   467  007C  287B               	goto	l2599
   468  007D                     __end_of_main:	
   469                           
   470                           	psect	text239
   471  00C9                     __ptext239:	
   472 ;; =============== function _main ends ============
   473                           
   474                           
   475 ;; *************** function _adc_start *****************
   476 ;; Defined at:
   477 ;;		line 100 in file "C:\test__190531\AK7030-OTP\periph.c"
   478 ;; Parameters:    Size  Location     Type
   479 ;;		None
   480 ;; Auto vars:     Size  Location     Type
   481 ;;		None
   482 ;; Return value:  Size  Location     Type
   483 ;;		None               void
   484 ;; Registers used:
   485 ;;		None
   486 ;; Tracked objects:
   487 ;;		On entry : 17F/20
   488 ;;		On exit  : 17F/0
   489 ;;		Unchanged: FFE80/0
   490 ;; Data sizes:     COMMON   BANK0   BANK1   BANK3   BANK2
   491 ;;      Params:         0       0       0       0       0
   492 ;;      Locals:         0       0       0       0       0
   493 ;;      Temps:          0       0       0       0       0
   494 ;;      Totals:         0       0       0       0       0
   495 ;;Total ram usage:        0 bytes
   496 ;; Hardware stack levels used:    1
   497 ;; Hardware stack levels required when called:    2
   498 ;; This function calls:
   499 ;;		Nothing
   500 ;; This function is called by:
   501 ;;		_main
   502 ;; This function uses a non-reentrant model
   503 ;;
   504  00C9                     _adc_start:	
   505                           
   506                           ;periph.c: 101: GO=1;
   507                           
   508                           ; Regs used in _adc_start: []
   509  00C9  1283               	bcf	3,5	;RP0=0, select bank0
   510  00CA  149F               	bsf	31,1
   511  00CB  0008               	return
   512  00CC                     __end_of_adc_start:	
   513                           
   514                           	psect	text240
   515  00A8                     __ptext240:	
   516 ;; =============== function _adc_start ends ============
   517                           
   518                           
   519 ;; *************** function _op2_init *****************
   520 ;; Defined at:
   521 ;;		line 45 in file "C:\test__190531\AK7030-OTP\periph.c"
   522 ;; Parameters:    Size  Location     Type
   523 ;;		None
   524 ;; Auto vars:     Size  Location     Type
   525 ;;		None
   526 ;; Return value:  Size  Location     Type
   527 ;;		None               void
   528 ;; Registers used:
   529 ;;		wreg
   530 ;; Tracked objects:
   531 ;;		On entry : 17F/20
   532 ;;		On exit  : 17F/20
   533 ;;		Unchanged: FFE80/0
   534 ;; Data sizes:     COMMON   BANK0   BANK1   BANK3   BANK2
   535 ;;      Params:         0       0       0       0       0
   536 ;;      Locals:         0       0       0       0       0
   537 ;;      Temps:          0       0       0       0       0
   538 ;;      Totals:         0       0       0       0       0
   539 ;;Total ram usage:        0 bytes
   540 ;; Hardware stack levels used:    1
   541 ;; Hardware stack levels required when called:    2
   542 ;; This function calls:
   543 ;;		Nothing
   544 ;; This function is called by:
   545 ;;		_main
   546 ;; This function uses a non-reentrant model
   547 ;;
   548  00A8                     _op2_init:	
   549                           
   550                           ;periph.c: 52: OP2CON1=0x10;
   551                           
   552                           ; Regs used in _op2_init: [wreg]
   553  00A8  3010               	movlw	16
   554  00A9  009C               	movwf	28	;volatile
   555                           
   556                           ;periph.c: 54: OP2CON2=0x90;
   557  00AA  3090               	movlw	144
   558  00AB  009D               	movwf	29	;volatile
   559                           
   560                           ;periph.c: 55: OP2CON0=0x80;
   561  00AC  3080               	movlw	128
   562  00AD  009B               	movwf	27	;volatile
   563                           
   564                           ;periph.c: 58: TRISA7=0;
   565  00AE  1385               	bcf	5,7
   566                           
   567                           ;periph.c: 59: TRISB6=1;
   568  00AF  1706               	bsf	6,6
   569                           
   570                           ;periph.c: 60: TRISB7 = 1;
   571  00B0  1786               	bsf	6,7
   572  00B1  0008               	return
   573  00B2                     __end_of_op2_init:	
   574                           
   575                           	psect	text241
   576  0092                     __ptext241:	
   577 ;; =============== function _op2_init ends ============
   578                           
   579                           
   580 ;; *************** function _op1_init *****************
   581 ;; Defined at:
   582 ;;		line 26 in file "C:\test__190531\AK7030-OTP\periph.c"
   583 ;; Parameters:    Size  Location     Type
   584 ;;		None
   585 ;; Auto vars:     Size  Location     Type
   586 ;;		None
   587 ;; Return value:  Size  Location     Type
   588 ;;		None               void
   589 ;; Registers used:
   590 ;;		wreg
   591 ;; Tracked objects:
   592 ;;		On entry : 17F/20
   593 ;;		On exit  : 17F/20
   594 ;;		Unchanged: FFE80/0
   595 ;; Data sizes:     COMMON   BANK0   BANK1   BANK3   BANK2
   596 ;;      Params:         0       0       0       0       0
   597 ;;      Locals:         0       0       0       0       0
   598 ;;      Temps:          0       0       0       0       0
   599 ;;      Totals:         0       0       0       0       0
   600 ;;Total ram usage:        0 bytes
   601 ;; Hardware stack levels used:    1
   602 ;; Hardware stack levels required when called:    2
   603 ;; This function calls:
   604 ;;		Nothing
   605 ;; This function is called by:
   606 ;;		_main
   607 ;; This function uses a non-reentrant model
   608 ;;
   609  0092                     _op1_init:	
   610                           
   611                           ;periph.c: 33: OP1CON1=0x02;
   612                           
   613                           ; Regs used in _op1_init: [wreg]
   614  0092  3002               	movlw	2
   615  0093  1283               	bcf	3,5	;RP0=0, select bank0
   616  0094  009C               	movwf	28	;volatile
   617                           
   618                           ;periph.c: 34: OP1CON2=0xA0;
   619  0095  30A0               	movlw	160
   620  0096  009D               	movwf	29	;volatile
   621                           
   622                           ;periph.c: 35: OP1CON0=0x80;
   623  0097  3080               	movlw	128
   624  0098  009B               	movwf	27	;volatile
   625                           
   626                           ;periph.c: 38: TRISB3=1;
   627  0099  1683               	bsf	3,5	;RP0=1, select bank1
   628  009A  1586               	bsf	6,3
   629                           
   630                           ;periph.c: 39: TRISB4=1;
   631  009B  1606               	bsf	6,4
   632                           
   633                           ;periph.c: 40: TRISB5=0;
   634  009C  1286               	bcf	6,5
   635  009D  0008               	return
   636  009E                     __end_of_op1_init:	
   637                           
   638                           	psect	text242
   639  00C4                     __ptext242:	
   640 ;; =============== function _op1_init ends ============
   641                           
   642                           
   643 ;; *************** function _dac_init *****************
   644 ;; Defined at:
   645 ;;		line 14 in file "C:\test__190531\AK7030-OTP\periph.c"
   646 ;; Parameters:    Size  Location     Type
   647 ;;		None
   648 ;; Auto vars:     Size  Location     Type
   649 ;;		None
   650 ;; Return value:  Size  Location     Type
   651 ;;		None               void
   652 ;; Registers used:
   653 ;;		wreg
   654 ;; Tracked objects:
   655 ;;		On entry : 17F/20
   656 ;;		On exit  : 17F/20
   657 ;;		Unchanged: FFE80/0
   658 ;; Data sizes:     COMMON   BANK0   BANK1   BANK3   BANK2
   659 ;;      Params:         0       0       0       0       0
   660 ;;      Locals:         0       0       0       0       0
   661 ;;      Temps:          0       0       0       0       0
   662 ;;      Totals:         0       0       0       0       0
   663 ;;Total ram usage:        0 bytes
   664 ;; Hardware stack levels used:    1
   665 ;; Hardware stack levels required when called:    2
   666 ;; This function calls:
   667 ;;		Nothing
   668 ;; This function is called by:
   669 ;;		_main
   670 ;; This function uses a non-reentrant model
   671 ;;
   672  00C4                     _dac_init:	
   673                           
   674                           ;periph.c: 15: DACCON|=1;
   675                           
   676                           ; Regs used in _dac_init: [wreg]
   677  00C4  1407               	bsf	7,0	;volatile
   678                           
   679                           ;periph.c: 17: DACR0=0x0F;
   680  00C5  300F               	movlw	15
   681  00C6  0088               	movwf	8	;volatile
   682                           
   683                           ;periph.c: 18: DACCON|=(1)<<2;
   684  00C7  1507               	bsf	7,2	;volatile
   685  00C8  0008               	return
   686  00C9                     __end_of_dac_init:	
   687                           
   688                           	psect	text243
   689  007D                     __ptext243:	
   690 ;; =============== function _dac_init ends ============
   691                           
   692                           
   693 ;; *************** function _adc_test_init *****************
   694 ;; Defined at:
   695 ;;		line 85 in file "C:\test__190531\AK7030-OTP\periph.c"
   696 ;; Parameters:    Size  Location     Type
   697 ;;  channel         1    wreg     unsigned char 
   698 ;;  ref             1    0[BANK0 ] unsigned char 
   699 ;; Auto vars:     Size  Location     Type
   700 ;;  channel         1    2[BANK0 ] unsigned char 
   701 ;; Return value:  Size  Location     Type
   702 ;;		None               void
   703 ;; Registers used:
   704 ;;		wreg, status,2, status,0
   705 ;; Tracked objects:
   706 ;;		On entry : 17F/0
   707 ;;		On exit  : 17F/20
   708 ;;		Unchanged: FFE80/0
   709 ;; Data sizes:     COMMON   BANK0   BANK1   BANK3   BANK2
   710 ;;      Params:         0       1       0       0       0
   711 ;;      Locals:         0       1       0       0       0
   712 ;;      Temps:          0       1       0       0       0
   713 ;;      Totals:         0       3       0       0       0
   714 ;;Total ram usage:        3 bytes
   715 ;; Hardware stack levels used:    1
   716 ;; Hardware stack levels required when called:    2
   717 ;; This function calls:
   718 ;;		Nothing
   719 ;; This function is called by:
   720 ;;		_main
   721 ;; This function uses a non-reentrant model
   722 ;;
   723  007D                     _adc_test_init:	
   724                           
   725                           ; Regs used in _adc_test_init: [wreg+status,2+status,0]
   726                           ;adc_test_init@channel stored from wreg
   727  007D  00A2               	movwf	adc_test_init@channel
   728                           
   729                           ;periph.c: 86: ADCON0 = 0x00;
   730  007E  019F               	clrf	31	;volatile
   731                           
   732                           ;periph.c: 87: ADCON0|=channel<<2;
   733  007F  00A1               	movwf	??_adc_test_init
   734  0080  1003               	clrc
   735  0081  0DA1               	rlf	??_adc_test_init,f
   736  0082  1003               	clrc
   737  0083  0D21               	rlf	??_adc_test_init,w
   738  0084  049F               	iorwf	31,f	;volatile
   739                           
   740                           ;periph.c: 88: ADCON1|=ref<<6;
   741  0085  0820               	movf	adc_test_init@ref,w
   742  0086  00A1               	movwf	??_adc_test_init
   743  0087  0CA1               	rrf	??_adc_test_init,f
   744  0088  0CA1               	rrf	??_adc_test_init,f
   745  0089  0C21               	rrf	??_adc_test_init,w
   746  008A  39C0               	andlw	192
   747  008B  1683               	bsf	3,5	;RP0=1, select bank1
   748  008C  049F               	iorwf	31,f	;volatile
   749                           
   750                           ;periph.c: 89: ADON=1;
   751  008D  1283               	bcf	3,5	;RP0=0, select bank0
   752  008E  141F               	bsf	31,0
   753                           
   754                           ;periph.c: 90: ADIE=1;
   755  008F  1683               	bsf	3,5	;RP0=1, select bank1
   756  0090  150D               	bsf	13,2
   757  0091  0008               	return
   758  0092                     __end_of_adc_test_init:	
   759                           
   760                           	psect	text244
   761  00CC                     __ptext244:	
   762 ;; =============== function _adc_test_init ends ============
   763                           
   764                           
   765 ;; *************** function _timer1_interrupt_config *****************
   766 ;; Defined at:
   767 ;;		line 56 in file "C:\test__190531\AK7030-OTP\common.c"
   768 ;; Parameters:    Size  Location     Type
   769 ;;		None
   770 ;; Auto vars:     Size  Location     Type
   771 ;;		None
   772 ;; Return value:  Size  Location     Type
   773 ;;		None               void
   774 ;; Registers used:
   775 ;;		None
   776 ;; Tracked objects:
   777 ;;		On entry : 17F/20
   778 ;;		On exit  : 17F/20
   779 ;;		Unchanged: FFE80/0
   780 ;; Data sizes:     COMMON   BANK0   BANK1   BANK3   BANK2
   781 ;;      Params:         0       0       0       0       0
   782 ;;      Locals:         0       0       0       0       0
   783 ;;      Temps:          0       0       0       0       0
   784 ;;      Totals:         0       0       0       0       0
   785 ;;Total ram usage:        0 bytes
   786 ;; Hardware stack levels used:    1
   787 ;; Hardware stack levels required when called:    2
   788 ;; This function calls:
   789 ;;		Nothing
   790 ;; This function is called by:
   791 ;;		_main
   792 ;; This function uses a non-reentrant model
   793 ;;
   794  00CC                     _timer1_interrupt_config:	
   795                           
   796                           ;common.c: 57: GIE = 1;
   797                           
   798                           ; Regs used in _timer1_interrupt_config: []
   799  00CC  178B               	bsf	11,7
   800                           
   801                           ;common.c: 58: PEIE = 1;
   802  00CD  170B               	bsf	11,6
   803  00CE  0008               	return
   804  00CF                     __end_of_timer1_interrupt_config:	
   805                           
   806                           	psect	text245
   807  00B2                     __ptext245:	
   808 ;; =============== function _timer1_interrupt_config ends ============
   809                           
   810                           
   811 ;; *************** function _timer1_config *****************
   812 ;; Defined at:
   813 ;;		line 44 in file "C:\test__190531\AK7030-OTP\common.c"
   814 ;; Parameters:    Size  Location     Type
   815 ;;		None
   816 ;; Auto vars:     Size  Location     Type
   817 ;;		None
   818 ;; Return value:  Size  Location     Type
   819 ;;		None               void
   820 ;; Registers used:
   821 ;;		wreg
   822 ;; Tracked objects:
   823 ;;		On entry : 17F/40
   824 ;;		On exit  : 17F/20
   825 ;;		Unchanged: FFE80/0
   826 ;; Data sizes:     COMMON   BANK0   BANK1   BANK3   BANK2
   827 ;;      Params:         0       0       0       0       0
   828 ;;      Locals:         0       0       0       0       0
   829 ;;      Temps:          0       0       0       0       0
   830 ;;      Totals:         0       0       0       0       0
   831 ;;Total ram usage:        0 bytes
   832 ;; Hardware stack levels used:    1
   833 ;; Hardware stack levels required when called:    2
   834 ;; This function calls:
   835 ;;		Nothing
   836 ;; This function is called by:
   837 ;;		_main
   838 ;; This function uses a non-reentrant model
   839 ;;
   840  00B2                     _timer1_config:	
   841                           
   842                           ;common.c: 46: TMR1H=0xCF;
   843                           
   844                           ; Regs used in _timer1_config: [wreg]
   845  00B2  30CF               	movlw	207
   846  00B3  1303               	bcf	3,6	;RP1=0, select bank0
   847  00B4  008F               	movwf	15	;volatile
   848                           
   849                           ;common.c: 47: TMR1L=0x2C;
   850  00B5  302C               	movlw	44
   851  00B6  008E               	movwf	14	;volatile
   852                           
   853                           ;common.c: 48: T1CON=0xE1;
   854  00B7  30E1               	movlw	225
   855  00B8  0090               	movwf	16	;volatile
   856                           
   857                           ;common.c: 49: TMR1IE=1;
   858  00B9  1683               	bsf	3,5	;RP0=1, select bank1
   859  00BA  140C               	bsf	12,0
   860  00BB  0008               	return
   861  00BC                     __end_of_timer1_config:	
   862                           
   863                           	psect	text246
   864  00BC                     __ptext246:	
   865 ;; =============== function _timer1_config ends ============
   866                           
   867                           
   868 ;; *************** function _clock_config *****************
   869 ;; Defined at:
   870 ;;		line 36 in file "C:\test__190531\AK7030-OTP\common.c"
   871 ;; Parameters:    Size  Location     Type
   872 ;;		None
   873 ;; Auto vars:     Size  Location     Type
   874 ;;		None
   875 ;; Return value:  Size  Location     Type
   876 ;;		None               void
   877 ;; Registers used:
   878 ;;		wreg, status,2
   879 ;; Tracked objects:
   880 ;;		On entry : 17F/20
   881 ;;		On exit  : 17F/40
   882 ;;		Unchanged: FFE80/0
   883 ;; Data sizes:     COMMON   BANK0   BANK1   BANK3   BANK2
   884 ;;      Params:         0       0       0       0       0
   885 ;;      Locals:         0       0       0       0       0
   886 ;;      Temps:          0       0       0       0       0
   887 ;;      Totals:         0       0       0       0       0
   888 ;;Total ram usage:        0 bytes
   889 ;; Hardware stack levels used:    1
   890 ;; Hardware stack levels required when called:    2
   891 ;; This function calls:
   892 ;;		Nothing
   893 ;; This function is called by:
   894 ;;		_main
   895 ;; This function uses a non-reentrant model
   896 ;;
   897  00BC                     _clock_config:	
   898                           
   899                           ;common.c: 38: CLKPR = 0x80;
   900                           
   901                           ; Regs used in _clock_config: [wreg+status,2]
   902  00BC  3080               	movlw	128
   903  00BD  1283               	bcf	3,5	;RP0=0, select bank2
   904  00BE  1703               	bsf	3,6	;RP1=1, select bank2
   905  00BF  0088               	movwf	8	;volatile
   906                           
   907                           ;common.c: 39: CLKPR = 0x00;
   908  00C0  0188               	clrf	8	;volatile
   909  00C1                     l1327:	
   910                           ;common.c: 40: while(CLKPCE);
   911                           
   912  00C1  1F88               	btfss	8,7
   913  00C2  0008               	return
   914  00C3  28C1               	goto	l1327
   915  00C4                     __end_of_clock_config:	
   916                           
   917                           	psect	text247
   918  0013                     __ptext247:	
   919 ;; =============== function _clock_config ends ============
   920                           
   921                           
   922 ;; *************** function _ISR *****************
   923 ;; Defined at:
   924 ;;		line 253 in file "C:\test__190531\AK7030-OTP\common.c"
   925 ;; Parameters:    Size  Location     Type
   926 ;;		None
   927 ;; Auto vars:     Size  Location     Type
   928 ;;		None
   929 ;; Return value:  Size  Location     Type
   930 ;;		None               void
   931 ;; Registers used:
   932 ;;		wreg, fsr0l, fsr0h, fsr1l, fsr1h, status,2, status,0, btemp+1, pclath, cstack
   933 ;; Tracked objects:
   934 ;;		On entry : 0/0
   935 ;;		On exit  : 60/0
   936 ;;		Unchanged: FFF9F/0
   937 ;; Data sizes:     COMMON   BANK0   BANK1   BANK3   BANK2
   938 ;;      Params:         0       0       0       0       0
   939 ;;      Locals:         0       0       0       0       0
   940 ;;      Temps:          4       0       0       0       0
   941 ;;      Totals:         4       0       0       0       0
   942 ;;Total ram usage:        4 bytes
   943 ;; Hardware stack levels used:    1
   944 ;; Hardware stack levels required when called:    1
   945 ;; This function calls:
   946 ;;		_setAD_ConvertFlag
   947 ;;		_adc_get
   948 ;; This function is called by:
   949 ;;		Interrupt level 1
   950 ;; This function uses a non-reentrant model
   951 ;;
   952  0013                     _ISR:	
   953                           
   954                           ;common.c: 254: static unsigned char ucTimer1sCnt = 0;
   955                           ;common.c: 256: if(TMR1IF == 1)
   956  0013  1C0C               	btfss	12,0
   957  0014  2832               	goto	i1l2503
   958  0015  3064               	movlw	100
   959                           
   960                           ;common.c: 259: timer.timer10msStopWatch++;
   961  0016  100C               	bcf	12,0
   962                           
   963                           ;common.c: 260: ucTimer1sCnt++;
   964  0017  0AFC               	incf	ISR@ucTimer1sCnt,f
   965                           
   966                           ;common.c: 262: if(ucTimer1sCnt >= 100)
   967  0018  027C               	subwf	ISR@ucTimer1sCnt,w
   968  0019  1C03               	skipc
   969  001A  2832               	goto	i1l2503
   970                           
   971                           ;common.c: 263: {
   972                           ;common.c: 264: PA0 = ~PA0;
   973  001B  3001               	movlw	1
   974  001C  0685               	xorwf	5,f
   975                           
   976                           ;common.c: 265: ucTimer1sCnt = 0;
   977  001D  01FC               	clrf	ISR@ucTimer1sCnt
   978                           
   979                           ;common.c: 266: if(uiBigTimer > 0)
   980  001E  0879               	movf	_uiBigTimer+1,w
   981  001F  0478               	iorwf	_uiBigTimer,w
   982  0020  1903               	skipnz
   983  0021  2828               	goto	i1l1417
   984                           
   985                           ;common.c: 267: uiBigTimer--;
   986  0022  3001               	movlw	1
   987  0023  02F8               	subwf	_uiBigTimer,f
   988  0024  3000               	movlw	0
   989  0025  1C03               	skipc
   990  0026  03F9               	decf	_uiBigTimer+1,f
   991  0027  02F9               	subwf	_uiBigTimer+1,f
   992  0028                     i1l1417:	
   993                           
   994                           ;common.c: 269: if(uiSmallTimer)
   995  0028  087B               	movf	_uiSmallTimer+1,w
   996  0029  047A               	iorwf	_uiSmallTimer,w
   997  002A  1903               	skipnz
   998  002B  2832               	goto	i1l2503
   999                           
  1000                           ;common.c: 270: uiSmallTimer--;
  1001  002C  3001               	movlw	1
  1002  002D  02FA               	subwf	_uiSmallTimer,f
  1003  002E  3000               	movlw	0
  1004  002F  1C03               	skipc
  1005  0030  03FB               	decf	_uiSmallTimer+1,f
  1006  0031  02FB               	subwf	_uiSmallTimer+1,f
  1007  0032                     i1l2503:	
  1008                           
  1009                           ;common.c: 271: }
  1010                           ;common.c: 272: }
  1011                           ;common.c: 274: if(ADIF)
  1012  0032  1D0D               	btfss	13,2
  1013  0033  2839               	goto	i1l1422
  1014  0034  3001               	movlw	1
  1015                           
  1016                           ;common.c: 275: {
  1017                           ;common.c: 276: ADIF=0;
  1018  0035  110D               	bcf	13,2
  1019                           
  1020                           ;common.c: 278: adc_original_value = adc_get();
  1021                           
  1022                           ;common.c: 277: setAD_ConvertFlag(1);
  1023  0036  2045  118A         	fcall	_adc_get
  1024                           
  1025                           ;common.c: 280: adc_original_CH1_value = adc_get();
  1026  0038  2045               	fcall	_adc_get
  1027  0039                     i1l1422:	
  1028  0039  0877               	movf	??_ISR+3,w
  1029  003A  1283               	bcf	3,5	;RP0=0, select bank0
  1030  003B  00FF               	movwf	127
  1031  003C  0876               	movf	??_ISR+2,w
  1032  003D  008A               	movwf	10
  1033  003E  0875               	movf	??_ISR+1,w
  1034  003F  0084               	movwf	4
  1035  0040  0E74               	swapf	??_ISR^(0+-128),w
  1036  0041  0083               	movwf	3
  1037  0042  0EFE               	swapf	126,f
  1038  0043  0E7E               	swapf	126,w
  1039  0044  0009               	retfie
  1040  0045                     __end_of_ISR:	
  1041  0045                     __ptext248:	
  1042 ;; =============== function _ISR ends ============
  1043                           
  1044                           
  1045 ;; *************** function _adc_get *****************
  1046 ;; Defined at:
  1047 ;;		line 105 in file "C:\test__190531\AK7030-OTP\periph.c"
  1048 ;; Parameters:    Size  Location     Type
  1049 ;;		None
  1050 ;; Auto vars:     Size  Location     Type
  1051 ;;  val             2    2[COMMON] unsigned int 
  1052 ;; Return value:  Size  Location     Type
  1053 ;;                  2    0[COMMON] unsigned int 
  1054 ;; Registers used:
  1055 ;;		wreg
  1056 ;; Tracked objects:
  1057 ;;		On entry : 40/0
  1058 ;;		On exit  : 60/20
  1059 ;;		Unchanged: FFF9F/0
  1060 ;; Data sizes:     COMMON   BANK0   BANK1   BANK3   BANK2
  1061 ;;      Params:         2       0       0       0       0
  1062 ;;      Locals:         2       0       0       0       0
  1063 ;;      Temps:          0       0       0       0       0
  1064 ;;      Totals:         4       0       0       0       0
  1065 ;;Total ram usage:        4 bytes
  1066 ;; Hardware stack levels used:    1
  1067 ;; This function calls:
  1068 ;;		Nothing
  1069 ;; This function is called by:
  1070 ;;		_ISR
  1071 ;; This function uses a non-reentrant model
  1072 ;;
  1073  0045                     _adc_get:	
  1074                           
  1075                           ;periph.c: 106: unsigned int val;
  1076                           ;periph.c: 107: val = (ADRESH<<8) | ADRESL;
  1077                           
  1078                           ; Regs used in _adc_get: [wreg]
  1079  0045  1283               	bcf	3,5	;RP0=0, select bank0
  1080  0046  081E               	movf	30,w	;volatile
  1081  0047  00F3               	movwf	adc_get@val+1
  1082  0048  01F2               	clrf	adc_get@val
  1083  0049  1683               	bsf	3,5	;RP0=1, select bank1
  1084  004A  081E               	movf	30,w	;volatile
  1085  004B  04F2               	iorwf	adc_get@val,f
  1086                           
  1087                           ;periph.c: 108: return val;
  1088  004C  0873               	movf	adc_get@val+1,w
  1089  004D  00F1               	movwf	?_adc_get+1
  1090  004E  0872               	movf	adc_get@val,w
  1091  004F  00F0               	movwf	?_adc_get
  1092  0050  0008               	return
  1093  0051                     __end_of_adc_get:	
  1094  0051                     __ptext249:	
  1095 ;; =============== function _adc_get ends ============
  1096                           
  1097                           
  1098 ;; *************** function _setAD_ConvertFlag *****************
  1099 ;; Defined at:
  1100 ;;		line 70 in file "C:\test__190531\AK7030-OTP\common.c"
  1101 ;; Parameters:    Size  Location     Type
  1102 ;;  flag            1    wreg     unsigned char 
  1103 ;; Auto vars:     Size  Location     Type
  1104 ;;  flag            1    0[COMMON] unsigned char 
  1105 ;; Return value:  Size  Location     Type
  1106 ;;		None               void
  1107 ;; Registers used:
  1108 ;;		wreg
  1109 ;; Tracked objects:
  1110 ;;		On entry : 60/0
  1111 ;;		On exit  : 60/0
  1112 ;;		Unchanged: FFFFFF9F/0
  1113 ;; Data sizes:     COMMON   BANK0   BANK1   BANK3   BANK2
  1114 ;;      Params:         0       0       0       0       0
  1115 ;;      Locals:         1       0       0       0       0
  1116 ;;      Temps:          0       0       0       0       0
  1117 ;;      Totals:         1       0       0       0       0
  1118 ;;Total ram usage:        1 bytes
  1119 ;; Hardware stack levels used:    1
  1120 ;; This function calls:
  1121 ;;		Nothing
  1122 ;; This function is called by:
  1123 ;;		_ISR
  1124 ;; This function uses a non-reentrant model
  1125 ;;
  1126  0051                     _setAD_ConvertFlag:	
  1127                           
  1128                           ; Regs used in _setAD_ConvertFlag: [wreg]
  1129  0051  0008               	return
  1130  0052                     __end_of_setAD_ConvertFlag:	
  1131                           
  1132                           	psect	intentry
  1133  0004                     __pintentry:	
  1134                           ; Regs used in _ISR: [allreg]
  1135                           
  1136  0004                     interrupt_function:	
  1137  007E                     saved_w	set	btemp
  1138  0004  00FE               	movwf	btemp
  1139  0005  0E03               	swapf	3,w
  1140  0006  00F4               	movwf	??_ISR
  1141  0007  0804               	movf	4,w
  1142  0008  00F5               	movwf	??_ISR+1
  1143  0009  080A               	movf	10,w
  1144  000A  00F6               	movwf	??_ISR+2
  1145  000B  1283               	bcf	3,5	;RP0=0, select bank0
  1146  000C  1303               	bcf	3,6	;RP1=0, select bank0
  1147  000D  087F               	movf	btemp+1,w
  1148  000E  00F7               	movwf	??_ISR+3
  1149  000F  118A  2813         	ljmp	_ISR
  1150                           
  1151                           	psect	text250
  1152  0000                     __ptext250:	
  1153 ;; =============== function _setAD_ConvertFlag ends ============
  1154                           
  1155  007E                     btemp	set	126	;btemp
  1156  007E                     wtemp0	set	126


HI-TECH Software PICC Macro Assembler V9.83 build 10920 
Symbol Table                                                                                   Sat Jun 01 07:13:06 2019

                  ??_clock_config 0020                                _GO 00F9          ?_timer1_interrupt_config 0070  
                             _PA0 0028                               _GIE 005F                               _PA2 002A  
                             _ISR 0013                               fsr0 0004                              ?_ISR 0070  
                            l1330 0000                              l2052 0000                              l1333 0000  
                            l1327 00C1                              l2063 0000                              l2055 0000  
                            l1336 0000                              l2049 0000                              l2069 0000  
                            l2541 0000                              l2543 0000                              l2551 0000  
                            l2545 0000                              l2553 0000                              l2561 0000  
                            l2539 0000                              l2547 0000                              l2555 0000  
                            l2563 0000                              l2571 0000                              l2557 0000  
                            l2549 0000                              l2565 0000                              l2573 0000  
                            l2581 0000                              l2559 0000                              l2567 0000  
                            l2575 0000                              l2591 0000                              l2583 0000  
                            l2569 0000                              l2577 0000                              l2593 0000  
                            l2585 0000                              l2579 0000                              l2595 0000  
                            l2587 0000                              l2597 0000                              l2589 0000  
                            l2599 007B                              _ADIE 046A                              _ADIF 006A  
                            _ADON 00F8                              _PEIE 005E                              _main 0052  
                            btemp 007E                              start 0011                             ??_ISR 0074  
             _sampleChannelSelect 007D                             ?_main 0070                             _DACR0 0088  
                           _CLKPR 0108                             _T1CON 0010                   __end_of_adc_get 0051  
                           _TMR1H 000F                             _TMR1L 000E             setAD_ConvertFlag@flag 0070  
                           pclath 000A                             status 0003                             wtemp0 007E  
                    __end_of_main 007D            __size_of_adc_test_init 0015                            ??_main 0023  
                          _ADCON0 001F                            _ADCON1 009F              __end_of_clock_config 00C4  
                          _DACCON 0087                            _ADRESH 001E                            _ADRESL 009E  
                          _CLKPCE 0847                            i1l1342 0000                            i1l1422 0039  
                          i1l2072 0000                            i1l1417 0028                            i1l2503 0032  
                          i1l2513 0000                            i1l2507 0000                            i1l2517 0000  
                          i1l2509 0000                            i1l2491 0000                            i1l2485 0000  
                          i1l2495 0000                            i1l2497 0000                            i1l2489 0000  
                __end_of_dac_init 00C9                            _TMR1IE 0460                            _TMR1IF 0060  
               _setAD_ConvertFlag 0051                            _TRISA0 0428                            _TRISA1 0429  
                          _TRISA2 042A                            _TRISB1 0431                            _TRISA3 042B  
                          _TRISB2 0432                            _TRISB3 0433                            _TRISB4 0434  
                          _TRISA6 042E                            _TRISB5 0435                            _TRISA7 042F  
                          _TRISB6 0436                            _TRISB7 0437                ?_setAD_ConvertFlag 0070  
                __end_of_op1_init 009E                  __end_of_op2_init 00B2                         ??_adc_get 0072  
             ??_setAD_ConvertFlag 0070                      __pdataCOMMON 007D                            saved_w 007E  
                   _adc_test_init 007D         __end_of_setAD_ConvertFlag 0052                __size_of_adc_start 0003  
                  __pcstackCOMMON 0070             __end_of_timer1_config 00BC                    ?_adc_test_init 0020  
__size_of_timer1_interrupt_config 0003                        adc_get@val 0072                        __pmaintext 0052  
                      __pintentry 0004                         ?_dac_init 0070             __size_of_clock_config 0008  
                         _OP1CON0 001B                           _OP1CON1 001C                           _OP1CON2 001D  
                         _OP2CON0 009B                           _OP2CON1 009C                           _OP2CON2 009D  
               __end_of_adc_start 00CC                         ?_op1_init 0070                         ?_op2_init 0070  
      __size_of_setAD_ConvertFlag 0001                        _uiBigTimer 0078                      _clock_config 00BC  
                         _adc_get 0045                        ??_dac_init 0020                      __size_of_ISR 0032  
                 ??_adc_test_init 0021                        ??_op1_init 0020                        ??_op2_init 0020  
            end_of_initialization 00A5           _timer1_interrupt_config 00CC                     __pidataCOMMON 0000  
             start_initialization 009E                       __end_of_ISR 0045         ??_timer1_interrupt_config 0020  
                     __pbssCOMMON 0078                 __size_of_dac_init 0005                     __pcstackBANK0 0020  
                       _adc_start 00C9                 __size_of_op1_init 000C                 __size_of_op2_init 000A  
          __size_of_timer1_config 000A                         __ptext240 00A8                         __ptext241 0092  
                       __ptext250 0000                         __ptext242 00C4                         __ptext243 007D  
                       __ptext244 00CC                         __ptext245 00B2                         __ptext246 00BC  
                       __ptext247 0013                         __ptext239 00C9                         __ptext248 0045  
                       __ptext249 0051                          ?_adc_get 0070                   ISR@ucTimer1sCnt 007C  
                      ?_adc_start 0070                 interrupt_function 0004   __end_of_timer1_interrupt_config 00CF  
            adc_test_init@channel 0022                      _uiSmallTimer 007A             __end_of_adc_test_init 0092  
                   _timer1_config 00B2                  __size_of_adc_get 000C                          _dac_init 00C4  
                  ?_timer1_config 0070                          _op1_init 0092                          _op2_init 00A8  
                     ??_adc_start 0020                     __size_of_main 002B                          intlevel1 0000  
                   ?_clock_config 0070                   ??_timer1_config 0020                  adc_test_init@ref 0020  
