HI-TECH Software C Compiler 

Linker command line:

--edf=C:\Program Files (x86)\HI-TECH Software\PICC\9.83\dat\en_msgs.txt -cs \
  -h+ProjTest.sym -z -Q16C77 -ol.obj -MProjTest.map -E1 -ACONST=00h-0FFhx16 \
  -ACODE=00h-07FFhx2 -ASTRCODE=00h-0FFFh -AENTRY=00h-0FFhx16 \
  -ASTRING=00h-0FFhx16 -ABANK0=020h-06Fh -ABANK1=0A0h-0EFh \
  -ABANK2=0110h-016Fh -ABANK3=0190h-01EFh \
  -ARAM=020h-06Fh,0A0h-0EFh,0110h-016Fh,0190h-01EFh \
  -AABS1=020h-07Fh,0A0h-0EFh,0110h-016Fh,0190h-01EFh -ACOMMON=070h-07Fh \
  -ASFR0=00h-01Fh -ASFR1=080h-09Fh -ASFR2=0100h-010Fh -ASFR3=0180h-018Fh \
  -preset_vec=00h,intentry=04h,init,end_init -ppowerup=CODE -pfunctab=CODE \
  -ACONFIG=02000h-02007h -pconfig=CONFIG -DCONFIG=2 -AIDLOC=02008h-0200Bh \
  -pidloc=IDLOC -DIDLOC=2 -DCODE=2 -DSTRCODE=2 -DSTRING=2 -DCONST=2 \
  -DENTRY=2 -k startup.obj ProjTest.obj 

Object code version is 3.10

Machine type is 16C77



                Name                               Link     Load   Length Selector   Space Scale
startup.obj     end_init                             11       11        2        8       0
                reset_vec                             0        0        2        0       0
ProjTest.obj    intentry                              4        4        D        8       0
                config                             2000     2000        3     4000       0
                text785                             395      395       E0        8       0
                text781                             5D2      5D2       13        8       0
                text780                             647      647        8      C1C       0
                text779                             635      635        A      C1C       0
                text778                             678      678        3      C1C       0
                text776                             673      673        5      C1C       0
                text775                             62A      62A        B      C1C       0
                text774                             64F      64F        7      C1C       0
                text772                             668      668        6      C1C       0
                text771                             67B      67B        2      C1C       0
                text770                             61C      61C        E      C1C       0
                text769                             662      662        6      C1C       0
                text768                             66E      66E        5      C1C       0
                text767                             65C      65C        6      C1C       0
                text766                             60E      60E        E      C1C       0
                text765                             656      656        6      C1C       0
                text759                             540      540       5D        8       0
                text756                             475      475       CB        8       0
                text755                             59D      59D       1C        8       0
                swtext3                             5F3      5F3        C      BCA       0
                swtext2                             600      600        E      C00       0
                swtext1                             5E5      5E5        E      BCA       0
                maintext                             13       13      382        8       0
                cstackBANK0                          20       20       28       20       1
                cstackCOMMON                         70       70        D       70       1
                clrtext                             63F      63F        8      C1C       0
                bssBANK3                            190      190       18      190       1
                bssBANK1                             A0       A0       3C       A0       1
                dataBANK0                            6E       6E        1       20       1
                bssBANK0                             48       48       26       20       1
                bssCOMMON                            7D       7D        1       70       1
                cinit                               5B9      5B9       19        8       0

TOTAL           Name                               Link     Load   Length     Space
        CLASS   CONST          
                swtext3                             5F3      5F3        C         0
                swtext2                             600      600        E         0
                swtext1                             5E5      5E5        E         0

        CLASS   CODE           
                end_init                             11       11        2         0
                intentry                              4        4        D         0
                reset_vec                             0        0        2         0
                text785                             395      395       E0         0
                text781                             5D2      5D2       13         0
                text780                             647      647        8         0
                text779                             635      635        A         0
                text778                             678      678        3         0
                text776                             673      673        5         0
                text775                             62A      62A        B         0
                text774                             64F      64F        7         0
                text772                             668      668        6         0
                text771                             67B      67B        2         0
                text770                             61C      61C        E         0
                text769                             662      662        6         0
                text768                             66E      66E        5         0
                text767                             65C      65C        6         0
                text766                             60E      60E        E         0
                text765                             656      656        6         0
                text759                             540      540       5D         0
                text756                             475      475       CB         0
                text755                             59D      59D       1C         0
                maintext                             13       13      382         0
                clrtext                             63F      63F        8         0
                cinit                               5B9      5B9       19         0

        CLASS   STRCODE        

        CLASS   ENTRY          

        CLASS   STRING         

        CLASS   BANK0          
                cstackBANK0                          20       20       28         1
                dataBANK0                            6E       6E        1         1
                bssBANK0                             48       48       26         1

        CLASS   BANK1          
                bssBANK1                             A0       A0       3C         1

        CLASS   BANK2          

        CLASS   BANK3          
                bssBANK3                            190      190       18         1

        CLASS   RAM            

        CLASS   ABS1           
                abs_s1                               7E       7E        2         1

        CLASS   COMMON         
                cstackCOMMON                         70       70        D         1
                bssCOMMON                            7D       7D        1         1

        CLASS   SFR0           

        CLASS   SFR1           

        CLASS   SFR2           

        CLASS   SFR3           

        CLASS   CONFIG         
                config                             2000     2000        3         0

        CLASS   IDLOC          

        CLASS   EEDATA         



SEGMENTS        Name                           Load    Length   Top    Selector   Space  Class     Delta

                reset_vec                      000000  000002  000002         0       0  CODE        2
                intentry                       000004  0005E1  0005E5         8       0  CODE        2
                cstackBANK0                    000020  00004F  00006F        20       1  BANK0       1
                cstackCOMMON                   000070  00000E  00007E        70       1  COMMON      1
                bssBANK1                       0000A0  00003C  0000DC        A0       1  BANK1       1
                bssBANK3                       000190  000018  0001A8       190       1  BANK3       1
                swtext1                        0005E5  00001A  0005FF       BCA       0  CONST       2
                swtext2                        000600  00000E  00060E       C00       0  CONST       2
                text766                        00060E  00006F  00067D       C1C       0  CODE        2
                config                         002000  000003  002003      4000       0  CONFIG      2


UNUSED ADDRESS RANGES

        Name                Unused          Largest block    Delta
        BANK0            006F-006F              1           1
        BANK1            00DC-00EF             14           1
        BANK2            0110-016F             60           1
        BANK3            01A8-01EF             48           1
        CODE             0002-0003              2           2
                         05FF-05FF              1
                         067D-0FFF            183
        CONFIG           2003-2007              5           2
        CONST            0002-0003              2           2
                         05FF-05FF              1
                         067D-0FFF            100
        ENTRY            0002-0003              2           2
                         05FF-05FF              1
                         067D-0FFF            100
        IDLOC            2008-200B              4           2
        RAM              006F-006F              1           1
                         00DC-00EF             14
                         0110-016F             60
                         01A8-01EF             48
        SFR0             0000-001F             20           1
        SFR1             0080-009F             20           1
        SFR2             0100-010F             10           1
        SFR3             0180-018F             10           1
        STRCODE          0002-0003              2           2
                         05FF-05FF              1
                         067D-0FFF            983
        STRING           0002-0003              2           2
                         05FF-05FF              1
                         067D-0FFF            100

                                  Symbol Table

??_AD_Sample                                      cstackBANK0  0020
??_Filter                                         cstackBANK0  0022
??_ISR                                            cstackCOMMON 0079
??_adc_get                                        cstackCOMMON 0072
??_adc_start                                      cstackBANK0  0020
??_adc_test_init                                  cstackBANK0  0021
??_clearAllTimer                                  cstackBANK0  0020
??_clearPinPortAndTimer                           cstackBANK0  0020
??_clearThreeHoursTimer                           cstackBANK0  0020
??_clearTwelveHoursTimer                          cstackBANK0  0020
??_clearTwentySecondsTimer                        cstackBANK0  0020
??_clock_config                                   cstackBANK0  0020
??_clrSampeTime                                   cstackBANK0  0020
??_dac_init                                       cstackBANK0  0020
??_getAD_ConvertFlag                              cstackBANK0  0020
??_getAdOriginaCh4Value                           cstackBANK0  0048
??_getAdOriginalCh14Value                         cstackBANK0  0048
??_getAdOriginalCh1Value                          cstackBANK0  0048
??_initPin                                        cstackBANK0  0020
??_isFinishedThreeHoursTimer                      cstackBANK0  0020
??_isFinishedTwelveHoursTimer                     cstackBANK0  0020
??_isFinishedTwentySecondsTimer                   cstackBANK0  0020
??_isPermitSampleTime                             cstackBANK0  0020
??_main                                           cstackBANK0  0048
??_op1_init                                       cstackBANK0  0020
??_op2_init                                       cstackBANK0  0020
??_process_AD_Converter_Value                     cstackBANK0  0023
??_setAD_ConvertFlag                              cstackBANK0  0020
??_startThreeHoursTimer                           cstackBANK0  0022
??_startTwelveHourTimer                           cstackBANK0  0022
??_startTwentySecondsTimer                        cstackBANK0  0020
??_timer1_config                                  cstackBANK0  0020
??_timer1_interrupt_config                        cstackBANK0  0020
??_vPutSampleDataIntoTable                        cstackCOMMON 0077
??i1_setAD_ConvertFlag                            cstackCOMMON 0070
?_AD_Sample                                       cstackCOMMON 0070
?_Filter                                          cstackBANK0  0020
?_ISR                                             cstackCOMMON 0070
?_adc_get                                         cstackCOMMON 0070
?_adc_start                                       cstackCOMMON 0070
?_adc_test_init                                   cstackBANK0  0020
?_clearAllTimer                                   cstackCOMMON 0070
?_clearPinPortAndTimer                            cstackCOMMON 0070
?_clearThreeHoursTimer                            cstackCOMMON 0070
?_clearTwelveHoursTimer                           cstackCOMMON 0070
?_clearTwentySecondsTimer                         cstackCOMMON 0070
?_clock_config                                    cstackCOMMON 0070
?_clrSampeTime                                    cstackCOMMON 0070
?_dac_init                                        cstackCOMMON 0070
?_getAD_ConvertFlag                               cstackCOMMON 0070
?_getAdOriginaCh4Value                            cstackBANK0  0046
?_getAdOriginalCh14Value                          cstackBANK0  0046
?_getAdOriginalCh1Value                           cstackBANK0  0046
?_initPin                                         cstackCOMMON 0070
?_isFinishedThreeHoursTimer                       cstackCOMMON 0070
?_isFinishedTwelveHoursTimer                      cstackCOMMON 0070
?_isFinishedTwentySecondsTimer                    cstackCOMMON 0070
?_isPermitSampleTime                              cstackCOMMON 0070
?_main                                            cstackCOMMON 0070
?_op1_init                                        cstackCOMMON 0070
?_op2_init                                        cstackCOMMON 0070
?_process_AD_Converter_Value                      cstackCOMMON 0070
?_setAD_ConvertFlag                               cstackCOMMON 0070
?_startThreeHoursTimer                            cstackBANK0  0020
?_startTwelveHourTimer                            cstackBANK0  0020
?_startTwentySecondsTimer                         cstackCOMMON 0070
?_timer1_config                                   cstackCOMMON 0070
?_timer1_interrupt_config                         cstackCOMMON 0070
?_vPutSampleDataIntoTable                         cstackCOMMON 0074
?i1_setAD_ConvertFlag                             cstackCOMMON 0070
Filter@cir                                        cstackBANK0  0042
Filter@filter_buf                                 cstackBANK0  0026
Filter@filter_sum                                 cstackBANK0  0040
Filter@filter_temp                                cstackBANK0  003E
Filter@i                                          cstackBANK0  0045
Filter@j                                          cstackBANK0  0044
Filter@tmpValue                                   cstackBANK0  0020
ISR@ucTimer1sCnt                                  bssBANK1     00A6
_ADCON0                                           (abs)        001F
_ADCON1                                           (abs)        009F
_ADIE                                             (abs)        046A
_ADIF                                             (abs)        006A
_ADON                                             (abs)        00F8
_ADRESH                                           (abs)        001E
_ADRESL                                           (abs)        009E
_AD_Sample                                        text759      0567
_CLKPCE                                           (abs)        0847
_CLKPR                                            (abs)        0108
_DACCON                                           (abs)        0087
_DACR0                                            (abs)        0088
_Filter                                           text756      0493
_GIE                                              (abs)        005F
_GO                                               (abs)        00F9
_ISR                                              text785      0395
_OP1CON0                                          (abs)        001B
_OP1CON1                                          (abs)        001C
_OP1CON2                                          (abs)        001D
_OP2CON0                                          (abs)        009B
_OP2CON1                                          (abs)        009C
_OP2CON2                                          (abs)        009D
_PA0                                              (abs)        0028
_PA1                                              (abs)        0029
_PA2                                              (abs)        002A
_PA3                                              (abs)        002B
_PA6                                              (abs)        002E
_PB0                                              (abs)        0030
_PB1                                              (abs)        0031
_PB6                                              (abs)        0036
_PB7                                              (abs)        0037
_PBOD6                                            (abs)        0C46
_PBOD7                                            (abs)        0C47
_PEIE                                             (abs)        005E
_T1CON                                            (abs)        0010
_TMR1H                                            (abs)        000F
_TMR1IE                                           (abs)        0460
_TMR1IF                                           (abs)        0060
_TMR1L                                            (abs)        000E
_TRISA0                                           (abs)        0428
_TRISA1                                           (abs)        0429
_TRISA2                                           (abs)        042A
_TRISA3                                           (abs)        042B
_TRISA6                                           (abs)        042E
_TRISA7                                           (abs)        042F
_TRISB0                                           (abs)        0430
_TRISB1                                           (abs)        0431
_TRISB2                                           (abs)        0432
_TRISB3                                           (abs)        0433
_TRISB4                                           (abs)        0434
_TRISB5                                           (abs)        0435
_TRISB6                                           (abs)        0436
_TRISB7                                           (abs)        0437
__Habs1                                           abs1         0000
__Hbank0                                          bank0        0000
__Hbank1                                          bank1        0000
__Hbank2                                          bank2        0000
__Hbank3                                          bank3        0000
__HbssBANK0                                       bssBANK0     0000
__HbssBANK1                                       bssBANK1     0000
__HbssBANK3                                       bssBANK3     0000
__HbssCOMMON                                      bssCOMMON    0000
__Hcinit                                          cinit        0000
__Hclrtext                                        clrtext      0000
__Hcode                                           code         0000
__Hcommon                                         common       0000
__Hconfig                                         config       2003
__HcstackBANK0                                    cstackBANK0  0000
__HcstackCOMMON                                   cstackCOMMON 0000
__HdataBANK0                                      dataBANK0    0000
__Heeprom_data                                    eeprom_data  0000
__Hend_init                                       end_init     0013
__Hfunctab                                        functab      0000
__HidataBANK0                                     idataBANK0   0000
__Hidloc                                          idloc        0000
__Hinit                                           init         0011
__Hintentry                                       intentry     0011
__Hmaintext                                       maintext     0000
__Hpa_nodes                                       pa_nodes     0000
__Hpowerup                                        powerup      0000
__Hram                                            ram          0000
__Hreset_vec                                      reset_vec    0002
__Hsfr0                                           sfr0         0000
__Hsfr1                                           sfr1         0000
__Hsfr2                                           sfr2         0000
__Hsfr3                                           sfr3         0000
__Hstrings                                        strings      0000
__Htext                                           text         0000
__Labs1                                           abs1         0000
__Lbank0                                          bank0        0000
__Lbank1                                          bank1        0000
__Lbank2                                          bank2        0000
__Lbank3                                          bank3        0000
__LbssBANK0                                       bssBANK0     0000
__LbssBANK1                                       bssBANK1     0000
__LbssBANK3                                       bssBANK3     0000
__LbssCOMMON                                      bssCOMMON    0000
__Lcinit                                          cinit        0000
__Lclrtext                                        clrtext      0000
__Lcode                                           code         0000
__Lcommon                                         common       0000
__Lconfig                                         config       2000
__LcstackBANK0                                    cstackBANK0  0000
__LcstackCOMMON                                   cstackCOMMON 0000
__LdataBANK0                                      dataBANK0    0000
__Leeprom_data                                    eeprom_data  0000
__Lend_init                                       end_init     0011
__Lfunctab                                        functab      0000
__LidataBANK0                                     idataBANK0   0000
__Lidloc                                          idloc        0000
__Linit                                           init         0011
__Lintentry                                       intentry     0004
__Lmaintext                                       maintext     0000
__Lpa_nodes                                       pa_nodes     0000
__Lpowerup                                        powerup      0000
__Lram                                            ram          0000
__Lreset_vec                                      reset_vec    0000
__Lsfr0                                           sfr0         0000
__Lsfr1                                           sfr1         0000
__Lsfr2                                           sfr2         0000
__Lsfr3                                           sfr3         0000
__Lstrings                                        strings      0000
__Ltext                                           text         0000
__S0                                              (abs)        2003
__S1                                              (abs)        01A8
__end_of_AD_Sample                                text759      0585
__end_of_Filter                                   text756      052A
__end_of_ISR                                      text785      03F3
__end_of_adc_get                                  text785      03FE
__end_of_adc_start                                text759      059D
__end_of_adc_test_init                            text759      059A
__end_of_clearAllTimer                            text755      05AE
__end_of_clearPinPortAndTimer                     text755      05A9
__end_of_clearThreeHoursTimer                     text755      05B6
__end_of_clearTwelveHoursTimer                    text755      05B2
__end_of_clearTwentySecondsTimer                  text755      05B9
__end_of_clock_config                             text780      064F
__end_of_clrSampeTime                             text771      067D
__end_of_dac_init                                 text776      0678
__end_of_getAD_ConvertFlag                        text759      0562
__end_of_getAdOriginaCh4Value                     text756      047E
__end_of_getAdOriginalCh14Value                   text756      0493
__end_of_getAdOriginalCh1Value                    text756      0488
__end_of_initPin                                  text781      05E5
__end_of_isFinishedThreeHoursTimer                text765      065C
__end_of_isFinishedTwelveHoursTimer               text769      0668
__end_of_isFinishedTwentySecondsTimer             text767      0662
__end_of_isPermitSampleTime                       text772      066E
__end_of_main                                     maintext     0395
__end_of_op1_init                                 text775      0635
__end_of_op2_init                                 text774      0656
__end_of_process_AD_Converter_Value               text759      055E
__end_of_setAD_ConvertFlag                        text759      0567
__end_of_startThreeHoursTimer                     text766      061C
__end_of_startTwelveHourTimer                     text770      062A
__end_of_startTwentySecondsTimer                  text768      0673
__end_of_timer1_config                            text779      063F
__end_of_timer1_interrupt_config                  text778      067B
__end_of_vPutSampleDataIntoTable                  text785      0461
__end_ofi1_setAD_ConvertFlag                      text785      0465
__pbssBANK0                                       bssBANK0     0048
__pbssBANK1                                       bssBANK1     00A0
__pbssBANK3                                       bssBANK3     0190
__pbssCOMMON                                      bssCOMMON    007D
__pcstackBANK0                                    cstackBANK0  0020
__pcstackCOMMON                                   cstackCOMMON 0070
__pdataBANK0                                      dataBANK0    006E
__pidataBANK0                                     idataBANK0   0000
__pintentry                                       intentry     0004
__pmaintext                                       maintext     0013
__pswtext1                                        swtext1      05E5
__pswtext2                                        swtext2      0600
__pswtext3                                        swtext3      05F3
__ptext755                                        text755      059D
__ptext756                                        text756      0475
__ptext757                                        text756      047E
__ptext758                                        text756      0488
__ptext759                                        text759      0540
__ptext760                                        text755      05A9
__ptext761                                        text759      0567
__ptext762                                        text759      0562
__ptext763                                        text759      055E
__ptext764                                        text756      0493
__ptext765                                        text765      0656
__ptext766                                        text766      060E
__ptext767                                        text767      065C
__ptext768                                        text768      066E
__ptext769                                        text769      0662
__ptext770                                        text770      061C
__ptext771                                        text771      067B
__ptext772                                        text772      0668
__ptext773                                        text759      059A
__ptext774                                        text774      064F
__ptext775                                        text775      062A
__ptext776                                        text776      0673
__ptext777                                        text759      0585
__ptext778                                        text778      0678
__ptext779                                        text779      0635
__ptext780                                        text780      0647
__ptext781                                        text781      05D2
__ptext782                                        text755      05B6
__ptext783                                        text755      05B2
__ptext784                                        text755      05AE
__ptext785                                        text785      0395
__ptext786                                        text785      0461
__ptext787                                        text785      03F3
__ptext788                                        text785      03FE
__ptext789                                        text789      0000
__size_of_AD_Sample                               (abs)        0000
__size_of_Filter                                  (abs)        0000
__size_of_ISR                                     (abs)        0000
__size_of_adc_get                                 (abs)        0000
__size_of_adc_start                               (abs)        0000
__size_of_adc_test_init                           (abs)        0000
__size_of_clearAllTimer                           (abs)        0000
__size_of_clearPinPortAndTimer                    (abs)        0000
__size_of_clearThreeHoursTimer                    (abs)        0000
__size_of_clearTwelveHoursTimer                   (abs)        0000
__size_of_clearTwentySecondsTimer                 (abs)        0000
__size_of_clock_config                            (abs)        0000
__size_of_clrSampeTime                            (abs)        0000
__size_of_dac_init                                (abs)        0000
__size_of_getAD_ConvertFlag                       (abs)        0000
__size_of_getAdOriginaCh4Value                    (abs)        0000
__size_of_getAdOriginalCh14Value                  (abs)        0000
__size_of_getAdOriginalCh1Value                   (abs)        0000
__size_of_initPin                                 (abs)        0000
__size_of_isFinishedThreeHoursTimer               (abs)        0000
__size_of_isFinishedTwelveHoursTimer              (abs)        0000
__size_of_isFinishedTwentySecondsTimer            (abs)        0000
__size_of_isPermitSampleTime                      (abs)        0000
__size_of_main                                    (abs)        0000
__size_of_op1_init                                (abs)        0000
__size_of_op2_init                                (abs)        0000
__size_of_process_AD_Converter_Value              (abs)        0000
__size_of_setAD_ConvertFlag                       (abs)        0000
__size_of_startThreeHoursTimer                    (abs)        0000
__size_of_startTwelveHourTimer                    (abs)        0000
__size_of_startTwentySecondsTimer                 (abs)        0000
__size_of_timer1_config                           (abs)        0000
__size_of_timer1_interrupt_config                 (abs)        0000
__size_of_vPutSampleDataIntoTable                 (abs)        0000
__size_ofi1_setAD_ConvertFlag                     (abs)        0000
_adc_convert_flag                                 bssBANK1     00A7
_adc_get                                          text785      03F3
_adc_start                                        text759      059A
_adc_test_init                                    text759      0585
_clearAllTimer                                    text755      05A9
_clearPinPortAndTimer                             text755      059D
_clearThreeHoursTimer                             text755      05B2
_clearTwelveHoursTimer                            text755      05AE
_clearTwentySecondsTimer                          text755      05B6
_clock_config                                     text780      0647
_clrSampeTime                                     text771      067B
_dac_init                                         text776      0673
_exit                                             init         0011
_getAD_ConvertFlag                                text759      055E
_getAdOriginaCh4Value                             text756      0475
_getAdOriginalCh14Value                           text756      0488
_getAdOriginalCh1Value                            text756      047E
_initPin                                          text781      05D2
_isFinishedThreeHoursTimer                        text765      0656
_isFinishedTwelveHoursTimer                       text769      0662
_isFinishedTwentySecondsTimer                     text767      065C
_isPermitSampleTime                               text772      0668
_main                                             maintext     0013
_op1_init                                         text775      062A
_op2_init                                         text774      064F
_process_AD_Converter_Value                       text759      0540
_sampleChannelSelect                              dataBANK0    006E
_sampleTimes                                      bssBANK0     0048
_setAD_ConvertFlag                                text759      0562
_startThreeHoursTimer                             text766      060E
_startTwelveHourTimer                             text770      061C
_startTwentySecondsTimer                          text768      066E
_timer                                            bssBANK1     00A8
_timer1_config                                    text779      0635
_timer1_interrupt_config                          text778      0678
_uiBigTimer                                       bssBANK1     00A0
_uiSampleChannelFirst                             bssBANK1     00AC
_uiSampleChannelFourteenth                        bssBANK3     0190
_uiSampleChannelFourth                            bssBANK1     00C4
_uiSmallTimer                                     bssBANK1     00A2
_uiTwentySecondsTimer                             bssBANK1     00A4
_vPutSampleDataIntoTable                          text785      03FE
adc_get@val                                       cstackCOMMON 0072
adc_test_init@channel                             cstackBANK0  0022
adc_test_init@ref                                 cstackBANK0  0020
btemp                                             (abs)        007E
clear_ram                                         clrtext      063F
end_of_initialization                             cinit        05CF
i1_setAD_ConvertFlag                              text785      0461
i1l1700                                                            
i1l2445                                                            
i1l4070                                                            
i1l4072                                                            
i1l4076                                                            
i1l4080                                                            
i1l4088                                                            
i1l4092                                                            
i1l4100                                                            
i1l4104                                                            
i1l4114                                                            
i1l4116                                                            
i1l4146                                                            
i1l4150                                                            
i1l4152                                                            
i1l4156                                                            
i1l4168                                                            
i1l4170                                                            
i1l4176                                                            
i1l4180                                                            
i1l4184                                                            
i1setAD_ConvertFlag@flag                          cstackCOMMON 0070
interrupt_function                                intentry     0004
intlevel0                                         functab      0000
intlevel1                                         functab      0000
intlevel2                                         functab      0000
intlevel3                                         functab      0000
intlevel4                                         functab      0000
intlevel5                                         functab      0000
l1659                                                              
l1688                                                              
l1691                                                              
l1694                                                              
l1697                                                              
l1700                                                              
l1703                                                              
l1706                                                              
l1709                                                              
l1738                                                              
l1741                                                              
l1744                                                              
l1751                                                              
l1774                                                              
l2422                                                              
l2425                                                              
l2428                                                              
l2436                                                              
l2442                                                              
l3916                                                              
l3918                                                              
l3922                                                              
l3924                                                              
l3926                                                              
l3928                                                              
l3930                                                              
l3932                                                              
l3934                                                              
l3936                                                              
l3938                                                              
l3940                                                              
l3942                                                              
l3944                                                              
l3946                                                              
l3948                                                              
l3950                                                              
l3952                                                              
l3954                                                              
l3956                                                              
l3960                                                              
l3972                                                              
l3974                                                              
l3978                                                              
l3990                                                              
l3992                                                              
l4004                                                              
l4008                                                              
l4020                                                              
l4028                                                              
l4030                                                              
l4032                                                              
l4052                                                              
l4060                                                              
l4062                                                              
l4066                                                              
l4118                                                              
l4122                                                              
l4124                                                              
l4128                                                              
l4132                                                              
l4142                                                              
l4188                                                              
l4192                                                              
l4198                                                              
l4204                                                              
l4208                                                              
l4212                                                              
l4216                                                              
l4218                                                              
l4220                                                              
l4222                                                              
l4224                                                              
l4226                                                              
l4228                                                              
l4230                                                              
l4232                                                              
l4234                                                              
l4236                                                              
l4238                                                              
l4240                                                              
l4244                                                              
l4246                                                              
l4260                                                              
l4266                                                              
l4270                                                              
l4274                                                              
l4276                                                              
l4282                                                              
l4288                                                              
l4292                                                              
l4298                                                              
l4312                                                              
l4322                                                              
l4324                                                              
l4332                                                              
l4410                                                              
l4474                                                              
l4528                                                              
l4572                                                              
l4606                                                              
l4626                                                              
l4632                                                              
l4642                                                              
l4646                                                              
l4658                                                              
l4662                                                              
l4676                                                              
l4678                                                              
l4682                                                              
l4688                                                              
l4690                                                              
l4692                                                              
l4694                                                              
l4696                                                              
l4698                                                              
l4700                                                              
l4708                                                              
l4710                                                              
l4716                                                              
l4722                                                              
l4726                                                              
l4732                                                              
l4734                                                              
l4736                                                              
l4738                                                              
l4740                                                              
l4748                                                              
l4752                                                              
l4762                                                              
l4764                                                              
l4780                                                              
l4792                                                              
l4794                                                              
l4796                                                              
l4798                                                              
l679                                                               
l682                                                               
l685                                                               
main@bCheckTweHour                                bssBANK0     0049
main@cTimer1s_825                                 bssBANK1     00A9
main@enumBranchStep                               bssBANK0     004A
main@enumInteralStep                              bssBANK1     00AA
main@enumMainLoopStep                             bssBANK0     004B
main@ucADC4_Step                                  bssBANK0     004C
main@ucChannel4Type                               bssBANK0     004D
main@ucLoaderStep                                 bssBANK0     004E
main@ucLoaderStep1                                bssBANK0     004F
main@ucLoaderStep2                                bssBANK0     0050
main@ucLoaderStep3                                bssBANK0     0051
main@ucLoaderStep4                                bssBANK0     0052
main@ucTimer1s                                    bssBANK0     0053
main@ucTimer20s                                   bssBANK0     0054
main@ucTimerADC1ZeroP5s                           bssBANK0     0055
main@ucTimerDelay                                 bssBANK0     0056
main@ucTimerDelay1                                bssBANK0     0057
main@ucTimerDelay2                                bssBANK0     0058
main@ucTimerDelay3                                bssBANK0     0059
main@ucTimerDelay4                                bssBANK0     005A
main@ucTimerDelayP5s                              bssBANK0     005B
main@ucTimerForDACR0_CNT1                         bssBANK0     005C
main@ucTimerForDACR0_CNT1_f                       bssBANK0     005D
main@ucTimerForDACR0_CNT2                         bssBANK0     005E
main@ucTimerForDACR0_CNT2_f                       bssBANK0     005F
main@ucTimerLessADC1ZeroP5s                       bssBANK0     0060
main@ucTimerLessX1P5s                             bssBANK0     0061
main@ucTimerLessX2P5s                             bssBANK0     0062
main@ucTimerP3s                                   bssBANK1     00AB
main@ucTimerP5s                                   bssBANK0     0063
main@ucTimerPA6DelayP1s                           bssBANK0     0064
main@ucTimerPB6DelayP1s                           bssBANK0     0065
main@ucTimerRightP5s                              bssBANK0     0066
main@ucTimerSeond1s                               bssBANK0     0067
main@ucTimerX1P5s                                 bssBANK0     0068
main@ucTimerX2P5s                                 bssBANK0     0069
main@ucTimerZeroPoint3s                           bssBANK0     006A
main@ucTimerZeroPoint5s                           bssBANK0     006B
reset_vec                                         reset_vec    0000
saved_w                                           (abs)        007E
setAD_ConvertFlag@flag                            cstackBANK0  0020
start                                             init         0011
startThreeHoursTimer@uiSetTime                    cstackBANK0  0020
startTwelveHourTimer@uiSetTime                    cstackBANK0  0020
start_initialization                              cinit        05B9
vPutSampleDataIntoTable@channel                   cstackCOMMON 0076
vPutSampleDataIntoTable@i                         cstackCOMMON 0077
vPutSampleDataIntoTable@ucChannelFirstLength      bssCOMMON    007D
vPutSampleDataIntoTable@ucChannelFourteenthLength bssBANK0     006C
vPutSampleDataIntoTable@ucChannelFourthLength     bssBANK0     006D
vPutSampleDataIntoTable@uiSampleData              cstackCOMMON 0074
wtemp0                                            (abs)        007E
