HI-TECH Software C Compiler 

Linker command line:

--edf=C:\Program Files (x86)\HI-TECH Software\PICC\9.83\dat\en_msgs.txt -cs \
  -h+ProjTest.sym -z -Q16C77 -ol.obj -MProjTest.map -E1 -ACONST=00h-0FFhx16 \
  -ACODE=00h-07FFhx2 -ASTRCODE=00h-0FFFh -AENTRY=00h-0FFhx16 \
  -ASTRING=00h-0FFhx16 -ABANK0=020h-06Fh -ABANK1=0A0h-0EFh \
  -ABANK2=0110h-016Fh -ABANK3=0190h-01EFh \
  -ARAM=020h-06Fh,0A0h-0EFh,0110h-016Fh,0190h-01EFh \
  -AABS1=020h-07Fh,0A0h-0EFh,0110h-016Fh,0190h-01EFh -ACOMMON=070h-07Fh \
  -ASFR0=00h-01Fh -ASFR1=080h-09Fh -ASFR2=0100h-010Fh -ASFR3=0180h-018Fh \
  -preset_vec=00h,intentry=04h,init,end_init -ppowerup=CODE -pfunctab=CODE \
  -ACONFIG=02000h-02007h -pconfig=CONFIG -DCONFIG=2 -AIDLOC=02008h-0200Bh \
  -pidloc=IDLOC -DIDLOC=2 -DCODE=2 -DSTRCODE=2 -DSTRING=2 -DCONST=2 \
  -DENTRY=2 -k startup.obj ProjTest.obj 

Object code version is 3.10

Machine type is 16C77



                Name                               Link     Load   Length Selector   Space Scale
startup.obj     end_init                              B        B        2        8       0
                reset_vec                             0        0        2        0       0
ProjTest.obj    intentry                              4        4        7        8       0
                config                             2000     2000        3     4000       0
                text512                             17D      17D       52        8       0
                text511                             230      230        8      3CA       0
                text510                             215      215        A      3CA       0
                text509                             266      266        3      3CA       0
                text508                             1E5      1E5       14      3CA       0
                text507                             25B      25B        5      3CA       0
                text506                             209      209        C      3CA       0
                text505                             21F      21F        9      3CA       0
                text503                             256      256        5      3CA       0
                text502                             269      269        2      3CA       0
                text501                             263      263        3      3CA       0
                text500                             260      260        3      3CA       0
                text499                             251      251        5      3CA       0
                text498                             24C      24C        5      3CA       0
                text497                             247      247        5      3CA       0
                text496                             242      242        5      3CA       0
                text495                             23D      23D        5      3CA       0
                text494                             238      238        5      3CA       0
                text488                              F2       F2       8B        8       0
                swtext1                             1CF      1CF       16      39E       0
                maintext                              D        D       E5        8       0
                cstackBANK0                          41       41        5       20       1
                cstackCOMMON                         70       70        6       70       1
                clrtext                             228      228        8      3CA       0
                dataBANK0                            46       46        1       20       1
                bssBANK0                             20       20       21       20       1
                bssCOMMON                            76       76        5       70       1
                cinit                               1F9      1F9       10      3CA       0

TOTAL           Name                               Link     Load   Length     Space
        CLASS   CONST          
                swtext1                             1CF      1CF       16         0

        CLASS   CODE           
                end_init                              B        B        2         0
                intentry                              4        4        7         0
                reset_vec                             0        0        2         0
                text512                             17D      17D       52         0
                text511                             230      230        8         0
                text510                             215      215        A         0
                text509                             266      266        3         0
                text508                             1E5      1E5       14         0
                text507                             25B      25B        5         0
                text506                             209      209        C         0
                text505                             21F      21F        9         0
                text503                             256      256        5         0
                text502                             269      269        2         0
                text501                             263      263        3         0
                text500                             260      260        3         0
                text499                             251      251        5         0
                text498                             24C      24C        5         0
                text497                             247      247        5         0
                text496                             242      242        5         0
                text495                             23D      23D        5         0
                text494                             238      238        5         0
                text488                              F2       F2       8B         0
                maintext                              D        D       E5         0
                clrtext                             228      228        8         0
                cinit                               1F9      1F9       10         0

        CLASS   STRCODE        

        CLASS   ENTRY          

        CLASS   STRING         

        CLASS   BANK0          
                cstackBANK0                          41       41        5         1
                dataBANK0                            46       46        1         1
                bssBANK0                             20       20       21         1

        CLASS   BANK1          

        CLASS   BANK2          

        CLASS   BANK3          

        CLASS   RAM            

        CLASS   ABS1           
                abs_s1                               7E       7E        2         1

        CLASS   COMMON         
                cstackCOMMON                         70       70        6         1
                bssCOMMON                            76       76        5         1

        CLASS   SFR0           

        CLASS   SFR1           

        CLASS   SFR2           

        CLASS   SFR3           

        CLASS   CONFIG         
                config                             2000     2000        3         0

        CLASS   IDLOC          

        CLASS   EEDATA         



SEGMENTS        Name                           Load    Length   Top    Selector   Space  Class     Delta

                reset_vec                      000000  000002  000002         0       0  CODE        2
                intentry                       000004  0001CB  0001CF         8       0  CODE        2
                bssBANK0                       000020  000027  000047        20       1  BANK0       1
                cstackCOMMON                   000070  00000B  00007B        70       1  COMMON      1
                swtext1                        0001CF  000016  0001E5       39E       0  CONST       2
                text508                        0001E5  000086  00026B       3CA       0  CODE        2
                config                         002000  000003  002003      4000       0  CONFIG      2


UNUSED ADDRESS RANGES

        Name                Unused          Largest block    Delta
        BANK0            0047-006F             29           1
        BANK1            00A0-00EF             50           1
        BANK2            0110-016F             60           1
        BANK3            0190-01EF             60           1
        CODE             0002-0003              2           2
                         026B-0FFF            595
        COMMON           007B-007D              3           1
        CONFIG           2003-2007              5           2
        CONST            0002-0003              2           2
                         026B-0FFF            100
        ENTRY            0002-0003              2           2
                         026B-0FFF            100
        IDLOC            2008-200B              4           2
        RAM              0047-006F             29           1
                         00A0-00EF             50
                         0110-016F             60
                         0190-01EF             60
        SFR0             0000-001F             20           1
        SFR1             0080-009F             20           1
        SFR2             0100-010F             10           1
        SFR3             0180-018F             10           1
        STRCODE          0002-0003              2           2
                         026B-0FFF            D95
        STRING           0002-0003              2           2
                         026B-0FFF            100

                                  Symbol Table

??_AD_Sample                         cstackBANK0  0043
??_ISR                               cstackCOMMON 0074
??_adc_get                           cstackCOMMON 0072
??_adc_start                         cstackBANK0  0041
??_adc_test_init                     cstackBANK0  0042
??_clearBigTimer                     cstackBANK0  0041
??_clearSmallTimer                   cstackBANK0  0041
??_clock_config                      cstackBANK0  0041
??_clrSampeTime                      cstackBANK0  0041
??_dac_init                          cstackBANK0  0041
??_getAD_ConvertFlag                 cstackBANK0  0041
??_getAdOriginalCh12Value            cstackBANK0  0043
??_getAdOriginalCh13Value            cstackBANK0  0043
??_getAdOriginalValue                cstackBANK0  0043
??_isFinishedBigTimer                cstackBANK0  0041
??_isFinishedSmallTimer              cstackBANK0  0041
??_isPermitSampleTime                cstackBANK0  0041
??_main                              cstackBANK0  0046
??_op1_init                          cstackBANK0  0041
??_op2_init                          cstackBANK0  0041
??_process_AD_Converter_Value        cstackBANK0  0046
??_setAD_ConvertFlag                 cstackBANK0  0041
??_setAdcSampleChannel               cstackBANK0  0041
??_startBigTimer                     cstackBANK0  0041
??_startSmallTimer                   cstackBANK0  0041
??_timer1_config                     cstackBANK0  0041
??_timer1_interrupt_config           cstackBANK0  0041
??i1_setAD_ConvertFlag               cstackCOMMON 0070
?_AD_Sample                          cstackCOMMON 0070
?_ISR                                cstackCOMMON 0070
?_adc_get                            cstackCOMMON 0070
?_adc_start                          cstackCOMMON 0070
?_adc_test_init                      cstackBANK0  0041
?_clearBigTimer                      cstackCOMMON 0070
?_clearSmallTimer                    cstackCOMMON 0070
?_clock_config                       cstackCOMMON 0070
?_clrSampeTime                       cstackCOMMON 0070
?_dac_init                           cstackCOMMON 0070
?_getAD_ConvertFlag                  cstackCOMMON 0070
?_getAdOriginalCh12Value             cstackBANK0  0041
?_getAdOriginalCh13Value             cstackBANK0  0041
?_getAdOriginalValue                 cstackBANK0  0041
?_isFinishedBigTimer                 cstackCOMMON 0070
?_isFinishedSmallTimer               cstackCOMMON 0070
?_isPermitSampleTime                 cstackCOMMON 0070
?_main                               cstackCOMMON 0070
?_op1_init                           cstackCOMMON 0070
?_op2_init                           cstackCOMMON 0070
?_process_AD_Converter_Value         cstackCOMMON 0070
?_setAD_ConvertFlag                  cstackCOMMON 0070
?_setAdcSampleChannel                cstackCOMMON 0070
?_startBigTimer                      cstackCOMMON 0070
?_startSmallTimer                    cstackCOMMON 0070
?_timer1_config                      cstackCOMMON 0070
?_timer1_interrupt_config            cstackCOMMON 0070
?i1_setAD_ConvertFlag                cstackCOMMON 0070
AD_Sample@index                      cstackBANK0  0045
ISR@ucTimer1sCnt                     bssCOMMON    0078
_ADCON0                              (abs)        001F
_ADCON1                              (abs)        009F
_ADIE                                (abs)        046A
_ADIF                                (abs)        006A
_ADON                                (abs)        00F8
_ADRESH                              (abs)        001E
_ADRESL                              (abs)        009E
_AD_Sample                           text488      0106
_CLKPCE                              (abs)        0847
_CLKPR                               (abs)        0108
_DACCON                              (abs)        0087
_DACR0                               (abs)        0088
_GIE                                 (abs)        005F
_GO                                  (abs)        00F9
_ISR                                 text512      017D
_OP1CON0                             (abs)        001B
_OP1CON1                             (abs)        001C
_OP1CON2                             (abs)        001D
_OP2CON0                             (abs)        009B
_OP2CON1                             (abs)        009C
_OP2CON2                             (abs)        009D
_PA0                                 (abs)        0028
_PA1                                 (abs)        0029
_PA2                                 (abs)        002A
_PA3                                 (abs)        002B
_PB2                                 (abs)        0032
_PEIE                                (abs)        005E
_T1CON                               (abs)        0010
_TMR1H                               (abs)        000F
_TMR1IE                              (abs)        0460
_TMR1IF                              (abs)        0060
_TMR1L                               (abs)        000E
_TRISA0                              (abs)        0428
_TRISA1                              (abs)        0429
_TRISA2                              (abs)        042A
_TRISA3                              (abs)        042B
_TRISA6                              (abs)        042E
_TRISA7                              (abs)        042F
_TRISB0                              (abs)        0430
_TRISB1                              (abs)        0431
_TRISB2                              (abs)        0432
_TRISB3                              (abs)        0433
_TRISB4                              (abs)        0434
_TRISB5                              (abs)        0435
_TRISB6                              (abs)        0436
_TRISB7                              (abs)        0437
__Habs1                              abs1         0000
__Hbank0                             bank0        0000
__Hbank1                             bank1        0000
__Hbank2                             bank2        0000
__Hbank3                             bank3        0000
__HbssBANK0                          bssBANK0     0000
__HbssCOMMON                         bssCOMMON    0000
__Hcinit                             cinit        0000
__Hclrtext                           clrtext      0000
__Hcode                              code         0000
__Hcommon                            common       0000
__Hconfig                            config       2003
__HcstackBANK0                       cstackBANK0  0000
__HcstackCOMMON                      cstackCOMMON 0000
__HdataBANK0                         dataBANK0    0000
__Heeprom_data                       eeprom_data  0000
__Hend_init                          end_init     000D
__Hfunctab                           functab      0000
__HidataBANK0                        idataBANK0   0000
__Hidloc                             idloc        0000
__Hinit                              init         000B
__Hintentry                          intentry     000B
__Hmaintext                          maintext     0000
__Hpa_nodes                          pa_nodes     0000
__Hpowerup                           powerup      0000
__Hram                               ram          0000
__Hreset_vec                         reset_vec    0002
__Hsfr0                              sfr0         0000
__Hsfr1                              sfr1         0000
__Hsfr2                              sfr2         0000
__Hsfr3                              sfr3         0000
__Hstrings                           strings      0000
__Htext                              text         0000
__Labs1                              abs1         0000
__Lbank0                             bank0        0000
__Lbank1                             bank1        0000
__Lbank2                             bank2        0000
__Lbank3                             bank3        0000
__LbssBANK0                          bssBANK0     0000
__LbssCOMMON                         bssCOMMON    0000
__Lcinit                             cinit        0000
__Lclrtext                           clrtext      0000
__Lcode                              code         0000
__Lcommon                            common       0000
__Lconfig                            config       2000
__LcstackBANK0                       cstackBANK0  0000
__LcstackCOMMON                      cstackCOMMON 0000
__LdataBANK0                         dataBANK0    0000
__Leeprom_data                       eeprom_data  0000
__Lend_init                          end_init     000B
__Lfunctab                           functab      0000
__LidataBANK0                        idataBANK0   0000
__Lidloc                             idloc        0000
__Linit                              init         000B
__Lintentry                          intentry     0004
__Lmaintext                          maintext     0000
__Lpa_nodes                          pa_nodes     0000
__Lpowerup                           powerup      0000
__Lram                               ram          0000
__Lreset_vec                         reset_vec    0000
__Lsfr0                              sfr0         0000
__Lsfr1                              sfr1         0000
__Lsfr2                              sfr2         0000
__Lsfr3                              sfr3         0000
__Lstrings                           strings      0000
__Ltext                              text         0000
__S0                                 (abs)        2003
__S1                                 (abs)        007B
__end_of_AD_Sample                   text488      0163
__end_of_ISR                         text512      01C1
__end_of_adc_get                     text512      01CC
__end_of_adc_start                   text488      016B
__end_of_adc_test_init               text508      01F9
__end_of_clearBigTimer               text501      0266
__end_of_clearSmallTimer             text500      0263
__end_of_clock_config                text511      0238
__end_of_clrSampeTime                text502      026B
__end_of_dac_init                    text507      0260
__end_of_getAD_ConvertFlag           text488      0101
__end_of_getAdOriginalCh12Value      text499      0256
__end_of_getAdOriginalCh13Value      text498      0251
__end_of_getAdOriginalValue          text488      0168
__end_of_isFinishedBigTimer          text495      0242
__end_of_isFinishedSmallTimer        text494      023D
__end_of_isPermitSampleTime          text503      025B
__end_of_main                        maintext     00F2
__end_of_op1_init                    text506      0215
__end_of_op2_init                    text505      0228
__end_of_process_AD_Converter_Value  text488      00FF
__end_of_setAD_ConvertFlag           text488      0106
__end_of_setAdcSampleChannel         text488      0173
__end_of_startBigTimer               text497      024C
__end_of_startSmallTimer             text496      0247
__end_of_timer1_config               text510      021F
__end_of_timer1_interrupt_config     text509      0269
__end_ofi1_setAD_ConvertFlag         text512      01CF
__pbssBANK0                          bssBANK0     0020
__pbssCOMMON                         bssCOMMON    0076
__pcstackBANK0                       cstackBANK0  0041
__pcstackCOMMON                      cstackCOMMON 0070
__pdataBANK0                         dataBANK0    0046
__pidataBANK0                        idataBANK0   0000
__pintentry                          intentry     0004
__pmaintext                          maintext     000D
__pswtext1                           swtext1      01CF
__ptext488                           text488      00F2
__ptext489                           text488      0106
__ptext490                           text488      016B
__ptext491                           text488      0163
__ptext492                           text488      0101
__ptext493                           text488      00FF
__ptext494                           text494      0238
__ptext495                           text495      023D
__ptext496                           text496      0242
__ptext497                           text497      0247
__ptext498                           text498      024C
__ptext499                           text499      0251
__ptext500                           text500      0260
__ptext501                           text501      0263
__ptext502                           text502      0269
__ptext503                           text503      0256
__ptext504                           text488      0168
__ptext505                           text505      021F
__ptext506                           text506      0209
__ptext507                           text507      025B
__ptext508                           text508      01E5
__ptext509                           text509      0266
__ptext510                           text510      0215
__ptext511                           text511      0230
__ptext512                           text512      017D
__ptext513                           text512      01CC
__ptext514                           text512      01C1
__ptext515                           text515      0000
__size_of_AD_Sample                  (abs)        0000
__size_of_ISR                        (abs)        0000
__size_of_adc_get                    (abs)        0000
__size_of_adc_start                  (abs)        0000
__size_of_adc_test_init              (abs)        0000
__size_of_clearBigTimer              (abs)        0000
__size_of_clearSmallTimer            (abs)        0000
__size_of_clock_config               (abs)        0000
__size_of_clrSampeTime               (abs)        0000
__size_of_dac_init                   (abs)        0000
__size_of_getAD_ConvertFlag          (abs)        0000
__size_of_getAdOriginalCh12Value     (abs)        0000
__size_of_getAdOriginalCh13Value     (abs)        0000
__size_of_getAdOriginalValue         (abs)        0000
__size_of_isFinishedBigTimer         (abs)        0000
__size_of_isFinishedSmallTimer       (abs)        0000
__size_of_isPermitSampleTime         (abs)        0000
__size_of_main                       (abs)        0000
__size_of_op1_init                   (abs)        0000
__size_of_op2_init                   (abs)        0000
__size_of_process_AD_Converter_Value (abs)        0000
__size_of_setAD_ConvertFlag          (abs)        0000
__size_of_setAdcSampleChannel        (abs)        0000
__size_of_startBigTimer              (abs)        0000
__size_of_startSmallTimer            (abs)        0000
__size_of_timer1_config              (abs)        0000
__size_of_timer1_interrupt_config    (abs)        0000
__size_ofi1_setAD_ConvertFlag        (abs)        0000
_adc_convert_flag                    bssCOMMON    0079
_adc_get                             text512      01C1
_adc_original_CH12_value             bssBANK0     002C
_adc_original_CH13_value             bssBANK0     002E
_adc_original_value                  bssBANK0     0030
_adc_start                           text488      0168
_adc_test_init                       text508      01E5
_buffer_Sample_AD_Value              bssBANK0     0020
_clearBigTimer                       text501      0263
_clearSmallTimer                     text500      0260
_clock_config                        text511      0230
_clrSampeTime                        text502      0269
_dac_init                            text507      025B
_exit                                init         000B
_getAD_ConvertFlag                   text488      00FF
_getAdOriginalCh12Value              text499      0251
_getAdOriginalCh13Value              text498      024C
_getAdOriginalValue                  text488      0163
_isFinishedBigTimer                  text495      023D
_isFinishedSmallTimer                text494      0238
_isPermitSampleTime                  text503      0256
_main                                maintext     000D
_multiFilterMaxValue                 bssBANK0     0032
_multiFilterMinValue                 bssBANK0     0034
_op1_init                            text506      0209
_op2_init                            text505      021F
_process_AD_Converter_Value          text488      00F2
_sampleChannelSelect                 dataBANK0    0046
_sampleTimes                         bssBANK0     0038
_setAD_ConvertFlag                   text488      0101
_setAdcSampleChannel                 text488      016B
_startBigTimer                       text497      0247
_startSmallTimer                     text496      0242
_timer                               bssCOMMON    007A
_timer1_config                       text510      0215
_timer1_interrupt_config             text509      0266
_uiBigTimer                          bssCOMMON    0076
_uiSmallTimer                        bssBANK0     0036
adc_get@val                          cstackCOMMON 0072
adc_test_init@channel                cstackBANK0  0043
adc_test_init@ref                    cstackBANK0  0041
btemp                                (abs)        007E
clear_ram                            clrtext      0228
end_of_initialization                cinit        0206
i1_setAD_ConvertFlag                 text512      01CC
i1l1422                                               
i1l2148                                               
i1l3015                                               
i1l3019                                               
i1l3021                                               
i1l3025                                               
i1l3035                                               
i1l3037                                               
i1l3039                                               
i1l3041                                               
i1l3045                                               
i1l3049                                               
i1setAD_ConvertFlag@flag             cstackCOMMON 0070
interrupt_function                   intentry     0004
intlevel0                            functab      0000
intlevel1                            functab      0000
intlevel2                            functab      0000
intlevel3                            functab      0000
intlevel4                            functab      0000
intlevel5                            functab      0000
l1410                                                 
l1413                                                 
l1416                                                 
l1419                                                 
l1422                                                 
l1425                                                 
l1428                                                 
l1431                                                 
l1461                                                 
l1464                                                 
l1467                                                 
l1470                                                 
l1488                                                 
l2125                                                 
l2128                                                 
l2131                                                 
l2139                                                 
l2142                                                 
l2145                                                 
l2905                                                 
l2907                                                 
l2909                                                 
l2911                                                 
l2913                                                 
l2915                                                 
l2917                                                 
l2919                                                 
l2921                                                 
l2923                                                 
l2925                                                 
l2927                                                 
l2929                                                 
l2931                                                 
l2933                                                 
l2935                                                 
l2937                                                 
l2939                                                 
l2941                                                 
l2943                                                 
l2945                                                 
l2949                                                 
l2961                                                 
l2963                                                 
l2965                                                 
l2967                                                 
l2971                                                 
l2975                                                 
l2977                                                 
l2979                                                 
l2991                                                 
l3003                                                 
l3007                                                 
l3009                                                 
l3013                                                 
l3051                                                 
l3055                                                 
l3067                                                 
l3071                                                 
l3089                                                 
l3091                                                 
l3093                                                 
l3097                                                 
l3099                                                 
l3101                                                 
l3103                                                 
l3105                                                 
l3107                                                 
l3109                                                 
l3111                                                 
l3113                                                 
l3115                                                 
l3117                                                 
l3121                                                 
l3125                                                 
l3129                                                 
l3131                                                 
l3133                                                 
l3169                                                 
l3171                                                 
l3175                                                 
l3181                                                 
l3187                                                 
l3189                                                 
l3205                                                 
main@ampStep                         bssBANK0     0039
main@tDA_timer                       bssBANK0     003A
main@ucBigTimerActionFlag            bssBANK0     003B
main@ucCheckBatteryCnt               bssBANK0     003C
main@ucConfirmTimer1S                bssBANK0     003D
main@ucConfirmTimerZptS              bssBANK0     003E
main@ucInit                          bssBANK0     003F
main@ucInstalledBatteryCnt           bssBANK0     0040
reset_vec                            reset_vec    0000
saved_w                              (abs)        007E
setAD_ConvertFlag@flag               cstackBANK0  0041
setAdcSampleChannel@ucChannel        cstackBANK0  0042
start                                init         000B
start_initialization                 cinit        01F9
wtemp0                               (abs)        007E
