HI-TECH Software C Compiler 

Linker command line:

--edf=C:\Program Files (x86)\HI-TECH Software\PICC\9.83\dat\en_msgs.txt -cs \
  -h+ProjTest.sym -z -Q16C77 -ol.obj -MProjTest.map -E1 -ACONST=00h-0FFhx16 \
  -ACODE=00h-07FFhx2 -ASTRCODE=00h-0FFFh -AENTRY=00h-0FFhx16 \
  -ASTRING=00h-0FFhx16 -ABANK0=020h-06Fh -ABANK1=0A0h-0EFh \
  -ABANK2=0110h-016Fh -ABANK3=0190h-01EFh \
  -ARAM=020h-06Fh,0A0h-0EFh,0110h-016Fh,0190h-01EFh \
  -AABS1=020h-07Fh,0A0h-0EFh,0110h-016Fh,0190h-01EFh -ACOMMON=070h-07Fh \
  -ASFR0=00h-01Fh -ASFR1=080h-09Fh -ASFR2=0100h-010Fh -ASFR3=0180h-018Fh \
  -preset_vec=00h,intentry=04h,init,end_init -ppowerup=CODE -pfunctab=CODE \
  -ACONFIG=02000h-02007h -pconfig=CONFIG -DCONFIG=2 -AIDLOC=02008h-0200Bh \
  -pidloc=IDLOC -DIDLOC=2 -DCODE=2 -DSTRCODE=2 -DSTRING=2 -DCONST=2 \
  -DENTRY=2 -k startup.obj ProjTest.obj 

Object code version is 3.10

Machine type is 16C77



                Name                               Link     Load   Length Selector   Space Scale
startup.obj     end_init                             11       11        2        8       0
                reset_vec                             0        0        2        0       0
ProjTest.obj    intentry                              4        4        D        8       0
                config                             2000     2000        3     4000       0
                text1055                            F0F      F0F       F1     1E1E       0
                text1050                            75F      75F       27        8       0
                text1044                            ECE      ECE        9     1D9C       0
                text1040                            EBE      EBE        8     1D7C       0
                text1038                            EC6      EC6        8     1D8C       0
                text1037                            ED7      ED7        A     1DAE       0
                text1036                            EB5      EB5        3     1D6A       0
                text1033                            7C5      7C5       14        8       0
                text1032                            EB8      EB8        6     1D70       0
                text1031                              2        2        2        0       0
                text1030                            EEB      EEB        C     1DD6       0
                text1029                            7B1      7B1       14        8       0
                text1028                            EF7      EF7        C     1DEE       0
                text1027                            7D9      7D9       11        8       0
                text1026                            EE1      EE1        A     1DC2       0
                text1025                            79D      79D       14        8       0
                text1024                            F03      F03        C     1E06       0
                text1016                            471      471      2A0        8       0
                text1010                            711      711       4E        8       0
                swtext3                             80E      80E        C     1000       0
                swtext2                             800      800        E     1000       0
                swtext1                             7EA      7EA        E      FD4       0
                maintext                             13       13      45E        8       0
                cstackBANK0                          20       20       2A       20       1
                cstackCOMMON                         70       70        D       70       1
                clrtext                             7F8      7F8        8      FF0       0
                bssBANK3                            190      190       48      190       1
                bssBANK1                             A0       A0       3C       A0       1
                bssBANK0                             4A       4A       25       20       1
                bssCOMMON                            7D       7D        1       70       1
                cinit                               786      786       17        8       0

TOTAL           Name                               Link     Load   Length     Space
        CLASS   CONST          
                swtext3                             80E      80E        C         0
                swtext2                             800      800        E         0
                swtext1                             7EA      7EA        E         0

        CLASS   CODE           
                end_init                             11       11        2         0
                intentry                              4        4        D         0
                reset_vec                             0        0        2         0
                text1055                            F0F      F0F       F1         0
                text1050                            75F      75F       27         0
                text1044                            ECE      ECE        9         0
                text1040                            EBE      EBE        8         0
                text1038                            EC6      EC6        8         0
                text1037                            ED7      ED7        A         0
                text1036                            EB5      EB5        3         0
                text1033                            7C5      7C5       14         0
                text1032                            EB8      EB8        6         0
                text1031                              2        2        2         0
                text1030                            EEB      EEB        C         0
                text1029                            7B1      7B1       14         0
                text1028                            EF7      EF7        C         0
                text1027                            7D9      7D9       11         0
                text1026                            EE1      EE1        A         0
                text1025                            79D      79D       14         0
                text1024                            F03      F03        C         0
                text1016                            471      471      2A0         0
                text1010                            711      711       4E         0
                maintext                             13       13      45E         0
                clrtext                             7F8      7F8        8         0
                cinit                               786      786       17         0

        CLASS   STRCODE        

        CLASS   ENTRY          

        CLASS   STRING         

        CLASS   BANK0          
                cstackBANK0                          20       20       2A         1
                bssBANK0                             4A       4A       25         1

        CLASS   BANK1          
                bssBANK1                             A0       A0       3C         1

        CLASS   BANK2          

        CLASS   BANK3          
                bssBANK3                            190      190       48         1

        CLASS   RAM            

        CLASS   ABS1           
                abs_s1                               7E       7E        2         1

        CLASS   COMMON         
                cstackCOMMON                         70       70        D         1
                bssCOMMON                            7D       7D        1         1

        CLASS   SFR0           

        CLASS   SFR1           

        CLASS   SFR2           

        CLASS   SFR3           

        CLASS   CONFIG         
                config                             2000     2000        3         0

        CLASS   IDLOC          

        CLASS   EEDATA         



SEGMENTS        Name                           Load    Length   Top    Selector   Space  Class     Delta

                reset_vec                      000000  000004  000004         0       0  CODE        2
                intentry                       000004  0007E6  0007EA         8       0  CODE        2
                cstackBANK0                    000020  00004F  00006F        20       1  BANK0       1
                cstackCOMMON                   000070  00000E  00007E        70       1  COMMON      1
                bssBANK1                       0000A0  00003C  0000DC        A0       1  BANK1       1
                bssBANK3                       000190  000048  0001D8       190       1  BANK3       1
                swtext1                        0007EA  00000E  0007F8       FD4       0  CONST       2
                clrtext                        0007F8  000008  000800       FF0       0  CODE        2
                swtext2                        000800  00001A  00081A      1000       0  CONST       2
                text1036                       000EB5  000003  000EB8      1D6A       0  CODE        2
                text1032                       000EB8  000006  000EBE      1D70       0  CODE        2
                text1040                       000EBE  000008  000EC6      1D7C       0  CODE        2
                text1038                       000EC6  000008  000ECE      1D8C       0  CODE        2
                text1044                       000ECE  000009  000ED7      1D9C       0  CODE        2
                text1037                       000ED7  00000A  000EE1      1DAE       0  CODE        2
                text1026                       000EE1  00000A  000EEB      1DC2       0  CODE        2
                text1030                       000EEB  00000C  000EF7      1DD6       0  CODE        2
                text1028                       000EF7  00000C  000F03      1DEE       0  CODE        2
                text1024                       000F03  00000C  000F0F      1E06       0  CODE        2
                text1055                       000F0F  0000F1  001000      1E1E       0  CODE        2
                config                         002000  000003  002003      4000       0  CONFIG      2


UNUSED ADDRESS RANGES

        Name                Unused          Largest block    Delta
        BANK0            006F-006F              1           1
        BANK1            00DC-00EF             14           1
        BANK2            0110-016F             60           1
        BANK3            01D8-01EF             18           1
        CODE             081A-0EB4            69B           2
        CONFIG           2003-2007              5           2
        CONST            081A-0EB4            100           2
        ENTRY            081A-0EB4            100           2
        IDLOC            2008-200B              4           2
        RAM              006F-006F              1           1
                         00DC-00EF             14
                         0110-016F             60
                         01D8-01EF             18
        SFR0             0000-001F             20           1
        SFR1             0080-009F             20           1
        SFR2             0100-010F             10           1
        SFR3             0180-018F             10           1
        STRCODE          081A-0EB4            69B           2
        STRING           081A-0EB4            100           2

                                  Symbol Table

??_AD_Sample                                  cstackBANK0  0023
??_Filter                                     cstackBANK0  0022
??_ISR                                        cstackCOMMON 0079
??_adc_get                                    cstackCOMMON 0072
??_adc_start                                  cstackBANK0  0020
??_adc_test_init                              cstackBANK0  0021
??_clearAllTimer                              cstackBANK0  0020
??_clearParaFunction1                         cstackBANK0  0021
??_clearPinPortAndTimer                       cstackBANK0  0020
??_clearThreeHoursTimer                       cstackBANK0  0020
??_clearTwelveHoursTimer                      cstackBANK0  0020
??_clearTwentyMinuteTimer                     cstackBANK0  0020
??_clearTwentySecondsTimer                    cstackBANK0  0020
??_clock_config                               cstackBANK0  0020
??_clrSampeTime                               cstackBANK0  0020
??_getAD_ConvertFlag                          cstackBANK0  0020
??_getAdOriginalCh0Value                      cstackBANK0  0048
??_getAdOriginalCh2Value                      cstackBANK0  0048
??_getAdOriginalCh5Value                      cstackBANK0  0048
??_getAdOriginalCh6Value                      cstackBANK0  0048
??_initPin                                    cstackBANK0  0020
??_isFinishedThreeHoursTimer                  cstackBANK0  0020
??_isFinishedTwelveHoursTimer                 cstackBANK0  0020
??_isFinishedTwentyMinuteTimer                cstackBANK0  0020
??_isFinishedTwentySecondsTimer               cstackBANK0  0020
??_isPermitSampleTime                         cstackBANK0  0020
??_main                                       cstackBANK0  0048
??_process_AD_Converter_Value                 cstackBANK0  0023
??_setAD_ConvertFlag                          cstackBANK0  0020
??_setPA0                                     cstackBANK0  0020
??_setPA1                                     cstackBANK0  0020
??_setPA2                                     cstackBANK0  0020
??_setPA3                                     cstackBANK0  0020
??_setPA6                                     cstackBANK0  0020
??_setPB0                                     cstackBANK0  0020
??_setPB1                                     cstackBANK0  0020
??_setPB2                                     cstackBANK0  0020
??_setPB4                                     cstackBANK0  0020
??_setPB6                                     cstackBANK0  0020
??_setPB6AsInput                              cstackBANK0  0020
??_startThreeHoursTimer                       cstackBANK0  0022
??_startTwelveHourTimer                       cstackBANK0  0022
??_startTwentyMinuteTimer                     cstackBANK0  0022
??_startTwentySecondsTimer                    cstackBANK0  0020
??_timer1_config                              cstackBANK0  0020
??_timer1_interrupt_config                    cstackBANK0  0020
??_vHandle20sTimerOut                         cstackBANK0  0021
??_vHandle20sTimeron                          cstackBANK0  0048
??_vPause20sTimer                             cstackBANK0  0020
??_vPutSampleDataIntoTable                    cstackCOMMON 0077
??i1_setAD_ConvertFlag                        cstackCOMMON 0070
?_AD_Sample                                   cstackCOMMON 0070
?_Filter                                      cstackBANK0  0020
?_ISR                                         cstackCOMMON 0070
?_adc_get                                     cstackCOMMON 0070
?_adc_start                                   cstackCOMMON 0070
?_adc_test_init                               cstackBANK0  0020
?_clearAllTimer                               cstackCOMMON 0070
?_clearParaFunction1                          cstackCOMMON 0070
?_clearPinPortAndTimer                        cstackCOMMON 0070
?_clearThreeHoursTimer                        cstackCOMMON 0070
?_clearTwelveHoursTimer                       cstackCOMMON 0070
?_clearTwentyMinuteTimer                      cstackCOMMON 0070
?_clearTwentySecondsTimer                     cstackCOMMON 0070
?_clock_config                                cstackCOMMON 0070
?_clrSampeTime                                cstackCOMMON 0070
?_getAD_ConvertFlag                           cstackCOMMON 0070
?_getAdOriginalCh0Value                       cstackBANK0  0046
?_getAdOriginalCh2Value                       cstackBANK0  0046
?_getAdOriginalCh5Value                       cstackBANK0  0046
?_getAdOriginalCh6Value                       cstackBANK0  0046
?_initPin                                     cstackCOMMON 0070
?_isFinishedThreeHoursTimer                   cstackCOMMON 0070
?_isFinishedTwelveHoursTimer                  cstackCOMMON 0070
?_isFinishedTwentyMinuteTimer                 cstackCOMMON 0070
?_isFinishedTwentySecondsTimer                cstackCOMMON 0070
?_isPermitSampleTime                          cstackCOMMON 0070
?_main                                        cstackCOMMON 0070
?_process_AD_Converter_Value                  cstackCOMMON 0070
?_setAD_ConvertFlag                           cstackCOMMON 0070
?_setPA0                                      cstackCOMMON 0070
?_setPA1                                      cstackCOMMON 0070
?_setPA2                                      cstackCOMMON 0070
?_setPA3                                      cstackCOMMON 0070
?_setPA6                                      cstackCOMMON 0070
?_setPB0                                      cstackCOMMON 0070
?_setPB1                                      cstackCOMMON 0070
?_setPB2                                      cstackCOMMON 0070
?_setPB4                                      cstackCOMMON 0070
?_setPB6                                      cstackCOMMON 0070
?_setPB6AsInput                               cstackCOMMON 0070
?_startThreeHoursTimer                        cstackBANK0  0020
?_startTwelveHourTimer                        cstackBANK0  0020
?_startTwentyMinuteTimer                      cstackBANK0  0020
?_startTwentySecondsTimer                     cstackCOMMON 0070
?_timer1_config                               cstackCOMMON 0070
?_timer1_interrupt_config                     cstackCOMMON 0070
?_vHandle20sTimerOut                          cstackCOMMON 0070
?_vHandle20sTimeron                           cstackCOMMON 0070
?_vPause20sTimer                              cstackCOMMON 0070
?_vPutSampleDataIntoTable                     cstackCOMMON 0074
?i1_setAD_ConvertFlag                         cstackCOMMON 0070
Filter@cir                                    cstackBANK0  0042
Filter@filter_buf                             cstackBANK0  0026
Filter@filter_sum                             cstackBANK0  0040
Filter@filter_temp                            cstackBANK0  003E
Filter@i                                      cstackBANK0  0045
Filter@j                                      cstackBANK0  0044
Filter@tmpValue                               cstackBANK0  0020
ISR@ucTimer1sCnt                              bssBANK1     00AC
_ADCON0                                       (abs)        001F
_ADCON1                                       (abs)        009F
_ADIE                                         (abs)        046A
_ADIF                                         (abs)        006A
_ADON                                         (abs)        00F8
_ADRESH                                       (abs)        001E
_ADRESL                                       (abs)        009E
_AD_Sample                                    text1010     0728
_CLKPCE                                       (abs)        0847
_CLKPR                                        (abs)        0108
_Filter                                       text1016     0652
_GIE                                          (abs)        005F
_GO                                           (abs)        00F9
_ISR                                          text1055     0F0F
_PA0                                          (abs)        0028
_PA1                                          (abs)        0029
_PA2                                          (abs)        002A
_PA3                                          (abs)        002B
_PA6                                          (abs)        002E
_PB0                                          (abs)        0030
_PB1                                          (abs)        0031
_PB2                                          (abs)        0032
_PB4                                          (abs)        0034
_PB6                                          (abs)        0036
_PB7                                          (abs)        0037
_PBOD7                                        (abs)        0C47
_PEIE                                         (abs)        005E
_T1CON                                        (abs)        0010
_TMR1H                                        (abs)        000F
_TMR1IE                                       (abs)        0460
_TMR1IF                                       (abs)        0060
_TMR1L                                        (abs)        000E
_TRISA0                                       (abs)        0428
_TRISA1                                       (abs)        0429
_TRISA2                                       (abs)        042A
_TRISA3                                       (abs)        042B
_TRISA6                                       (abs)        042E
_TRISA7                                       (abs)        042F
_TRISB0                                       (abs)        0430
_TRISB1                                       (abs)        0431
_TRISB2                                       (abs)        0432
_TRISB3                                       (abs)        0433
_TRISB4                                       (abs)        0434
_TRISB5                                       (abs)        0435
_TRISB6                                       (abs)        0436
_TRISB7                                       (abs)        0437
__Habs1                                       abs1         0000
__Hbank0                                      bank0        0000
__Hbank1                                      bank1        0000
__Hbank2                                      bank2        0000
__Hbank3                                      bank3        0000
__HbssBANK0                                   bssBANK0     0000
__HbssBANK1                                   bssBANK1     0000
__HbssBANK3                                   bssBANK3     0000
__HbssCOMMON                                  bssCOMMON    0000
__Hcinit                                      cinit        0000
__Hclrtext                                    clrtext      0000
__Hcode                                       code         0000
__Hcommon                                     common       0000
__Hconfig                                     config       2003
__HcstackBANK0                                cstackBANK0  0000
__HcstackCOMMON                               cstackCOMMON 0000
__Heeprom_data                                eeprom_data  0000
__Hend_init                                   end_init     0013
__Hfunctab                                    functab      0000
__Hidloc                                      idloc        0000
__Hinit                                       init         0011
__Hintentry                                   intentry     0011
__Hmaintext                                   maintext     0000
__Hpa_nodes                                   pa_nodes     0000
__Hpowerup                                    powerup      0000
__Hram                                        ram          0000
__Hreset_vec                                  reset_vec    0002
__Hsfr0                                       sfr0         0000
__Hsfr1                                       sfr1         0000
__Hsfr2                                       sfr2         0000
__Hsfr3                                       sfr3         0000
__Hstrings                                    strings      0000
__Htext                                       text         0000
__Labs1                                       abs1         0000
__Lbank0                                      bank0        0000
__Lbank1                                      bank1        0000
__Lbank2                                      bank2        0000
__Lbank3                                      bank3        0000
__LbssBANK0                                   bssBANK0     0000
__LbssBANK1                                   bssBANK1     0000
__LbssBANK3                                   bssBANK3     0000
__LbssCOMMON                                  bssCOMMON    0000
__Lcinit                                      cinit        0000
__Lclrtext                                    clrtext      0000
__Lcode                                       code         0000
__Lcommon                                     common       0000
__Lconfig                                     config       2000
__LcstackBANK0                                cstackBANK0  0000
__LcstackCOMMON                               cstackCOMMON 0000
__Leeprom_data                                eeprom_data  0000
__Lend_init                                   end_init     0011
__Lfunctab                                    functab      0000
__Lidloc                                      idloc        0000
__Linit                                       init         0011
__Lintentry                                   intentry     0004
__Lmaintext                                   maintext     0000
__Lpa_nodes                                   pa_nodes     0000
__Lpowerup                                    powerup      0000
__Lram                                        ram          0000
__Lreset_vec                                  reset_vec    0000
__Lsfr0                                       sfr0         0000
__Lsfr1                                       sfr1         0000
__Lsfr2                                       sfr2         0000
__Lsfr3                                       sfr3         0000
__Lstrings                                    strings      0000
__Ltext                                       text         0000
__S0                                          (abs)        2003
__S1                                          (abs)        01D8
__end_of_AD_Sample                            text1010     074A
__end_of_Filter                               text1016     06E9
__end_of_ISR                                  text1055     0F63
__end_of_adc_get                              text1055     0FE4
__end_of_adc_start                            text1010     0728
__end_of_adc_test_init                        text1010     075F
__end_of_clearAllTimer                        text1016     04D8
__end_of_clearParaFunction1                   text1016     04A7
__end_of_clearPinPortAndTimer                 text1016     0491
__end_of_clearThreeHoursTimer                 text1016     04E4
__end_of_clearTwelveHoursTimer                text1016     04DE
__end_of_clearTwentyMinuteTimer               text1016     06F6
__end_of_clearTwentySecondsTimer              text1016     06F1
__end_of_clock_config                         text1038     0ECE
__end_of_clrSampeTime                         text1031     0004
__end_of_getAD_ConvertFlag                    text1010     0720
__end_of_getAdOriginalCh0Value                text1016     0485
__end_of_getAdOriginalCh2Value                text1016     062A
__end_of_getAdOriginalCh5Value                text1016     047B
__end_of_getAdOriginalCh6Value                text1016     063C
__end_of_initPin                              text1050     0786
__end_of_isFinishedThreeHoursTimer            text1024     0F0F
__end_of_isFinishedTwelveHoursTimer           text1028     0F03
__end_of_isFinishedTwentyMinuteTimer          text1030     0EF7
__end_of_isFinishedTwentySecondsTimer         text1026     0EEB
__end_of_isPermitSampleTime                   text1032     0EBE
__end_of_main                                 maintext     0471
__end_of_process_AD_Converter_Value           text1010     071C
__end_of_setAD_ConvertFlag                    text1010     0725
__end_of_setPA0                               text1016     04C8
__end_of_setPA1                               text1016     04D1
__end_of_setPA2                               text1044     0ED7
__end_of_setPA3                               text1016     0633
__end_of_setPA6                               text1040     0EC6
__end_of_setPB0                               text1016     04AF
__end_of_setPB1                               text1016     04B7
__end_of_setPB2                               text1016     04BF
__end_of_setPB4                               text1016     053E
__end_of_setPB6                               text1016     064A
__end_of_setPB6AsInput                        text1016     064D
__end_of_startThreeHoursTimer                 text1025     07B1
__end_of_startTwelveHourTimer                 text1029     07C5
__end_of_startTwentyMinuteTimer               text1033     07D9
__end_of_startTwentySecondsTimer              text1027     07EA
__end_of_timer1_config                        text1037     0EE1
__end_of_timer1_interrupt_config              text1036     0EB8
__end_of_vHandle20sTimerOut                   text1016     0536
__end_of_vHandle20sTimeron                    text1016     0621
__end_of_vPause20sTimer                       text1016     0652
__end_of_vPutSampleDataIntoTable              text1055     0FD8
__end_ofi1_setAD_ConvertFlag                  text1055     0FE8
__pbssBANK0                                   bssBANK0     004A
__pbssBANK1                                   bssBANK1     00A0
__pbssBANK3                                   bssBANK3     0190
__pbssCOMMON                                  bssCOMMON    007D
__pcstackBANK0                                cstackBANK0  0020
__pcstackCOMMON                               cstackCOMMON 0070
__pintentry                                   intentry     0004
__pmaintext                                   maintext     0013
__pswtext1                                    swtext1      07EA
__pswtext2                                    swtext2      0800
__pswtext3                                    swtext3      080E
__ptext1008                                   text1008     0000
__ptext1009                                   text1016     053E
__ptext1010                                   text1010     0711
__ptext1011                                   text1016     0491
__ptext1012                                   text1016     0485
__ptext1013                                   text1010     0728
__ptext1014                                   text1016     0621
__ptext1015                                   text1016     04E4
__ptext1016                                   text1016     0471
__ptext1017                                   text1016     0633
__ptext1018                                   text1016     047B
__ptext1019                                   text1016     04D1
__ptext1020                                   text1010     0720
__ptext1021                                   text1010     071C
__ptext1022                                   text1016     0652
__ptext1023                                   text1016     064D
__ptext1024                                   text1024     0F03
__ptext1025                                   text1025     079D
__ptext1026                                   text1026     0EE1
__ptext1027                                   text1027     07D9
__ptext1028                                   text1028     0EF7
__ptext1029                                   text1029     07B1
__ptext1030                                   text1030     0EEB
__ptext1031                                   text1031     0002
__ptext1032                                   text1032     0EB8
__ptext1033                                   text1033     07C5
__ptext1034                                   text1010     0725
__ptext1035                                   text1010     074A
__ptext1036                                   text1036     0EB5
__ptext1037                                   text1037     0ED7
__ptext1038                                   text1038     0EC6
__ptext1039                                   text1016     064A
__ptext1040                                   text1040     0EBE
__ptext1041                                   text1016     0536
__ptext1042                                   text1016     063C
__ptext1043                                   text1016     062A
__ptext1044                                   text1044     0ECE
__ptext1045                                   text1016     04C8
__ptext1046                                   text1016     04BF
__ptext1047                                   text1016     04B7
__ptext1048                                   text1016     04AF
__ptext1049                                   text1016     04A7
__ptext1050                                   text1050     075F
__ptext1051                                   text1016     06F1
__ptext1052                                   text1016     06E9
__ptext1053                                   text1016     04DE
__ptext1054                                   text1016     04D8
__ptext1055                                   text1055     0F0F
__ptext1056                                   text1055     0FE4
__ptext1057                                   text1055     0FD8
__ptext1058                                   text1055     0F63
__ptext1059                                   text1059     0000
__size_of_AD_Sample                           (abs)        0000
__size_of_Filter                              (abs)        0000
__size_of_ISR                                 (abs)        0000
__size_of_adc_get                             (abs)        0000
__size_of_adc_start                           (abs)        0000
__size_of_adc_test_init                       (abs)        0000
__size_of_clearAllTimer                       (abs)        0000
__size_of_clearParaFunction1                  (abs)        0000
__size_of_clearPinPortAndTimer                (abs)        0000
__size_of_clearThreeHoursTimer                (abs)        0000
__size_of_clearTwelveHoursTimer               (abs)        0000
__size_of_clearTwentyMinuteTimer              (abs)        0000
__size_of_clearTwentySecondsTimer             (abs)        0000
__size_of_clock_config                        (abs)        0000
__size_of_clrSampeTime                        (abs)        0000
__size_of_getAD_ConvertFlag                   (abs)        0000
__size_of_getAdOriginalCh0Value               (abs)        0000
__size_of_getAdOriginalCh2Value               (abs)        0000
__size_of_getAdOriginalCh5Value               (abs)        0000
__size_of_getAdOriginalCh6Value               (abs)        0000
__size_of_initPin                             (abs)        0000
__size_of_isFinishedThreeHoursTimer           (abs)        0000
__size_of_isFinishedTwelveHoursTimer          (abs)        0000
__size_of_isFinishedTwentyMinuteTimer         (abs)        0000
__size_of_isFinishedTwentySecondsTimer        (abs)        0000
__size_of_isPermitSampleTime                  (abs)        0000
__size_of_main                                (abs)        0000
__size_of_process_AD_Converter_Value          (abs)        0000
__size_of_setAD_ConvertFlag                   (abs)        0000
__size_of_setPA0                              (abs)        0000
__size_of_setPA1                              (abs)        0000
__size_of_setPA2                              (abs)        0000
__size_of_setPA3                              (abs)        0000
__size_of_setPA6                              (abs)        0000
__size_of_setPB0                              (abs)        0000
__size_of_setPB1                              (abs)        0000
__size_of_setPB2                              (abs)        0000
__size_of_setPB4                              (abs)        0000
__size_of_setPB6                              (abs)        0000
__size_of_setPB6AsInput                       (abs)        0000
__size_of_startThreeHoursTimer                (abs)        0000
__size_of_startTwelveHourTimer                (abs)        0000
__size_of_startTwentyMinuteTimer              (abs)        0000
__size_of_startTwentySecondsTimer             (abs)        0000
__size_of_timer1_config                       (abs)        0000
__size_of_timer1_interrupt_config             (abs)        0000
__size_of_vHandle20sTimerOut                  (abs)        0000
__size_of_vHandle20sTimeron                   (abs)        0000
__size_of_vPause20sTimer                      (abs)        0000
__size_of_vPutSampleDataIntoTable             (abs)        0000
__size_ofi1_setAD_ConvertFlag                 (abs)        0000
_adc_convert_flag                             bssBANK1     00AD
_adc_get                                      text1055     0FD8
_adc_start                                    text1010     0725
_adc_test_init                                text1010     074A
_bBigTimerStartFlag                           bssBANK0     004C
_bPause20secTimer                             bssBANK1     00AE
_bSmallTimerStartFlag                         bssBANK0     004D
_bTwentyMinStartFlag                          bssBANK0     004E
_bTwentySecStartFlag                          bssBANK0     004F
_clearAllTimer                                text1016     04D1
_clearParaFunction1                           text1016     0491
_clearPinPortAndTimer                         text1016     0485
_clearThreeHoursTimer                         text1016     04DE
_clearTwelveHoursTimer                        text1016     04D8
_clearTwentyMinuteTimer                       text1016     06F1
_clearTwentySecondsTimer                      text1016     06E9
_clock_config                                 text1038     0EC6
_clrSampeTime                                 text1031     0002
_enumMainLoopStep                             bssBANK0     0050
_exit                                         init         0011
_getAD_ConvertFlag                            text1010     071C
_getAdOriginalCh0Value                        text1016     047B
_getAdOriginalCh2Value                        text1016     0621
_getAdOriginalCh5Value                        text1016     0471
_getAdOriginalCh6Value                        text1016     0633
_initPin                                      text1050     075F
_isFinishedThreeHoursTimer                    text1024     0F03
_isFinishedTwelveHoursTimer                   text1028     0EF7
_isFinishedTwentyMinuteTimer                  text1030     0EEB
_isFinishedTwentySecondsTimer                 text1026     0EE1
_isPermitSampleTime                           text1032     0EB8
_main                                         maintext     0013
_process_AD_Converter_Value                   text1010     0711
_sampleChannelSelect                          bssBANK0     0051
_sampleTimes                                  bssBANK0     0052
_setAD_ConvertFlag                            text1010     0720
_setPA0                                       text1016     04BF
_setPA1                                       text1016     04C8
_setPA2                                       text1044     0ECE
_setPA3                                       text1016     062A
_setPA6                                       text1040     0EBE
_setPB0                                       text1016     04A7
_setPB1                                       text1016     04AF
_setPB2                                       text1016     04B7
_setPB4                                       text1016     0536
_setPB6                                       text1016     063C
_setPB6AsInput                                text1016     064A
_startThreeHoursTimer                         text1025     079D
_startTwelveHourTimer                         text1029     07B1
_startTwentyMinuteTimer                       text1033     07C5
_startTwentySecondsTimer                      text1027     07D9
_timer                                        bssBANK1     00AF
_timer1_config                                text1037     0ED7
_timer1_interrupt_config                      text1036     0EB5
_ucADC4_Step                                  bssBANK0     0053
_ucChannel5Type                               bssBANK0     0054
_uiBigTimer                                   bssBANK1     00A0
_uiSampleChannelFifth                         bssBANK3     0190
_uiSampleChannelSecond                        bssBANK3     01A8
_uiSampleChannelSixth                         bssBANK3     01C0
_uiSampleChannelZero                          bssBANK1     00C4
_uiSmallTimer                                 bssBANK1     00A2
_uiTwentyMinuteTimer                          bssBANK1     00A4
_uiTwentySecondsTimer                         bssBANK1     00A6
_vHandle20sTimerOut                           text1016     04E4
_vHandle20sTimeron                            text1016     053E
_vPause20sTimer                               text1016     064D
_vPutSampleDataIntoTable                      text1055     0F63
adc_get@val                                   cstackCOMMON 0072
adc_test_init@channel                         cstackBANK0  0022
adc_test_init@ref                             cstackBANK0  0020
btemp                                         (abs)        007E
clear_ram                                     clrtext      07F8
end_of_initialization                         cinit        079A
i1_setAD_ConvertFlag                          text1055     0FE4
i1l1863                                                        
i1l2620                                                        
i1l4645                                                        
i1l4651                                                        
i1l4655                                                        
i1l4663                                                        
i1l4667                                                        
i1l4675                                                        
i1l4679                                                        
i1l4687                                                        
i1l4691                                                        
i1l4701                                                        
i1l4703                                                        
i1l4711                                                        
i1l4715                                                        
i1l4717                                                        
i1l4721                                                        
i1l4737                                                        
i1l4739                                                        
i1l4741                                                        
i1l4745                                                        
i1setAD_ConvertFlag@flag                      cstackCOMMON 0070
interrupt_function                            intentry     0004
intlevel0                                     functab      0000
intlevel1                                     functab      0000
intlevel2                                     functab      0000
intlevel3                                     functab      0000
intlevel4                                     functab      0000
intlevel5                                     functab      0000
l1803                                                          
l1816                                                          
l1851                                                          
l1854                                                          
l1857                                                          
l1860                                                          
l1863                                                          
l1869                                                          
l1872                                                          
l1875                                                          
l1878                                                          
l1903                                                          
l1906                                                          
l1909                                                          
l1912                                                          
l1952                                                          
l2611                                                          
l2617                                                          
l4411                                                          
l4413                                                          
l4415                                                          
l4419                                                          
l4421                                                          
l4423                                                          
l4425                                                          
l4427                                                          
l4429                                                          
l4431                                                          
l4433                                                          
l4435                                                          
l4437                                                          
l4439                                                          
l4441                                                          
l4443                                                          
l4445                                                          
l4447                                                          
l4449                                                          
l4451                                                          
l4453                                                          
l4455                                                          
l4457                                                          
l4459                                                          
l4461                                                          
l4463                                                          
l4465                                                          
l4467                                                          
l4469                                                          
l4471                                                          
l4473                                                          
l4475                                                          
l4477                                                          
l4479                                                          
l4481                                                          
l4485                                                          
l4491                                                          
l4493                                                          
l4505                                                          
l4507                                                          
l4511                                                          
l4513                                                          
l4523                                                          
l4529                                                          
l4531                                                          
l4535                                                          
l4537                                                          
l4547                                                          
l4553                                                          
l4555                                                          
l4559                                                          
l4569                                                          
l4575                                                          
l4577                                                          
l4581                                                          
l4583                                                          
l4593                                                          
l4595                                                          
l4603                                                          
l4605                                                          
l4607                                                          
l4627                                                          
l4635                                                          
l4637                                                          
l4641                                                          
l4705                                                          
l4709                                                          
l4749                                                          
l4753                                                          
l4757                                                          
l4761                                                          
l4763                                                          
l4767                                                          
l4769                                                          
l4773                                                          
l4777                                                          
l4781                                                          
l4783                                                          
l4785                                                          
l4789                                                          
l4791                                                          
l4793                                                          
l4797                                                          
l4801                                                          
l4803                                                          
l4805                                                          
l4807                                                          
l4813                                                          
l4817                                                          
l4821                                                          
l4825                                                          
l4841                                                          
l4843                                                          
l4845                                                          
l4847                                                          
l4849                                                          
l4851                                                          
l4853                                                          
l4857                                                          
l4859                                                          
l4865                                                          
l4869                                                          
l4875                                                          
l4881                                                          
l4887                                                          
l4891                                                          
l4893                                                          
l4895                                                          
l4901                                                          
l4905                                                          
l4909                                                          
l4915                                                          
l4921                                                          
l4923                                                          
l4929                                                          
l4931                                                          
l4933                                                          
l4935                                                          
l4947                                                          
l4951                                                          
l4959                                                          
l4965                                                          
l4969                                                          
l4975                                                          
l4981                                                          
l4983                                                          
l4985                                                          
l5001                                                          
l5003                                                          
l5005                                                          
l5007                                                          
l5009                                                          
l5011                                                          
l5013                                                          
l5015                                                          
l5017                                                          
l5019                                                          
l5023                                                          
l5037                                                          
l5047                                                          
l5051                                                          
l5053                                                          
l5057                                                          
l5061                                                          
l5065                                                          
l5071                                                          
l5073                                                          
l5079                                                          
l5083                                                          
l5085                                                          
l5091                                                          
l5105                                                          
l5115                                                          
l5117                                                          
l5125                                                          
l5129                                                          
l5131                                                          
l5135                                                          
l5141                                                          
l5145                                                          
l5233                                                          
l5299                                                          
l5355                                                          
l5401                                                          
l5437                                                          
l5455                                                          
l5459                                                          
l5469                                                          
l5471                                                          
l5485                                                          
l5489                                                          
l5493                                                          
l5495                                                          
l5497                                                          
l5503                                                          
l5505                                                          
l5521                                                          
l5525                                                          
l5531                                                          
l5533                                                          
l5535                                                          
l5537                                                          
l5539                                                          
l5547                                                          
l5551                                                          
l5561                                                          
l5563                                                          
l5565                                                          
l5575                                                          
l5587                                                          
l5599                                                          
l5601                                                          
l693                                                           
l696                                                           
l699                                                           
l757                                                           
l760                                                           
main@bCheckTweHour                            bssBANK0     0055
main@bInitFlag                                bssBANK0     0056
main@enumBranchStep                           bssBANK1     00B0
main@enumInteralStep                          bssBANK1     00B1
main@ucFourthSuffix1TimerP3s                  bssBANK0     0057
main@ucLoaderStep                             bssBANK0     0058
main@ucLoaderStep1                            bssBANK0     0059
main@ucLoaderStep2                            bssBANK0     005A
main@ucLoaderStep3                            bssBANK0     005B
main@ucLoaderStep4                            bssBANK0     005C
main@ucTimer1s                                bssBANK1     00B2
main@ucTimerCntP3s                            bssBANK0     005D
main@ucTimerDelay                             bssBANK0     005E
main@ucTimerDelay1                            bssBANK0     005F
main@ucTimerDelay2                            bssBANK0     0060
main@ucTimerDelay3                            bssBANK0     0061
main@ucTimerDelay4                            bssBANK0     0062
main@ucTimerDelayP2sLess                      bssBANK0     0063
main@ucTimerDelayP2sMore                      bssBANK0     0064
main@ucTimerLargeZeroP5s                      bssBANK0     0065
main@ucTimerLessX1P5s                         bssBANK1     00B3
main@ucTimerLessX2P5s                         bssBANK1     00B4
main@ucTimerLessZeroP5s                       bssBANK0     0066
main@ucTimerP3s                               bssBANK1     00B5
main@ucTimerP5s                               bssBANK0     0067
main@ucTimerRightP5s                          bssBANK0     0068
main@ucTimerX1P5s                             bssBANK1     00B6
main@ucTimerX2P5s                             bssBANK1     00B7
main@ucTimerZeroPoint3s                       bssBANK0     0069
main@ucTimerZeroPoint5s                       bssBANK0     006A
main@uiCh5Value                               cstackBANK0  0048
main@uiMaxValue                               bssBANK1     00A8
main@uiMinValue                               bssBANK1     00AA
main@uiOldValue                               bssBANK0     004A
reset_vec                                     reset_vec    0000
saved_w                                       (abs)        007E
setAD_ConvertFlag@flag                        cstackBANK0  0020
setPA0@bValue                                 cstackBANK0  0020
setPA1@bValue                                 cstackBANK0  0020
setPA2@bValue                                 cstackBANK0  0020
setPA3@bValue                                 cstackBANK0  0020
setPA6@bValue                                 cstackBANK0  0020
setPB0@bValue                                 cstackBANK0  0020
setPB1@bValue                                 cstackBANK0  0020
setPB2@bValue                                 cstackBANK0  0020
setPB4@bValue                                 cstackBANK0  0020
setPB6@bValue                                 cstackBANK0  0020
start                                         init         0011
startThreeHoursTimer@uiSetTime                cstackBANK0  0020
startTwelveHourTimer@uiSetTime                cstackBANK0  0020
startTwentyMinuteTimer@uiValue                cstackBANK0  0020
start_initialization                          cinit        0786
vHandle20sTimerOut@bClearStep                 cstackBANK0  0021
vHandle20sTimerOut@ucTimeCnt                  bssCOMMON    007D
vHandle20sTimerOut@ucTimerOnBehaviorStep      bssBANK1     00B8
vHandle20sTimeron@ucCompareStep               bssBANK1     00B9
vHandle20sTimeron@ucLessThanP3sCnt            bssBANK1     00BA
vHandle20sTimeron@ucLessThanP8sCnt            bssBANK1     00BB
vHandle20sTimeron@ucMoreThanP3sCnt            bssBANK1     00BC
vHandle20sTimeron@ucMoreThanP8sCnt            bssBANK1     00BD
vHandle20sTimeron@ucTimeCntP2s                bssBANK1     00BE
vHandle20sTimeron@ucTimerCntLess              bssBANK1     00BF
vHandle20sTimeron@ucTimerCntMore              bssBANK1     00C0
vHandle20sTimeron@ucTimerCntN1                bssBANK1     00C1
vHandle20sTimeron@ucTimerCntP5s               bssBANK1     00C2
vHandle20sTimeron@waitLoopStep                bssBANK1     00C3
vPause20sTimer@bValue                         cstackBANK0  0020
vPutSampleDataIntoTable@channel               cstackCOMMON 0076
vPutSampleDataIntoTable@i                     cstackCOMMON 0077
vPutSampleDataIntoTable@ucChannelFifthLength  bssBANK0     006B
vPutSampleDataIntoTable@ucChannelSecondLength bssBANK0     006C
vPutSampleDataIntoTable@ucChannelSixthLength  bssBANK0     006D
vPutSampleDataIntoTable@ucChannelZeroLength   bssBANK0     006E
vPutSampleDataIntoTable@uiSampleData          cstackCOMMON 0074
wtemp0                                        (abs)        007E
