HI-TECH Software C Compiler 

Linker command line:

--edf=C:\Program Files (x86)\HI-TECH Software\PICC\9.83\dat\en_msgs.txt -cs \
  -h+ProjTest.sym -z -Q16C77 -ol.obj -MProjTest.map -E1 -ACONST=00h-0FFhx16 \
  -ACODE=00h-07FFhx2 -ASTRCODE=00h-0FFFh -AENTRY=00h-0FFhx16 \
  -ASTRING=00h-0FFhx16 -ABANK0=020h-06Fh -ABANK1=0A0h-0EFh \
  -ABANK2=0110h-016Fh -ABANK3=0190h-01EFh \
  -ARAM=020h-06Fh,0A0h-0EFh,0110h-016Fh,0190h-01EFh \
  -AABS1=020h-07Fh,0A0h-0EFh,0110h-016Fh,0190h-01EFh -ACOMMON=070h-07Fh \
  -ASFR0=00h-01Fh -ASFR1=080h-09Fh -ASFR2=0100h-010Fh -ASFR3=0180h-018Fh \
  -preset_vec=00h,intentry=04h,init,end_init -ppowerup=CODE -pfunctab=CODE \
  -ACONFIG=02000h-02007h -pconfig=CONFIG -DCONFIG=2 -AIDLOC=02008h-0200Bh \
  -pidloc=IDLOC -DIDLOC=2 -DCODE=2 -DSTRCODE=2 -DSTRING=2 -DCONST=2 \
  -DENTRY=2 -k startup.obj ProjTest.obj 

Object code version is 3.10

Machine type is 16C77



                Name                               Link     Load   Length Selector   Space Scale
startup.obj     end_init                             11       11        2        8       0
                reset_vec                             0        0        2        0       0
ProjTest.obj    intentry                              4        4        D        8       0
                config                             2000     2000        3     4000       0
                text1404                             13       13      22C        8       0
                text1396                            545      545       16        8       0
                text1395                            60A      60A        4        8       0
                text1394                            613      613        1        8       0
                text1389                            5F9      5F9        8        8       0
                text1388                            5E7      5E7        A        8       0
                text1387                            60E      60E        3        8       0
                text1385                            5A8      5A8       13        8       0
                text1383                            606      606        4        8       0
                text1382                            611      611        2        8       0
                text1381                            5DC      5DC        B        8       0
                text1380                            595      595       13        8       0
                text1379                            5D1      5D1        B        8       0
                text1378                            582      582       13        8       0
                text1377                            5C6      5C6        B        8       0
                text1376                            56F      56F       13        8       0
                text1375                            5BB      5BB        B        8       0
                text1374                            601      601        5        8       0
                text1369                            504      504       28        8       0
                text1368                            4DB      4DB       29        8       0
                text1367                            52C      52C       19        8       0
                text1366                            485      485       56        8       0
                text1365                            3E0      3E0       A5        8       0
                maintext                            23F      23F      1A1        8       0
                cstackBANK0                          20       20       23       20       1
                cstackCOMMON                         70       70        D       70       1
                cstackBANK1                          BD       BD       1C       A0       1
                clrtext                             5F1      5F1        8        8       0
                bssBANK1                             A0       A0       1D       A0       1
                dataBANK0                            63       63        2       20       1
                bssBANK0                             43       43       20       20       1
                bssCOMMON                            7D       7D        1       70       1
                cinit                               55B      55B       14        8       0

TOTAL           Name                               Link     Load   Length     Space
        CLASS   CONST          

        CLASS   CODE           
                end_init                             11       11        2         0
                intentry                              4        4        D         0
                reset_vec                             0        0        2         0
                text1404                             13       13      22C         0
                text1396                            545      545       16         0
                text1395                            60A      60A        4         0
                text1394                            613      613        1         0
                text1389                            5F9      5F9        8         0
                text1388                            5E7      5E7        A         0
                text1387                            60E      60E        3         0
                text1385                            5A8      5A8       13         0
                text1383                            606      606        4         0
                text1382                            611      611        2         0
                text1381                            5DC      5DC        B         0
                text1380                            595      595       13         0
                text1379                            5D1      5D1        B         0
                text1378                            582      582       13         0
                text1377                            5C6      5C6        B         0
                text1376                            56F      56F       13         0
                text1375                            5BB      5BB        B         0
                text1374                            601      601        5         0
                text1369                            504      504       28         0
                text1368                            4DB      4DB       29         0
                text1367                            52C      52C       19         0
                text1366                            485      485       56         0
                text1365                            3E0      3E0       A5         0
                maintext                            23F      23F      1A1         0
                clrtext                             5F1      5F1        8         0
                cinit                               55B      55B       14         0

        CLASS   STRCODE        

        CLASS   ENTRY          

        CLASS   STRING         

        CLASS   BANK0          
                cstackBANK0                          20       20       23         1
                dataBANK0                            63       63        2         1
                bssBANK0                             43       43       20         1

        CLASS   BANK1          
                cstackBANK1                          BD       BD       1C         1
                bssBANK1                             A0       A0       1D         1

        CLASS   BANK2          

        CLASS   BANK3          

        CLASS   RAM            

        CLASS   ABS1           
                abs_s1                               7E       7E        2         1

        CLASS   COMMON         
                cstackCOMMON                         70       70        D         1
                bssCOMMON                            7D       7D        1         1

        CLASS   SFR0           

        CLASS   SFR1           

        CLASS   SFR2           

        CLASS   SFR3           

        CLASS   CONFIG         
                config                             2000     2000        3         0

        CLASS   IDLOC          

        CLASS   EEDATA         



SEGMENTS        Name                           Load    Length   Top    Selector   Space  Class     Delta

                reset_vec                      000000  000002  000002         0       0  CODE        2
                intentry                       000004  000610  000614         8       0  CODE        2
                cstackBANK0                    000020  000045  000065        20       1  BANK0       1
                cstackCOMMON                   000070  00000E  00007E        70       1  COMMON      1
                bssBANK1                       0000A0  000039  0000D9        A0       1  BANK1       1
                config                         002000  000003  002003      4000       0  CONFIG      2


UNUSED ADDRESS RANGES

        Name                Unused          Largest block    Delta
        BANK0            0065-006F              B           1
        BANK1            00D9-00EF             17           1
        BANK2            0110-016F             60           1
        BANK3            0190-01EF             60           1
        CODE             0002-0003              2           2
                         0614-0FFF            1EC
        CONFIG           2003-2007              5           2
        CONST            0002-0003              2           2
                         0614-0FFF            100
        ENTRY            0002-0003              2           2
                         0614-0FFF            100
        IDLOC            2008-200B              4           2
        RAM              0065-006F              B           1
                         00D9-00EF             17
                         0110-016F             60
                         0190-01EF             60
        SFR0             0000-001F             20           1
        SFR1             0080-009F             20           1
        SFR2             0100-010F             10           1
        SFR3             0180-018F             10           1
        STRCODE          0002-0003              2           2
                         0614-0FFF            9EC
        STRING           0002-0003              2           2
                         0614-0FFF            100

                                  Symbol Table

??_AD_Sample                                      cstackBANK1  00BD
??_Filter                                         cstackCOMMON 0072
??_FilterCh13                                     cstackBANK1  00BF
??_ISR                                            cstackBANK0  003F
??_adc_get                                        cstackCOMMON 0072
??_adc_start                                      cstackBANK1  00BD
??_adc_test_init                                  cstackBANK1  00BE
??_clearOneHoursTimer                             cstackBANK1  00BD
??_clearThreeHoursTimer                           cstackBANK1  00BD
??_clearTwelveHoursTimer                          cstackBANK1  00BD
??_clearTwentyMinTimer                            cstackBANK1  00BD
??_clock_config                                   cstackBANK1  00BD
??_clrSampeTime                                   cstackBANK1  00BD
??_getAD_ConvertFlag                              cstackBANK1  00BD
??_getAdOriginalCh13Value                         cstackBANK1  00D4
??_getWaitResetFlag                               cstackCOMMON 0070
??_initPB2_AsHighResistence                       cstackBANK1  00BD
??_initPB3                                        cstackBANK1  00BD
??_initPB4                                        cstackBANK1  00BD
??_initPB5                                        cstackBANK1  00BD
??_initPin                                        cstackBANK1  00BE
??_isFinishedOneHoursTimer                        cstackBANK1  00BD
??_isFinishedThreeHoursTimer                      cstackBANK1  00BD
??_isFinishedTwelveHoursTimer                     cstackBANK1  00BD
??_isFinishedTwentyMinTimer                       cstackBANK1  00BD
??_isPermitSampleTime                             cstackBANK1  00BD
??_main                                           cstackBANK1  00D4
??_process_AD_Converter_Value                     cstackBANK1  00C0
??_pwm_start                                      cstackBANK1  00BE
??_reset                                          cstackBANK1  00BD
??_resetAllTimer                                  cstackBANK1  00BD
??_selectAdChannel                                cstackBANK1  00BD
??_setAD_ConvertFlag                              cstackBANK1  00BD
??_setPB3                                         cstackBANK1  00BD
??_setPB4                                         cstackBANK1  00BD
??_setPB5                                         cstackBANK1  00BD
??_setPWM_Width                                   cstackCOMMON 0070
??_setPinInitVaule                                cstackBANK1  00BE
??_setWaitResetFlag                               cstackBANK1  00BD
??_startOneHoursTimer                             cstackBANK1  00BF
??_startThreeHoursTimer                           cstackBANK1  00BF
??_startTwelveHourTimer                           cstackBANK1  00BF
??_startTwentyMinTimer                            cstackBANK1  00BF
??_timer1_config                                  cstackBANK1  00BD
??_timer1_interrupt_config                        cstackBANK1  00BD
??_vPutSampleDataIntoTable                        cstackBANK0  002F
??i1_setAD_ConvertFlag                            cstackCOMMON 0070
?_AD_Sample                                       cstackCOMMON 0070
?_Filter                                          cstackCOMMON 0070
?_FilterCh13                                      cstackBANK1  00BD
?_ISR                                             cstackCOMMON 0070
?_adc_get                                         cstackCOMMON 0070
?_adc_start                                       cstackCOMMON 0070
?_adc_test_init                                   cstackBANK1  00BD
?_clearOneHoursTimer                              cstackCOMMON 0070
?_clearThreeHoursTimer                            cstackCOMMON 0070
?_clearTwelveHoursTimer                           cstackCOMMON 0070
?_clearTwentyMinTimer                             cstackCOMMON 0070
?_clock_config                                    cstackCOMMON 0070
?_clrSampeTime                                    cstackCOMMON 0070
?_getAD_ConvertFlag                               cstackCOMMON 0070
?_getAdOriginalCh13Value                          cstackBANK1  00D2
?_getWaitResetFlag                                cstackCOMMON 0070
?_initPB2_AsHighResistence                        cstackCOMMON 0070
?_initPB3                                         cstackCOMMON 0070
?_initPB4                                         cstackCOMMON 0070
?_initPB5                                         cstackCOMMON 0070
?_initPin                                         cstackCOMMON 0070
?_isFinishedOneHoursTimer                         cstackCOMMON 0070
?_isFinishedThreeHoursTimer                       cstackCOMMON 0070
?_isFinishedTwelveHoursTimer                      cstackCOMMON 0070
?_isFinishedTwentyMinTimer                        cstackCOMMON 0070
?_isPermitSampleTime                              cstackCOMMON 0070
?_main                                            cstackCOMMON 0070
?_process_AD_Converter_Value                      cstackCOMMON 0070
?_pwm_start                                       cstackBANK1  00BD
?_reset                                           cstackCOMMON 0070
?_resetAllTimer                                   cstackCOMMON 0070
?_selectAdChannel                                 cstackCOMMON 0070
?_setAD_ConvertFlag                               cstackCOMMON 0070
?_setPB3                                          cstackCOMMON 0070
?_setPB4                                          cstackCOMMON 0070
?_setPB5                                          cstackCOMMON 0070
?_setPWM_Width                                    cstackCOMMON 0070
?_setPinInitVaule                                 cstackCOMMON 0070
?_setWaitResetFlag                                cstackCOMMON 0070
?_startOneHoursTimer                              cstackBANK1  00BD
?_startThreeHoursTimer                            cstackBANK1  00BD
?_startTwelveHourTimer                            cstackBANK1  00BD
?_startTwentyMinTimer                             cstackBANK1  00BD
?_timer1_config                                   cstackCOMMON 0070
?_timer1_interrupt_config                         cstackCOMMON 0070
?_vPutSampleDataIntoTable                         cstackCOMMON 0076
?i1_setAD_ConvertFlag                             cstackCOMMON 0070
Filter@cir                                        cstackBANK0  002B
Filter@filter_buf                                 cstackBANK0  0025
Filter@filter_sum                                 cstackBANK0  0022
Filter@filter_temp                                cstackBANK0  0020
Filter@i                                          cstackBANK0  002E
Filter@j                                          cstackBANK0  002D
Filter@tmpValue                                   cstackBANK0  0024
FilterCh13@cir                                    cstackBANK1  00CE
FilterCh13@filter_buf                             cstackBANK1  00C8
FilterCh13@filter_sum                             cstackBANK1  00C6
FilterCh13@filter_temp                            cstackBANK1  00C4
FilterCh13@i                                      cstackBANK1  00D1
FilterCh13@j                                      cstackBANK1  00D0
FilterCh13@tmpValue                               cstackBANK1  00C3
ISR@ucTimer1sCnt                                  bssBANK0     0057
_ADCON0                                           (abs)        001F
_ADCON1                                           (abs)        009F
_ADIE                                             (abs)        046A
_ADIF                                             (abs)        006A
_ADON                                             (abs)        00F8
_ADRESH                                           (abs)        001E
_ADRESL                                           (abs)        009E
_AD_Sample                                        text1366     04A7
_CCP1CON                                          (abs)        0017
_CCPR1L                                           (abs)        0015
_CLKPCE                                           (abs)        0847
_CLKPR                                            (abs)        0108
_Filter                                           text1404     0192
_FilterCh13                                       text1365     03E7
_GIE                                              (abs)        005F
_GO                                               (abs)        00F9
_ISR                                              text1404     0013
_PB2                                              (abs)        0032
_PB3                                              (abs)        0033
_PB4                                              (abs)        0034
_PB5                                              (abs)        0035
_PBOD2                                            (abs)        0C42
_PEIE                                             (abs)        005E
_PR2                                              (abs)        0092
_T1CON                                            (abs)        0010
_T2CON                                            (abs)        0012
_TMR1H                                            (abs)        000F
_TMR1IE                                           (abs)        0460
_TMR1IF                                           (abs)        0060
_TMR1L                                            (abs)        000E
_TRISB0                                           (abs)        0430
_TRISB1                                           (abs)        0431
_TRISB2                                           (abs)        0432
_TRISB3                                           (abs)        0433
_TRISB4                                           (abs)        0434
_TRISB5                                           (abs)        0435
__Habs1                                           abs1         0000
__Hbank0                                          bank0        0000
__Hbank1                                          bank1        0000
__Hbank2                                          bank2        0000
__Hbank3                                          bank3        0000
__HbssBANK0                                       bssBANK0     0000
__HbssBANK1                                       bssBANK1     0000
__HbssCOMMON                                      bssCOMMON    0000
__Hcinit                                          cinit        0000
__Hclrtext                                        clrtext      0000
__Hcode                                           code         0000
__Hcommon                                         common       0000
__Hconfig                                         config       2003
__HcstackBANK0                                    cstackBANK0  0000
__HcstackBANK1                                    cstackBANK1  0000
__HcstackCOMMON                                   cstackCOMMON 0000
__HdataBANK0                                      dataBANK0    0000
__Heeprom_data                                    eeprom_data  0000
__Hend_init                                       end_init     0013
__Hfunctab                                        functab      0000
__HidataBANK0                                     idataBANK0   0000
__Hidloc                                          idloc        0000
__Hinit                                           init         0011
__Hintentry                                       intentry     0011
__Hmaintext                                       maintext     0000
__Hpa_nodes                                       pa_nodes     0000
__Hpowerup                                        powerup      0000
__Hram                                            ram          0000
__Hreset_vec                                      reset_vec    0002
__Hsfr0                                           sfr0         0000
__Hsfr1                                           sfr1         0000
__Hsfr2                                           sfr2         0000
__Hsfr3                                           sfr3         0000
__Hstrings                                        strings      0000
__Htext                                           text         0000
__Labs1                                           abs1         0000
__Lbank0                                          bank0        0000
__Lbank1                                          bank1        0000
__Lbank2                                          bank2        0000
__Lbank3                                          bank3        0000
__LbssBANK0                                       bssBANK0     0000
__LbssBANK1                                       bssBANK1     0000
__LbssCOMMON                                      bssCOMMON    0000
__Lcinit                                          cinit        0000
__Lclrtext                                        clrtext      0000
__Lcode                                           code         0000
__Lcommon                                         common       0000
__Lconfig                                         config       2000
__LcstackBANK0                                    cstackBANK0  0000
__LcstackBANK1                                    cstackBANK1  0000
__LcstackCOMMON                                   cstackCOMMON 0000
__LdataBANK0                                      dataBANK0    0000
__Leeprom_data                                    eeprom_data  0000
__Lend_init                                       end_init     0011
__Lfunctab                                        functab      0000
__LidataBANK0                                     idataBANK0   0000
__Lidloc                                          idloc        0000
__Linit                                           init         0011
__Lintentry                                       intentry     0004
__Lmaintext                                       maintext     0000
__Lpa_nodes                                       pa_nodes     0000
__Lpowerup                                        powerup      0000
__Lram                                            ram          0000
__Lreset_vec                                      reset_vec    0000
__Lsfr0                                           sfr0         0000
__Lsfr1                                           sfr1         0000
__Lsfr2                                           sfr2         0000
__Lsfr3                                           sfr3         0000
__Lstrings                                        strings      0000
__Ltext                                           text         0000
__S0                                              (abs)        2003
__S1                                              (abs)        00D9
__end_of_AD_Sample                                text1366     04BB
__end_of_Filter                                   text1404     0218
__end_of_FilterCh13                               text1365     0466
__end_of_ISR                                      text1404     0077
__end_of_adc_get                                  text1404     0082
__end_of_adc_start                                text1366     04DB
__end_of_adc_test_init                            text1366     04D7
__end_of_clearOneHoursTimer                       text1367     0541
__end_of_clearThreeHoursTimer                     text1367     053D
__end_of_clearTwelveHoursTimer                    text1367     0538
__end_of_clearTwentyMinTimer                      text1367     0545
__end_of_clock_config                             text1389     0601
__end_of_clrSampeTime                             text1382     0613
__end_of_getAD_ConvertFlag                        text1366     04A2
__end_of_getAdOriginalCh13Value                   text1365     03E7
__end_of_getWaitResetFlag                         text1404     0192
__end_of_initPB2_AsHighResistence                 text1369     051C
__end_of_initPB3                                  text1369     0517
__end_of_initPB4                                  text1369     0524
__end_of_initPB5                                  text1369     052C
__end_of_initPin                                  text1369     050E
__end_of_isFinishedOneHoursTimer                  text1375     05C6
__end_of_isFinishedThreeHoursTimer                text1377     05D1
__end_of_isFinishedTwelveHoursTimer               text1379     05DC
__end_of_isFinishedTwentyMinTimer                 text1381     05E7
__end_of_isPermitSampleTime                       text1383     060A
__end_of_main                                     maintext     03E0
__end_of_process_AD_Converter_Value               text1366     049E
__end_of_pwm_start                                text1396     055B
__end_of_reset                                    text1395     060A
__end_of_resetAllTimer                            text1367     0533
__end_of_selectAdChannel                          text1395     060E
__end_of_setAD_ConvertFlag                        text1366     04A7
__end_of_setPB3                                   text1368     04EE
__end_of_setPB4                                   text1368     04F9
__end_of_setPB5                                   text1368     0504
__end_of_setPWM_Width                             text1404     021B
__end_of_setPinInitVaule                          text1368     04E3
__end_of_setWaitResetFlag                         text1374     0606
__end_of_startOneHoursTimer                       text1376     0582
__end_of_startThreeHoursTimer                     text1378     0595
__end_of_startTwelveHourTimer                     text1380     05A8
__end_of_startTwentyMinTimer                      text1385     05BB
__end_of_timer1_config                            text1388     05F1
__end_of_timer1_interrupt_config                  text1387     0611
__end_of_vPutSampleDataIntoTable                  text1404     0190
__end_ofi1_setAD_ConvertFlag                      text1404     0085
__pbssBANK0                                       bssBANK0     0043
__pbssBANK1                                       bssBANK1     00A0
__pbssCOMMON                                      bssCOMMON    007D
__pcstackBANK0                                    cstackBANK0  0020
__pcstackBANK1                                    cstackBANK1  00BD
__pcstackCOMMON                                   cstackCOMMON 0070
__pdataBANK0                                      dataBANK0    0063
__pidataBANK0                                     idataBANK0   0000
__pintentry                                       intentry     0004
__pmaintext                                       maintext     023F
__ptext1365                                       text1365     03E0
__ptext1366                                       text1366     0485
__ptext1367                                       text1367     052C
__ptext1368                                       text1368     04DB
__ptext1369                                       text1369     0504
__ptext1370                                       text1366     04A7
__ptext1371                                       text1366     04A2
__ptext1372                                       text1366     049E
__ptext1373                                       text1365     03E7
__ptext1374                                       text1374     0601
__ptext1375                                       text1375     05BB
__ptext1376                                       text1376     056F
__ptext1377                                       text1377     05C6
__ptext1378                                       text1378     0582
__ptext1379                                       text1379     05D1
__ptext1380                                       text1380     0595
__ptext1381                                       text1381     05DC
__ptext1382                                       text1382     0611
__ptext1383                                       text1383     0606
__ptext1384                                       text1366     04D7
__ptext1385                                       text1385     05A8
__ptext1386                                       text1366     04BB
__ptext1387                                       text1387     060E
__ptext1388                                       text1388     05E7
__ptext1389                                       text1389     05F9
__ptext1390                                       text1367     0541
__ptext1391                                       text1367     053D
__ptext1392                                       text1367     0538
__ptext1393                                       text1367     0533
__ptext1394                                       text1394     0613
__ptext1395                                       text1395     060A
__ptext1396                                       text1396     0545
__ptext1397                                       text1369     0517
__ptext1398                                       text1368     04F9
__ptext1399                                       text1369     0524
__ptext1400                                       text1368     04EE
__ptext1401                                       text1369     051C
__ptext1402                                       text1368     04E3
__ptext1403                                       text1369     050E
__ptext1404                                       text1404     0013
__ptext1405                                       text1404     0085
__ptext1406                                       text1404     0082
__ptext1407                                       text1404     0077
__ptext1408                                       text1404     0192
__ptext1409                                       text1404     0218
__ptext1410                                       text1404     0190
__ptext1411                                       text1411     0000
__size_of_AD_Sample                               (abs)        0000
__size_of_Filter                                  (abs)        0000
__size_of_FilterCh13                              (abs)        0000
__size_of_ISR                                     (abs)        0000
__size_of_adc_get                                 (abs)        0000
__size_of_adc_start                               (abs)        0000
__size_of_adc_test_init                           (abs)        0000
__size_of_clearOneHoursTimer                      (abs)        0000
__size_of_clearThreeHoursTimer                    (abs)        0000
__size_of_clearTwelveHoursTimer                   (abs)        0000
__size_of_clearTwentyMinTimer                     (abs)        0000
__size_of_clock_config                            (abs)        0000
__size_of_clrSampeTime                            (abs)        0000
__size_of_getAD_ConvertFlag                       (abs)        0000
__size_of_getAdOriginalCh13Value                  (abs)        0000
__size_of_getWaitResetFlag                        (abs)        0000
__size_of_initPB2_AsHighResistence                (abs)        0000
__size_of_initPB3                                 (abs)        0000
__size_of_initPB4                                 (abs)        0000
__size_of_initPB5                                 (abs)        0000
__size_of_initPin                                 (abs)        0000
__size_of_isFinishedOneHoursTimer                 (abs)        0000
__size_of_isFinishedThreeHoursTimer               (abs)        0000
__size_of_isFinishedTwelveHoursTimer              (abs)        0000
__size_of_isFinishedTwentyMinTimer                (abs)        0000
__size_of_isPermitSampleTime                      (abs)        0000
__size_of_main                                    (abs)        0000
__size_of_process_AD_Converter_Value              (abs)        0000
__size_of_pwm_start                               (abs)        0000
__size_of_reset                                   (abs)        0000
__size_of_resetAllTimer                           (abs)        0000
__size_of_selectAdChannel                         (abs)        0000
__size_of_setAD_ConvertFlag                       (abs)        0000
__size_of_setPB3                                  (abs)        0000
__size_of_setPB4                                  (abs)        0000
__size_of_setPB5                                  (abs)        0000
__size_of_setPWM_Width                            (abs)        0000
__size_of_setPinInitVaule                         (abs)        0000
__size_of_setWaitResetFlag                        (abs)        0000
__size_of_startOneHoursTimer                      (abs)        0000
__size_of_startThreeHoursTimer                    (abs)        0000
__size_of_startTwelveHourTimer                    (abs)        0000
__size_of_startTwentyMinTimer                     (abs)        0000
__size_of_timer1_config                           (abs)        0000
__size_of_timer1_interrupt_config                 (abs)        0000
__size_of_vPutSampleDataIntoTable                 (abs)        0000
__size_ofi1_setAD_ConvertFlag                     (abs)        0000
_adc_convert_flag                                 bssBANK0     0058
_adc_get                                          text1404     0077
_adc_start                                        text1366     04D7
_adc_test_init                                    text1366     04BB
_bBigTimerStartFlag                               bssBANK0     0059
_bOneHourTimerStartFlag                           bssBANK0     005A
_bSmallTimerStartFlag                             bssBANK0     005B
_bTwentyMinStartFlag                              bssBANK0     005C
_bWaitResetFlag                                   bssBANK0     005D
_clearOneHoursTimer                               text1367     053D
_clearThreeHoursTimer                             text1367     0538
_clearTwelveHoursTimer                            text1367     0533
_clearTwentyMinTimer                              text1367     0541
_clock_config                                     text1389     05F9
_clrSampeTime                                     text1382     0611
_exit                                             init         0011
_getAD_ConvertFlag                                text1366     049E
_getAdOriginalCh13Value                           text1365     03E0
_getWaitResetFlag                                 text1404     0190
_initPB2_AsHighResistence                         text1369     0517
_initPB3                                          text1369     050E
_initPB4                                          text1369     051C
_initPB5                                          text1369     0524
_initPin                                          text1369     0504
_isFinishedOneHoursTimer                          text1375     05BB
_isFinishedThreeHoursTimer                        text1377     05C6
_isFinishedTwelveHoursTimer                       text1379     05D1
_isFinishedTwentyMinTimer                         text1381     05DC
_isPermitSampleTime                               text1383     0606
_main                                             maintext     023F
_process_AD_Converter_Value                       text1366     0485
_pwm_start                                        text1396     0545
_reset                                            text1394     0613
_resetAllTimer                                    text1367     052C
_sampleChannelSelect                              dataBANK0    0063
_sampleTimes                                      bssBANK0     005E
_selectAdChannel                                  text1395     060A
_setAD_ConvertFlag                                text1366     04A2
_setPB3                                           text1368     04E3
_setPB4                                           text1368     04EE
_setPB5                                           text1368     04F9
_setPWM_Width                                     text1404     0218
_setPinInitVaule                                  text1368     04DB
_setWaitResetFlag                                 text1374     0601
_startOneHoursTimer                               text1376     056F
_startThreeHoursTimer                             text1378     0582
_startTwelveHourTimer                             text1380     0595
_startTwentyMinTimer                              text1385     05A8
_timer                                            bssBANK0     005F
_timer1_config                                    text1388     05E7
_timer1_interrupt_config                          text1387     060E
_uiBigTimer                                       bssBANK0     0043
_uiOneHourTimer                                   bssBANK0     0045
_uiSampleCh12                                     bssBANK1     00AB
_uiSampleCh13                                     bssBANK1     00B1
_uiSampleChannelFourteenth                        bssBANK1     00B7
_uiSmallTimer                                     bssBANK0     0047
_uiTwentyMinTimer                                 bssBANK0     0049
_uiTwentySecondsTimer                             bssBANK0     004B
_vPutSampleDataIntoTable                          text1404     0085
adc_get@val                                       cstackCOMMON 0072
adc_test_init@channel                             cstackBANK1  00BF
adc_test_init@ref                                 cstackBANK1  00BD
btemp                                             (abs)        007E
clear_ram                                         clrtext      05F1
end_of_initialization                             cinit        056C
i1_setAD_ConvertFlag                              text1404     0082
i1l1478                                                            
i1l1484                                                            
i1l1510                                                            
i1l1584                                                            
i1l2336                                                            
i1l3525                                                            
i1l3529                                                            
i1l3579                                                            
i1l3587                                                            
i1l3589                                                            
i1l3591                                                            
i1l3611                                                            
i1l3619                                                            
i1l3621                                                            
i1l3627                                                            
i1l3633                                                            
i1l3635                                                            
i1l3639                                                            
i1l3641                                                            
i1l3645                                                            
i1l3651                                                            
i1l3675                                                            
i1l3683                                                            
i1l3687                                                            
i1l3695                                                            
i1l3699                                                            
i1l3709                                                            
i1l3711                                                            
i1l3733                                                            
i1l3737                                                            
i1l3739                                                            
i1l3743                                                            
i1l3759                                                            
i1l3761                                                            
i1l3767                                                            
i1l3771                                                            
i1setAD_ConvertFlag@flag                          cstackCOMMON 0070
initPB3@bValue                                    cstackBANK1  00BD
initPB4@bValue                                    cstackBANK1  00BD
initPB5@bValue                                    cstackBANK1  00BD
interrupt_function                                intentry     0004
intlevel0                                         functab      0000
intlevel1                                         functab      0000
intlevel2                                         functab      0000
intlevel3                                         functab      0000
intlevel4                                         functab      0000
intlevel5                                         functab      0000
l1475                                                              
l1497                                                              
l1572                                                              
l1575                                                              
l1578                                                              
l1581                                                              
l1584                                                              
l1590                                                              
l1616                                                              
l1619                                                              
l1622                                                              
l1625                                                              
l1665                                                              
l2327                                                              
l2333                                                              
l3967                                                              
l3969                                                              
l3971                                                              
l3973                                                              
l3975                                                              
l3977                                                              
l3979                                                              
l3981                                                              
l3983                                                              
l3985                                                              
l3987                                                              
l3989                                                              
l3991                                                              
l3993                                                              
l3995                                                              
l3997                                                              
l3999                                                              
l4001                                                              
l4003                                                              
l4005                                                              
l4007                                                              
l4009                                                              
l4011                                                              
l4013                                                              
l4015                                                              
l4019                                                              
l4021                                                              
l4023                                                              
l4025                                                              
l4027                                                              
l4029                                                              
l4031                                                              
l4033                                                              
l4035                                                              
l4037                                                              
l4039                                                              
l4045                                                              
l4049                                                              
l4051                                                              
l4061                                                              
l4063                                                              
l4067                                                              
l4069                                                              
l4079                                                              
l4085                                                              
l4087                                                              
l4091                                                              
l4093                                                              
l4103                                                              
l4109                                                              
l4111                                                              
l4115                                                              
l4117                                                              
l4127                                                              
l4133                                                              
l4135                                                              
l4139                                                              
l4141                                                              
l4151                                                              
l4153                                                              
l4161                                                              
l4163                                                              
l4165                                                              
l4185                                                              
l4193                                                              
l4195                                                              
l4201                                                              
l4205                                                              
l4207                                                              
l4211                                                              
l4215                                                              
l4221                                                              
l4223                                                              
l4225                                                              
l4227                                                              
l4229                                                              
l4231                                                              
l4233                                                              
l4237                                                              
l4245                                                              
l4249                                                              
l4251                                                              
l4253                                                              
l4255                                                              
l4257                                                              
l4259                                                              
l4263                                                              
l4265                                                              
l4273                                                              
l4289                                                              
l4291                                                              
l4293                                                              
l4309                                                              
l4313                                                              
l4329                                                              
l4333                                                              
l4335                                                              
l4337                                                              
l4339                                                              
l4341                                                              
l4345                                                              
l4363                                                              
l4365                                                              
l4367                                                              
l4385                                                              
l4393                                                              
l4397                                                              
l4409                                                              
l709                                                               
l712                                                               
l715                                                               
l718                                                               
l721                                                               
l730                                                               
main@cTimerP5s_786                                bssBANK1     00A6
main@cTimerP5s_792                                bssBANK1     00A7
main@ucChValue                                    cstackBANK1  00D5
main@ucDelay1s                                    bssBANK1     00A0
main@ucStep                                       bssBANK1     00A8
main@ucTimerP3s                                   bssBANK1     00A9
main@ucTimerP5s                                   bssBANK1     00AA
main@uiCh13Value                                  cstackBANK1  00D7
main@uiTimerOneP5s                                bssBANK1     00A2
main@uiTimerTwoP5s                                bssBANK1     00A4
pwm_start@ucPulseFrequency                        cstackBANK1  00BD
pwm_start@ucPulseWidth                            cstackBANK1  00BE
reset_vec                                         reset_vec    0000
saved_w                                           (abs)        007E
setAD_ConvertFlag@flag                            cstackBANK1  00BD
setPB3@bValue                                     cstackBANK1  00BD
setPB4@bValue                                     cstackBANK1  00BD
setPB5@bValue                                     cstackBANK1  00BD
setPWM_Width@ucWidth                              cstackCOMMON 0070
setWaitResetFlag@bValue                           cstackBANK1  00BD
start                                             init         0011
startOneHoursTimer@uiSetTime                      cstackBANK1  00BD
startThreeHoursTimer@uiSetTime                    cstackBANK1  00BD
startTwelveHourTimer@uiSetTime                    cstackBANK1  00BD
startTwentyMinTimer@uiSetValue                    cstackBANK1  00BD
start_initialization                              cinit        055B
vPutSampleDataIntoTable@channel                   cstackCOMMON 0078
vPutSampleDataIntoTable@i                         cstackCOMMON 007B
vPutSampleDataIntoTable@ucCh12Length              bssCOMMON    007D
vPutSampleDataIntoTable@ucCh13Length              bssBANK0     0060
vPutSampleDataIntoTable@ucChannelFourteenthLength bssBANK0     0061
vPutSampleDataIntoTable@ucInitFlag                bssBANK0     0062
vPutSampleDataIntoTable@uiCalWidthArray1          bssBANK0     004D
vPutSampleDataIntoTable@uiCalWidthArray2          bssBANK0     004F
vPutSampleDataIntoTable@uiCalWidthArray3          bssBANK0     0051
vPutSampleDataIntoTable@uiCalWidthArray4          bssBANK0     0053
vPutSampleDataIntoTable@uiCalWidthCnt             bssBANK0     0055
vPutSampleDataIntoTable@uiDeviationValue          cstackCOMMON 0079
vPutSampleDataIntoTable@uiInitWidth               dataBANK0    0064
vPutSampleDataIntoTable@uiSampleData              cstackCOMMON 0076
wtemp0                                            (abs)        007E
